:--:--:--:--:--:--:--:--:--:--:
|He|He|He|He|He|He|He|He|He|He|
:--:--:--:--:--:--:--:--:--:--:
|He|He|He|He|He|He|He|He|He|He|
:--:--:--:--:--:--:--:--:--:--:
|He|He|He|He|He|He|He|He|He|He|
:--:--:--:--:--:--:--:--:--:--:
|He|He|He|He|He|He|He|He|He|He|
:--:--:--:--:--:--:--:--:--:--:
|He|He|He|He|He|He|He|He|He|He|
:--:--:--:--:--:--:--:--:--:--:
|  |Ea|Ea|  |  |  |Ea|  |  |Ea|
:--:--:--:--:--:--:--:--:--:--:
|Ea|  |  |  |  |Fo|Fo|  |  |  |
:--:--:--:--:--:--:--:--:--:--:
|  |  |  |Gr|Ea|  |  |  |Ea|Gr|
:--:--:--:--:--:--:--:--:--:--:
|Fo|  |  |  |  |  |Gr|  |  |  |
:--:--:--:--:--:--:--:--:--:--:
|  |Ea|  |  |  |  |  |Gr|  |  |
:--:--:--:--:--:--:--:--:--:--:

UPDATE DE LA RESERVE
------------------------------------------
Simulation - JOURS 0 DE LA SAISON hiver
------------------------------------------
------------------RESERVE-----------------
LA RESERVE CONTIENT :
Herbe[id:169 quantite: 972]  en position (0, 0)
Eau[id:170 quantite: 286]  en position (0, 0)
Graine[id:171 quantite: 746]  en position (0, 0)
Foin[id:172 quantite: 435]  en position (0, 0)
------------------------------------------
-------------------POCHE------------------
LA POCHE CONTIENT:
Herbe[id:165 quantite: 0]  en position (8, 9)
Foin[id:166 quantite: 3]  en position (8, 9)
Eau[id:167 quantite: 1]  en position (8, 9)
Graine[id:168 quantite: 0]  en position (8, 9)
------------------------------------------
------------RAPPORT JOURNALIER------------
Le fermier dÚpose 0 Graine par terre
Le fermier trait la vache !
Le chasseur tue Animal de la ferme: Vache en position 6 5 vie restante: 80
L'animal Vache mange Foin[id:107 quantite: 0]  en position (6, 5)
Pas de bÚbÚ pour Animal de la ferme: Vache en position 8 1 vie restante: 85
Le chasseur tue Animal de la ferme: Poule en position 1 6 vie restante: 100
L'animal Poule n'a pas trouvÚ de nourriture...
Pas de bÚbÚ pour Animal de la ferme: Poule en position 3 5 vie restante: 95
L'animal Vache mange Herbe[id:152 quantite: 0]  en position (3, 7)
Pas de bÚbÚ pour Animal de la ferme: Vache en position 5 8 vie restante: 100
L'animal Vache mange Herbe[id:164 quantite: 0]  en position (4, 9)
Pas de bÚbÚ pour Animal de la ferme: Vache en position 9 8 vie restante: 100
L'animal Vache mange Herbe[id:146 quantite: 0]  en position (3, 1)
L'animal Animal de la ferme: Vache en position 4 5 vie restante: 50 se reproduit
Le chasseur tue Animal de la ferme: Vache en position 4 5 vie restante: 50
L'animal Vache mange Herbe[id:163 quantite: 0]  en position (4, 8)
Pas de bÚbÚ pour Animal de la ferme: Vache en position 5 8 vie restante: 94
L'animal Poule n'a pas trouvÚ de nourriture...
Pas de bÚbÚ pour Animal de la ferme: Poule en position 1 7 vie restante: 90
L'animal Vache mange Eau[id:114 quantite: 0]  en position (5, 2)
Pas de bÚbÚ pour Animal de la ferme: Vache en position 6 2 vie restante: 100
L'animal Vache mange Herbe[id:160 quantite: 0]  en position (4, 5)
Pas de bÚbÚ pour Animal de la ferme: Vache en position 1 9 vie restante: 100
L'animal Poule n'a pas trouvÚ de nourriture...
Pas de bÚbÚ pour Animal de la ferme: Poule en position 9 8 vie restante: 95
L'animal Poule n'a pas trouvÚ de nourriture...
L'animal Animal de la ferme: Poule en position 8 2 vie restante: 47 se reproduit
L'animal Vache n'a pas trouvÚ de nourriture...
Pas de bÚbÚ pour Animal de la ferme: Vache en position 3 8 vie restante: 50
De l'herbe commence Ó s'agrandir en 1,1 !
De l'herbe commence Ó s'agrandir en 2,7 !
De l'herbe commence Ó s'agrandir en 3,0 !
De l'herbe vient de pousser sur la case 4,9 !
De l'herbe vient de pousser sur la case 5,8 !
De l'herbe vient de pousser sur la case 6,4 !
De l'herbe vient de pousser sur la case 7,0 !
De l'herbe vient de pousser sur la case 7,2 !
---------REAPPROVISIONNEMENT--------------
LE FERMIER RENTRE CHEZ LUI POUR RECUPERER 6 Herbe
LE FERMIER RENTRE CHEZ LUI POUR RECUPERER 11 Eau
LE FERMIER RENTRE CHEZ LUI POUR RECUPERER 3 Graine
LE FERMIER RENTRE CHEZ LUI POUR RECUPERER 11 Foin
-------ETAT ACTUEL DE LA FERME ET DE LA FORET-------
:--:--:--:--:--:--:--:--:--:--:
|He|He|  |He|He|He|He|He|He|He|
:--:--:--:--:--:--:--:--:--:--:
|He|He|He|He|He|He|  |He|He|He|
:--:--:--:--:--:--:--:--:--:--:
|He|He|He|He|He|He|He|He|He|He|
:--:--:--:--:--:--:--:--:--:--:
|He|  |He|He|He|  |He|  |He|He|
:--:--:--:--:--:--:--:--:--:--:
|He|He|He|He|He|  |He|  |  |He|
:--:--:--:--:--:--:--:--:--:--:
|  |Ea|  |  |  |  |Ea|  |He|Ea|
:--:--:--:--:--:--:--:--:--:--:
|Ea|  |  |  |He|  |Fo|  |  |  |
:--:--:--:--:--:--:--:--:--:--:
|He|  |He|Gr|Ea|  |  |  |Ea|Gr|
:--:--:--:--:--:--:--:--:--:--:
|Fo|  |  |  |  |  |Gr|  |  |  |
:--:--:--:--:--:--:--:--:--:--:
|  |Ea|  |  |  |  |  |Gr|  |  |
:--:--:--:--:--:--:--:--:--:--:

------------------------------------------
Simulation - JOURS 1 DE LA SAISON hiver
------------------------------------------
------------------RESERVE-----------------
LA RESERVE CONTIENT :
Herbe[id:169 quantite: 966]  en position (0, 0)
Eau[id:170 quantite: 275]  en position (0, 0)
Graine[id:171 quantite: 743]  en position (0, 0)
Foin[id:172 quantite: 424]  en position (0, 0)
------------------------------------------
-------------------POCHE------------------
LA POCHE CONTIENT:
Herbe[id:165 quantite: 6]  en position (8, 5)
Foin[id:166 quantite: 14]  en position (8, 5)
Eau[id:167 quantite: 12]  en position (8, 5)
Graine[id:168 quantite: 3]  en position (8, 5)
------------------------------------------
------------RAPPORT JOURNALIER------------
Le fermier dÚpose 6 Herbe par terre
L'animal Vache mange Herbe[id:137 quantite: 0]  en position (2, 2)
Pas de bÚbÚ pour Animal de la ferme: Vache en position 4 8 vie restante: 100
L'animal Vache mange Herbe[id:138 quantite: 0]  en position (2, 3)
Pas de bÚbÚ pour Animal de la ferme: Vache en position 3 9 vie restante: 100
L'animal prÚdateur mange Animal de la ferme: Poule en position 0 8 vie restante: 47
L'animal prÚdateur mange Animal de la ferme: Poule en position 8 2 vie restante: 47
L'animal prÚdateur mange Animal de la ferme: Poule en position 1 9 vie restante: 95
L'animal Vache mange Herbe[id:124 quantite: 0]  en position (0, 9)
Pas de bÚbÚ pour Animal de la ferme: Vache en position 4 9 vie restante: 66
De l'herbe commence Ó s'agrandir en 1,5 !
De l'herbe commence Ó s'agrandir en 2,6 !
De l'herbe commence Ó s'agrandir en 4,0 !
De l'herbe vient de pousser sur la case 4,8 !
De l'herbe vient de pousser sur la case 6,2 !
De l'herbe vient de pousser sur la case 9,2 !
---------REAPPROVISIONNEMENT--------------
LE FERMIER RENTRE CHEZ LUI POUR RECUPERER 6 Herbe
LE FERMIER RENTRE CHEZ LUI POUR RECUPERER 3 Eau
LE FERMIER RENTRE CHEZ LUI POUR RECUPERER 10 Graine
LE FERMIER RENTRE CHEZ LUI POUR RECUPERER 4 Foin
-------ETAT ACTUEL DE LA FERME ET DE LA FORET-------
:--:--:--:--:--:--:--:--:--:--:
|He|He|  |He|He|He|He|He|He|  |
:--:--:--:--:--:--:--:--:--:--:
|He|He|He|He|He|He|  |He|He|He|
:--:--:--:--:--:--:--:--:--:--:
|He|He|  |  |He|He|He|He|He|He|
:--:--:--:--:--:--:--:--:--:--:
|He|  |He|He|He|  |He|  |He|He|
:--:--:--:--:--:--:--:--:--:--:
|He|He|He|He|He|  |He|  |He|He|
:--:--:--:--:--:--:--:--:--:--:
|  |Ea|  |  |  |  |Ea|  |He|Ea|
:--:--:--:--:--:--:--:--:--:--:
|Ea|  |He|  |He|  |Fo|  |  |  |
:--:--:--:--:--:--:--:--:--:--:
|He|  |He|Gr|Ea|  |  |  |Ea|Gr|
:--:--:--:--:--:--:--:--:--:--:
|Fo|  |  |  |  |He|Gr|  |  |  |
:--:--:--:--:--:--:--:--:--:--:
|  |Ea|He|  |  |  |  |Gr|  |  |
:--:--:--:--:--:--:--:--:--:--:

------------------------------------------
Simulation - JOURS 2 DE LA SAISON hiver
------------------------------------------
------------------RESERVE-----------------
LA RESERVE CONTIENT :
Herbe[id:169 quantite: 960]  en position (0, 0)
Eau[id:170 quantite: 272]  en position (0, 0)
Graine[id:171 quantite: 733]  en position (0, 0)
Foin[id:172 quantite: 420]  en position (0, 0)
------------------------------------------
-------------------POCHE------------------
LA POCHE CONTIENT:
Herbe[id:165 quantite: 6]  en position (9, 3)
Foin[id:166 quantite: 18]  en position (9, 3)
Eau[id:167 quantite: 15]  en position (9, 3)
Graine[id:168 quantite: 13]  en position (9, 3)
------------------------------------------
------------RAPPORT JOURNALIER------------
Le fermier dÚpose 18 Foin par terre
L'animal Vache mange Herbe[id:148 quantite: 0]  en position (3, 3)
Pas de bÚbÚ pour Animal de la ferme: Vache en position 2 2 vie restante: 100
L'animal Poule n'a pas trouvÚ de nourriture...
L'animal Animal de la ferme: Poule en position 0 9 vie restante: 40 se reproduit
L'animal Vache mange Herbe[id:142 quantite: 0]  en position (2, 7)
Pas de bÚbÚ pour Animal de la ferme: Vache en position 5 3 vie restante: 100
L'animal Vache mange Herbe[id:132 quantite: 0]  en position (1, 7)
Pas de bÚbÚ pour Animal de la ferme: Vache en position 4 2 vie restante: 100
L'animal Vache mange Herbe[id:145 quantite: 0]  en position (3, 0)
Pas de bÚbÚ pour Animal de la ferme: Vache en position 9 6 vie restante: 100
L'animal prÚdateur mange Animal de la ferme: Vache en position 6 5 vie restante: 66
L'animal Poule n'a pas trouvÚ de nourriture...
Pas de bÚbÚ pour Animal de la ferme: Poule en position 3 8 vie restante: 40
De l'herbe commence Ó s'agrandir en 0,3 !
De l'herbe commence Ó s'agrandir en 0,7 !
De l'herbe commence Ó s'agrandir en 1,8 !
De l'herbe commence Ó s'agrandir en 3,6 !
De l'herbe vient de pousser sur la case 4,5 !
De l'herbe vient de pousser sur la case 7,1 !
---------REAPPROVISIONNEMENT--------------
LE FERMIER RENTRE CHEZ LUI POUR RECUPERER 6 Herbe
LE FERMIER RENTRE CHEZ LUI POUR RECUPERER 5 Eau
LE FERMIER RENTRE CHEZ LUI POUR RECUPERER 8 Graine
LE FERMIER RENTRE CHEZ LUI POUR RECUPERER 8 Foin
-------ETAT ACTUEL DE LA FERME ET DE LA FORET-------
:--:--:--:--:--:--:--:--:--:--:
|He|He|  |He|He|He|  |He|He|  |
:--:--:--:--:--:--:--:--:--:--:
|He|He|He|He|He|He|  |  |He|He|
:--:--:--:--:--:--:--:--:--:--:
|  |He|  |  |He|He|He|  |He|He|
:--:--:--:--:--:--:--:--:--:--:
|  |  |He|  |He|  |He|  |He|He|
:--:--:--:--:--:--:--:--:--:--:
|He|He|He|He|He|He|He|  |He|He|
:--:--:--:--:--:--:--:--:--:--:
|  |Ea|  |  |  |  |Ea|  |He|Ea|
:--:--:--:--:--:--:--:--:--:--:
|Ea|  |He|  |He|  |Fo|  |  |  |
:--:--:--:--:--:--:--:--:--:--:
|He|He|He|Gr|Ea|  |  |  |Ea|Gr|
:--:--:--:--:--:--:--:--:--:--:
|Fo|  |  |  |  |He|Gr|  |  |  |
:--:--:--:--:--:--:--:--:--:--:
|  |Ea|He|Fo|  |  |  |Gr|  |  |
:--:--:--:--:--:--:--:--:--:--:

------------------------------------------
Simulation - JOURS 3 DE LA SAISON hiver
------------------------------------------
------------------RESERVE-----------------
LA RESERVE CONTIENT :
Herbe[id:169 quantite: 954]  en position (0, 0)
Eau[id:170 quantite: 267]  en position (0, 0)
Graine[id:171 quantite: 725]  en position (0, 0)
Foin[id:172 quantite: 412]  en position (0, 0)
------------------------------------------
-------------------POCHE------------------
LA POCHE CONTIENT:
Herbe[id:165 quantite: 12]  en position (7, 6)
Foin[id:166 quantite: 8]  en position (7, 6)
Eau[id:167 quantite: 20]  en position (7, 6)
Graine[id:168 quantite: 21]  en position (7, 6)
------------------------------------------
------------RAPPORT JOURNALIER------------
Le fermier dÚpose 21 Graine par terre
Le fermier trait la vache !
Le fermier trait la vache !
Le fermier trait la vache !
L'animal Vache mange Herbe[id:141 quantite: 0]  en position (2, 6)
Pas de bÚbÚ pour Animal de la ferme: Vache en position 7 1 vie restante: 100
L'animal Poule n'a pas trouvÚ de nourriture...
Pas de bÚbÚ pour Animal de la ferme: Poule en position 4 8 vie restante: 35
L'animal Vache mange Herbe[id:157 quantite: 0]  en position (4, 2)
L'animal Animal de la ferme: Vache en position 3 1 vie restante: 44 se reproduit
L'animal prÚdateur mange Animal de la ferme: Poule en position 3 7 vie restante: 40
De l'herbe commence Ó s'agrandir en 0,0 !
De l'herbe commence Ó s'agrandir en 1,9 !
De l'herbe vient de pousser sur la case 6,5 !
De l'herbe vient de pousser sur la case 6,7 !
De l'herbe vient de pousser sur la case 9,9 !
---------REAPPROVISIONNEMENT--------------
LE FERMIER RENTRE CHEZ LUI POUR RECUPERER 2 Herbe
LE FERMIER RENTRE CHEZ LUI POUR RECUPERER 10 Eau
LE FERMIER RENTRE CHEZ LUI POUR RECUPERER 9 Graine
LE FERMIER RENTRE CHEZ LUI POUR RECUPERER 3 Foin
-------ETAT ACTUEL DE LA FERME ET DE LA FORET-------
:--:--:--:--:--:--:--:--:--:--:
|He|He|  |He|He|He|  |He|He|  |
:--:--:--:--:--:--:--:--:--:--:
|He|He|He|He|He|He|  |  |He|He|
:--:--:--:--:--:--:--:--:--:--:
|  |  |  |  |He|He|  |  |He|He|
:--:--:--:--:--:--:--:--:--:--:
|  |  |He|  |He|  |He|  |He|He|
:--:--:--:--:--:--:--:--:--:--:
|He|He|  |He|He|He|He|  |He|He|
:--:--:--:--:--:--:--:--:--:--:
|  |Ea|  |  |  |  |Ea|  |He|Ea|
:--:--:--:--:--:--:--:--:--:--:
|Ea|  |He|  |He|He|Fo|He|  |  |
:--:--:--:--:--:--:--:--:--:--:
|He|He|He|Gr|Ea|  |Gr|  |Ea|Gr|
:--:--:--:--:--:--:--:--:--:--:
|Fo|  |  |  |  |He|Gr|  |  |  |
:--:--:--:--:--:--:--:--:--:--:
|  |Ea|He|Fo|  |  |  |Gr|  |He|
:--:--:--:--:--:--:--:--:--:--:

------------------------------------------
Simulation - JOURS 4 DE LA SAISON hiver
------------------------------------------
------------------RESERVE-----------------
LA RESERVE CONTIENT :
Herbe[id:169 quantite: 952]  en position (0, 0)
Eau[id:170 quantite: 257]  en position (0, 0)
Graine[id:171 quantite: 716]  en position (0, 0)
Foin[id:172 quantite: 409]  en position (0, 0)
------------------------------------------
-------------------POCHE------------------
LA POCHE CONTIENT:
Herbe[id:165 quantite: 14]  en position (7, 3)
Foin[id:166 quantite: 11]  en position (7, 3)
Eau[id:167 quantite: 30]  en position (7, 3)
Graine[id:168 quantite: 9]  en position (7, 3)
------------------------------------------
------------RAPPORT JOURNALIER------------
LE FERMIER RAJOUTE Graine x9 SUR SA CASE
Le fermier trait la vache !
Le fermier trait la vache !
L'animal Vache mange Eau[id:106 quantite: 0]  en position (7, 8)
Pas de bÚbÚ pour Animal de la ferme: Vache en position 9 0 vie restante: 100
L'animal Poule n'a pas trouvÚ de nourriture...
Pas de bÚbÚ pour Animal de la ferme: Poule en position 1 3 vie restante: 30
L'animal Vache mange Herbe[id:120 quantite: 0]  en position (0, 5)
Pas de bÚbÚ pour Animal de la ferme: Vache en position 3 1 vie restante: 100
De l'herbe commence Ó s'agrandir en 1,3 !
De l'herbe commence Ó s'agrandir en 3,2 !
De l'herbe vient de pousser sur la case 5,0 !
De l'herbe vient de pousser sur la case 5,3 !
De l'herbe vient de pousser sur la case 5,5 !
De l'herbe vient de pousser sur la case 7,5 !
De l'herbe vient de pousser sur la case 8,3 !
---------REAPPROVISIONNEMENT--------------
LE FERMIER RENTRE CHEZ LUI POUR RECUPERER 9 Herbe
LE FERMIER RENTRE CHEZ LUI POUR RECUPERER 7 Eau
LE FERMIER RENTRE CHEZ LUI POUR RECUPERER 3 Graine
LE FERMIER RENTRE CHEZ LUI POUR RECUPERER 11 Foin
-------ETAT ACTUEL DE LA FERME ET DE LA FORET-------
:--:--:--:--:--:--:--:--:--:--:
|He|He|  |He|He|  |  |He|He|  |
:--:--:--:--:--:--:--:--:--:--:
|He|He|He|He|He|He|  |  |He|He|
:--:--:--:--:--:--:--:--:--:--:
|  |  |  |  |He|He|  |  |He|He|
:--:--:--:--:--:--:--:--:--:--:
|  |  |He|  |He|  |He|  |He|He|
:--:--:--:--:--:--:--:--:--:--:
|He|He|  |He|He|He|He|  |  |He|
:--:--:--:--:--:--:--:--:--:--:
|He|Ea|  |He|  |He|Ea|  |He|Ea|
:--:--:--:--:--:--:--:--:--:--:
|Ea|  |He|  |He|He|Fo|He|  |  |
:--:--:--:--:--:--:--:--:--:--:
|He|He|He|Gr|Ea|He|Gr|  |  |Gr|
:--:--:--:--:--:--:--:--:--:--:
|Fo|  |  |He|  |He|Gr|  |  |  |
:--:--:--:--:--:--:--:--:--:--:
|  |Ea|He|Fo|  |  |  |Gr|  |He|
:--:--:--:--:--:--:--:--:--:--:

------------------------------------------
Simulation - JOURS 5 DE LA SAISON hiver
------------------------------------------
------------------RESERVE-----------------
LA RESERVE CONTIENT :
Herbe[id:169 quantite: 943]  en position (0, 0)
Eau[id:170 quantite: 250]  en position (0, 0)
Graine[id:171 quantite: 713]  en position (0, 0)
Foin[id:172 quantite: 398]  en position (0, 0)
------------------------------------------
-------------------POCHE------------------
LA POCHE CONTIENT:
Herbe[id:165 quantite: 23]  en position (7, 3)
Foin[id:166 quantite: 22]  en position (7, 3)
Eau[id:167 quantite: 37]  en position (7, 3)
Graine[id:168 quantite: 3]  en position (7, 3)
------------------------------------------
------------RAPPORT JOURNALIER------------
LE FERMIER RAJOUTE Herbe x23 SUR SA CASE
Le fermier trait la vache !
Le fermier trait la vache !
Le fermier trait la vache !
L'animal Poule n'a pas trouvÚ de nourriture...
Pas de bÚbÚ pour Animal de la ferme: Poule en position 6 2 vie restante: 25
L'animal Vache mange Herbe[id:186 quantite: 0]  en position (4, 9)
L'animal Animal de la ferme: Vache en position 9 0 vie restante: 23 se reproduit
L'animal Vache mange Herbe[id:187 quantite: 0]  en position (5, 8)
Pas de bÚbÚ pour Animal de la ferme: Vache en position 3 5 vie restante: 84
L'animal Vache mange Herbe[id:189 quantite: 0]  en position (7, 0)
Pas de bÚbÚ pour Animal de la ferme: Vache en position 0 5 vie restante: 45
L'animal Vache mange Eau[id:104 quantite: 0]  en position (6, 0)
Pas de bÚbÚ pour Animal de la ferme: Vache en position 6 9 vie restante: 100
De l'herbe vient de pousser sur la case 0,6 !
De l'herbe commence Ó s'agrandir en 0,7 !
De l'herbe vient de pousser sur la case 3,0 !
De l'herbe commence Ó s'agrandir en 4,6 !
De l'herbe vient de pousser sur la case 4,7 !
---------REAPPROVISIONNEMENT--------------
LE FERMIER RENTRE CHEZ LUI POUR RECUPERER 4 Herbe
LE FERMIER RENTRE CHEZ LUI POUR RECUPERER 5 Eau
LE FERMIER RENTRE CHEZ LUI POUR RECUPERER 11 Graine
LE FERMIER RENTRE CHEZ LUI POUR RECUPERER 10 Foin
-------ETAT ACTUEL DE LA FERME ET DE LA FORET-------
:--:--:--:--:--:--:--:--:--:--:
|He|He|  |He|He|  |He|He|He|  |
:--:--:--:--:--:--:--:--:--:--:
|He|He|He|  |He|He|  |  |He|He|
:--:--:--:--:--:--:--:--:--:--:
|  |  |  |  |He|He|  |  |He|He|
:--:--:--:--:--:--:--:--:--:--:
|He|  |He|  |He|  |He|  |He|He|
:--:--:--:--:--:--:--:--:--:--:
|He|He|  |He|He|He|He|He|  |  |
:--:--:--:--:--:--:--:--:--:--:
|He|Ea|  |He|  |He|Ea|  |  |Ea|
:--:--:--:--:--:--:--:--:--:--:
|  |  |He|  |He|He|Fo|He|  |  |
:--:--:--:--:--:--:--:--:--:--:
|  |He|He|Gr|Ea|He|Gr|  |  |Gr|
:--:--:--:--:--:--:--:--:--:--:
|Fo|  |  |He|  |He|Gr|  |  |  |
:--:--:--:--:--:--:--:--:--:--:
|  |Ea|He|Fo|  |  |  |Gr|  |He|
:--:--:--:--:--:--:--:--:--:--:

------------------------------------------
Simulation - JOURS 6 DE LA SAISON hiver
------------------------------------------
------------------RESERVE-----------------
LA RESERVE CONTIENT :
Herbe[id:169 quantite: 939]  en position (0, 0)
Eau[id:170 quantite: 245]  en position (0, 0)
Graine[id:171 quantite: 702]  en position (0, 0)
Foin[id:172 quantite: 388]  en position (0, 0)
------------------------------------------
-------------------POCHE------------------
LA POCHE CONTIENT:
Herbe[id:165 quantite: 4]  en position (7, 3)
Foin[id:166 quantite: 32]  en position (7, 3)
Eau[id:167 quantite: 42]  en position (7, 3)
Graine[id:168 quantite: 14]  en position (7, 3)
------------------------------------------
------------RAPPORT JOURNALIER------------
Le fermier dÚpose 42 Eau par terre
Le fermier trait la vache !
Le fermier trait la vache !
L'animal Vache mange Herbe[id:147 quantite: 0]  en position (3, 2)
L'animal Animal de la ferme: Vache en position 7 6 vie restante: 50 se reproduit
L'animal Poule n'a pas trouvÚ de nourriture...
Pas de bÚbÚ pour Animal de la ferme: Poule en position 9 1 vie restante: 20
L'animal Vache mange Herbe[id:139 quantite: 0]  en position (2, 4)
Pas de bÚbÚ pour Animal de la ferme: Vache en position 4 6 vie restante: 100
L'animal Vache mange Herbe[id:140 quantite: 0]  en position (2, 5)
Pas de bÚbÚ pour Animal de la ferme: Vache en position 3 3 vie restante: 100
L'animal prÚdateur mange Animal de la ferme: Vache en position 2 8 vie restante: 45
L'animal Vache mange Herbe[id:191 quantite: 0]  en position (8, 5)
Pas de bÚbÚ pour Animal de la ferme: Vache en position 8 5 vie restante: 100
L'animal Vache mange Herbe[id:217 quantite: 0]  en position (5, 0)
Pas de bÚbÚ pour Animal de la ferme: Vache en position 5 2 vie restante: 51
De l'herbe commence Ó s'agrandir en 0,1 !
De l'herbe commence Ó s'agrandir en 0,8 !
De l'herbe commence Ó s'agrandir en 1,4 !
De l'herbe commence Ó s'agrandir en 1,8 !
De l'herbe vient de pousser sur la case 2,1 !
De l'herbe commence Ó s'agrandir en 3,6 !
De l'herbe commence Ó s'agrandir en 3,8 !
De l'herbe vient de pousser sur la case 6,9 !
De l'herbe vient de pousser sur la case 8,8 !
---------REAPPROVISIONNEMENT--------------
LE FERMIER RENTRE CHEZ LUI POUR RECUPERER 7 Herbe
LE FERMIER RENTRE CHEZ LUI POUR RECUPERER 4 Eau
LE FERMIER RENTRE CHEZ LUI POUR RECUPERER 8 Graine
LE FERMIER RENTRE CHEZ LUI POUR RECUPERER 2 Foin
-------ETAT ACTUEL DE LA FERME ET DE LA FORET-------
:--:--:--:--:--:--:--:--:--:--:
|He|He|  |He|He|  |He|He|He|  |
:--:--:--:--:--:--:--:--:--:--:
|He|  |He|  |He|He|  |  |He|He|
:--:--:--:--:--:--:--:--:--:--:
|  |He|  |  |  |  |  |  |He|He|
:--:--:--:--:--:--:--:--:--:--:
|He|  |  |  |He|  |He|  |He|He|
:--:--:--:--:--:--:--:--:--:--:
|He|He|  |He|He|He|He|He|Ea|  |
:--:--:--:--:--:--:--:--:--:--:
|  |Ea|  |He|  |He|Ea|  |  |Ea|
:--:--:--:--:--:--:--:--:--:--:
|  |  |He|  |He|He|Fo|He|  |He|
:--:--:--:--:--:--:--:--:--:--:
|  |He|He|Gr|Ea|He|Gr|  |  |Gr|
:--:--:--:--:--:--:--:--:--:--:
|Fo|  |  |He|  |  |Gr|  |He|  |
:--:--:--:--:--:--:--:--:--:--:
|  |Ea|He|Fo|  |  |  |Gr|  |He|
:--:--:--:--:--:--:--:--:--:--:

------------------------------------------
Simulation - JOURS 7 DE LA SAISON hiver
------------------------------------------
------------------RESERVE-----------------
LA RESERVE CONTIENT :
Herbe[id:169 quantite: 932]  en position (0, 0)
Eau[id:170 quantite: 241]  en position (0, 0)
Graine[id:171 quantite: 694]  en position (0, 0)
Foin[id:172 quantite: 386]  en position (0, 0)
------------------------------------------
-------------------POCHE------------------
LA POCHE CONTIENT:
Herbe[id:165 quantite: 11]  en position (4, 8)
Foin[id:166 quantite: 34]  en position (4, 8)
Eau[id:167 quantite: 4]  en position (4, 8)
Graine[id:168 quantite: 22]  en position (4, 8)
------------------------------------------
------------RAPPORT JOURNALIER------------
LE FERMIER RAJOUTE Eau x4 SUR SA CASE
Le fermier trait la vache !
L'animal Vache mange Herbe[id:133 quantite: 0]  en position (1, 8)
Pas de bÚbÚ pour Animal de la ferme: Vache en position 1 8 vie restante: 68
L'animal Vache mange Herbe[id:161 quantite: 0]  en position (4, 6)
Pas de bÚbÚ pour Animal de la ferme: Vache en position 4 2 vie restante: 100
L'animal Vache mange Herbe[id:116 quantite: 0]  en position (0, 1)
L'animal Animal de la ferme: Vache en position 4 0 vie restante: 50 se reproduit
L'animal prÚdateur mange Animal de la ferme: Vache en position 6 6 vie restante: 51
L'animal prÚdateur mange Animal de la ferme: Vache en position 8 9 vie restante: 100
L'animal prÚdateur mange Animal de la ferme: Vache en position 8 0 vie restante: 50
De l'herbe commence Ó s'agrandir en 0,0 !
De l'herbe vient de pousser sur la case 0,2 !
De l'herbe commence Ó s'agrandir en 0,7 !
De l'herbe commence Ó s'agrandir en 1,4 !
De l'herbe commence Ó s'agrandir en 1,5 !
De l'herbe vient de pousser sur la case 1,8 !
De l'herbe vient de pousser sur la case 2,3 !
De l'herbe vient de pousser sur la case 3,1 !
De l'herbe commence Ó s'agrandir en 4,1 !
De l'herbe commence Ó s'agrandir en 5,3 !
De l'herbe vient de pousser sur la case 6,1 !
De l'herbe commence Ó s'agrandir en 6,7 !
De l'herbe commence Ó s'agrandir en 7,2 !
De l'herbe commence Ó s'agrandir en 8,3 !
De l'herbe vient de pousser sur la case 9,5 !
De l'herbe vient de pousser sur la case 9,6 !
---------REAPPROVISIONNEMENT--------------
LE FERMIER RENTRE CHEZ LUI POUR RECUPERER 2 Herbe
LE FERMIER RENTRE CHEZ LUI POUR RECUPERER 7 Eau
LE FERMIER RENTRE CHEZ LUI POUR RECUPERER 2 Graine
LE FERMIER RENTRE CHEZ LUI POUR RECUPERER 8 Foin
-------ETAT ACTUEL DE LA FERME ET DE LA FORET-------
:--:--:--:--:--:--:--:--:--:--:
|He|  |He|He|He|  |He|He|He|  |
:--:--:--:--:--:--:--:--:--:--:
|He|  |He|  |He|He|  |  |He|He|
:--:--:--:--:--:--:--:--:--:--:
|  |He|  |He|  |  |  |  |He|He|
:--:--:--:--:--:--:--:--:--:--:
|He|He|  |  |He|  |He|  |He|He|
:--:--:--:--:--:--:--:--:--:--:
|He|He|  |He|He|He|  |He|Ea|  |
:--:--:--:--:--:--:--:--:--:--:
|  |Ea|  |He|  |He|Ea|  |  |Ea|
:--:--:--:--:--:--:--:--:--:--:
|  |He|He|  |He|He|Fo|He|  |He|
:--:--:--:--:--:--:--:--:--:--:
|  |He|He|Gr|Ea|He|Gr|  |  |Gr|
:--:--:--:--:--:--:--:--:--:--:
|Fo|  |  |He|  |  |Gr|  |He|  |
:--:--:--:--:--:--:--:--:--:--:
|  |Ea|He|Fo|  |He|He|Gr|  |He|
:--:--:--:--:--:--:--:--:--:--:

------------------------------------------
Simulation - JOURS 8 DE LA SAISON hiver
------------------------------------------
------------------RESERVE-----------------
LA RESERVE CONTIENT :
Herbe[id:169 quantite: 930]  en position (0, 0)
Eau[id:170 quantite: 234]  en position (0, 0)
Graine[id:171 quantite: 692]  en position (0, 0)
Foin[id:172 quantite: 378]  en position (0, 0)
------------------------------------------
-------------------POCHE------------------
LA POCHE CONTIENT:
Herbe[id:165 quantite: 13]  en position (4, 8)
Foin[id:166 quantite: 42]  en position (4, 8)
Eau[id:167 quantite: 7]  en position (4, 8)
Graine[id:168 quantite: 24]  en position (4, 8)
------------------------------------------
------------RAPPORT JOURNALIER------------
LE FERMIER RAJOUTE Eau x7 SUR SA CASE
Le fermier trait la vache !
L'animal Vache mange Herbe[id:239 quantite: 0]  en position (8, 8)
Pas de bÚbÚ pour Animal de la ferme: Vache en position 8 8 vie restante: 53
L'animal Poule n'a pas trouvÚ de nourriture...
Pas de bÚbÚ pour Animal de la ferme: Poule en position 2 9 vie restante: 20
L'animal Vache mange Herbe[id:237 quantite: 0]  en position (2, 1)
Pas de bÚbÚ pour Animal de la ferme: Vache en position 7 6 vie restante: 100
De l'herbe commence Ó s'agrandir en 0,3 !
De l'herbe commence Ó s'agrandir en 0,7 !
De l'herbe commence Ó s'agrandir en 0,8 !
De l'herbe commence Ó s'agrandir en 1,5 !
De l'herbe vient de pousser sur la case 2,2 !
De l'herbe commence Ó s'agrandir en 6,9 !
De l'herbe vient de pousser sur la case 7,8 !
De l'herbe vient de pousser sur la case 9,8 !
---------REAPPROVISIONNEMENT--------------
LE FERMIER RENTRE CHEZ LUI POUR RECUPERER 6 Herbe
LE FERMIER RENTRE CHEZ LUI POUR RECUPERER 10 Eau
LE FERMIER RENTRE CHEZ LUI POUR RECUPERER 2 Graine
LE FERMIER RENTRE CHEZ LUI POUR RECUPERER 4 Foin
-------ETAT ACTUEL DE LA FERME ET DE LA FORET-------
:--:--:--:--:--:--:--:--:--:--:
|He|  |He|He|He|  |He|He|He|  |
:--:--:--:--:--:--:--:--:--:--:
|He|  |He|  |He|He|  |  |  |He|
:--:--:--:--:--:--:--:--:--:--:
|  |  |He|He|  |  |  |  |He|He|
:--:--:--:--:--:--:--:--:--:--:
|He|He|  |  |He|  |He|  |He|He|
:--:--:--:--:--:--:--:--:--:--:
|He|He|  |He|He|He|  |He|Ea|  |
:--:--:--:--:--:--:--:--:--:--:
|  |Ea|  |He|  |He|Ea|  |  |Ea|
:--:--:--:--:--:--:--:--:--:--:
|  |He|He|  |He|He|Fo|He|  |He|
:--:--:--:--:--:--:--:--:--:--:
|  |He|He|Gr|Ea|He|Gr|  |He|Gr|
:--:--:--:--:--:--:--:--:--:--:
|Fo|  |  |He|  |  |Gr|  |  |  |
:--:--:--:--:--:--:--:--:--:--:
|  |Ea|He|Fo|  |He|He|Gr|He|He|
:--:--:--:--:--:--:--:--:--:--:

------------------------------------------
Simulation - JOURS 9 DE LA SAISON hiver
------------------------------------------
------------------RESERVE-----------------
LA RESERVE CONTIENT :
Herbe[id:169 quantite: 924]  en position (0, 0)
Eau[id:170 quantite: 224]  en position (0, 0)
Graine[id:171 quantite: 690]  en position (0, 0)
Foin[id:172 quantite: 374]  en position (0, 0)
------------------------------------------
-------------------POCHE------------------
LA POCHE CONTIENT:
Herbe[id:165 quantite: 19]  en position (4, 8)
Foin[id:166 quantite: 46]  en position (4, 8)
Eau[id:167 quantite: 10]  en position (4, 8)
Graine[id:168 quantite: 26]  en position (4, 8)
------------------------------------------
------------RAPPORT JOURNALIER------------
LE FERMIER RAJOUTE Eau x10 SUR SA CASE
Le fermier trait la vache !
Le fermier trait la vache !
L'animal Poule n'a pas trouvÚ de nourriture...
Pas de bÚbÚ pour Animal de la ferme: Poule en position 2 9 vie restante: 20
L'animal Vache mange Herbe[id:253 quantite: 0]  en position (2, 2)
Pas de bÚbÚ pour Animal de la ferme: Vache en position 1 5 vie restante: 100
De l'herbe commence Ó s'agrandir en 1,2 !
De l'herbe commence Ó s'agrandir en 1,4 !
De l'herbe vient de pousser sur la case 2,6 !
De l'herbe commence Ó s'agrandir en 5,3 !
De l'herbe vient de pousser sur la case 5,4 !
De l'herbe commence Ó s'agrandir en 6,5 !
De l'herbe vient de pousser sur la case 8,1 !
De l'herbe vient de pousser sur la case 8,4 !
De l'herbe commence Ó s'agrandir en 9,5 !
---------REAPPROVISIONNEMENT--------------
LE FERMIER RENTRE CHEZ LUI POUR RECUPERER 4 Herbe
LE FERMIER RENTRE CHEZ LUI POUR RECUPERER 5 Eau
LE FERMIER RENTRE CHEZ LUI POUR RECUPERER 7 Graine
LE FERMIER RENTRE CHEZ LUI POUR RECUPERER 10 Foin
-------ETAT ACTUEL DE LA FERME ET DE LA FORET-------
:--:--:--:--:--:--:--:--:--:--:
|He|  |He|He|He|  |He|He|He|  |
:--:--:--:--:--:--:--:--:--:--:
|He|  |He|  |He|He|  |  |  |He|
:--:--:--:--:--:--:--:--:--:--:
|  |  |  |He|  |  |He|  |He|  |
:--:--:--:--:--:--:--:--:--:--:
|He|He|  |  |He|  |He|  |He|He|
:--:--:--:--:--:--:--:--:--:--:
|He|He|  |He|He|He|  |He|Ea|  |
:--:--:--:--:--:--:--:--:--:--:
|  |Ea|  |He|He|He|Ea|  |  |Ea|
:--:--:--:--:--:--:--:--:--:--:
|  |He|He|  |He|He|Fo|He|  |He|
:--:--:--:--:--:--:--:--:--:--:
|  |He|He|Gr|Ea|He|Gr|  |He|Gr|
:--:--:--:--:--:--:--:--:--:--:
|Fo|He|  |He|He|  |Gr|  |  |  |
:--:--:--:--:--:--:--:--:--:--:
|  |Ea|He|Fo|  |He|He|Gr|He|He|
:--:--:--:--:--:--:--:--:--:--:

UPDATE DE LA RESERVE
------------------------------------------
Simulation - JOURS 10 DE LA SAISON hiver
------------------------------------------
------------------RESERVE-----------------
LA RESERVE CONTIENT :
Herbe[id:169 quantite: 937]  en position (0, 0)
Eau[id:170 quantite: 261]  en position (0, 0)
Graine[id:171 quantite: 700]  en position (0, 0)
Foin[id:172 quantite: 404]  en position (0, 0)
------------------------------------------
-------------------POCHE------------------
LA POCHE CONTIENT:
Herbe[id:165 quantite: 23]  en position (4, 8)
Foin[id:166 quantite: 56]  en position (4, 8)
Eau[id:167 quantite: 5]  en position (4, 8)
Graine[id:168 quantite: 33]  en position (4, 8)
------------------------------------------
------------RAPPORT JOURNALIER------------
LE FERMIER RAJOUTE Graine x33 SUR SA CASE
Le fermier trait la vache !
Le fermier trait la vache !
Le fermier trait la vache !
Le fermier trait la vache !
L'animal Poule n'a pas trouvÚ de nourriture...
Pas de bÚbÚ pour Animal de la ferme: Poule en position 7 2 vie restante: 20
L'animal Vache mange Herbe[id:229 quantite: 0]  en position (4, 7)
Pas de bÚbÚ pour Animal de la ferme: Vache en position 8 7 vie restante: 61
L'animal Vache mange Eau[id:230 quantite: 0]  en position (4, 8)
Pas de bÚbÚ pour Animal de la ferme: Vache en position 0 6 vie restante: 96
De l'herbe commence Ó s'agrandir en 0,2 !
De l'herbe vient de pousser sur la case 1,7 !
De l'herbe vient de pousser sur la case 2,7 !
De l'herbe vient de pousser sur la case 5,8 !
De l'herbe commence Ó s'agrandir en 6,9 !
De l'herbe commence Ó s'agrandir en 7,8 !
De l'herbe vient de pousser sur la case 8,5 !
De l'herbe vient de pousser sur la case 8,8 !
De l'herbe commence Ó s'agrandir en 9,6 !
---------REAPPROVISIONNEMENT--------------
LE FERMIER RENTRE CHEZ LUI POUR RECUPERER 9 Herbe
LE FERMIER RENTRE CHEZ LUI POUR RECUPERER 5 Eau
LE FERMIER RENTRE CHEZ LUI POUR RECUPERER 11 Graine
LE FERMIER RENTRE CHEZ LUI POUR RECUPERER 9 Foin
-------ETAT ACTUEL DE LA FERME ET DE LA FORET-------
:--:--:--:--:--:--:--:--:--:--:
|He|  |He|He|He|  |He|He|He|  |
:--:--:--:--:--:--:--:--:--:--:
|He|  |He|  |He|He|  |He|  |He|
:--:--:--:--:--:--:--:--:--:--:
|  |  |  |He|  |  |He|He|He|  |
:--:--:--:--:--:--:--:--:--:--:
|He|He|  |  |He|  |He|  |He|He|
:--:--:--:--:--:--:--:--:--:--:
|He|  |  |He|He|He|  |  |  |  |
:--:--:--:--:--:--:--:--:--:--:
|  |Ea|  |He|He|He|Ea|  |He|Ea|
:--:--:--:--:--:--:--:--:--:--:
|  |He|He|  |He|He|Fo|He|  |He|
:--:--:--:--:--:--:--:--:--:--:
|  |He|He|Gr|Ea|He|Gr|  |He|Gr|
:--:--:--:--:--:--:--:--:--:--:
|Fo|He|  |He|He|He|Gr|  |He|  |
:--:--:--:--:--:--:--:--:--:--:
|  |Ea|He|Fo|  |He|He|Gr|He|He|
:--:--:--:--:--:--:--:--:--:--:

------------------------------------------
Simulation - JOURS 11 DE LA SAISON hiver
------------------------------------------
------------------RESERVE-----------------
LA RESERVE CONTIENT :
Herbe[id:169 quantite: 928]  en position (0, 0)
Eau[id:170 quantite: 256]  en position (0, 0)
Graine[id:171 quantite: 689]  en position (0, 0)
Foin[id:172 quantite: 395]  en position (0, 0)
------------------------------------------
-------------------POCHE------------------
LA POCHE CONTIENT:
Herbe[id:165 quantite: 32]  en position (4, 8)
Foin[id:166 quantite: 65]  en position (4, 8)
Eau[id:167 quantite: 10]  en position (4, 8)
Graine[id:168 quantite: 11]  en position (4, 8)
------------------------------------------
------------RAPPORT JOURNALIER------------
LE FERMIER RAJOUTE Graine x11 SUR SA CASE
Le fermier trait la vache !
Le fermier trait la vache !
L'animal Poule n'a pas trouvÚ de nourriture...
Pas de bÚbÚ pour Animal de la ferme: Poule en position 7 1 vie restante: 20
L'animal Vache mange Herbe[id:249 quantite: 0]  en position (9, 6)
Pas de bÚbÚ pour Animal de la ferme: Vache en position 5 9 vie restante: 48
L'animal Vache mange Herbe[id:155 quantite: 0]  en position (4, 0)
Pas de bÚbÚ pour Animal de la ferme: Vache en position 5 8 vie restante: 100
L'animal Vache mange Herbe[id:245 quantite: 0]  en position (2, 3)
Pas de bÚbÚ pour Animal de la ferme: Vache en position 8 5 vie restante: 86
De l'herbe commence Ó s'agrandir en 0,3 !
De l'herbe vient de pousser sur la case 1,6 !
De l'herbe vient de pousser sur la case 2,9 !
De l'herbe commence Ó s'agrandir en 6,5 !
De l'herbe commence Ó s'agrandir en 9,5 !
De l'herbe commence Ó s'agrandir en 9,9 !
---------REAPPROVISIONNEMENT--------------
LE FERMIER RENTRE CHEZ LUI POUR RECUPERER 5 Herbe
LE FERMIER RENTRE CHEZ LUI POUR RECUPERER 4 Eau
LE FERMIER RENTRE CHEZ LUI POUR RECUPERER 5 Graine
LE FERMIER RENTRE CHEZ LUI POUR RECUPERER 5 Foin
-------ETAT ACTUEL DE LA FERME ET DE LA FORET-------
:--:--:--:--:--:--:--:--:--:--:
|He|  |He|He|  |  |He|He|He|  |
:--:--:--:--:--:--:--:--:--:--:
|He|  |He|  |He|He|He|He|  |He|
:--:--:--:--:--:--:--:--:--:--:
|  |  |  |  |  |  |He|He|He|He|
:--:--:--:--:--:--:--:--:--:--:
|He|He|  |  |He|  |He|  |He|He|
:--:--:--:--:--:--:--:--:--:--:
|  |  |  |He|He|He|  |  |  |  |
:--:--:--:--:--:--:--:--:--:--:
|  |Ea|  |He|He|He|Ea|  |He|Ea|
:--:--:--:--:--:--:--:--:--:--:
|  |He|He|  |He|He|Fo|He|  |He|
:--:--:--:--:--:--:--:--:--:--:
|  |He|He|Gr|Ea|He|Gr|  |He|Gr|
:--:--:--:--:--:--:--:--:--:--:
|Fo|He|  |He|He|He|Gr|  |He|  |
:--:--:--:--:--:--:--:--:--:--:
|  |Ea|He|Fo|  |He|  |Gr|He|He|
:--:--:--:--:--:--:--:--:--:--:

------------------------------------------
Simulation - JOURS 12 DE LA SAISON hiver
------------------------------------------
------------------RESERVE-----------------
LA RESERVE CONTIENT :
Herbe[id:169 quantite: 923]  en position (0, 0)
Eau[id:170 quantite: 252]  en position (0, 0)
Graine[id:171 quantite: 684]  en position (0, 0)
Foin[id:172 quantite: 390]  en position (0, 0)
------------------------------------------
-------------------POCHE------------------
LA POCHE CONTIENT:
Herbe[id:165 quantite: 37]  en position (4, 8)
Foin[id:166 quantite: 70]  en position (4, 8)
Eau[id:167 quantite: 14]  en position (4, 8)
Graine[id:168 quantite: 5]  en position (4, 8)
------------------------------------------
------------RAPPORT JOURNALIER------------
LE FERMIER RAJOUTE Graine x5 SUR SA CASE
Le fermier trait la vache !
Le fermier trait la vache !
Le fermier trait la vache !
L'animal Poule n'a pas trouvÚ de nourriture...
Pas de bÚbÚ pour Animal de la ferme: Poule en position 9 8 vie restante: 20
L'animal Vache n'a pas trouvÚ de nourriture...
Pas de bÚbÚ pour Animal de la ferme: Vache en position 1 8 vie restante: 48
L'animal Vache mange Herbe[id:267 quantite: 0]  en position (5, 8)
Pas de bÚbÚ pour Animal de la ferme: Vache en position 2 6 vie restante: 86
De l'herbe vient de pousser sur la case 2,0 !
De l'herbe vient de pousser sur la case 2,3 !
De l'herbe commence Ó s'agrandir en 2,8 !
De l'herbe vient de pousser sur la case 3,2 !
De l'herbe vient de pousser sur la case 4,7 !
De l'herbe commence Ó s'agrandir en 8,5 !
De l'herbe commence Ó s'agrandir en 9,8 !
---------REAPPROVISIONNEMENT--------------
LE FERMIER RENTRE CHEZ LUI POUR RECUPERER 2 Herbe
LE FERMIER RENTRE CHEZ LUI POUR RECUPERER 6 Eau
LE FERMIER RENTRE CHEZ LUI POUR RECUPERER 2 Graine
LE FERMIER RENTRE CHEZ LUI POUR RECUPERER 7 Foin
-------ETAT ACTUEL DE LA FERME ET DE LA FORET-------
:--:--:--:--:--:--:--:--:--:--:
|He|  |He|He|  |  |He|He|He|  |
:--:--:--:--:--:--:--:--:--:--:
|He|  |He|  |He|He|He|He|  |He|
:--:--:--:--:--:--:--:--:--:--:
|He|  |  |He|  |  |He|He|He|He|
:--:--:--:--:--:--:--:--:--:--:
|He|He|He|  |He|  |He|  |He|He|
:--:--:--:--:--:--:--:--:--:--:
|  |  |  |He|He|He|  |He|  |  |
:--:--:--:--:--:--:--:--:--:--:
|  |Ea|  |He|He|He|Ea|  |  |Ea|
:--:--:--:--:--:--:--:--:--:--:
|  |He|He|  |He|He|Fo|He|  |He|
:--:--:--:--:--:--:--:--:--:--:
|  |  |He|Gr|Ea|He|Gr|  |He|Gr|
:--:--:--:--:--:--:--:--:--:--:
|Fo|He|  |He|He|He|Gr|  |He|  |
:--:--:--:--:--:--:--:--:--:--:
|  |Ea|He|Fo|  |He|  |  |He|He|
:--:--:--:--:--:--:--:--:--:--:

------------------------------------------
Simulation - JOURS 13 DE LA SAISON hiver
------------------------------------------
------------------RESERVE-----------------
LA RESERVE CONTIENT :
Herbe[id:169 quantite: 921]  en position (0, 0)
Eau[id:170 quantite: 246]  en position (0, 0)
Graine[id:171 quantite: 682]  en position (0, 0)
Foin[id:172 quantite: 383]  en position (0, 0)
------------------------------------------
-------------------POCHE------------------
LA POCHE CONTIENT:
Herbe[id:165 quantite: 39]  en position (4, 8)
Foin[id:166 quantite: 77]  en position (4, 8)
Eau[id:167 quantite: 20]  en position (4, 8)
Graine[id:168 quantite: 2]  en position (4, 8)
------------------------------------------
------------RAPPORT JOURNALIER------------
LE FERMIER RAJOUTE Graine x2 SUR SA CASE
Le fermier trait la vache !
L'animal Poule n'a pas trouvÚ de nourriture...
Pas de bÚbÚ pour Animal de la ferme: Poule en position 6 2 vie restante: 20
L'animal Vache mange Herbe[id:246 quantite: 0]  en position (3, 1)
Pas de bÚbÚ pour Animal de la ferme: Vache en position 7 3 vie restante: 48
L'animal Vache mange Herbe[id:248 quantite: 0]  en position (9, 5)
Pas de bÚbÚ pour Animal de la ferme: Vache en position 9 5 vie restante: 93
De l'herbe commence Ó s'agrandir en 1,5 !
De l'herbe commence Ó s'agrandir en 1,9 !
De l'herbe commence Ó s'agrandir en 2,0 !
De l'herbe vient de pousser sur la case 2,2 !
De l'herbe vient de pousser sur la case 2,4 !
De l'herbe commence Ó s'agrandir en 3,6 !
De l'herbe commence Ó s'agrandir en 4,5 !
De l'herbe vient de pousser sur la case 4,8 !
De l'herbe commence Ó s'agrandir en 7,5 !
De l'herbe commence Ó s'agrandir en 8,3 !
De l'herbe vient de pousser sur la case 9,5 !
---------REAPPROVISIONNEMENT--------------
LE FERMIER RENTRE CHEZ LUI POUR RECUPERER 3 Herbe
LE FERMIER RENTRE CHEZ LUI POUR RECUPERER 5 Eau
LE FERMIER RENTRE CHEZ LUI POUR RECUPERER 8 Graine
LE FERMIER RENTRE CHEZ LUI POUR RECUPERER 9 Foin
-------ETAT ACTUEL DE LA FERME ET DE LA FORET-------
:--:--:--:--:--:--:--:--:--:--:
|He|  |He|He|  |  |He|He|He|  |
:--:--:--:--:--:--:--:--:--:--:
|He|  |He|  |He|He|He|He|  |He|
:--:--:--:--:--:--:--:--:--:--:
|He|  |He|He|He|  |He|He|He|He|
:--:--:--:--:--:--:--:--:--:--:
|He|  |He|  |He|  |He|  |He|He|
:--:--:--:--:--:--:--:--:--:--:
|  |  |  |He|He|He|  |He|He|  |
:--:--:--:--:--:--:--:--:--:--:
|  |Ea|  |He|He|He|Ea|  |  |Ea|
:--:--:--:--:--:--:--:--:--:--:
|  |He|  |  |He|He|Fo|He|  |He|
:--:--:--:--:--:--:--:--:--:--:
|  |  |He|Gr|Ea|He|Gr|  |He|Gr|
:--:--:--:--:--:--:--:--:--:--:
|Fo|He|  |He|He|He|Gr|  |He|  |
:--:--:--:--:--:--:--:--:--:--:
|  |Ea|He|Fo|  |He|  |  |He|He|
:--:--:--:--:--:--:--:--:--:--:

------------------------------------------
Simulation - JOURS 14 DE LA SAISON hiver
------------------------------------------
------------------RESERVE-----------------
LA RESERVE CONTIENT :
Herbe[id:169 quantite: 918]  en position (0, 0)
Eau[id:170 quantite: 241]  en position (0, 0)
Graine[id:171 quantite: 674]  en position (0, 0)
Foin[id:172 quantite: 374]  en position (0, 0)
------------------------------------------
-------------------POCHE------------------
LA POCHE CONTIENT:
Herbe[id:165 quantite: 42]  en position (4, 8)
Foin[id:166 quantite: 86]  en position (4, 8)
Eau[id:167 quantite: 25]  en position (4, 8)
Graine[id:168 quantite: 8]  en position (4, 8)
------------------------------------------
------------RAPPORT JOURNALIER------------
LE FERMIER RAJOUTE Graine x8 SUR SA CASE
Le fermier trait la vache !
Le fermier trait la vache !
L'animal Poule n'a pas trouvÚ de nourriture...
L'animal Animal de la ferme: Poule en position 3 2 vie restante: 10 se reproduit
De l'herbe commence Ó s'agrandir en 0,0 !
De l'herbe vient de pousser sur la case 0,4 !
De l'herbe vient de pousser sur la case 0,5 !
De l'herbe vient de pousser sur la case 1,4 !
De l'herbe vient de pousser sur la case 1,8 !
De l'herbe commence Ó s'agrandir en 2,2 !
De l'herbe commence Ó s'agrandir en 2,8 !
De l'herbe commence Ó s'agrandir en 2,9 !
De l'herbe commence Ó s'agrandir en 6,4 !
De l'herbe commence Ó s'agrandir en 6,5 !
De l'herbe vient de pousser sur la case 9,6 !
---------REAPPROVISIONNEMENT--------------
LE FERMIER RENTRE CHEZ LUI POUR RECUPERER 10 Herbe
LE FERMIER RENTRE CHEZ LUI POUR RECUPERER 9 Eau
LE FERMIER RENTRE CHEZ LUI POUR RECUPERER 8 Graine
LE FERMIER RENTRE CHEZ LUI POUR RECUPERER 5 Foin
-------ETAT ACTUEL DE LA FERME ET DE LA FORET-------
:--:--:--:--:--:--:--:--:--:--:
|He|  |He|He|He|He|He|He|He|  |
:--:--:--:--:--:--:--:--:--:--:
|He|  |He|  |He|He|He|He|He|He|
:--:--:--:--:--:--:--:--:--:--:
|He|  |He|He|He|  |He|He|He|He|
:--:--:--:--:--:--:--:--:--:--:
|He|  |He|  |He|  |He|  |He|He|
:--:--:--:--:--:--:--:--:--:--:
|  |  |  |He|He|He|  |He|He|  |
:--:--:--:--:--:--:--:--:--:--:
|  |Ea|  |He|He|He|Ea|  |  |Ea|
:--:--:--:--:--:--:--:--:--:--:
|  |He|  |  |He|He|Fo|He|  |He|
:--:--:--:--:--:--:--:--:--:--:
|  |  |He|Gr|Ea|He|Gr|  |He|Gr|
:--:--:--:--:--:--:--:--:--:--:
|Fo|He|  |He|He|He|Gr|  |He|  |
:--:--:--:--:--:--:--:--:--:--:
|  |Ea|He|Fo|  |He|He|  |He|He|
:--:--:--:--:--:--:--:--:--:--:

------------------------------------------
Simulation - JOURS 15 DE LA SAISON hiver
------------------------------------------
------------------RESERVE-----------------
LA RESERVE CONTIENT :
Herbe[id:169 quantite: 908]  en position (0, 0)
Eau[id:170 quantite: 232]  en position (0, 0)
Graine[id:171 quantite: 666]  en position (0, 0)
Foin[id:172 quantite: 369]  en position (0, 0)
------------------------------------------
-------------------POCHE------------------
LA POCHE CONTIENT:
Herbe[id:165 quantite: 52]  en position (4, 8)
Foin[id:166 quantite: 91]  en position (4, 8)
Eau[id:167 quantite: 34]  en position (4, 8)
Graine[id:168 quantite: 8]  en position (4, 8)
------------------------------------------
------------RAPPORT JOURNALIER------------
LE FERMIER RAJOUTE Herbe x52 SUR SA CASE
Le fermier trait la vache !
Le fermier trait la vache !
L'animal Vache mange Herbe[id:282 quantite: 0]  en position (4, 7)
Pas de bÚbÚ pour Animal de la ferme: Vache en position 1 1 vie restante: 75
De l'herbe vient de pousser sur la case 0,1 !
De l'herbe vient de pousser sur la case 3,1 !
De l'herbe commence Ó s'agrandir en 3,8 !
De l'herbe commence Ó s'agrandir en 4,3 !
De l'herbe vient de pousser sur la case 4,9 !
De l'herbe commence Ó s'agrandir en 6,5 !
De l'herbe vient de pousser sur la case 6,8 !
De l'herbe vient de pousser sur la case 7,1 !
De l'herbe vient de pousser sur la case 9,7 !
---------REAPPROVISIONNEMENT--------------
LE FERMIER RENTRE CHEZ LUI POUR RECUPERER 11 Herbe
LE FERMIER RENTRE CHEZ LUI POUR RECUPERER 5 Eau
LE FERMIER RENTRE CHEZ LUI POUR RECUPERER 2 Graine
LE FERMIER RENTRE CHEZ LUI POUR RECUPERER 11 Foin
-------ETAT ACTUEL DE LA FERME ET DE LA FORET-------
:--:--:--:--:--:--:--:--:--:--:
|He|He|He|He|He|He|He|He|He|  |
:--:--:--:--:--:--:--:--:--:--:
|He|  |He|  |He|He|He|He|He|He|
:--:--:--:--:--:--:--:--:--:--:
|He|  |He|He|He|  |He|He|He|He|
:--:--:--:--:--:--:--:--:--:--:
|He|He|He|  |He|  |He|  |He|He|
:--:--:--:--:--:--:--:--:--:--:
|  |  |  |He|He|He|  |  |He|He|
:--:--:--:--:--:--:--:--:--:--:
|  |Ea|  |He|He|He|Ea|  |  |Ea|
:--:--:--:--:--:--:--:--:--:--:
|  |He|  |  |He|He|Fo|He|He|He|
:--:--:--:--:--:--:--:--:--:--:
|  |He|He|Gr|Ea|He|Gr|  |He|Gr|
:--:--:--:--:--:--:--:--:--:--:
|Fo|He|  |He|He|He|Gr|  |He|  |
:--:--:--:--:--:--:--:--:--:--:
|  |Ea|He|Fo|  |He|He|He|He|He|
:--:--:--:--:--:--:--:--:--:--:

------------------------------------------
Simulation - JOURS 16 DE LA SAISON hiver
------------------------------------------
------------------RESERVE-----------------
LA RESERVE CONTIENT :
Herbe[id:169 quantite: 897]  en position (0, 0)
Eau[id:170 quantite: 227]  en position (0, 0)
Graine[id:171 quantite: 664]  en position (0, 0)
Foin[id:172 quantite: 358]  en position (0, 0)
------------------------------------------
-------------------POCHE------------------
LA POCHE CONTIENT:
Herbe[id:165 quantite: 11]  en position (4, 8)
Foin[id:166 quantite: 102]  en position (4, 8)
Eau[id:167 quantite: 39]  en position (4, 8)
Graine[id:168 quantite: 10]  en position (4, 8)
------------------------------------------
------------RAPPORT JOURNALIER------------
LE FERMIER RAJOUTE Herbe x11 SUR SA CASE
Le fermier trait la vache !
Le fermier trait la vache !
L'animal Poule mange Graine[id:111 quantite: 0]  en position (7, 9)
Pas de bÚbÚ pour Animal de la ferme: Poule en position 7 9 vie restante: 100
L'animal Vache mange Eau[id:113 quantite: 0]  en position (9, 1)
Pas de bÚbÚ pour Animal de la ferme: Vache en position 9 0 vie restante: 100
L'animal Vache mange Herbe[id:274 quantite: 0]  en position (1, 6)
Pas de bÚbÚ pour Animal de la ferme: Vache en position 8 8 vie restante: 59
De l'herbe commence Ó s'agrandir en 1,0 !
De l'herbe vient de pousser sur la case 1,6 !
De l'herbe commence Ó s'agrandir en 2,0 !
De l'herbe commence Ó s'agrandir en 2,3 !
De l'herbe vient de pousser sur la case 4,0 !
De l'herbe commence Ó s'agrandir en 4,3 !
De l'herbe commence Ó s'agrandir en 7,1 !
De l'herbe commence Ó s'agrandir en 8,3 !
De l'herbe commence Ó s'agrandir en 8,5 !
---------REAPPROVISIONNEMENT--------------
LE FERMIER RENTRE CHEZ LUI POUR RECUPERER 10 Herbe
LE FERMIER RENTRE CHEZ LUI POUR RECUPERER 4 Eau
LE FERMIER RENTRE CHEZ LUI POUR RECUPERER 2 Graine
LE FERMIER RENTRE CHEZ LUI POUR RECUPERER 10 Foin
-------ETAT ACTUEL DE LA FERME ET DE LA FORET-------
:--:--:--:--:--:--:--:--:--:--:
|He|He|He|He|He|He|He|He|He|  |
:--:--:--:--:--:--:--:--:--:--:
|He|  |He|  |He|He|He|He|He|He|
:--:--:--:--:--:--:--:--:--:--:
|He|  |He|He|He|  |He|He|He|He|
:--:--:--:--:--:--:--:--:--:--:
|He|He|He|  |He|  |He|  |He|He|
:--:--:--:--:--:--:--:--:--:--:
|He|  |  |He|He|He|  |  |He|He|
:--:--:--:--:--:--:--:--:--:--:
|  |Ea|  |He|He|He|Ea|  |  |Ea|
:--:--:--:--:--:--:--:--:--:--:
|  |He|  |  |He|He|Fo|He|He|He|
:--:--:--:--:--:--:--:--:--:--:
|  |He|He|Gr|Ea|He|Gr|  |He|  |
:--:--:--:--:--:--:--:--:--:--:
|Fo|He|  |He|He|He|Gr|  |He|  |
:--:--:--:--:--:--:--:--:--:--:
|  |  |He|Fo|  |He|He|He|He|He|
:--:--:--:--:--:--:--:--:--:--:

------------------------------------------
Simulation - JOURS 17 DE LA SAISON hiver
------------------------------------------
------------------RESERVE-----------------
LA RESERVE CONTIENT :
Herbe[id:169 quantite: 887]  en position (0, 0)
Eau[id:170 quantite: 223]  en position (0, 0)
Graine[id:171 quantite: 662]  en position (0, 0)
Foin[id:172 quantite: 348]  en position (0, 0)
------------------------------------------
-------------------POCHE------------------
LA POCHE CONTIENT:
Herbe[id:165 quantite: 10]  en position (4, 8)
Foin[id:166 quantite: 112]  en position (4, 8)
Eau[id:167 quantite: 43]  en position (4, 8)
Graine[id:168 quantite: 12]  en position (4, 8)
------------------------------------------
------------RAPPORT JOURNALIER------------
LE FERMIER RAJOUTE Herbe x10 SUR SA CASE
L'animal Vache mange Herbe[id:291 quantite: 0]  en position (0, 4)
L'animal Animal de la ferme: Vache en position 0 0 vie restante: 18 se reproduit
L'animal Poule n'a pas trouvÚ de nourriture...
Pas de bÚbÚ pour Animal de la ferme: Poule en position 7 2 vie restante: 95
L'animal Vache mange Eau[id:108 quantite: 0]  en position (5, 9)
L'animal Animal de la ferme: Vache en position 5 2 vie restante: 50 se reproduit
L'animal Poule n'a pas trouvÚ de nourriture...
L'animal Animal de la ferme: Poule en position 9 2 vie restante: 5 se reproduit
L'animal Vache mange Herbe[id:125 quantite: 0]  en position (1, 0)
Pas de bÚbÚ pour Animal de la ferme: Vache en position 7 3 vie restante: 89
De l'herbe commence Ó s'agrandir en 0,7 !
De l'herbe vient de pousser sur la case 1,1 !
De l'herbe vient de pousser sur la case 1,3 !
De l'herbe commence Ó s'agrandir en 2,7 !
De l'herbe commence Ó s'agrandir en 4,4 !
De l'herbe commence Ó s'agrandir en 4,9 !
De l'herbe commence Ó s'agrandir en 5,3 !
De l'herbe commence Ó s'agrandir en 6,4 !
De l'herbe vient de pousser sur la case 7,7 !
De l'herbe commence Ó s'agrandir en 9,9 !
---------REAPPROVISIONNEMENT--------------
LE FERMIER RENTRE CHEZ LUI POUR RECUPERER 11 Herbe
LE FERMIER RENTRE CHEZ LUI POUR RECUPERER 5 Eau
LE FERMIER RENTRE CHEZ LUI POUR RECUPERER 5 Graine
LE FERMIER RENTRE CHEZ LUI POUR RECUPERER 6 Foin
-------ETAT ACTUEL DE LA FERME ET DE LA FORET-------
:--:--:--:--:--:--:--:--:--:--:
|He|He|He|He|  |  |He|He|He|  |
:--:--:--:--:--:--:--:--:--:--:
|  |He|He|He|He|He|He|He|He|He|
:--:--:--:--:--:--:--:--:--:--:
|He|  |He|He|He|  |He|He|He|He|
:--:--:--:--:--:--:--:--:--:--:
|He|He|He|  |He|  |He|  |He|He|
:--:--:--:--:--:--:--:--:--:--:
|He|  |  |He|He|He|  |  |He|He|
:--:--:--:--:--:--:--:--:--:--:
|  |Ea|  |He|He|He|Ea|  |  |  |
:--:--:--:--:--:--:--:--:--:--:
|  |He|  |  |He|He|Fo|He|He|He|
:--:--:--:--:--:--:--:--:--:--:
|  |He|  |Gr|Ea|He|Gr|He|He|  |
:--:--:--:--:--:--:--:--:--:--:
|Fo|He|  |He|He|He|Gr|  |He|  |
:--:--:--:--:--:--:--:--:--:--:
|  |  |He|Fo|  |He|He|He|He|He|
:--:--:--:--:--:--:--:--:--:--:

------------------------------------------
Simulation - JOURS 18 DE LA SAISON hiver
------------------------------------------
------------------RESERVE-----------------
LA RESERVE CONTIENT :
Herbe[id:169 quantite: 876]  en position (0, 0)
Eau[id:170 quantite: 218]  en position (0, 0)
Graine[id:171 quantite: 657]  en position (0, 0)
Foin[id:172 quantite: 342]  en position (0, 0)
------------------------------------------
-------------------POCHE------------------
LA POCHE CONTIENT:
Herbe[id:165 quantite: 11]  en position (4, 8)
Foin[id:166 quantite: 118]  en position (4, 8)
Eau[id:167 quantite: 48]  en position (4, 8)
Graine[id:168 quantite: 17]  en position (4, 8)
------------------------------------------
------------RAPPORT JOURNALIER------------
Le fermier dÚpose 48 Eau par terre
Le fermier trait la vache !
L'animal Poule n'a pas trouvÚ de nourriture...
Pas de bÚbÚ pour Animal de la ferme: Poule en position 3 8 vie restante: 90
L'animal Vache mange Herbe[id:275 quantite: 0]  en position (2, 9)
Pas de bÚbÚ pour Animal de la ferme: Vache en position 6 7 vie restante: 55
L'animal Vache mange Herbe[id:295 quantite: 0]  en position (9, 6)
Pas de bÚbÚ pour Animal de la ferme: Vache en position 9 7 vie restante: 53
L'animal Vache mange Herbe[id:221 quantite: 0]  en position (8, 3)
Pas de bÚbÚ pour Animal de la ferme: Vache en position 2 9 vie restante: 46
L'animal prÚdateur mange Animal de la ferme: Poule en position 8 4 vie restante: 5
L'animal prÚdateur mange Animal de la ferme: Vache en position 7 4 vie restante: 89
L'animal prÚdateur mange Animal de la ferme: Vache en position 6 2 vie restante: 50
De l'herbe vient de pousser sur la case 0,4 !
De l'herbe commence Ó s'agrandir en 0,6 !
De l'herbe commence Ó s'agrandir en 1,8 !
De l'herbe commence Ó s'agrandir en 2,7 !
De l'herbe commence Ó s'agrandir en 3,4 !
De l'herbe commence Ó s'agrandir en 4,4 !
De l'herbe vient de pousser sur la case 4,7 !
De l'herbe vient de pousser sur la case 5,0 !
De l'herbe commence Ó s'agrandir en 5,5 !
De l'herbe vient de pousser sur la case 8,7 !
---------REAPPROVISIONNEMENT--------------
LE FERMIER RENTRE CHEZ LUI POUR RECUPERER 8 Herbe
LE FERMIER RENTRE CHEZ LUI POUR RECUPERER 8 Eau
LE FERMIER RENTRE CHEZ LUI POUR RECUPERER 7 Graine
LE FERMIER RENTRE CHEZ LUI POUR RECUPERER 2 Foin
-------ETAT ACTUEL DE LA FERME ET DE LA FORET-------
:--:--:--:--:--:--:--:--:--:--:
|He|He|He|He|He|  |He|He|He|Ea|
:--:--:--:--:--:--:--:--:--:--:
|  |He|He|He|He|He|He|He|He|He|
:--:--:--:--:--:--:--:--:--:--:
|He|  |He|He|He|  |He|He|He|  |
:--:--:--:--:--:--:--:--:--:--:
|He|He|He|  |He|  |He|  |  |He|
:--:--:--:--:--:--:--:--:--:--:
|He|  |  |He|He|He|  |He|He|He|
:--:--:--:--:--:--:--:--:--:--:
|He|Ea|  |He|He|He|Ea|  |  |  |
:--:--:--:--:--:--:--:--:--:--:
|  |He|  |  |He|He|Fo|He|He|He|
:--:--:--:--:--:--:--:--:--:--:
|  |He|  |Gr|Ea|He|Gr|He|He|  |
:--:--:--:--:--:--:--:--:--:--:
|Fo|He|  |  |He|He|Gr|He|He|  |
:--:--:--:--:--:--:--:--:--:--:
|  |  |He|Fo|  |He|  |He|He|He|
:--:--:--:--:--:--:--:--:--:--:

------------------------------------------
Simulation - JOURS 19 DE LA SAISON hiver
------------------------------------------
------------------RESERVE-----------------
LA RESERVE CONTIENT :
Herbe[id:169 quantite: 868]  en position (0, 0)
Eau[id:170 quantite: 210]  en position (0, 0)
Graine[id:171 quantite: 650]  en position (0, 0)
Foin[id:172 quantite: 340]  en position (0, 0)
------------------------------------------
-------------------POCHE------------------
LA POCHE CONTIENT:
Herbe[id:165 quantite: 19]  en position (6, 0)
Foin[id:166 quantite: 120]  en position (6, 0)
Eau[id:167 quantite: 8]  en position (6, 0)
Graine[id:168 quantite: 24]  en position (6, 0)
------------------------------------------
------------RAPPORT JOURNALIER------------
Le fermier dÚpose 120 Foin par terre
Le fermier trait la vache !
Le fermier trait la vache !
L'animal Vache mange Herbe[id:154 quantite: 0]  en position (3, 9)
Pas de bÚbÚ pour Animal de la ferme: Vache en position 2 3 vie restante: 90
L'animal Poule n'a pas trouvÚ de nourriture...
Pas de bÚbÚ pour Animal de la ferme: Poule en position 5 7 vie restante: 85
L'animal Vache mange Herbe[id:212 quantite: 0]  en position (6, 7)
Pas de bÚbÚ pour Animal de la ferme: Vache en position 9 7 vie restante: 48
L'animal Vache mange Herbe[id:300 quantite: 0]  en position (6, 8)
Pas de bÚbÚ pour Animal de la ferme: Vache en position 9 8 vie restante: 37
L'animal Vache mange Eau[id:100 quantite: 0]  en position (5, 1)
Pas de bÚbÚ pour Animal de la ferme: Vache en position 5 1 vie restante: 100
De l'herbe commence Ó s'agrandir en 0,7 !
De l'herbe commence Ó s'agrandir en 1,3 !
De l'herbe commence Ó s'agrandir en 1,5 !
De l'herbe vient de pousser sur la case 4,1 !
De l'herbe commence Ó s'agrandir en 4,7 !
De l'herbe vient de pousser sur la case 5,8 !
De l'herbe vient de pousser sur la case 6,7 !
De l'herbe commence Ó s'agrandir en 7,5 !
De l'herbe commence Ó s'agrandir en 8,1 !
De l'herbe commence Ó s'agrandir en 8,7 !
De l'herbe vient de pousser sur la case 9,6 !
---------REAPPROVISIONNEMENT--------------
LE FERMIER RENTRE CHEZ LUI POUR RECUPERER 11 Herbe
LE FERMIER RENTRE CHEZ LUI POUR RECUPERER 8 Eau
LE FERMIER RENTRE CHEZ LUI POUR RECUPERER 6 Graine
LE FERMIER RENTRE CHEZ LUI POUR RECUPERER 10 Foin
-------ETAT ACTUEL DE LA FERME ET DE LA FORET-------
:--:--:--:--:--:--:--:--:--:--:
|He|He|He|He|He|  |He|He|He|Ea|
:--:--:--:--:--:--:--:--:--:--:
|  |He|He|He|He|He|He|He|He|He|
:--:--:--:--:--:--:--:--:--:--:
|He|  |He|He|He|  |He|He|He|  |
:--:--:--:--:--:--:--:--:--:--:
|He|He|He|  |He|  |He|  |  |  |
:--:--:--:--:--:--:--:--:--:--:
|He|He|  |  |He|He|  |He|He|He|
:--:--:--:--:--:--:--:--:--:--:
|He|  |  |He|He|He|Ea|  |He|  |
:--:--:--:--:--:--:--:--:--:--:
|Fo|He|  |  |He|He|Fo|He|  |He|
:--:--:--:--:--:--:--:--:--:--:
|  |He|  |Gr|Ea|He|Gr|He|He|  |
:--:--:--:--:--:--:--:--:--:--:
|Fo|He|  |  |He|He|Gr|He|He|  |
:--:--:--:--:--:--:--:--:--:--:
|  |  |He|Fo|  |He|He|He|He|He|
:--:--:--:--:--:--:--:--:--:--:

UPDATE DE LA RESERVE
------------------------------------------
Simulation - JOURS 20 DE LA SAISON hiver
------------------------------------------
------------------RESERVE-----------------
LA RESERVE CONTIENT :
Herbe[id:169 quantite: 866]  en position (0, 0)
Eau[id:170 quantite: 224]  en position (0, 0)
Graine[id:171 quantite: 698]  en position (0, 0)
Foin[id:172 quantite: 408]  en position (0, 0)
------------------------------------------
-------------------POCHE------------------
LA POCHE CONTIENT:
Herbe[id:165 quantite: 30]  en position (7, 8)
Foin[id:166 quantite: 10]  en position (7, 8)
Eau[id:167 quantite: 16]  en position (7, 8)
Graine[id:168 quantite: 30]  en position (7, 8)
------------------------------------------
------------RAPPORT JOURNALIER------------
LE FERMIER RAJOUTE Herbe x30 SUR SA CASE
L'animal Vache mange Herbe[id:294 quantite: 0]  en position (1, 8)
Pas de bÚbÚ pour Animal de la ferme: Vache en position 1 8 vie restante: 99
L'animal Poule n'a pas trouvÚ de nourriture...
Pas de bÚbÚ pour Animal de la ferme: Poule en position 4 8 vie restante: 80
L'animal Vache mange Herbe[id:258 quantite: 0]  en position (2, 6)
Pas de bÚbÚ pour Animal de la ferme: Vache en position 0 6 vie restante: 59
L'animal Poule n'a pas trouvÚ de nourriture...
Pas de bÚbÚ pour Animal de la ferme: Poule en position 8 1 vie restante: 5
De l'herbe commence Ó s'agrandir en 1,4 !
De l'herbe commence Ó s'agrandir en 1,7 !
De l'herbe vient de pousser sur la case 1,8 !
De l'herbe commence Ó s'agrandir en 1,9 !
De l'herbe commence Ó s'agrandir en 2,3 !
De l'herbe commence Ó s'agrandir en 3,4 !
De l'herbe commence Ó s'agrandir en 4,0 !
De l'herbe commence Ó s'agrandir en 4,1 !
De l'herbe vient de pousser sur la case 4,6 !
De l'herbe commence Ó s'agrandir en 4,9 !
De l'herbe commence Ó s'agrandir en 5,0 !
De l'herbe vient de pousser sur la case 8,1 !
De l'herbe vient de pousser sur la case 9,0 !
De l'herbe commence Ó s'agrandir en 9,6 !
De l'herbe commence Ó s'agrandir en 9,7 !
De l'herbe commence Ó s'agrandir en 9,9 !
---------REAPPROVISIONNEMENT--------------
LE FERMIER RENTRE CHEZ LUI POUR RECUPERER 11 Herbe
LE FERMIER RENTRE CHEZ LUI POUR RECUPERER 11 Eau
LE FERMIER RENTRE CHEZ LUI POUR RECUPERER 5 Graine
LE FERMIER RENTRE CHEZ LUI POUR RECUPERER 4 Foin
-------ETAT ACTUEL DE LA FERME ET DE LA FORET-------
:--:--:--:--:--:--:--:--:--:--:
|He|He|He|He|He|  |He|He|He|Ea|
:--:--:--:--:--:--:--:--:--:--:
|  |He|He|He|He|He|He|He|He|He|
:--:--:--:--:--:--:--:--:--:--:
|He|  |He|He|He|  |  |He|He|  |
:--:--:--:--:--:--:--:--:--:--:
|He|He|He|  |He|  |He|  |  |  |
:--:--:--:--:--:--:--:--:--:--:
|He|He|  |  |He|He|He|He|He|He|
:--:--:--:--:--:--:--:--:--:--:
|He|  |  |He|He|He|Ea|  |He|  |
:--:--:--:--:--:--:--:--:--:--:
|Fo|He|  |  |He|He|Fo|He|  |He|
:--:--:--:--:--:--:--:--:--:--:
|  |He|  |Gr|Ea|He|Gr|He|He|  |
:--:--:--:--:--:--:--:--:--:--:
|Fo|He|  |  |He|He|Gr|He|  |  |
:--:--:--:--:--:--:--:--:--:--:
|He|  |He|Fo|  |He|He|He|He|He|
:--:--:--:--:--:--:--:--:--:--:

------------------------------------------
Simulation - JOURS 21 DE LA SAISON hiver
------------------------------------------
------------------RESERVE-----------------
LA RESERVE CONTIENT :
Herbe[id:169 quantite: 855]  en position (0, 0)
Eau[id:170 quantite: 213]  en position (0, 0)
Graine[id:171 quantite: 693]  en position (0, 0)
Foin[id:172 quantite: 404]  en position (0, 0)
------------------------------------------
-------------------POCHE------------------
LA POCHE CONTIENT:
Herbe[id:165 quantite: 11]  en position (7, 8)
Foin[id:166 quantite: 14]  en position (7, 8)
Eau[id:167 quantite: 27]  en position (7, 8)
Graine[id:168 quantite: 35]  en position (7, 8)
------------------------------------------
------------RAPPORT JOURNALIER------------
Le fermier dÚpose 35 Graine par terre
Le fermier trait la vache !
Le fermier trait la vache !
L'animal Vache mange Herbe[id:254 quantite: 0]  en position (7, 8)
Pas de bÚbÚ pour Animal de la ferme: Vache en position 5 1 vie restante: 100
L'animal Vache mange Herbe[id:321 quantite: 0]  en position (0, 4)
Pas de bÚbÚ pour Animal de la ferme: Vache en position 0 4 vie restante: 61
L'animal Vache mange Herbe[id:297 quantite: 0]  en position (0, 1)
Pas de bÚbÚ pour Animal de la ferme: Vache en position 0 1 vie restante: 100
L'animal Poule mange Eau[id:316 quantite: 0]  en position (0, 9)
Pas de bÚbÚ pour Animal de la ferme: Poule en position 1 4 vie restante: 53
De l'herbe vient de pousser sur la case 0,5 !
De l'herbe commence Ó s'agrandir en 2,3 !
De l'herbe commence Ó s'agrandir en 3,2 !
De l'herbe vient de pousser sur la case 3,3 !
De l'herbe vient de pousser sur la case 5,2 !
De l'herbe commence Ó s'agrandir en 6,7 !
De l'herbe commence Ó s'agrandir en 6,9 !
De l'herbe commence Ó s'agrandir en 7,7 !
De l'herbe vient de pousser sur la case 9,1 !
De l'herbe commence Ó s'agrandir en 9,5 !
De l'herbe commence Ó s'agrandir en 9,7 !
---------REAPPROVISIONNEMENT--------------
LE FERMIER RENTRE CHEZ LUI POUR RECUPERER 4 Herbe
LE FERMIER RENTRE CHEZ LUI POUR RECUPERER 3 Eau
LE FERMIER RENTRE CHEZ LUI POUR RECUPERER 3 Graine
LE FERMIER RENTRE CHEZ LUI POUR RECUPERER 3 Foin
-------ETAT ACTUEL DE LA FERME ET DE LA FORET-------
:--:--:--:--:--:--:--:--:--:--:
|He|  |He|He|  |He|He|He|He|  |
:--:--:--:--:--:--:--:--:--:--:
|  |He|He|He|He|He|He|He|He|He|
:--:--:--:--:--:--:--:--:--:--:
|He|  |He|He|He|  |  |He|He|  |
:--:--:--:--:--:--:--:--:--:--:
|He|He|He|He|He|  |He|  |  |  |
:--:--:--:--:--:--:--:--:--:--:
|He|He|  |  |He|He|He|He|He|He|
:--:--:--:--:--:--:--:--:--:--:
|He|  |He|He|He|He|Ea|  |He|  |
:--:--:--:--:--:--:--:--:--:--:
|Fo|He|  |  |He|He|Fo|He|  |He|
:--:--:--:--:--:--:--:--:--:--:
|  |He|  |Gr|Ea|He|Gr|He|  |  |
:--:--:--:--:--:--:--:--:--:--:
|Fo|He|  |  |He|He|Gr|He|  |  |
:--:--:--:--:--:--:--:--:--:--:
|He|He|He|Fo|Gr|He|He|He|He|He|
:--:--:--:--:--:--:--:--:--:--:

------------------------------------------
Simulation - JOURS 22 DE LA SAISON hiver
------------------------------------------
------------------RESERVE-----------------
LA RESERVE CONTIENT :
Herbe[id:169 quantite: 851]  en position (0, 0)
Eau[id:170 quantite: 210]  en position (0, 0)
Graine[id:171 quantite: 690]  en position (0, 0)
Foin[id:172 quantite: 401]  en position (0, 0)
------------------------------------------
-------------------POCHE------------------
LA POCHE CONTIENT:
Herbe[id:165 quantite: 15]  en position (8, 5)
Foin[id:166 quantite: 17]  en position (8, 5)
Eau[id:167 quantite: 30]  en position (8, 5)
Graine[id:168 quantite: 3]  en position (8, 5)
------------------------------------------
------------RAPPORT JOURNALIER------------
LE FERMIER RAJOUTE Herbe x15 SUR SA CASE
Le fermier trait la vache !
Le fermier trait la vache !
L'animal Vache mange Foin[id:325 quantite: 0]  en position (6, 0)
Pas de bÚbÚ pour Animal de la ferme: Vache en position 2 6 vie restante: 100
L'animal Vache mange Herbe[id:324 quantite: 0]  en position (8, 7)
Pas de bÚbÚ pour Animal de la ferme: Vache en position 8 7 vie restante: 52
L'animal Poule n'a pas trouvÚ de nourriture...
Pas de bÚbÚ pour Animal de la ferme: Poule en position 7 9 vie restante: 53
De l'herbe vient de pousser sur la case 0,9 !
De l'herbe vient de pousser sur la case 1,0 !
De l'herbe commence Ó s'agrandir en 1,7 !
De l'herbe vient de pousser sur la case 2,9 !
De l'herbe commence Ó s'agrandir en 4,6 !
De l'herbe commence Ó s'agrandir en 5,2 !
De l'herbe commence Ó s'agrandir en 5,4 !
De l'herbe vient de pousser sur la case 5,7 !
De l'herbe commence Ó s'agrandir en 6,9 !
De l'herbe vient de pousser sur la case 7,8 !
De l'herbe vient de pousser sur la case 8,9 !
---------REAPPROVISIONNEMENT--------------
LE FERMIER RENTRE CHEZ LUI POUR RECUPERER 9 Herbe
LE FERMIER RENTRE CHEZ LUI POUR RECUPERER 9 Eau
LE FERMIER RENTRE CHEZ LUI POUR RECUPERER 2 Graine
LE FERMIER RENTRE CHEZ LUI POUR RECUPERER 9 Foin
-------ETAT ACTUEL DE LA FERME ET DE LA FORET-------
:--:--:--:--:--:--:--:--:--:--:
|He|  |He|He|  |He|He|He|He|He|
:--:--:--:--:--:--:--:--:--:--:
|He|He|He|He|  |He|He|He|He|He|
:--:--:--:--:--:--:--:--:--:--:
|He|  |He|He|He|  |  |He|He|He|
:--:--:--:--:--:--:--:--:--:--:
|He|He|He|He|He|  |He|  |  |  |
:--:--:--:--:--:--:--:--:--:--:
|He|He|  |  |He|He|He|He|He|He|
:--:--:--:--:--:--:--:--:--:--:
|He|  |He|He|He|He|Ea|He|He|  |
:--:--:--:--:--:--:--:--:--:--:
|  |He|  |  |He|He|Fo|He|  |He|
:--:--:--:--:--:--:--:--:--:--:
|  |He|  |Gr|Ea|He|Gr|He|He|  |
:--:--:--:--:--:--:--:--:--:--:
|Fo|He|  |  |He|He|Gr|  |  |He|
:--:--:--:--:--:--:--:--:--:--:
|He|He|He|Fo|Gr|He|He|He|He|He|
:--:--:--:--:--:--:--:--:--:--:

------------------------------------------
Simulation - JOURS 23 DE LA SAISON hiver
------------------------------------------
------------------RESERVE-----------------
LA RESERVE CONTIENT :
Herbe[id:169 quantite: 842]  en position (0, 0)
Eau[id:170 quantite: 201]  en position (0, 0)
Graine[id:171 quantite: 688]  en position (0, 0)
Foin[id:172 quantite: 392]  en position (0, 0)
------------------------------------------
-------------------POCHE------------------
LA POCHE CONTIENT:
Herbe[id:165 quantite: 9]  en position (8, 5)
Foin[id:166 quantite: 26]  en position (8, 5)
Eau[id:167 quantite: 39]  en position (8, 5)
Graine[id:168 quantite: 5]  en position (8, 5)
------------------------------------------
------------RAPPORT JOURNALIER------------
LE FERMIER RAJOUTE Herbe x9 SUR SA CASE
Le fermier trait la vache !
L'animal Vache mange Herbe[id:322 quantite: 0]  en position (4, 7)
L'animal Animal de la ferme: Vache en position 9 0 vie restante: 44 se reproduit
L'animal Vache mange Herbe[id:349 quantite: 0]  en position (3, 3)
Pas de bÚbÚ pour Animal de la ferme: Vache en position 4 3 vie restante: 57
L'animal Vache mange Herbe[id:127 quantite: 0]  en position (1, 2)
Pas de bÚbÚ pour Animal de la ferme: Vache en position 9 6 vie restante: 57
L'animal Poule n'a pas trouvÚ de nourriture...
Pas de bÚbÚ pour Animal de la ferme: Poule en position 2 3 vie restante: 53
De l'herbe vient de pousser sur la case 1,2 !
De l'herbe commence Ó s'agrandir en 1,3 !
De l'herbe commence Ó s'agrandir en 3,1 !
De l'herbe commence Ó s'agrandir en 3,6 !
De l'herbe commence Ó s'agrandir en 4,6 !
De l'herbe vient de pousser sur la case 4,7 !
De l'herbe commence Ó s'agrandir en 4,8 !
---------REAPPROVISIONNEMENT--------------
LE FERMIER RENTRE CHEZ LUI POUR RECUPERER 6 Herbe
LE FERMIER RENTRE CHEZ LUI POUR RECUPERER 3 Eau
LE FERMIER RENTRE CHEZ LUI POUR RECUPERER 6 Graine
LE FERMIER RENTRE CHEZ LUI POUR RECUPERER 6 Foin
-------ETAT ACTUEL DE LA FERME ET DE LA FORET-------
:--:--:--:--:--:--:--:--:--:--:
|He|  |He|He|  |He|He|He|He|He|
:--:--:--:--:--:--:--:--:--:--:
|He|He|He|He|  |  |He|He|He|He|
:--:--:--:--:--:--:--:--:--:--:
|He|  |He|He|He|  |  |He|He|He|
:--:--:--:--:--:--:--:--:--:--:
|He|He|He|  |He|  |He|  |  |  |
:--:--:--:--:--:--:--:--:--:--:
|He|He|  |  |He|He|He|He|He|He|
:--:--:--:--:--:--:--:--:--:--:
|He|  |He|He|He|He|Ea|He|He|  |
:--:--:--:--:--:--:--:--:--:--:
|  |He|  |  |He|He|Fo|He|  |He|
:--:--:--:--:--:--:--:--:--:--:
|  |He|  |Gr|Ea|He|Gr|He|He|  |
:--:--:--:--:--:--:--:--:--:--:
|Fo|He|  |  |He|He|Gr|  |  |He|
:--:--:--:--:--:--:--:--:--:--:
|He|He|He|Fo|Gr|He|He|He|He|He|
:--:--:--:--:--:--:--:--:--:--:

------------------------------------------
Simulation - JOURS 24 DE LA SAISON hiver
------------------------------------------
------------------RESERVE-----------------
LA RESERVE CONTIENT :
Herbe[id:169 quantite: 836]  en position (0, 0)
Eau[id:170 quantite: 198]  en position (0, 0)
Graine[id:171 quantite: 682]  en position (0, 0)
Foin[id:172 quantite: 386]  en position (0, 0)
------------------------------------------
-------------------POCHE------------------
LA POCHE CONTIENT:
Herbe[id:165 quantite: 6]  en position (8, 5)
Foin[id:166 quantite: 32]  en position (8, 5)
Eau[id:167 quantite: 42]  en position (8, 5)
Graine[id:168 quantite: 11]  en position (8, 5)
------------------------------------------
------------RAPPORT JOURNALIER------------
LE FERMIER RAJOUTE Herbe x6 SUR SA CASE
Le fermier trait la vache !
Le fermier trait la vache !
L'animal Vache mange Herbe[id:197 quantite: 0]  en position (9, 2)
Pas de bÚbÚ pour Animal de la ferme: Vache en position 1 2 vie restante: 52
L'animal Poule n'a pas trouvÚ de nourriture...
Pas de bÚbÚ pour Animal de la ferme: Poule en position 4 0 vie restante: 60
L'animal Vache mange Herbe[id:339 quantite: 0]  en position (1, 8)
Pas de bÚbÚ pour Animal de la ferme: Vache en position 5 0 vie restante: 65
L'animal Vache mange Herbe[id:238 quantite: 0]  en position (6, 9)
Pas de bÚbÚ pour Animal de la ferme: Vache en position 3 0 vie restante: 64
L'animal Vache mange Herbe[id:359 quantite: 0]  en position (7, 8)
Pas de bÚbÚ pour Animal de la ferme: Vache en position 7 1 vie restante: 87
L'animal Poule n'a pas trouvÚ de nourriture...
Pas de bÚbÚ pour Animal de la ferme: Poule en position 9 1 vie restante: 53
L'animal Vache mange Herbe[id:341 quantite: 0]  en position (8, 1)
Pas de bÚbÚ pour Animal de la ferme: Vache en position 8 1 vie restante: 46
De l'herbe commence Ó s'agrandir en 0,2 !
De l'herbe commence Ó s'agrandir en 0,5 !
De l'herbe commence Ó s'agrandir en 0,7 !
De l'herbe vient de pousser sur la case 1,5 !
De l'herbe commence Ó s'agrandir en 2,3 !
De l'herbe commence Ó s'agrandir en 3,2 !
De l'herbe vient de pousser sur la case 3,7 !
De l'herbe commence Ó s'agrandir en 4,7 !
De l'herbe commence Ó s'agrandir en 5,3 !
De l'herbe vient de pousser sur la case 6,0 !
---------REAPPROVISIONNEMENT--------------
LE FERMIER RENTRE CHEZ LUI POUR RECUPERER 5 Herbe
LE FERMIER RENTRE CHEZ LUI POUR RECUPERER 10 Eau
LE FERMIER RENTRE CHEZ LUI POUR RECUPERER 9 Graine
LE FERMIER RENTRE CHEZ LUI POUR RECUPERER 6 Foin
-------ETAT ACTUEL DE LA FERME ET DE LA FORET-------
:--:--:--:--:--:--:--:--:--:--:
|He|  |He|He|  |He|He|He|He|He|
:--:--:--:--:--:--:--:--:--:--:
|He|  |He|He|  |He|He|He|  |He|
:--:--:--:--:--:--:--:--:--:--:
|He|  |He|He|He|  |  |He|He|He|
:--:--:--:--:--:--:--:--:--:--:
|He|He|He|  |He|  |He|He|  |  |
:--:--:--:--:--:--:--:--:--:--:
|He|He|  |  |He|He|He|He|He|He|
:--:--:--:--:--:--:--:--:--:--:
|He|  |He|He|He|He|Ea|He|He|  |
:--:--:--:--:--:--:--:--:--:--:
|He|He|  |  |He|He|Fo|He|  |  |
:--:--:--:--:--:--:--:--:--:--:
|  |He|  |Gr|Ea|He|Gr|He|  |  |
:--:--:--:--:--:--:--:--:--:--:
|Fo|  |  |  |He|He|Gr|  |  |He|
:--:--:--:--:--:--:--:--:--:--:
|He|He|  |  |Gr|He|He|He|He|He|
:--:--:--:--:--:--:--:--:--:--:

------------------------------------------
Simulation - JOURS 25 DE LA SAISON hiver
------------------------------------------
------------------RESERVE-----------------
LA RESERVE CONTIENT :
Herbe[id:169 quantite: 831]  en position (0, 0)
Eau[id:170 quantite: 188]  en position (0, 0)
Graine[id:171 quantite: 673]  en position (0, 0)
Foin[id:172 quantite: 380]  en position (0, 0)
------------------------------------------
-------------------POCHE------------------
LA POCHE CONTIENT:
Herbe[id:165 quantite: 5]  en position (8, 5)
Foin[id:166 quantite: 38]  en position (8, 5)
Eau[id:167 quantite: 52]  en position (8, 5)
Graine[id:168 quantite: 20]  en position (8, 5)
------------------------------------------
------------RAPPORT JOURNALIER------------
LE FERMIER RAJOUTE Herbe x5 SUR SA CASE
L'animal Poule n'a pas trouvÚ de nourriture...
Pas de bÚbÚ pour Animal de la ferme: Poule en position 9 5 vie restante: 55
L'animal Vache mange Herbe[id:280 quantite: 0]  en position (2, 3)
Pas de bÚbÚ pour Animal de la ferme: Vache en position 2 3 vie restante: 86
L'animal Vache mange Herbe[id:228 quantite: 0]  en position (3, 0)
Pas de bÚbÚ pour Animal de la ferme: Vache en position 6 8 vie restante: 67
L'animal Vache mange Herbe[id:118 quantite: 0]  en position (0, 3)
L'animal Animal de la ferme: Vache en position 0 3 vie restante: 50 se reproduit
L'animal Poule n'a pas trouvÚ de nourriture...
Pas de bÚbÚ pour Animal de la ferme: Poule en position 3 9 vie restante: 53
L'animal Vache n'a pas trouvÚ de nourriture...
Pas de bÚbÚ pour Animal de la ferme: Vache en position 3 8 vie restante: 46
L'animal Vache mange Herbe[id:307 quantite: 0]  en position (4, 0)
Pas de bÚbÚ pour Animal de la ferme: Vache en position 5 9 vie restante: 57
De l'herbe vient de pousser sur la case 0,4 !
De l'herbe commence Ó s'agrandir en 2,7 !
De l'herbe commence Ó s'agrandir en 5,4 !
De l'herbe commence Ó s'agrandir en 9,6 !
De l'herbe commence Ó s'agrandir en 9,9 !
---------REAPPROVISIONNEMENT--------------
LE FERMIER RENTRE CHEZ LUI POUR RECUPERER 8 Herbe
LE FERMIER RENTRE CHEZ LUI POUR RECUPERER 10 Eau
LE FERMIER RENTRE CHEZ LUI POUR RECUPERER 8 Graine
LE FERMIER RENTRE CHEZ LUI POUR RECUPERER 2 Foin
-------ETAT ACTUEL DE LA FERME ET DE LA FORET-------
:--:--:--:--:--:--:--:--:--:--:
|He|  |He|  |He|He|He|He|He|He|
:--:--:--:--:--:--:--:--:--:--:
|He|  |He|He|  |He|He|He|  |He|
:--:--:--:--:--:--:--:--:--:--:
|He|  |He|  |He|  |  |He|He|He|
:--:--:--:--:--:--:--:--:--:--:
|  |He|He|  |He|  |He|He|  |  |
:--:--:--:--:--:--:--:--:--:--:
|  |He|  |  |He|He|He|He|He|He|
:--:--:--:--:--:--:--:--:--:--:
|He|  |He|He|He|He|Ea|He|He|  |
:--:--:--:--:--:--:--:--:--:--:
|He|He|  |  |He|He|Fo|He|  |  |
:--:--:--:--:--:--:--:--:--:--:
|  |He|  |Gr|Ea|He|  |He|  |  |
:--:--:--:--:--:--:--:--:--:--:
|Fo|  |  |  |He|He|Gr|  |  |He|
:--:--:--:--:--:--:--:--:--:--:
|He|  |  |  |Gr|He|He|He|  |He|
:--:--:--:--:--:--:--:--:--:--:

------------------------------------------
Simulation - JOURS 26 DE LA SAISON hiver
------------------------------------------
------------------RESERVE-----------------
LA RESERVE CONTIENT :
Herbe[id:169 quantite: 823]  en position (0, 0)
Eau[id:170 quantite: 178]  en position (0, 0)
Graine[id:171 quantite: 665]  en position (0, 0)
Foin[id:172 quantite: 378]  en position (0, 0)
------------------------------------------
-------------------POCHE------------------
LA POCHE CONTIENT:
Herbe[id:165 quantite: 8]  en position (8, 5)
Foin[id:166 quantite: 40]  en position (8, 5)
Eau[id:167 quantite: 62]  en position (8, 5)
Graine[id:168 quantite: 28]  en position (8, 5)
------------------------------------------
------------RAPPORT JOURNALIER------------
LE FERMIER RAJOUTE Herbe x8 SUR SA CASE
L'animal Vache n'a pas trouvÚ de nourriture...
L'animal Animal de la ferme: Vache en position 4 3 vie restante: 26 se reproduit
L'animal Vache mange Herbe[id:374 quantite: 0]  en position (1, 5)
L'animal Animal de la ferme: Vache en position 1 7 vie restante: 43 se reproduit
L'animal prÚdateur mange Animal de la ferme: Poule en position 9 9 vie restante: 53
L'animal Vache mange Herbe[id:298 quantite: 0]  en position (3, 1)
Pas de bÚbÚ pour Animal de la ferme: Vache en position 3 1 vie restante: 49
L'animal Vache mange Herbe[id:115 quantite: 0]  en position (0, 0)
Pas de bÚbÚ pour Animal de la ferme: Vache en position 2 5 vie restante: 52
De l'herbe commence Ó s'agrandir en 0,8 !
De l'herbe commence Ó s'agrandir en 2,8 !
De l'herbe vient de pousser sur la case 3,8 !
De l'herbe vient de pousser sur la case 3,9 !
De l'herbe vient de pousser sur la case 8,2 !
---------REAPPROVISIONNEMENT--------------
LE FERMIER RENTRE CHEZ LUI POUR RECUPERER 3 Herbe
LE FERMIER RENTRE CHEZ LUI POUR RECUPERER 4 Eau
LE FERMIER RENTRE CHEZ LUI POUR RECUPERER 10 Graine
LE FERMIER RENTRE CHEZ LUI POUR RECUPERER 2 Foin
-------ETAT ACTUEL DE LA FERME ET DE LA FORET-------
:--:--:--:--:--:--:--:--:--:--:
|  |  |He|  |He|He|He|He|He|He|
:--:--:--:--:--:--:--:--:--:--:
|He|  |He|He|  |  |He|He|  |He|
:--:--:--:--:--:--:--:--:--:--:
|He|  |He|  |He|  |  |He|He|He|
:--:--:--:--:--:--:--:--:--:--:
|  |  |He|  |He|  |He|He|He|He|
:--:--:--:--:--:--:--:--:--:--:
|  |He|  |  |He|He|He|He|He|He|
:--:--:--:--:--:--:--:--:--:--:
|He|  |He|He|He|He|Ea|He|He|  |
:--:--:--:--:--:--:--:--:--:--:
|He|He|  |  |He|He|Fo|He|  |  |
:--:--:--:--:--:--:--:--:--:--:
|  |He|  |  |Ea|He|  |He|  |  |
:--:--:--:--:--:--:--:--:--:--:
|Fo|  |He|  |He|He|Gr|  |  |He|
:--:--:--:--:--:--:--:--:--:--:
|He|  |  |  |Gr|He|He|He|  |He|
:--:--:--:--:--:--:--:--:--:--:

------------------------------------------
Simulation - JOURS 27 DE LA SAISON hiver
------------------------------------------
------------------RESERVE-----------------
LA RESERVE CONTIENT :
Herbe[id:169 quantite: 820]  en position (0, 0)
Eau[id:170 quantite: 174]  en position (0, 0)
Graine[id:171 quantite: 655]  en position (0, 0)
Foin[id:172 quantite: 376]  en position (0, 0)
------------------------------------------
-------------------POCHE------------------
LA POCHE CONTIENT:
Herbe[id:165 quantite: 3]  en position (8, 5)
Foin[id:166 quantite: 42]  en position (8, 5)
Eau[id:167 quantite: 66]  en position (8, 5)
Graine[id:168 quantite: 38]  en position (8, 5)
------------------------------------------
------------RAPPORT JOURNALIER------------
Le fermier dÚpose 42 Foin par terre
L'animal Vache mange Herbe[id:265 quantite: 0]  en position (1, 7)
Pas de bÚbÚ pour Animal de la ferme: Vache en position 5 4 vie restante: 52
L'animal Vache mange Herbe[id:355 quantite: 0]  en position (0, 9)
Pas de bÚbÚ pour Animal de la ferme: Vache en position 0 9 vie restante: 50
L'animal prÚdateur mange Animal de la ferme: Vache en position 3 1 vie restante: 49
L'animal Vache mange Herbe[id:314 quantite: 0]  en position (1, 3)
Pas de bÚbÚ pour Animal de la ferme: Vache en position 1 3 vie restante: 76
L'animal Vache mange Herbe[id:266 quantite: 0]  en position (2, 7)
Pas de bÚbÚ pour Animal de la ferme: Vache en position 7 0 vie restante: 66
L'animal Vache mange Herbe[id:315 quantite: 0]  en position (7, 7)
Pas de bÚbÚ pour Animal de la ferme: Vache en position 9 2 vie restante: 45
De l'herbe commence Ó s'agrandir en 0,4 !
De l'herbe commence Ó s'agrandir en 0,7 !
De l'herbe vient de pousser sur la case 0,9 !
De l'herbe commence Ó s'agrandir en 2,9 !
De l'herbe commence Ó s'agrandir en 3,7 !
De l'herbe commence Ó s'agrandir en 3,8 !
De l'herbe vient de pousser sur la case 7,8 !
De l'herbe commence Ó s'agrandir en 8,2 !
De l'herbe vient de pousser sur la case 9,2 !
---------REAPPROVISIONNEMENT--------------
LE FERMIER RENTRE CHEZ LUI POUR RECUPERER 10 Herbe
LE FERMIER RENTRE CHEZ LUI POUR RECUPERER 10 Eau
LE FERMIER RENTRE CHEZ LUI POUR RECUPERER 11 Graine
LE FERMIER RENTRE CHEZ LUI POUR RECUPERER 2 Foin
-------ETAT ACTUEL DE LA FERME ET DE LA FORET-------
:--:--:--:--:--:--:--:--:--:--:
|  |  |He|  |He|He|He|He|He|He|
:--:--:--:--:--:--:--:--:--:--:
|He|  |He|  |  |  |He|  |  |He|
:--:--:--:--:--:--:--:--:--:--:
|He|  |He|  |He|  |  |  |He|He|
:--:--:--:--:--:--:--:--:--:--:
|Fo|  |He|  |He|  |He|He|He|He|
:--:--:--:--:--:--:--:--:--:--:
|  |He|  |  |He|He|He|He|He|He|
:--:--:--:--:--:--:--:--:--:--:
|He|  |He|He|He|He|Ea|He|He|  |
:--:--:--:--:--:--:--:--:--:--:
|He|He|  |  |He|He|Fo|He|  |  |
:--:--:--:--:--:--:--:--:--:--:
|  |He|  |  |Ea|He|  |  |He|  |
:--:--:--:--:--:--:--:--:--:--:
|Fo|  |He|  |He|He|Gr|  |  |He|
:--:--:--:--:--:--:--:--:--:--:
|He|  |He|  |Gr|He|He|He|  |He|
:--:--:--:--:--:--:--:--:--:--:

------------------------------------------
Simulation - JOURS 28 DE LA SAISON hiver
------------------------------------------
------------------RESERVE-----------------
LA RESERVE CONTIENT :
Herbe[id:169 quantite: 810]  en position (0, 0)
Eau[id:170 quantite: 164]  en position (0, 0)
Graine[id:171 quantite: 644]  en position (0, 0)
Foin[id:172 quantite: 374]  en position (0, 0)
------------------------------------------
-------------------POCHE------------------
LA POCHE CONTIENT:
Herbe[id:165 quantite: 13]  en position (6, 4)
Foin[id:166 quantite: 2]  en position (6, 4)
Eau[id:167 quantite: 76]  en position (6, 4)
Graine[id:168 quantite: 49]  en position (6, 4)
------------------------------------------
------------RAPPORT JOURNALIER------------
LE FERMIER RAJOUTE Herbe x13 SUR SA CASE
Le fermier trait la vache !
L'animal Vache mange Herbe[id:342 quantite: 0]  en position (9, 0)
Pas de bÚbÚ pour Animal de la ferme: Vache en position 0 9 vie restante: 56
L'animal prÚdateur mange Animal de la ferme: Vache en position 4 1 vie restante: 66
L'animal Vache n'a pas trouvÚ de nourriture...
Pas de bÚbÚ pour Animal de la ferme: Vache en position 5 1 vie restante: 76
L'animal Vache mange Herbe[id:400 quantite: 0]  en position (9, 2)
Pas de bÚbÚ pour Animal de la ferme: Vache en position 9 2 vie restante: 50
De l'herbe commence Ó s'agrandir en 1,2 !
De l'herbe vient de pousser sur la case 1,4 !
De l'herbe vient de pousser sur la case 2,7 !
De l'herbe commence Ó s'agrandir en 3,2 !
De l'herbe commence Ó s'agrandir en 3,6 !
De l'herbe vient de pousser sur la case 5,1 !
De l'herbe commence Ó s'agrandir en 6,1 !
De l'herbe commence Ó s'agrandir en 8,2 !
De l'herbe commence Ó s'agrandir en 8,5 !
De l'herbe vient de pousser sur la case 9,2 !
---------REAPPROVISIONNEMENT--------------
LE FERMIER RENTRE CHEZ LUI POUR RECUPERER 4 Herbe
LE FERMIER RENTRE CHEZ LUI POUR RECUPERER 2 Eau
LE FERMIER RENTRE CHEZ LUI POUR RECUPERER 6 Graine
LE FERMIER RENTRE CHEZ LUI POUR RECUPERER 5 Foin
-------ETAT ACTUEL DE LA FERME ET DE LA FORET-------
:--:--:--:--:--:--:--:--:--:--:
|  |  |He|  |He|He|He|He|He|He|
:--:--:--:--:--:--:--:--:--:--:
|He|  |He|  |He|  |He|  |  |He|
:--:--:--:--:--:--:--:--:--:--:
|He|  |He|  |He|  |  |He|He|He|
:--:--:--:--:--:--:--:--:--:--:
|Fo|  |He|  |He|  |He|He|He|He|
:--:--:--:--:--:--:--:--:--:--:
|  |He|  |  |He|He|He|He|He|He|
:--:--:--:--:--:--:--:--:--:--:
|He|He|He|He|He|He|Ea|He|He|  |
:--:--:--:--:--:--:--:--:--:--:
|He|He|  |  |He|He|Fo|He|  |  |
:--:--:--:--:--:--:--:--:--:--:
|  |He|  |  |Ea|He|  |  |He|  |
:--:--:--:--:--:--:--:--:--:--:
|Fo|  |He|  |He|He|  |  |  |He|
:--:--:--:--:--:--:--:--:--:--:
|  |  |He|  |Gr|He|He|He|  |He|
:--:--:--:--:--:--:--:--:--:--:

------------------------------------------
Simulation - JOURS 29 DE LA SAISON hiver
------------------------------------------
------------------RESERVE-----------------
LA RESERVE CONTIENT :
Herbe[id:169 quantite: 806]  en position (0, 0)
Eau[id:170 quantite: 162]  en position (0, 0)
Graine[id:171 quantite: 638]  en position (0, 0)
Foin[id:172 quantite: 369]  en position (0, 0)
------------------------------------------
-------------------POCHE------------------
LA POCHE CONTIENT:
Herbe[id:165 quantite: 4]  en position (6, 4)
Foin[id:166 quantite: 7]  en position (6, 4)
Eau[id:167 quantite: 78]  en position (6, 4)
Graine[id:168 quantite: 55]  en position (6, 4)
------------------------------------------
------------RAPPORT JOURNALIER------------
LE FERMIER RAJOUTE Herbe x4 SUR SA CASE
Le fermier trait la vache !
L'animal Poule n'a pas trouvÚ de nourriture...
Pas de bÚbÚ pour Animal de la ferme: Poule en position 4 9 vie restante: 35
L'animal Vache mange Herbe[id:188 quantite: 0]  en position (6, 4)
Pas de bÚbÚ pour Animal de la ferme: Vache en position 5 9 vie restante: 79
L'animal Vache mange Herbe[id:302 quantite: 0]  en position (9, 7)
Pas de bÚbÚ pour Animal de la ferme: Vache en position 9 7 vie restante: 86
L'animal Vache mange Herbe[id:286 quantite: 0]  en position (2, 2)
Pas de bÚbÚ pour Animal de la ferme: Vache en position 2 2 vie restante: 65
De l'herbe vient de pousser sur la case 0,0 !
De l'herbe commence Ó s'agrandir en 0,8 !
De l'herbe vient de pousser sur la case 3,1 !
De l'herbe commence Ó s'agrandir en 3,7 !
De l'herbe vient de pousser sur la case 4,0 !
De l'herbe commence Ó s'agrandir en 4,8 !
De l'herbe commence Ó s'agrandir en 5,4 !
De l'herbe vient de pousser sur la case 7,0 !
De l'herbe vient de pousser sur la case 8,1 !
De l'herbe vient de pousser sur la case 8,6 !
---------REAPPROVISIONNEMENT--------------
LE FERMIER RENTRE CHEZ LUI POUR RECUPERER 5 Herbe
LE FERMIER RENTRE CHEZ LUI POUR RECUPERER 7 Eau
LE FERMIER RENTRE CHEZ LUI POUR RECUPERER 4 Graine
LE FERMIER RENTRE CHEZ LUI POUR RECUPERER 2 Foin
-------ETAT ACTUEL DE LA FERME ET DE LA FORET-------
:--:--:--:--:--:--:--:--:--:--:
|He|  |He|  |He|He|He|He|He|He|
:--:--:--:--:--:--:--:--:--:--:
|He|  |He|  |He|  |He|  |  |He|
:--:--:--:--:--:--:--:--:--:--:
|He|  |  |  |He|  |  |He|He|He|
:--:--:--:--:--:--:--:--:--:--:
|Fo|He|He|  |He|  |He|He|He|He|
:--:--:--:--:--:--:--:--:--:--:
|He|He|  |  |He|He|He|He|He|  |
:--:--:--:--:--:--:--:--:--:--:
|He|He|He|He|He|He|Ea|He|He|  |
:--:--:--:--:--:--:--:--:--:--:
|He|He|  |  |  |He|Fo|He|  |  |
:--:--:--:--:--:--:--:--:--:--:
|He|He|  |  |Ea|He|  |  |He|  |
:--:--:--:--:--:--:--:--:--:--:
|Fo|He|He|  |He|He|He|  |  |He|
:--:--:--:--:--:--:--:--:--:--:
|  |  |He|  |Gr|He|He|  |  |He|
:--:--:--:--:--:--:--:--:--:--:

UPDATE DE LA RESERVE
------------------------------------------
Simulation - JOURS 30 DE LA SAISON hiver
------------------------------------------
------------------RESERVE-----------------
LA RESERVE CONTIENT :
Herbe[id:169 quantite: 807]  en position (0, 0)
Eau[id:170 quantite: 192]  en position (0, 0)
Graine[id:171 quantite: 650]  en position (0, 0)
Foin[id:172 quantite: 451]  en position (0, 0)
------------------------------------------
-------------------POCHE------------------
LA POCHE CONTIENT:
Herbe[id:165 quantite: 5]  en position (6, 4)
Foin[id:166 quantite: 9]  en position (6, 4)
Eau[id:167 quantite: 85]  en position (6, 4)
Graine[id:168 quantite: 59]  en position (6, 4)
------------------------------------------
------------RAPPORT JOURNALIER------------
LE FERMIER RAJOUTE Herbe x5 SUR SA CASE
Le fermier trait la vache !
Le fermier trait la vache !
Le fermier trait la vache !
L'animal Vache mange Herbe[id:243 quantite: 0]  en position (0, 2)
Pas de bÚbÚ pour Animal de la ferme: Vache en position 2 6 vie restante: 42
L'animal Vache mange Eau[id:112 quantite: 0]  en position (5, 6)
Pas de bÚbÚ pour Animal de la ferme: Vache en position 5 6 vie restante: 100
L'animal Vache mange Herbe[id:218 quantite: 0]  en position (5, 3)
Pas de bÚbÚ pour Animal de la ferme: Vache en position 5 3 vie restante: 76
L'animal Vache mange Herbe[id:281 quantite: 0]  en position (3, 2)
Pas de bÚbÚ pour Animal de la ferme: Vache en position 6 9 vie restante: 100
L'animal Vache mange Herbe[id:356 quantite: 0]  en position (1, 0)
Pas de bÚbÚ pour Animal de la ferme: Vache en position 5 8 vie restante: 71
De l'herbe commence Ó s'agrandir en 2,0 !
De l'herbe commence Ó s'agrandir en 4,4 !
De l'herbe commence Ó s'agrandir en 4,5 !
De l'herbe vient de pousser sur la case 5,9 !
De l'herbe commence Ó s'agrandir en 6,5 !
De l'herbe commence Ó s'agrandir en 7,1 !
De l'herbe vient de pousser sur la case 7,3 !
De l'herbe commence Ó s'agrandir en 8,9 !
De l'herbe vient de pousser sur la case 9,3 !
---------REAPPROVISIONNEMENT--------------
LE FERMIER RENTRE CHEZ LUI POUR RECUPERER 7 Herbe
LE FERMIER RENTRE CHEZ LUI POUR RECUPERER 5 Eau
LE FERMIER RENTRE CHEZ LUI POUR RECUPERER 4 Graine
LE FERMIER RENTRE CHEZ LUI POUR RECUPERER 10 Foin
-------ETAT ACTUEL DE LA FERME ET DE LA FORET-------
:--:--:--:--:--:--:--:--:--:--:
|He|  |  |  |He|He|He|He|He|He|
:--:--:--:--:--:--:--:--:--:--:
|  |  |He|  |He|  |He|  |  |He|
:--:--:--:--:--:--:--:--:--:--:
|He|  |  |  |He|  |  |He|He|He|
:--:--:--:--:--:--:--:--:--:--:
|Fo|He|  |  |He|  |He|He|He|He|
:--:--:--:--:--:--:--:--:--:--:
|He|He|  |  |He|He|He|He|He|  |
:--:--:--:--:--:--:--:--:--:--:
|He|He|He|  |He|He|  |He|He|He|
:--:--:--:--:--:--:--:--:--:--:
|He|He|  |  |  |He|Fo|He|  |  |
:--:--:--:--:--:--:--:--:--:--:
|He|He|  |He|Ea|He|  |  |He|  |
:--:--:--:--:--:--:--:--:--:--:
|Fo|He|He|  |He|He|He|  |  |He|
:--:--:--:--:--:--:--:--:--:--:
|  |  |He|He|Gr|He|He|  |  |He|
:--:--:--:--:--:--:--:--:--:--:

------------------------------------------
Simulation - JOURS 31 DE LA SAISON hiver
------------------------------------------
------------------RESERVE-----------------
LA RESERVE CONTIENT :
Herbe[id:169 quantite: 800]  en position (0, 0)
Eau[id:170 quantite: 187]  en position (0, 0)
Graine[id:171 quantite: 646]  en position (0, 0)
Foin[id:172 quantite: 441]  en position (0, 0)
------------------------------------------
-------------------POCHE------------------
LA POCHE CONTIENT:
Herbe[id:165 quantite: 7]  en position (6, 4)
Foin[id:166 quantite: 19]  en position (6, 4)
Eau[id:167 quantite: 90]  en position (6, 4)
Graine[id:168 quantite: 63]  en position (6, 4)
------------------------------------------
------------RAPPORT JOURNALIER------------
Le fermier dÚpose 7 Herbe par terre
Le fermier trait la vache !
L'animal Vache mange Herbe[id:332 quantite: 0]  en position (5, 8)
Pas de bÚbÚ pour Animal de la ferme: Vache en position 0 9 vie restante: 79
De l'herbe commence Ó s'agrandir en 0,8 !
De l'herbe vient de pousser sur la case 1,1 !
De l'herbe vient de pousser sur la case 2,2 !
De l'herbe vient de pousser sur la case 3,2 !
De l'herbe vient de pousser sur la case 3,3 !
De l'herbe commence Ó s'agrandir en 3,4 !
De l'herbe commence Ó s'agrandir en 3,8 !
De l'herbe commence Ó s'agrandir en 4,1 !
De l'herbe vient de pousser sur la case 4,3 !
De l'herbe commence Ó s'agrandir en 4,4 !
De l'herbe commence Ó s'agrandir en 4,6 !
De l'herbe vient de pousser sur la case 5,8 !
De l'herbe commence Ó s'agrandir en 6,5 !
De l'herbe vient de pousser sur la case 6,9 !
De l'herbe commence Ó s'agrandir en 8,2 !
De l'herbe commence Ó s'agrandir en 8,4 !
De l'herbe commence Ó s'agrandir en 8,5 !
---------REAPPROVISIONNEMENT--------------
LE FERMIER RENTRE CHEZ LUI POUR RECUPERER 7 Herbe
LE FERMIER RENTRE CHEZ LUI POUR RECUPERER 9 Eau
LE FERMIER RENTRE CHEZ LUI POUR RECUPERER 3 Graine
LE FERMIER RENTRE CHEZ LUI POUR RECUPERER 8 Foin
-------ETAT ACTUEL DE LA FERME ET DE LA FORET-------
:--:--:--:--:--:--:--:--:--:--:
|He|  |  |  |He|He|He|He|He|He|
:--:--:--:--:--:--:--:--:--:--:
|  |He|He|  |He|  |He|  |  |He|
:--:--:--:--:--:--:--:--:--:--:
|He|  |He|  |He|  |  |He|He|He|
:--:--:--:--:--:--:--:--:--:--:
|Fo|He|He|He|He|  |He|He|He|He|
:--:--:--:--:--:--:--:--:--:--:
|He|He|  |He|He|He|He|He|He|  |
:--:--:--:--:--:--:--:--:--:--:
|He|He|He|  |He|He|  |He|He|He|
:--:--:--:--:--:--:--:--:--:--:
|He|He|  |  |He|He|Fo|He|  |He|
:--:--:--:--:--:--:--:--:--:--:
|He|He|  |He|Ea|He|  |  |He|  |
:--:--:--:--:--:--:--:--:--:--:
|Fo|He|He|  |He|He|He|  |  |He|
:--:--:--:--:--:--:--:--:--:--:
|  |  |He|He|Gr|He|He|  |  |He|
:--:--:--:--:--:--:--:--:--:--:

------------------------------------------
Simulation - JOURS 32 DE LA SAISON hiver
------------------------------------------
------------------RESERVE-----------------
LA RESERVE CONTIENT :
Herbe[id:169 quantite: 793]  en position (0, 0)
Eau[id:170 quantite: 178]  en position (0, 0)
Graine[id:171 quantite: 643]  en position (0, 0)
Foin[id:172 quantite: 433]  en position (0, 0)
------------------------------------------
-------------------POCHE------------------
LA POCHE CONTIENT:
Herbe[id:165 quantite: 7]  en position (9, 2)
Foin[id:166 quantite: 27]  en position (9, 2)
Eau[id:167 quantite: 99]  en position (9, 2)
Graine[id:168 quantite: 66]  en position (9, 2)
------------------------------------------
------------RAPPORT JOURNALIER------------
LE FERMIER RAJOUTE Herbe x7 SUR SA CASE
Le fermier trait la vache !
Le fermier trait la vache !
L'animal Vache mange Herbe[id:301 quantite: 0]  en position (7, 1)
Pas de bÚbÚ pour Animal de la ferme: Vache en position 7 6 vie restante: 68
L'animal prÚdateur mange Animal de la ferme: Vache en position 5 4 vie restante: 100
De l'herbe commence Ó s'agrandir en 2,0 !
De l'herbe commence Ó s'agrandir en 3,1 !
De l'herbe commence Ó s'agrandir en 3,8 !
De l'herbe commence Ó s'agrandir en 4,1 !
De l'herbe vient de pousser sur la case 4,2 !
De l'herbe vient de pousser sur la case 5,3 !
De l'herbe vient de pousser sur la case 8,7 !
---------REAPPROVISIONNEMENT--------------
LE FERMIER RENTRE CHEZ LUI POUR RECUPERER 3 Herbe
LE FERMIER RENTRE CHEZ LUI POUR RECUPERER 2 Eau
LE FERMIER RENTRE CHEZ LUI POUR RECUPERER 3 Graine
LE FERMIER RENTRE CHEZ LUI POUR RECUPERER 4 Foin
-------ETAT ACTUEL DE LA FERME ET DE LA FORET-------
:--:--:--:--:--:--:--:--:--:--:
|He|  |  |  |He|He|He|He|He|He|
:--:--:--:--:--:--:--:--:--:--:
|  |He|He|  |He|  |He|  |  |He|
:--:--:--:--:--:--:--:--:--:--:
|He|  |He|  |He|  |  |He|He|He|
:--:--:--:--:--:--:--:--:--:--:
|Fo|He|He|He|He|  |He|He|He|He|
:--:--:--:--:--:--:--:--:--:--:
|He|He|He|He|He|He|He|He|He|  |
:--:--:--:--:--:--:--:--:--:--:
|He|He|He|He|He|He|  |He|He|He|
:--:--:--:--:--:--:--:--:--:--:
|He|He|  |  |He|He|Fo|He|  |He|
:--:--:--:--:--:--:--:--:--:--:
|He|  |  |He|Ea|He|  |  |He|  |
:--:--:--:--:--:--:--:--:--:--:
|Fo|He|He|  |He|He|He|He|  |He|
:--:--:--:--:--:--:--:--:--:--:
|  |  |He|He|Gr|He|He|  |  |He|
:--:--:--:--:--:--:--:--:--:--:

------------------------------------------
Simulation - JOURS 33 DE LA SAISON hiver
------------------------------------------
------------------RESERVE-----------------
LA RESERVE CONTIENT :
Herbe[id:169 quantite: 790]  en position (0, 0)
Eau[id:170 quantite: 176]  en position (0, 0)
Graine[id:171 quantite: 640]  en position (0, 0)
Foin[id:172 quantite: 429]  en position (0, 0)
------------------------------------------
-------------------POCHE------------------
LA POCHE CONTIENT:
Herbe[id:165 quantite: 3]  en position (9, 2)
Foin[id:166 quantite: 31]  en position (9, 2)
Eau[id:167 quantite: 101]  en position (9, 2)
Graine[id:168 quantite: 69]  en position (9, 2)
------------------------------------------
------------RAPPORT JOURNALIER------------
LE FERMIER RAJOUTE Herbe x3 SUR SA CASE
L'animal Poule n'a pas trouvÚ de nourriture...
Pas de bÚbÚ pour Animal de la ferme: Poule en position 8 5 vie restante: 20
L'animal Vache mange Herbe[id:358 quantite: 0]  en position (5, 7)
Pas de bÚbÚ pour Animal de la ferme: Vache en position 8 1 vie restante: 100
L'animal Vache mange Herbe[id:405 quantite: 0]  en position (2, 7)
Pas de bÚbÚ pour Animal de la ferme: Vache en position 2 7 vie restante: 77
L'animal prÚdateur mange Animal de la ferme: Vache en position 2 1 vie restante: 79
De l'herbe commence Ó s'agrandir en 0,8 !
De l'herbe vient de pousser sur la case 1,5 !
De l'herbe vient de pousser sur la case 1,8 !
De l'herbe vient de pousser sur la case 2,3 !
De l'herbe vient de pousser sur la case 2,7 !
De l'herbe commence Ó s'agrandir en 4,0 !
De l'herbe commence Ó s'agrandir en 4,2 !
De l'herbe commence Ó s'agrandir en 7,5 !
De l'herbe vient de pousser sur la case 9,0 !
De l'herbe vient de pousser sur la case 9,1 !
---------REAPPROVISIONNEMENT--------------
LE FERMIER RENTRE CHEZ LUI POUR RECUPERER 8 Herbe
LE FERMIER RENTRE CHEZ LUI POUR RECUPERER 6 Eau
LE FERMIER RENTRE CHEZ LUI POUR RECUPERER 11 Graine
LE FERMIER RENTRE CHEZ LUI POUR RECUPERER 2 Foin
-------ETAT ACTUEL DE LA FERME ET DE LA FORET-------
:--:--:--:--:--:--:--:--:--:--:
|He|  |  |  |He|He|He|He|He|He|
:--:--:--:--:--:--:--:--:--:--:
|  |He|He|  |He|He|He|  |He|He|
:--:--:--:--:--:--:--:--:--:--:
|He|  |He|He|He|  |  |He|He|He|
:--:--:--:--:--:--:--:--:--:--:
|Fo|He|He|He|He|  |He|He|He|He|
:--:--:--:--:--:--:--:--:--:--:
|He|He|He|He|He|He|He|He|He|  |
:--:--:--:--:--:--:--:--:--:--:
|He|He|He|He|He|He|  |  |He|He|
:--:--:--:--:--:--:--:--:--:--:
|He|He|  |  |He|He|Fo|He|  |He|
:--:--:--:--:--:--:--:--:--:--:
|He|  |  |He|Ea|He|  |  |  |  |
:--:--:--:--:--:--:--:--:--:--:
|Fo|He|He|  |He|He|He|He|  |He|
:--:--:--:--:--:--:--:--:--:--:
|He|He|He|He|Gr|He|He|  |  |He|
:--:--:--:--:--:--:--:--:--:--:

------------------------------------------
Simulation - JOURS 34 DE LA SAISON hiver
------------------------------------------
------------------RESERVE-----------------
LA RESERVE CONTIENT :
Herbe[id:169 quantite: 782]  en position (0, 0)
Eau[id:170 quantite: 170]  en position (0, 0)
Graine[id:171 quantite: 629]  en position (0, 0)
Foin[id:172 quantite: 427]  en position (0, 0)
------------------------------------------
-------------------POCHE------------------
LA POCHE CONTIENT:
Herbe[id:165 quantite: 8]  en position (9, 2)
Foin[id:166 quantite: 33]  en position (9, 2)
Eau[id:167 quantite: 107]  en position (9, 2)
Graine[id:168 quantite: 80]  en position (9, 2)
------------------------------------------
------------RAPPORT JOURNALIER------------
LE FERMIER RAJOUTE Herbe x8 SUR SA CASE
L'animal Poule n'a pas trouvÚ de nourriture...
Pas de bÚbÚ pour Animal de la ferme: Poule en position 7 7 vie restante: 20
L'animal Vache mange Herbe[id:416 quantite: 0]  en position (8, 1)
Pas de bÚbÚ pour Animal de la ferme: Vache en position 2 4 vie restante: 100
L'animal Vache mange Herbe[id:350 quantite: 0]  en position (5, 2)
L'animal Animal de la ferme: Vache en position 6 8 vie restante: 26 se reproduit
L'animal Vache mange Herbe[id:340 quantite: 0]  en position (4, 6)
Pas de bÚbÚ pour Animal de la ferme: Vache en position 4 6 vie restante: 100
L'animal prÚdateur mange Animal de la ferme: Vache en position 5 0 vie restante: 26
De l'herbe commence Ó s'agrandir en 0,9 !
De l'herbe commence Ó s'agrandir en 1,8 !
De l'herbe commence Ó s'agrandir en 5,4 !
De l'herbe commence Ó s'agrandir en 7,5 !
De l'herbe commence Ó s'agrandir en 8,7 !
---------REAPPROVISIONNEMENT--------------
LE FERMIER RENTRE CHEZ LUI POUR RECUPERER 6 Herbe
LE FERMIER RENTRE CHEZ LUI POUR RECUPERER 10 Eau
LE FERMIER RENTRE CHEZ LUI POUR RECUPERER 3 Graine
LE FERMIER RENTRE CHEZ LUI POUR RECUPERER 4 Foin
-------ETAT ACTUEL DE LA FERME ET DE LA FORET-------
:--:--:--:--:--:--:--:--:--:--:
|He|  |  |  |He|He|He|He|He|He|
:--:--:--:--:--:--:--:--:--:--:
|  |He|He|  |He|He|He|  |He|He|
:--:--:--:--:--:--:--:--:--:--:
|He|  |He|He|He|  |  |He|He|He|
:--:--:--:--:--:--:--:--:--:--:
|Fo|He|He|He|He|  |He|He|He|He|
:--:--:--:--:--:--:--:--:--:--:
|He|He|He|He|He|He|  |He|He|  |
:--:--:--:--:--:--:--:--:--:--:
|He|He|  |He|He|He|  |  |He|He|
:--:--:--:--:--:--:--:--:--:--:
|He|He|  |  |He|He|Fo|He|  |He|
:--:--:--:--:--:--:--:--:--:--:
|He|  |  |He|Ea|He|  |  |  |  |
:--:--:--:--:--:--:--:--:--:--:
|Fo|  |He|  |He|  |He|He|  |He|
:--:--:--:--:--:--:--:--:--:--:
|He|He|He|He|Gr|He|He|  |  |He|
:--:--:--:--:--:--:--:--:--:--:

------------------------------------------
Simulation - JOURS 35 DE LA SAISON hiver
------------------------------------------
------------------RESERVE-----------------
LA RESERVE CONTIENT :
Herbe[id:169 quantite: 776]  en position (0, 0)
Eau[id:170 quantite: 160]  en position (0, 0)
Graine[id:171 quantite: 626]  en position (0, 0)
Foin[id:172 quantite: 423]  en position (0, 0)
------------------------------------------
-------------------POCHE------------------
LA POCHE CONTIENT:
Herbe[id:165 quantite: 6]  en position (9, 2)
Foin[id:166 quantite: 37]  en position (9, 2)
Eau[id:167 quantite: 117]  en position (9, 2)
Graine[id:168 quantite: 83]  en position (9, 2)
------------------------------------------
------------RAPPORT JOURNALIER------------
LE FERMIER RAJOUTE Herbe x6 SUR SA CASE
Le fermier trait la vache !
L'animal Vache mange Herbe[id:432 quantite: 0]  en position (4, 3)
Pas de bÚbÚ pour Animal de la ferme: Vache en position 4 3 vie restante: 49
L'animal Poule n'a pas trouvÚ de nourriture...
Pas de bÚbÚ pour Animal de la ferme: Poule en position 9 5 vie restante: 20
L'animal Vache mange Herbe[id:447 quantite: 0]  en position (9, 1)
Pas de bÚbÚ pour Animal de la ferme: Vache en position 2 7 vie restante: 100
L'animal Vache mange Herbe[id:348 quantite: 0]  en position (0, 5)
Pas de bÚbÚ pour Animal de la ferme: Vache en position 3 9 vie restante: 26
De l'herbe commence Ó s'agrandir en 2,7 !
De l'herbe commence Ó s'agrandir en 2,8 !
De l'herbe commence Ó s'agrandir en 4,0 !
De l'herbe commence Ó s'agrandir en 4,1 !
De l'herbe commence Ó s'agrandir en 4,7 !
De l'herbe vient de pousser sur la case 5,2 !
De l'herbe vient de pousser sur la case 5,6 !
De l'herbe commence Ó s'agrandir en 7,0 !
De l'herbe commence Ó s'agrandir en 8,4 !
De l'herbe commence Ó s'agrandir en 8,7 !
De l'herbe commence Ó s'agrandir en 9,0 !
De l'herbe vient de pousser sur la case 9,8 !
---------REAPPROVISIONNEMENT--------------
LE FERMIER RENTRE CHEZ LUI POUR RECUPERER 4 Herbe
LE FERMIER RENTRE CHEZ LUI POUR RECUPERER 2 Eau
LE FERMIER RENTRE CHEZ LUI POUR RECUPERER 3 Graine
LE FERMIER RENTRE CHEZ LUI POUR RECUPERER 7 Foin
-------ETAT ACTUEL DE LA FERME ET DE LA FORET-------
:--:--:--:--:--:--:--:--:--:--:
|He|  |  |  |He|  |He|He|He|He|
:--:--:--:--:--:--:--:--:--:--:
|  |He|He|  |He|He|He|  |He|He|
:--:--:--:--:--:--:--:--:--:--:
|He|  |He|He|He|  |  |He|He|He|
:--:--:--:--:--:--:--:--:--:--:
|Fo|He|He|He|He|  |He|He|He|He|
:--:--:--:--:--:--:--:--:--:--:
|He|He|He|  |He|He|  |He|He|  |
:--:--:--:--:--:--:--:--:--:--:
|He|He|He|He|He|He|He|  |He|He|
:--:--:--:--:--:--:--:--:--:--:
|He|He|  |  |He|He|Fo|He|  |He|
:--:--:--:--:--:--:--:--:--:--:
|He|  |  |He|Ea|He|  |  |  |  |
:--:--:--:--:--:--:--:--:--:--:
|Fo|  |He|  |He|  |He|He|  |He|
:--:--:--:--:--:--:--:--:--:--:
|He|  |He|He|Gr|  |He|  |He|He|
:--:--:--:--:--:--:--:--:--:--:

------------------------------------------
Simulation - JOURS 36 DE LA SAISON hiver
------------------------------------------
------------------RESERVE-----------------
LA RESERVE CONTIENT :
Herbe[id:169 quantite: 772]  en position (0, 0)
Eau[id:170 quantite: 158]  en position (0, 0)
Graine[id:171 quantite: 623]  en position (0, 0)
Foin[id:172 quantite: 416]  en position (0, 0)
------------------------------------------
-------------------POCHE------------------
LA POCHE CONTIENT:
Herbe[id:165 quantite: 4]  en position (9, 2)
Foin[id:166 quantite: 44]  en position (9, 2)
Eau[id:167 quantite: 119]  en position (9, 2)
Graine[id:168 quantite: 86]  en position (9, 2)
------------------------------------------
------------RAPPORT JOURNALIER------------
LE FERMIER RAJOUTE Foin x44 SUR SA CASE
Le fermier trait la vache !
L'animal Vache mange Herbe[id:442 quantite: 0]  en position (1, 5)
Pas de bÚbÚ pour Animal de la ferme: Vache en position 3 8 vie restante: 100
L'animal Vache mange Herbe[id:122 quantite: 0]  en position (0, 7)
L'animal Animal de la ferme: Vache en position 0 7 vie restante: 50 se reproduit
L'animal Vache n'a pas trouvÚ de nourriture...
Pas de bÚbÚ pour Animal de la ferme: Vache en position 9 4 vie restante: 100
L'animal prÚdateur mange Animal de la ferme: Vache en position 6 0 vie restante: 50
De l'herbe commence Ó s'agrandir en 1,9 !
De l'herbe commence Ó s'agrandir en 2,0 !
De l'herbe commence Ó s'agrandir en 2,7 !
De l'herbe vient de pousser sur la case 4,3 !
De l'herbe vient de pousser sur la case 6,8 !
De l'herbe vient de pousser sur la case 8,8 !
---------REAPPROVISIONNEMENT--------------
LE FERMIER RENTRE CHEZ LUI POUR RECUPERER 5 Herbe
LE FERMIER RENTRE CHEZ LUI POUR RECUPERER 3 Eau
LE FERMIER RENTRE CHEZ LUI POUR RECUPERER 2 Graine
LE FERMIER RENTRE CHEZ LUI POUR RECUPERER 6 Foin
-------ETAT ACTUEL DE LA FERME ET DE LA FORET-------
:--:--:--:--:--:--:--:--:--:--:
|He|  |  |  |He|  |He|  |He|He|
:--:--:--:--:--:--:--:--:--:--:
|  |He|He|  |He|  |He|  |He|He|
:--:--:--:--:--:--:--:--:--:--:
|He|  |He|He|He|  |  |He|He|He|
:--:--:--:--:--:--:--:--:--:--:
|Fo|He|He|He|He|  |He|He|He|He|
:--:--:--:--:--:--:--:--:--:--:
|He|He|He|He|He|He|  |He|He|  |
:--:--:--:--:--:--:--:--:--:--:
|He|He|He|He|He|He|He|  |He|He|
:--:--:--:--:--:--:--:--:--:--:
|He|He|  |  |He|He|Fo|He|He|He|
:--:--:--:--:--:--:--:--:--:--:
|He|  |  |He|Ea|He|  |  |  |  |
:--:--:--:--:--:--:--:--:--:--:
|Fo|  |He|  |He|  |He|He|He|He|
:--:--:--:--:--:--:--:--:--:--:
|He|  |He|He|  |  |He|  |He|He|
:--:--:--:--:--:--:--:--:--:--:

------------------------------------------
Simulation - JOURS 37 DE LA SAISON hiver
------------------------------------------
------------------RESERVE-----------------
LA RESERVE CONTIENT :
Herbe[id:169 quantite: 767]  en position (0, 0)
Eau[id:170 quantite: 155]  en position (0, 0)
Graine[id:171 quantite: 621]  en position (0, 0)
Foin[id:172 quantite: 410]  en position (0, 0)
------------------------------------------
-------------------POCHE------------------
LA POCHE CONTIENT:
Herbe[id:165 quantite: 9]  en position (9, 2)
Foin[id:166 quantite: 6]  en position (9, 2)
Eau[id:167 quantite: 122]  en position (9, 2)
Graine[id:168 quantite: 88]  en position (9, 2)
------------------------------------------
------------RAPPORT JOURNALIER------------
Le fermier dÚpose 9 Herbe par terre
L'animal Vache mange Herbe[id:227 quantite: 0]  en position (0, 6)
Pas de bÚbÚ pour Animal de la ferme: Vache en position 1 0 vie restante: 100
De l'herbe commence Ó s'agrandir en 0,8 !
De l'herbe commence Ó s'agrandir en 1,4 !
De l'herbe commence Ó s'agrandir en 3,6 !
De l'herbe commence Ó s'agrandir en 4,2 !
De l'herbe commence Ó s'agrandir en 5,4 !
De l'herbe commence Ó s'agrandir en 6,8 !
De l'herbe commence Ó s'agrandir en 6,9 !
De l'herbe commence Ó s'agrandir en 7,3 !
De l'herbe commence Ó s'agrandir en 8,4 !
De l'herbe vient de pousser sur la case 9,1 !
---------REAPPROVISIONNEMENT--------------
LE FERMIER RENTRE CHEZ LUI POUR RECUPERER 9 Herbe
LE FERMIER RENTRE CHEZ LUI POUR RECUPERER 3 Eau
LE FERMIER RENTRE CHEZ LUI POUR RECUPERER 5 Graine
LE FERMIER RENTRE CHEZ LUI POUR RECUPERER 6 Foin
-------ETAT ACTUEL DE LA FERME ET DE LA FORET-------
:--:--:--:--:--:--:--:--:--:--:
|He|He|  |  |He|  |  |  |He|He|
:--:--:--:--:--:--:--:--:--:--:
|  |He|He|  |He|  |He|  |He|He|
:--:--:--:--:--:--:--:--:--:--:
|He|  |He|He|He|  |  |He|He|He|
:--:--:--:--:--:--:--:--:--:--:
|Fo|He|He|He|He|  |He|He|He|He|
:--:--:--:--:--:--:--:--:--:--:
|He|He|He|He|He|He|  |He|He|  |
:--:--:--:--:--:--:--:--:--:--:
|He|He|He|He|He|He|He|  |He|He|
:--:--:--:--:--:--:--:--:--:--:
|He|He|  |  |He|He|Fo|He|He|He|
:--:--:--:--:--:--:--:--:--:--:
|He|  |  |He|Ea|He|  |  |  |  |
:--:--:--:--:--:--:--:--:--:--:
|Fo|  |He|  |He|  |He|He|He|He|
:--:--:--:--:--:--:--:--:--:--:
|He|He|He|He|  |  |He|  |He|He|
:--:--:--:--:--:--:--:--:--:--:

------------------------------------------
Simulation - JOURS 38 DE LA SAISON hiver
------------------------------------------
------------------RESERVE-----------------
LA RESERVE CONTIENT :
Herbe[id:169 quantite: 758]  en position (0, 0)
Eau[id:170 quantite: 152]  en position (0, 0)
Graine[id:171 quantite: 616]  en position (0, 0)
Foin[id:172 quantite: 404]  en position (0, 0)
------------------------------------------
-------------------POCHE------------------
LA POCHE CONTIENT:
Herbe[id:165 quantite: 9]  en position (5, 1)
Foin[id:166 quantite: 12]  en position (5, 1)
Eau[id:167 quantite: 125]  en position (5, 1)
Graine[id:168 quantite: 93]  en position (5, 1)
------------------------------------------
------------RAPPORT JOURNALIER------------
LE FERMIER RAJOUTE Herbe x9 SUR SA CASE
Le fermier trait la vache !
L'animal Vache mange Herbe[id:414 quantite: 0]  en position (4, 0)
Pas de bÚbÚ pour Animal de la ferme: Vache en position 4 0 vie restante: 64
L'animal Poule n'a pas trouvÚ de nourriture...
Pas de bÚbÚ pour Animal de la ferme: Poule en position 1 4 vie restante: 20
L'animal Vache mange Herbe[id:220 quantite: 0]  en position (7, 5)
Pas de bÚbÚ pour Animal de la ferme: Vache en position 5 3 vie restante: 100
De l'herbe vient de pousser sur la case 1,0 !
De l'herbe commence Ó s'agrandir en 2,3 !
De l'herbe commence Ó s'agrandir en 5,1 !
De l'herbe commence Ó s'agrandir en 5,5 !
De l'herbe commence Ó s'agrandir en 5,6 !
De l'herbe vient de pousser sur la case 9,4 !
---------REAPPROVISIONNEMENT--------------
LE FERMIER RENTRE CHEZ LUI POUR RECUPERER 4 Herbe
LE FERMIER RENTRE CHEZ LUI POUR RECUPERER 3 Eau
LE FERMIER RENTRE CHEZ LUI POUR RECUPERER 6 Graine
LE FERMIER RENTRE CHEZ LUI POUR RECUPERER 10 Foin
-------ETAT ACTUEL DE LA FERME ET DE LA FORET-------
:--:--:--:--:--:--:--:--:--:--:
|He|He|  |  |He|  |  |  |He|He|
:--:--:--:--:--:--:--:--:--:--:
|He|He|He|  |  |  |He|  |He|He|
:--:--:--:--:--:--:--:--:--:--:
|He|  |He|He|He|  |  |He|He|He|
:--:--:--:--:--:--:--:--:--:--:
|Fo|He|He|He|He|  |He|He|He|He|
:--:--:--:--:--:--:--:--:--:--:
|  |He|He|He|He|He|  |He|He|  |
:--:--:--:--:--:--:--:--:--:--:
|He|He|He|He|He|He|He|  |He|He|
:--:--:--:--:--:--:--:--:--:--:
|He|He|  |  |He|He|Fo|He|He|He|
:--:--:--:--:--:--:--:--:--:--:
|He|  |  |He|Ea|  |  |  |  |  |
:--:--:--:--:--:--:--:--:--:--:
|Fo|  |He|  |He|  |He|He|He|He|
:--:--:--:--:--:--:--:--:--:--:
|He|He|He|He|He|  |He|  |He|He|
:--:--:--:--:--:--:--:--:--:--:

------------------------------------------
Simulation - JOURS 39 DE LA SAISON hiver
------------------------------------------
------------------RESERVE-----------------
LA RESERVE CONTIENT :
Herbe[id:169 quantite: 754]  en position (0, 0)
Eau[id:170 quantite: 149]  en position (0, 0)
Graine[id:171 quantite: 610]  en position (0, 0)
Foin[id:172 quantite: 394]  en position (0, 0)
------------------------------------------
-------------------POCHE------------------
LA POCHE CONTIENT:
Herbe[id:165 quantite: 4]  en position (5, 1)
Foin[id:166 quantite: 22]  en position (5, 1)
Eau[id:167 quantite: 128]  en position (5, 1)
Graine[id:168 quantite: 99]  en position (5, 1)
------------------------------------------
------------RAPPORT JOURNALIER------------
LE FERMIER RAJOUTE Herbe x4 SUR SA CASE
Le fermier trait la vache !
L'animal Vache mange Herbe[id:398 quantite: 0]  en position (0, 9)
Pas de bÚbÚ pour Animal de la ferme: Vache en position 0 5 vie restante: 100
L'animal Vache mange Herbe[id:467 quantite: 0]  en position (9, 1)
Pas de bÚbÚ pour Animal de la ferme: Vache en position 7 6 vie restante: 100
De l'herbe vient de pousser sur la case 0,9 !
De l'herbe commence Ó s'agrandir en 1,1 !
De l'herbe commence Ó s'agrandir en 2,4 !
De l'herbe commence Ó s'agrandir en 2,7 !
De l'herbe commence Ó s'agrandir en 2,9 !
De l'herbe commence Ó s'agrandir en 3,2 !
De l'herbe commence Ó s'agrandir en 5,2 !
De l'herbe commence Ó s'agrandir en 5,8 !
De l'herbe commence Ó s'agrandir en 8,7 !
---------REAPPROVISIONNEMENT--------------
LE FERMIER RENTRE CHEZ LUI POUR RECUPERER 7 Herbe
LE FERMIER RENTRE CHEZ LUI POUR RECUPERER 10 Eau
LE FERMIER RENTRE CHEZ LUI POUR RECUPERER 8 Graine
LE FERMIER RENTRE CHEZ LUI POUR RECUPERER 2 Foin
-------ETAT ACTUEL DE LA FERME ET DE LA FORET-------
:--:--:--:--:--:--:--:--:--:--:
|He|He|  |  |He|  |  |  |He|He|
:--:--:--:--:--:--:--:--:--:--:
|He|He|He|  |  |  |He|  |He|He|
:--:--:--:--:--:--:--:--:--:--:
|He|  |He|He|He|  |  |He|He|He|
:--:--:--:--:--:--:--:--:--:--:
|Fo|He|He|He|He|  |He|He|He|He|
:--:--:--:--:--:--:--:--:--:--:
|  |He|He|He|He|He|  |He|He|  |
:--:--:--:--:--:--:--:--:--:--:
|He|He|He|He|He|He|He|  |He|He|
:--:--:--:--:--:--:--:--:--:--:
|He|He|  |  |He|He|Fo|He|He|He|
:--:--:--:--:--:--:--:--:--:--:
|He|  |  |He|Ea|  |  |  |  |  |
:--:--:--:--:--:--:--:--:--:--:
|Fo|  |He|  |He|  |He|He|He|He|
:--:--:--:--:--:--:--:--:--:--:
|He|  |He|He|He|  |He|  |He|He|
:--:--:--:--:--:--:--:--:--:--:

UPDATE DE LA RESERVE
------------------------------------------
Simulation - JOURS 40 DE LA SAISON hiver
------------------------------------------
------------------RESERVE-----------------
LA RESERVE CONTIENT :
Herbe[id:169 quantite: 831]  en position (0, 0)
Eau[id:170 quantite: 226]  en position (0, 0)
Graine[id:171 quantite: 664]  en position (0, 0)
Foin[id:172 quantite: 399]  en position (0, 0)
------------------------------------------
-------------------POCHE------------------
LA POCHE CONTIENT:
Herbe[id:165 quantite: 7]  en position (5, 1)
Foin[id:166 quantite: 24]  en position (5, 1)
Eau[id:167 quantite: 138]  en position (5, 1)
Graine[id:168 quantite: 107]  en position (5, 1)
------------------------------------------
------------RAPPORT JOURNALIER------------
LE FERMIER RAJOUTE Herbe x7 SUR SA CASE
De l'herbe commence Ó s'agrandir en 2,0 !
De l'herbe commence Ó s'agrandir en 3,7 !
De l'herbe commence Ó s'agrandir en 4,3 !
De l'herbe commence Ó s'agrandir en 5,3 !
De l'herbe vient de pousser sur la case 6,3 !
De l'herbe commence Ó s'agrandir en 6,4 !
De l'herbe vient de pousser sur la case 7,6 !
De l'herbe vient de pousser sur la case 8,3 !
De l'herbe commence Ó s'agrandir en 9,9 !
---------REAPPROVISIONNEMENT--------------
LE FERMIER RENTRE CHEZ LUI POUR RECUPERER 8 Herbe
LE FERMIER RENTRE CHEZ LUI POUR RECUPERER 6 Eau
LE FERMIER RENTRE CHEZ LUI POUR RECUPERER 2 Graine
LE FERMIER RENTRE CHEZ LUI POUR RECUPERER 11 Foin
-------ETAT ACTUEL DE LA FERME ET DE LA FORET-------
:--:--:--:--:--:--:--:--:--:--:
|He|He|  |  |He|  |  |  |He|He|
:--:--:--:--:--:--:--:--:--:--:
|He|He|He|  |  |  |He|  |He|He|
:--:--:--:--:--:--:--:--:--:--:
|He|  |He|He|He|  |  |He|He|He|
:--:--:--:--:--:--:--:--:--:--:
|Fo|He|He|He|He|  |He|He|He|He|
:--:--:--:--:--:--:--:--:--:--:
|  |He|He|He|He|He|  |He|He|  |
:--:--:--:--:--:--:--:--:--:--:
|He|He|He|He|He|He|He|  |He|He|
:--:--:--:--:--:--:--:--:--:--:
|He|He|  |He|He|He|Fo|He|He|He|
:--:--:--:--:--:--:--:--:--:--:
|He|  |  |He|Ea|  |He|  |  |  |
:--:--:--:--:--:--:--:--:--:--:
|Fo|  |He|He|He|  |He|He|He|He|
:--:--:--:--:--:--:--:--:--:--:
|He|  |He|He|He|  |He|  |He|He|
:--:--:--:--:--:--:--:--:--:--:

------------------------------------------
Simulation - JOURS 41 DE LA SAISON hiver
------------------------------------------
------------------RESERVE-----------------
LA RESERVE CONTIENT :
Herbe[id:169 quantite: 823]  en position (0, 0)
Eau[id:170 quantite: 220]  en position (0, 0)
Graine[id:171 quantite: 662]  en position (0, 0)
Foin[id:172 quantite: 388]  en position (0, 0)
------------------------------------------
-------------------POCHE------------------
LA POCHE CONTIENT:
Herbe[id:165 quantite: 8]  en position (5, 1)
Foin[id:166 quantite: 35]  en position (5, 1)
Eau[id:167 quantite: 144]  en position (5, 1)
Graine[id:168 quantite: 109]  en position (5, 1)
------------------------------------------
------------RAPPORT JOURNALIER------------
LE FERMIER RAJOUTE Herbe x8 SUR SA CASE
Le fermier trait la vache !
L'animal Vache mange Herbe[id:426 quantite: 0]  en position (6, 4)
Pas de bÚbÚ pour Animal de la ferme: Vache en position 5 7 vie restante: 56
L'animal Poule n'a pas trouvÚ de nourriture...
Pas de bÚbÚ pour Animal de la ferme: Poule en position 1 8 vie restante: 20
L'animal Vache mange Herbe[id:463 quantite: 0]  en position (6, 8)
Pas de bÚbÚ pour Animal de la ferme: Vache en position 4 8 vie restante: 100
De l'herbe commence Ó s'agrandir en 0,1 !
De l'herbe commence Ó s'agrandir en 0,4 !
De l'herbe commence Ó s'agrandir en 3,9 !
De l'herbe commence Ó s'agrandir en 4,4 !
De l'herbe commence Ó s'agrandir en 4,5 !
De l'herbe commence Ó s'agrandir en 6,3 !
De l'herbe commence Ó s'agrandir en 8,4 !
De l'herbe commence Ó s'agrandir en 9,6 !
De l'herbe vient de pousser sur la case 9,7 !
---------REAPPROVISIONNEMENT--------------
LE FERMIER RENTRE CHEZ LUI POUR RECUPERER 9 Herbe
LE FERMIER RENTRE CHEZ LUI POUR RECUPERER 4 Eau
LE FERMIER RENTRE CHEZ LUI POUR RECUPERER 9 Graine
LE FERMIER RENTRE CHEZ LUI POUR RECUPERER 8 Foin
-------ETAT ACTUEL DE LA FERME ET DE LA FORET-------
:--:--:--:--:--:--:--:--:--:--:
|He|He|  |  |He|  |  |  |He|He|
:--:--:--:--:--:--:--:--:--:--:
|He|He|He|  |  |  |He|  |  |He|
:--:--:--:--:--:--:--:--:--:--:
|He|  |He|He|He|  |  |He|He|He|
:--:--:--:--:--:--:--:--:--:--:
|Fo|He|He|He|He|  |He|He|He|He|
:--:--:--:--:--:--:--:--:--:--:
|  |He|He|He|He|He|  |He|He|  |
:--:--:--:--:--:--:--:--:--:--:
|He|He|He|He|He|He|He|  |He|He|
:--:--:--:--:--:--:--:--:--:--:
|He|He|  |He|  |He|Fo|He|  |He|
:--:--:--:--:--:--:--:--:--:--:
|He|  |  |He|Ea|  |He|  |  |  |
:--:--:--:--:--:--:--:--:--:--:
|Fo|  |He|He|He|  |He|He|He|He|
:--:--:--:--:--:--:--:--:--:--:
|He|  |He|He|He|  |He|He|He|He|
:--:--:--:--:--:--:--:--:--:--:

------------------------------------------
Simulation - JOURS 42 DE LA SAISON hiver
------------------------------------------
------------------RESERVE-----------------
LA RESERVE CONTIENT :
Herbe[id:169 quantite: 814]  en position (0, 0)
Eau[id:170 quantite: 216]  en position (0, 0)
Graine[id:171 quantite: 653]  en position (0, 0)
Foin[id:172 quantite: 380]  en position (0, 0)
------------------------------------------
-------------------POCHE------------------
LA POCHE CONTIENT:
Herbe[id:165 quantite: 9]  en position (5, 1)
Foin[id:166 quantite: 43]  en position (5, 1)
Eau[id:167 quantite: 148]  en position (5, 1)
Graine[id:168 quantite: 118]  en position (5, 1)
------------------------------------------
------------RAPPORT JOURNALIER------------
Le fermier dÚpose 148 Eau par terre
Le fermier trait la vache !
Le fermier trait la vache !
L'animal Vache mange Herbe[id:458 quantite: 0]  en position (9, 8)
Pas de bÚbÚ pour Animal de la ferme: Vache en position 2 3 vie restante: 53
De l'herbe commence Ó s'agrandir en 1,0 !
De l'herbe vient de pousser sur la case 1,3 !
De l'herbe vient de pousser sur la case 1,5 !
De l'herbe commence Ó s'agrandir en 1,6 !
De l'herbe commence Ó s'agrandir en 2,0 !
De l'herbe commence Ó s'agrandir en 2,2 !
De l'herbe commence Ó s'agrandir en 4,7 !
De l'herbe commence Ó s'agrandir en 5,3 !
De l'herbe vient de pousser sur la case 5,7 !
De l'herbe commence Ó s'agrandir en 5,8 !
De l'herbe commence Ó s'agrandir en 7,3 !
De l'herbe vient de pousser sur la case 7,7 !
De l'herbe commence Ó s'agrandir en 8,2 !
De l'herbe commence Ó s'agrandir en 8,8 !
De l'herbe vient de pousser sur la case 9,5 !
---------REAPPROVISIONNEMENT--------------
LE FERMIER RENTRE CHEZ LUI POUR RECUPERER 11 Herbe
LE FERMIER RENTRE CHEZ LUI POUR RECUPERER 4 Eau
LE FERMIER RENTRE CHEZ LUI POUR RECUPERER 7 Graine
LE FERMIER RENTRE CHEZ LUI POUR RECUPERER 3 Foin
-------ETAT ACTUEL DE LA FERME ET DE LA FORET-------
:--:--:--:--:--:--:--:--:--:--:
|He|He|  |  |He|  |  |  |He|He|
:--:--:--:--:--:--:--:--:--:--:
|He|He|He|He|Ea|He|He|  |  |He|
:--:--:--:--:--:--:--:--:--:--:
|He|  |He|He|He|  |  |He|He|He|
:--:--:--:--:--:--:--:--:--:--:
|Fo|He|He|He|He|  |He|He|He|He|
:--:--:--:--:--:--:--:--:--:--:
|  |He|He|He|He|He|  |He|He|  |
:--:--:--:--:--:--:--:--:--:--:
|He|He|He|He|He|He|He|He|He|He|
:--:--:--:--:--:--:--:--:--:--:
|He|He|  |He|  |He|Fo|He|  |He|
:--:--:--:--:--:--:--:--:--:--:
|He|  |  |He|Ea|  |He|He|  |  |
:--:--:--:--:--:--:--:--:--:--:
|Fo|  |He|He|He|  |He|He|He|He|
:--:--:--:--:--:--:--:--:--:--:
|He|  |He|He|He|He|He|He|  |He|
:--:--:--:--:--:--:--:--:--:--:

------------------------------------------
Simulation - JOURS 43 DE LA SAISON hiver
------------------------------------------
------------------RESERVE-----------------
LA RESERVE CONTIENT :
Herbe[id:169 quantite: 803]  en position (0, 0)
Eau[id:170 quantite: 212]  en position (0, 0)
Graine[id:171 quantite: 646]  en position (0, 0)
Foin[id:172 quantite: 377]  en position (0, 0)
------------------------------------------
-------------------POCHE------------------
LA POCHE CONTIENT:
Herbe[id:165 quantite: 20]  en position (5, 7)
Foin[id:166 quantite: 46]  en position (5, 7)
Eau[id:167 quantite: 4]  en position (5, 7)
Graine[id:168 quantite: 125]  en position (5, 7)
------------------------------------------
------------RAPPORT JOURNALIER------------
LE FERMIER RAJOUTE Herbe x20 SUR SA CASE
Le fermier trait la vache !
Le fermier trait la vache !
Le fermier trait la vache !
L'animal Vache mange Herbe[id:485 quantite: 0]  en position (1, 3)
Pas de bÚbÚ pour Animal de la ferme: Vache en position 4 5 vie restante: 45
L'animal Poule n'a pas trouvÚ de nourriture...
Pas de bÚbÚ pour Animal de la ferme: Poule en position 1 7 vie restante: 20
L'animal Vache mange Herbe[id:407 quantite: 0]  en position (9, 2)
Pas de bÚbÚ pour Animal de la ferme: Vache en position 9 2 vie restante: 98
De l'herbe vient de pousser sur la case 0,5 !
De l'herbe commence Ó s'agrandir en 3,1 !
De l'herbe commence Ó s'agrandir en 5,4 !
De l'herbe commence Ó s'agrandir en 5,9 !
De l'herbe commence Ó s'agrandir en 7,7 !
De l'herbe vient de pousser sur la case 7,9 !
De l'herbe commence Ó s'agrandir en 8,6 !
De l'herbe commence Ó s'agrandir en 9,3 !
De l'herbe commence Ó s'agrandir en 9,5 !
---------REAPPROVISIONNEMENT--------------
LE FERMIER RENTRE CHEZ LUI POUR RECUPERER 6 Herbe
LE FERMIER RENTRE CHEZ LUI POUR RECUPERER 10 Eau
LE FERMIER RENTRE CHEZ LUI POUR RECUPERER 8 Graine
LE FERMIER RENTRE CHEZ LUI POUR RECUPERER 3 Foin
-------ETAT ACTUEL DE LA FERME ET DE LA FORET-------
:--:--:--:--:--:--:--:--:--:--:
|He|He|  |  |He|He|  |  |He|He|
:--:--:--:--:--:--:--:--:--:--:
|He|He|He|  |Ea|He|He|  |  |He|
:--:--:--:--:--:--:--:--:--:--:
|He|  |He|He|He|  |  |He|He|  |
:--:--:--:--:--:--:--:--:--:--:
|Fo|He|He|He|He|  |He|He|He|He|
:--:--:--:--:--:--:--:--:--:--:
|  |He|He|He|He|He|  |He|He|  |
:--:--:--:--:--:--:--:--:--:--:
|He|He|He|He|He|He|He|He|He|He|
:--:--:--:--:--:--:--:--:--:--:
|He|He|  |He|  |He|Fo|He|  |He|
:--:--:--:--:--:--:--:--:--:--:
|He|  |  |He|Ea|  |He|He|  |He|
:--:--:--:--:--:--:--:--:--:--:
|Fo|  |He|He|He|  |He|He|He|He|
:--:--:--:--:--:--:--:--:--:--:
|He|  |  |He|He|He|He|He|  |He|
:--:--:--:--:--:--:--:--:--:--:

------------------------------------------
Simulation - JOURS 44 DE LA SAISON hiver
------------------------------------------
------------------RESERVE-----------------
LA RESERVE CONTIENT :
Herbe[id:169 quantite: 797]  en position (0, 0)
Eau[id:170 quantite: 202]  en position (0, 0)
Graine[id:171 quantite: 638]  en position (0, 0)
Foin[id:172 quantite: 374]  en position (0, 0)
------------------------------------------
-------------------POCHE------------------
LA POCHE CONTIENT:
Herbe[id:165 quantite: 6]  en position (5, 7)
Foin[id:166 quantite: 49]  en position (5, 7)
Eau[id:167 quantite: 14]  en position (5, 7)
Graine[id:168 quantite: 133]  en position (5, 7)
------------------------------------------
------------RAPPORT JOURNALIER------------
Le fermier dÚpose 14 Eau par terre
Le fermier trait la vache !
Le fermier trait la vache !
L'animal Vache mange Herbe[id:456 quantite: 0]  en position (5, 2)
L'animal Animal de la ferme: Vache en position 7 2 vie restante: 30 se reproduit
L'animal Vache mange Herbe[id:444 quantite: 0]  en position (2, 3)
Pas de bÚbÚ pour Animal de la ferme: Vache en position 7 5 vie restante: 41
De l'herbe commence Ó s'agrandir en 2,2 !
De l'herbe vient de pousser sur la case 2,5 !
De l'herbe commence Ó s'agrandir en 4,8 !
De l'herbe vient de pousser sur la case 4,9 !
De l'herbe commence Ó s'agrandir en 6,0 !
De l'herbe commence Ó s'agrandir en 7,9 !
De l'herbe vient de pousser sur la case 8,5 !
De l'herbe commence Ó s'agrandir en 8,6 !
De l'herbe commence Ó s'agrandir en 9,4 !
---------REAPPROVISIONNEMENT--------------
LE FERMIER RENTRE CHEZ LUI POUR RECUPERER 9 Herbe
LE FERMIER RENTRE CHEZ LUI POUR RECUPERER 9 Eau
LE FERMIER RENTRE CHEZ LUI POUR RECUPERER 7 Graine
LE FERMIER RENTRE CHEZ LUI POUR RECUPERER 5 Foin
-------ETAT ACTUEL DE LA FERME ET DE LA FORET-------
:--:--:--:--:--:--:--:--:--:--:
|He|He|  |  |He|He|  |  |He|He|
:--:--:--:--:--:--:--:--:--:--:
|He|He|He|  |Ea|He|He|  |  |He|
:--:--:--:--:--:--:--:--:--:--:
|He|  |He|  |He|He|Ea|He|He|  |
:--:--:--:--:--:--:--:--:--:--:
|Fo|He|He|He|He|  |He|He|He|He|
:--:--:--:--:--:--:--:--:--:--:
|  |He|He|He|He|He|  |He|He|He|
:--:--:--:--:--:--:--:--:--:--:
|He|He|  |He|He|He|He|He|He|He|
:--:--:--:--:--:--:--:--:--:--:
|He|He|  |He|  |He|Fo|He|  |He|
:--:--:--:--:--:--:--:--:--:--:
|He|  |  |He|Ea|  |He|He|  |He|
:--:--:--:--:--:--:--:--:--:--:
|Fo|  |He|He|He|He|He|He|He|He|
:--:--:--:--:--:--:--:--:--:--:
|He|  |  |He|He|He|He|He|  |He|
:--:--:--:--:--:--:--:--:--:--:

------------------------------------------
Simulation - JOURS 45 DE LA SAISON hiver
------------------------------------------
------------------RESERVE-----------------
LA RESERVE CONTIENT :
Herbe[id:169 quantite: 788]  en position (0, 0)
Eau[id:170 quantite: 193]  en position (0, 0)
Graine[id:171 quantite: 631]  en position (0, 0)
Foin[id:172 quantite: 369]  en position (0, 0)
------------------------------------------
-------------------POCHE------------------
LA POCHE CONTIENT:
Herbe[id:165 quantite: 15]  en position (5, 5)
Foin[id:166 quantite: 54]  en position (5, 5)
Eau[id:167 quantite: 9]  en position (5, 5)
Graine[id:168 quantite: 140]  en position (5, 5)
------------------------------------------
------------RAPPORT JOURNALIER------------
LE FERMIER RAJOUTE Herbe x15 SUR SA CASE
L'animal Poule n'a pas trouvÚ de nourriture...
Pas de bÚbÚ pour Animal de la ferme: Poule en position 0 4 vie restante: 20
L'animal Vache mange Herbe[id:482 quantite: 0]  en position (9, 7)
Pas de bÚbÚ pour Animal de la ferme: Vache en position 6 4 vie restante: 83
L'animal Vache mange Herbe[id:438 quantite: 0]  en position (8, 7)
Pas de bÚbÚ pour Animal de la ferme: Vache en position 8 7 vie restante: 39
De l'herbe commence Ó s'agrandir en 0,0 !
De l'herbe commence Ó s'agrandir en 0,5 !
De l'herbe vient de pousser sur la case 0,6 !
De l'herbe vient de pousser sur la case 2,3 !
De l'herbe commence Ó s'agrandir en 2,4 !
De l'herbe commence Ó s'agrandir en 3,9 !
De l'herbe commence Ó s'agrandir en 4,2 !
De l'herbe commence Ó s'agrandir en 5,0 !
De l'herbe commence Ó s'agrandir en 5,7 !
De l'herbe commence Ó s'agrandir en 6,9 !
De l'herbe commence Ó s'agrandir en 7,9 !
De l'herbe commence Ó s'agrandir en 8,4 !
De l'herbe vient de pousser sur la case 9,7 !
---------REAPPROVISIONNEMENT--------------
LE FERMIER RENTRE CHEZ LUI POUR RECUPERER 10 Herbe
LE FERMIER RENTRE CHEZ LUI POUR RECUPERER 3 Eau
LE FERMIER RENTRE CHEZ LUI POUR RECUPERER 5 Graine
LE FERMIER RENTRE CHEZ LUI POUR RECUPERER 4 Foin
-------ETAT ACTUEL DE LA FERME ET DE LA FORET-------
:--:--:--:--:--:--:--:--:--:--:
|He|He|  |  |He|He|He|  |He|He|
:--:--:--:--:--:--:--:--:--:--:
|He|He|He|  |Ea|He|He|  |  |He|
:--:--:--:--:--:--:--:--:--:--:
|He|  |He|He|He|He|Ea|He|He|  |
:--:--:--:--:--:--:--:--:--:--:
|Fo|He|He|He|He|  |He|He|He|He|
:--:--:--:--:--:--:--:--:--:--:
|  |He|He|He|He|He|  |He|He|He|
:--:--:--:--:--:--:--:--:--:--:
|He|He|  |He|He|He|He|He|He|He|
:--:--:--:--:--:--:--:--:--:--:
|He|He|  |He|  |He|Fo|He|  |He|
:--:--:--:--:--:--:--:--:--:--:
|He|  |  |He|Ea|  |He|  |  |He|
:--:--:--:--:--:--:--:--:--:--:
|Fo|  |He|He|He|He|He|  |He|He|
:--:--:--:--:--:--:--:--:--:--:
|He|  |  |He|He|He|He|He|  |He|
:--:--:--:--:--:--:--:--:--:--:

------------------------------------------
Simulation - JOURS 46 DE LA SAISON hiver
------------------------------------------
------------------RESERVE-----------------
LA RESERVE CONTIENT :
Herbe[id:169 quantite: 778]  en position (0, 0)
Eau[id:170 quantite: 190]  en position (0, 0)
Graine[id:171 quantite: 626]  en position (0, 0)
Foin[id:172 quantite: 365]  en position (0, 0)
------------------------------------------
-------------------POCHE------------------
LA POCHE CONTIENT:
Herbe[id:165 quantite: 10]  en position (5, 5)
Foin[id:166 quantite: 58]  en position (5, 5)
Eau[id:167 quantite: 12]  en position (5, 5)
Graine[id:168 quantite: 145]  en position (5, 5)
------------------------------------------
------------RAPPORT JOURNALIER------------
LE FERMIER RAJOUTE Herbe x10 SUR SA CASE
L'animal Poule n'a pas trouvÚ de nourriture...
Pas de bÚbÚ pour Animal de la ferme: Poule en position 8 3 vie restante: 20
L'animal Vache mange Herbe[id:406 quantite: 0]  en position (5, 1)
L'animal Animal de la ferme: Vache en position 7 8 vie restante: 50 se reproduit
L'animal Vache mange Herbe[id:415 quantite: 0]  en position (7, 0)
L'animal Animal de la ferme: Vache en position 7 0 vie restante: 27 se reproduit
L'animal Vache mange Foin[id:102 quantite: 0]  en position (8, 0)
Pas de bÚbÚ pour Animal de la ferme: Vache en position 2 6 vie restante: 100
De l'herbe vient de pousser sur la case 0,2 !
De l'herbe commence Ó s'agrandir en 0,8 !
De l'herbe vient de pousser sur la case 1,8 !
De l'herbe commence Ó s'agrandir en 2,4 !
De l'herbe commence Ó s'agrandir en 2,5 !
De l'herbe commence Ó s'agrandir en 2,8 !
De l'herbe vient de pousser sur la case 2,9 !
De l'herbe commence Ó s'agrandir en 6,0 !
De l'herbe vient de pousser sur la case 7,1 !
De l'herbe commence Ó s'agrandir en 8,8 !
---------REAPPROVISIONNEMENT--------------
LE FERMIER RENTRE CHEZ LUI POUR RECUPERER 11 Herbe
LE FERMIER RENTRE CHEZ LUI POUR RECUPERER 4 Eau
LE FERMIER RENTRE CHEZ LUI POUR RECUPERER 2 Graine
LE FERMIER RENTRE CHEZ LUI POUR RECUPERER 7 Foin
-------ETAT ACTUEL DE LA FERME ET DE LA FORET-------
:--:--:--:--:--:--:--:--:--:--:
|He|He|He|  |He|He|He|  |He|He|
:--:--:--:--:--:--:--:--:--:--:
|He|He|He|  |Ea|He|He|  |He|He|
:--:--:--:--:--:--:--:--:--:--:
|He|  |He|He|He|He|Ea|He|He|He|
:--:--:--:--:--:--:--:--:--:--:
|Fo|He|He|He|He|  |He|He|He|He|
:--:--:--:--:--:--:--:--:--:--:
|  |He|He|He|He|He|  |He|He|He|
:--:--:--:--:--:--:--:--:--:--:
|He|  |  |He|He|He|He|He|He|He|
:--:--:--:--:--:--:--:--:--:--:
|He|He|  |He|  |He|Fo|He|  |He|
:--:--:--:--:--:--:--:--:--:--:
|  |He|  |He|Ea|  |He|  |  |He|
:--:--:--:--:--:--:--:--:--:--:
|  |  |He|  |He|He|He|  |He|He|
:--:--:--:--:--:--:--:--:--:--:
|He|  |  |He|He|He|He|He|  |He|
:--:--:--:--:--:--:--:--:--:--:

------------------------------------------
Simulation - JOURS 47 DE LA SAISON hiver
------------------------------------------
------------------RESERVE-----------------
LA RESERVE CONTIENT :
Herbe[id:169 quantite: 767]  en position (0, 0)
Eau[id:170 quantite: 186]  en position (0, 0)
Graine[id:171 quantite: 624]  en position (0, 0)
Foin[id:172 quantite: 358]  en position (0, 0)
------------------------------------------
-------------------POCHE------------------
LA POCHE CONTIENT:
Herbe[id:165 quantite: 11]  en position (5, 5)
Foin[id:166 quantite: 65]  en position (5, 5)
Eau[id:167 quantite: 16]  en position (5, 5)
Graine[id:168 quantite: 147]  en position (5, 5)
------------------------------------------
------------RAPPORT JOURNALIER------------
LE FERMIER RAJOUTE Herbe x11 SUR SA CASE
L'animal Poule n'a pas trouvÚ de nourriture...
Pas de bÚbÚ pour Animal de la ferme: Poule en position 4 3 vie restante: 20
L'animal Vache mange Herbe[id:424 quantite: 0]  en position (7, 3)
Pas de bÚbÚ pour Animal de la ferme: Vache en position 7 3 vie restante: 68
L'animal prÚdateur mange Animal de la ferme: Vache en position 5 7 vie restante: 39
L'animal Vache mange Herbe[id:500 quantite: 0]  en position (8, 5)
Pas de bÚbÚ pour Animal de la ferme: Vache en position 6 8 vie restante: 100
De l'herbe commence Ó s'agrandir en 1,8 !
De l'herbe commence Ó s'agrandir en 1,9 !
De l'herbe vient de pousser sur la case 2,1 !
De l'herbe commence Ó s'agrandir en 2,3 !
De l'herbe commence Ó s'agrandir en 3,1 !
De l'herbe commence Ó s'agrandir en 3,3 !
De l'herbe commence Ó s'agrandir en 3,8 !
De l'herbe vient de pousser sur la case 4,0 !
De l'herbe commence Ó s'agrandir en 4,5 !
De l'herbe commence Ó s'agrandir en 5,3 !
De l'herbe vient de pousser sur la case 6,4 !
De l'herbe commence Ó s'agrandir en 8,2 !
De l'herbe vient de pousser sur la case 9,1 !
De l'herbe commence Ó s'agrandir en 9,4 !
De l'herbe commence Ó s'agrandir en 9,6 !
---------REAPPROVISIONNEMENT--------------
LE FERMIER RENTRE CHEZ LUI POUR RECUPERER 3 Herbe
LE FERMIER RENTRE CHEZ LUI POUR RECUPERER 8 Eau
LE FERMIER RENTRE CHEZ LUI POUR RECUPERER 2 Graine
LE FERMIER RENTRE CHEZ LUI POUR RECUPERER 7 Foin
-------ETAT ACTUEL DE LA FERME ET DE LA FORET-------
:--:--:--:--:--:--:--:--:--:--:
|He|He|He|  |He|He|He|  |He|He|
:--:--:--:--:--:--:--:--:--:--:
|He|He|He|  |Ea|He|He|  |He|He|
:--:--:--:--:--:--:--:--:--:--:
|He|He|He|He|He|He|Ea|He|He|He|
:--:--:--:--:--:--:--:--:--:--:
|Fo|He|He|He|He|  |He|He|He|He|
:--:--:--:--:--:--:--:--:--:--:
|He|He|  |He|He|He|  |He|He|He|
:--:--:--:--:--:--:--:--:--:--:
|He|  |  |He|He|He|He|He|He|He|
:--:--:--:--:--:--:--:--:--:--:
|He|He|  |He|He|He|Fo|He|  |He|
:--:--:--:--:--:--:--:--:--:--:
|  |He|  |  |Ea|  |He|  |  |He|
:--:--:--:--:--:--:--:--:--:--:
|  |  |He|  |He|  |He|  |He|He|
:--:--:--:--:--:--:--:--:--:--:
|He|He|  |He|He|He|He|He|  |He|
:--:--:--:--:--:--:--:--:--:--:

------------------------------------------
Simulation - JOURS 48 DE LA SAISON hiver
------------------------------------------
------------------RESERVE-----------------
LA RESERVE CONTIENT :
Herbe[id:169 quantite: 764]  en position (0, 0)
Eau[id:170 quantite: 178]  en position (0, 0)
Graine[id:171 quantite: 622]  en position (0, 0)
Foin[id:172 quantite: 351]  en position (0, 0)
------------------------------------------
-------------------POCHE------------------
LA POCHE CONTIENT:
Herbe[id:165 quantite: 3]  en position (5, 5)
Foin[id:166 quantite: 72]  en position (5, 5)
Eau[id:167 quantite: 24]  en position (5, 5)
Graine[id:168 quantite: 149]  en position (5, 5)
------------------------------------------
------------RAPPORT JOURNALIER------------
LE FERMIER RAJOUTE Herbe x3 SUR SA CASE
Le fermier trait la vache !
Le fermier trait la vache !
L'animal Vache mange Herbe[id:499 quantite: 0]  en position (4, 9)
Pas de bÚbÚ pour Animal de la ferme: Vache en position 4 9 vie restante: 31
L'animal Poule n'a pas trouvÚ de nourriture...
Pas de bÚbÚ pour Animal de la ferme: Poule en position 0 4 vie restante: 20
L'animal Vache mange Herbe[id:464 quantite: 0]  en position (8, 8)
Pas de bÚbÚ pour Animal de la ferme: Vache en position 1 0 vie restante: 94
L'animal Vache mange Herbe[id:417 quantite: 0]  en position (8, 6)
Pas de bÚbÚ pour Animal de la ferme: Vache en position 8 6 vie restante: 42
De l'herbe commence Ó s'agrandir en 1,5 !
De l'herbe commence Ó s'agrandir en 1,9 !
De l'herbe commence Ó s'agrandir en 2,0 !
De l'herbe commence Ó s'agrandir en 4,3 !
De l'herbe vient de pousser sur la case 4,6 !
De l'herbe vient de pousser sur la case 5,1 !
De l'herbe commence Ó s'agrandir en 5,4 !
De l'herbe commence Ó s'agrandir en 7,1 !
De l'herbe commence Ó s'agrandir en 7,9 !
De l'herbe vient de pousser sur la case 8,0 !
De l'herbe vient de pousser sur la case 8,1 !
De l'herbe commence Ó s'agrandir en 8,2 !
---------REAPPROVISIONNEMENT--------------
LE FERMIER RENTRE CHEZ LUI POUR RECUPERER 7 Herbe
LE FERMIER RENTRE CHEZ LUI POUR RECUPERER 11 Eau
LE FERMIER RENTRE CHEZ LUI POUR RECUPERER 10 Graine
LE FERMIER RENTRE CHEZ LUI POUR RECUPERER 8 Foin
-------ETAT ACTUEL DE LA FERME ET DE LA FORET-------
:--:--:--:--:--:--:--:--:--:--:
|He|He|He|  |He|He|He|  |He|He|
:--:--:--:--:--:--:--:--:--:--:
|He|He|He|  |Ea|He|He|  |He|He|
:--:--:--:--:--:--:--:--:--:--:
|He|He|He|He|He|He|Ea|He|He|He|
:--:--:--:--:--:--:--:--:--:--:
|Fo|He|He|He|He|  |He|He|He|He|
:--:--:--:--:--:--:--:--:--:--:
|He|He|  |He|He|He|He|He|He|  |
:--:--:--:--:--:--:--:--:--:--:
|He|He|  |He|He|  |He|He|He|He|
:--:--:--:--:--:--:--:--:--:--:
|He|He|  |He|He|He|Fo|He|  |He|
:--:--:--:--:--:--:--:--:--:--:
|  |He|  |  |Ea|  |He|  |  |He|
:--:--:--:--:--:--:--:--:--:--:
|He|He|He|  |He|  |  |  |  |He|
:--:--:--:--:--:--:--:--:--:--:
|He|He|  |He|He|He|He|He|  |He|
:--:--:--:--:--:--:--:--:--:--:

------------------------------------------
Simulation - JOURS 49 DE LA SAISON hiver
------------------------------------------
------------------RESERVE-----------------
LA RESERVE CONTIENT :
Herbe[id:169 quantite: 757]  en position (0, 0)
Eau[id:170 quantite: 167]  en position (0, 0)
Graine[id:171 quantite: 612]  en position (0, 0)
Foin[id:172 quantite: 343]  en position (0, 0)
------------------------------------------
-------------------POCHE------------------
LA POCHE CONTIENT:
Herbe[id:165 quantite: 7]  en position (5, 5)
Foin[id:166 quantite: 80]  en position (5, 5)
Eau[id:167 quantite: 35]  en position (5, 5)
Graine[id:168 quantite: 159]  en position (5, 5)
------------------------------------------
------------RAPPORT JOURNALIER------------
LE FERMIER RAJOUTE Herbe x7 SUR SA CASE
Le fermier trait la vache !
L'animal Poule n'a pas trouvÚ de nourriture...
Pas de bÚbÚ pour Animal de la ferme: Poule en position 5 1 vie restante: 20
L'animal Vache mange Herbe[id:428 quantite: 0]  en position (1, 1)
Pas de bÚbÚ pour Animal de la ferme: Vache en position 7 7 vie restante: 100
L'animal prÚdateur mange Animal de la ferme: Vache en position 8 6 vie restante: 42
De l'herbe vient de pousser sur la case 0,3 !
De l'herbe commence Ó s'agrandir en 1,8 !
De l'herbe commence Ó s'agrandir en 2,5 !
De l'herbe commence Ó s'agrandir en 2,7 !
De l'herbe commence Ó s'agrandir en 4,5 !
De l'herbe vient de pousser sur la case 4,9 !
De l'herbe commence Ó s'agrandir en 6,0 !
De l'herbe commence Ó s'agrandir en 8,0 !
De l'herbe commence Ó s'agrandir en 8,4 !
De l'herbe commence Ó s'agrandir en 9,3 !
---------REAPPROVISIONNEMENT--------------
LE FERMIER RENTRE CHEZ LUI POUR RECUPERER 11 Herbe
LE FERMIER RENTRE CHEZ LUI POUR RECUPERER 8 Eau
LE FERMIER RENTRE CHEZ LUI POUR RECUPERER 8 Graine
LE FERMIER RENTRE CHEZ LUI POUR RECUPERER 9 Foin
-------ETAT ACTUEL DE LA FERME ET DE LA FORET-------
:--:--:--:--:--:--:--:--:--:--:
|He|He|He|He|He|He|He|  |He|He|
:--:--:--:--:--:--:--:--:--:--:
|He|  |He|  |Ea|He|He|  |He|He|
:--:--:--:--:--:--:--:--:--:--:
|He|He|He|He|He|He|Ea|He|He|He|
:--:--:--:--:--:--:--:--:--:--:
|Fo|He|He|He|He|  |He|He|He|He|
:--:--:--:--:--:--:--:--:--:--:
|He|He|  |He|He|He|He|He|He|He|
:--:--:--:--:--:--:--:--:--:--:
|He|  |  |He|He|  |He|He|He|He|
:--:--:--:--:--:--:--:--:--:--:
|He|He|  |He|He|He|Fo|He|  |He|
:--:--:--:--:--:--:--:--:--:--:
|  |He|  |  |Ea|  |He|  |  |He|
:--:--:--:--:--:--:--:--:--:--:
|He|He|He|  |He|  |  |  |  |He|
:--:--:--:--:--:--:--:--:--:--:
|He|He|  |He|He|He|He|He|  |He|
:--:--:--:--:--:--:--:--:--:--:

UPDATE DE LA RESERVE
------------------------------------------
Simulation - JOURS 50 DE LA SAISON hiver
------------------------------------------
------------------RESERVE-----------------
LA RESERVE CONTIENT :
Herbe[id:169 quantite: 791]  en position (0, 0)
Eau[id:170 quantite: 253]  en position (0, 0)
Graine[id:171 quantite: 696]  en position (0, 0)
Foin[id:172 quantite: 392]  en position (0, 0)
------------------------------------------
-------------------POCHE------------------
LA POCHE CONTIENT:
Herbe[id:165 quantite: 11]  en position (5, 5)
Foin[id:166 quantite: 89]  en position (5, 5)
Eau[id:167 quantite: 43]  en position (5, 5)
Graine[id:168 quantite: 167]  en position (5, 5)
------------------------------------------
------------RAPPORT JOURNALIER------------
LE FERMIER RAJOUTE Herbe x11 SUR SA CASE
L'animal Vache mange Herbe[id:533 quantite: 0]  en position (4, 9)
Pas de bÚbÚ pour Animal de la ferme: Vache en position 4 9 vie restante: 32
L'animal Poule n'a pas trouvÚ de nourriture...
Pas de bÚbÚ pour Animal de la ferme: Poule en position 0 2 vie restante: 20
L'animal Vache mange Herbe[id:333 quantite: 0]  en position (6, 7)
Pas de bÚbÚ pour Animal de la ferme: Vache en position 6 7 vie restante: 37
De l'herbe commence Ó s'agrandir en 0,8 !
De l'herbe commence Ó s'agrandir en 1,0 !
De l'herbe commence Ó s'agrandir en 3,2 !
De l'herbe commence Ó s'agrandir en 3,6 !
De l'herbe commence Ó s'agrandir en 5,4 !
De l'herbe commence Ó s'agrandir en 5,7 !
De l'herbe commence Ó s'agrandir en 7,6 !
De l'herbe commence Ó s'agrandir en 9,5 !
---------REAPPROVISIONNEMENT--------------
LE FERMIER RENTRE CHEZ LUI POUR RECUPERER 3 Herbe
LE FERMIER RENTRE CHEZ LUI POUR RECUPERER 7 Eau
LE FERMIER RENTRE CHEZ LUI POUR RECUPERER 2 Graine
LE FERMIER RENTRE CHEZ LUI POUR RECUPERER 5 Foin
-------ETAT ACTUEL DE LA FERME ET DE LA FORET-------
:--:--:--:--:--:--:--:--:--:--:
|He|He|  |He|He|He|He|  |He|He|
:--:--:--:--:--:--:--:--:--:--:
|He|  |He|  |Ea|He|He|  |He|He|
:--:--:--:--:--:--:--:--:--:--:
|He|He|He|He|He|He|Ea|He|He|He|
:--:--:--:--:--:--:--:--:--:--:
|Fo|He|He|He|He|  |He|He|He|He|
:--:--:--:--:--:--:--:--:--:--:
|He|He|  |He|He|He|He|He|He|  |
:--:--:--:--:--:--:--:--:--:--:
|He|  |  |He|He|  |He|He|He|He|
:--:--:--:--:--:--:--:--:--:--:
|He|He|  |He|He|He|Fo|  |  |He|
:--:--:--:--:--:--:--:--:--:--:
|  |He|  |  |Ea|  |He|  |  |He|
:--:--:--:--:--:--:--:--:--:--:
|He|He|He|  |He|  |  |  |  |He|
:--:--:--:--:--:--:--:--:--:--:
|He|He|  |He|He|He|He|He|  |He|
:--:--:--:--:--:--:--:--:--:--:

------------------------------------------
Simulation - JOURS 51 DE LA SAISON hiver
------------------------------------------
------------------RESERVE-----------------
LA RESERVE CONTIENT :
Herbe[id:169 quantite: 788]  en position (0, 0)
Eau[id:170 quantite: 246]  en position (0, 0)
Graine[id:171 quantite: 694]  en position (0, 0)
Foin[id:172 quantite: 387]  en position (0, 0)
------------------------------------------
-------------------POCHE------------------
LA POCHE CONTIENT:
Herbe[id:165 quantite: 3]  en position (5, 5)
Foin[id:166 quantite: 94]  en position (5, 5)
Eau[id:167 quantite: 50]  en position (5, 5)
Graine[id:168 quantite: 169]  en position (5, 5)
------------------------------------------
------------RAPPORT JOURNALIER------------
LE FERMIER RAJOUTE Herbe x3 SUR SA CASE
Le fermier trait la vache !
Le fermier trait la vache !
L'animal Vache mange Herbe[id:434 quantite: 0]  en position (6, 9)
Pas de bÚbÚ pour Animal de la ferme: Vache en position 6 9 vie restante: 100
De l'herbe commence Ó s'agrandir en 1,6 !
De l'herbe commence Ó s'agrandir en 1,8 !
De l'herbe commence Ó s'agrandir en 5,9 !
De l'herbe commence Ó s'agrandir en 7,6 !
De l'herbe vient de pousser sur la case 7,8 !
De l'herbe vient de pousser sur la case 8,6 !
De l'herbe commence Ó s'agrandir en 9,5 !
De l'herbe commence Ó s'agrandir en 9,9 !
---------REAPPROVISIONNEMENT--------------
LE FERMIER RENTRE CHEZ LUI POUR RECUPERER 11 Herbe
LE FERMIER RENTRE CHEZ LUI POUR RECUPERER 5 Eau
LE FERMIER RENTRE CHEZ LUI POUR RECUPERER 8 Graine
LE FERMIER RENTRE CHEZ LUI POUR RECUPERER 10 Foin
-------ETAT ACTUEL DE LA FERME ET DE LA FORET-------
:--:--:--:--:--:--:--:--:--:--:
|He|He|  |He|He|He|He|  |He|He|
:--:--:--:--:--:--:--:--:--:--:
|He|  |He|  |Ea|He|He|  |He|He|
:--:--:--:--:--:--:--:--:--:--:
|He|He|He|He|He|He|Ea|He|He|He|
:--:--:--:--:--:--:--:--:--:--:
|Fo|He|He|He|He|  |He|He|He|He|
:--:--:--:--:--:--:--:--:--:--:
|He|He|  |He|He|He|He|He|He|  |
:--:--:--:--:--:--:--:--:--:--:
|He|  |  |He|He|  |He|He|He|He|
:--:--:--:--:--:--:--:--:--:--:
|He|He|  |He|He|He|Fo|  |  |  |
:--:--:--:--:--:--:--:--:--:--:
|  |He|  |  |Ea|  |He|  |He|He|
:--:--:--:--:--:--:--:--:--:--:
|He|He|He|  |He|  |He|  |  |He|
:--:--:--:--:--:--:--:--:--:--:
|He|He|  |He|He|He|He|He|  |He|
:--:--:--:--:--:--:--:--:--:--:

------------------------------------------
Simulation - JOURS 52 DE LA SAISON hiver
------------------------------------------
------------------RESERVE-----------------
LA RESERVE CONTIENT :
Herbe[id:169 quantite: 777]  en position (0, 0)
Eau[id:170 quantite: 241]  en position (0, 0)
Graine[id:171 quantite: 686]  en position (0, 0)
Foin[id:172 quantite: 377]  en position (0, 0)
------------------------------------------
-------------------POCHE------------------
LA POCHE CONTIENT:
Herbe[id:165 quantite: 11]  en position (5, 5)
Foin[id:166 quantite: 104]  en position (5, 5)
Eau[id:167 quantite: 55]  en position (5, 5)
Graine[id:168 quantite: 177]  en position (5, 5)
------------------------------------------
------------RAPPORT JOURNALIER------------
Le fermier dÚpose 11 Herbe par terre
Le fermier trait la vache !
L'animal Poule n'a pas trouvÚ de nourriture...
Pas de bÚbÚ pour Animal de la ferme: Poule en position 0 6 vie restante: 20
L'animal Vache mange Herbe[id:365 quantite: 0]  en position (1, 2)
L'animal Animal de la ferme: Vache en position 0 3 vie restante: 31 se reproduit
L'animal Vache mange Herbe[id:279 quantite: 0]  en position (2, 0)
Pas de bÚbÚ pour Animal de la ferme: Vache en position 5 6 vie restante: 100
L'animal Vache mange Herbe[id:446 quantite: 0]  en position (9, 0)
Pas de bÚbÚ pour Animal de la ferme: Vache en position 9 1 vie restante: 55
De l'herbe commence Ó s'agrandir en 5,6 !
De l'herbe vient de pousser sur la case 6,9 !
De l'herbe vient de pousser sur la case 7,2 !
De l'herbe commence Ó s'agrandir en 8,2 !
De l'herbe vient de pousser sur la case 8,8 !
De l'herbe commence Ó s'agrandir en 9,3 !
De l'herbe commence Ó s'agrandir en 9,9 !
---------REAPPROVISIONNEMENT--------------
LE FERMIER RENTRE CHEZ LUI POUR RECUPERER 5 Herbe
LE FERMIER RENTRE CHEZ LUI POUR RECUPERER 3 Eau
LE FERMIER RENTRE CHEZ LUI POUR RECUPERER 11 Graine
LE FERMIER RENTRE CHEZ LUI POUR RECUPERER 5 Foin
-------ETAT ACTUEL DE LA FERME ET DE LA FORET-------
:--:--:--:--:--:--:--:--:--:--:
|He|He|  |He|He|He|  |  |He|He|
:--:--:--:--:--:--:--:--:--:--:
|He|  |  |  |Ea|He|He|  |He|He|
:--:--:--:--:--:--:--:--:--:--:
|  |He|He|He|He|He|Ea|He|He|He|
:--:--:--:--:--:--:--:--:--:--:
|Fo|He|He|He|He|  |He|He|He|He|
:--:--:--:--:--:--:--:--:--:--:
|He|He|  |He|He|He|He|He|He|  |
:--:--:--:--:--:--:--:--:--:--:
|He|  |He|He|He|  |He|He|He|He|
:--:--:--:--:--:--:--:--:--:--:
|He|He|  |He|He|He|Fo|  |  |He|
:--:--:--:--:--:--:--:--:--:--:
|  |He|He|  |Ea|  |He|  |He|He|
:--:--:--:--:--:--:--:--:--:--:
|He|He|He|  |He|  |He|  |He|He|
:--:--:--:--:--:--:--:--:--:--:
|  |He|  |He|He|He|He|He|  |He|
:--:--:--:--:--:--:--:--:--:--:

------------------------------------------
Simulation - JOURS 53 DE LA SAISON hiver
------------------------------------------
------------------RESERVE-----------------
LA RESERVE CONTIENT :
Herbe[id:169 quantite: 772]  en position (0, 0)
Eau[id:170 quantite: 238]  en position (0, 0)
Graine[id:171 quantite: 675]  en position (0, 0)
Foin[id:172 quantite: 372]  en position (0, 0)
------------------------------------------
-------------------POCHE------------------
LA POCHE CONTIENT:
Herbe[id:165 quantite: 5]  en position (5, 5)
Foin[id:166 quantite: 109]  en position (5, 5)
Eau[id:167 quantite: 58]  en position (5, 5)
Graine[id:168 quantite: 188]  en position (5, 5)
------------------------------------------
------------RAPPORT JOURNALIER------------
Le fermier dÚpose 188 Graine par terre
Le fermier trait la vache !
Le fermier trait la vache !
L'animal Vache mange Herbe[id:247 quantite: 0]  en position (6, 1)
Pas de bÚbÚ pour Animal de la ferme: Vache en position 7 1 vie restante: 43
L'animal Vache mange Herbe[id:477 quantite: 0]  en position (7, 6)
Pas de bÚbÚ pour Animal de la ferme: Vache en position 2 3 vie restante: 50
L'animal Vache mange Herbe[id:457 quantite: 0]  en position (5, 6)
Pas de bÚbÚ pour Animal de la ferme: Vache en position 8 1 vie restante: 98
L'animal Vache mange Herbe[id:545 quantite: 0]  en position (6, 9)
Pas de bÚbÚ pour Animal de la ferme: Vache en position 9 3 vie restante: 100
L'animal Vache mange Herbe[id:520 quantite: 0]  en position (6, 4)
Pas de bÚbÚ pour Animal de la ferme: Vache en position 0 4 vie restante: 63
De l'herbe commence Ó s'agrandir en 0,3 !
De l'herbe commence Ó s'agrandir en 0,4 !
De l'herbe commence Ó s'agrandir en 1,5 !
De l'herbe commence Ó s'agrandir en 3,1 !
De l'herbe commence Ó s'agrandir en 3,6 !
De l'herbe commence Ó s'agrandir en 3,7 !
De l'herbe commence Ó s'agrandir en 3,9 !
De l'herbe commence Ó s'agrandir en 4,0 !
De l'herbe commence Ó s'agrandir en 4,4 !
De l'herbe commence Ó s'agrandir en 8,6 !
De l'herbe commence Ó s'agrandir en 9,1 !
De l'herbe commence Ó s'agrandir en 9,3 !
De l'herbe commence Ó s'agrandir en 9,4 !
---------REAPPROVISIONNEMENT--------------
LE FERMIER RENTRE CHEZ LUI POUR RECUPERER 2 Herbe
LE FERMIER RENTRE CHEZ LUI POUR RECUPERER 2 Eau
LE FERMIER RENTRE CHEZ LUI POUR RECUPERER 5 Graine
LE FERMIER RENTRE CHEZ LUI POUR RECUPERER 10 Foin
-------ETAT ACTUEL DE LA FERME ET DE LA FORET-------
:--:--:--:--:--:--:--:--:--:--:
|He|He|  |He|He|He|  |  |He|He|
:--:--:--:--:--:--:--:--:--:--:
|He|  |  |  |Ea|He|He|  |He|He|
:--:--:--:--:--:--:--:--:--:--:
|  |He|He|He|He|He|Ea|He|He|He|
:--:--:--:--:--:--:--:--:--:--:
|Fo|He|He|He|He|  |He|He|He|He|
:--:--:--:--:--:--:--:--:--:--:
|He|He|  |He|He|He|He|He|He|  |
:--:--:--:--:--:--:--:--:--:--:
|He|  |He|He|He|Gr|  |He|He|He|
:--:--:--:--:--:--:--:--:--:--:
|He|  |  |He|  |He|Fo|  |  |  |
:--:--:--:--:--:--:--:--:--:--:
|  |He|He|  |Ea|  |  |  |He|He|
:--:--:--:--:--:--:--:--:--:--:
|He|He|He|  |He|  |He|  |He|He|
:--:--:--:--:--:--:--:--:--:--:
|  |He|  |He|He|He|He|He|  |He|
:--:--:--:--:--:--:--:--:--:--:

------------------------------------------
Simulation - JOURS 54 DE LA SAISON hiver
------------------------------------------
------------------RESERVE-----------------
LA RESERVE CONTIENT :
Herbe[id:169 quantite: 770]  en position (0, 0)
Eau[id:170 quantite: 236]  en position (0, 0)
Graine[id:171 quantite: 670]  en position (0, 0)
Foin[id:172 quantite: 362]  en position (0, 0)
------------------------------------------
-------------------POCHE------------------
LA POCHE CONTIENT:
Herbe[id:165 quantite: 7]  en position (5, 5)
Foin[id:166 quantite: 119]  en position (5, 5)
Eau[id:167 quantite: 60]  en position (5, 5)
Graine[id:168 quantite: 5]  en position (5, 5)
------------------------------------------
------------RAPPORT JOURNALIER------------
LE FERMIER RAJOUTE Graine x5 SUR SA CASE
L'animal Poule n'a pas trouvÚ de nourriture...
Pas de bÚbÚ pour Animal de la ferme: Poule en position 4 3 vie restante: 20
L'animal Vache mange Herbe[id:306 quantite: 0]  en position (1, 6)
Pas de bÚbÚ pour Animal de la ferme: Vache en position 1 5 vie restante: 63
L'animal Vache mange Herbe[id:472 quantite: 0]  en position (9, 4)
Pas de bÚbÚ pour Animal de la ferme: Vache en position 0 9 vie restante: 100
L'animal prÚdateur mange Animal de la ferme: Vache en position 0 4 vie restante: 63
De l'herbe commence Ó s'agrandir en 1,8 !
De l'herbe commence Ó s'agrandir en 1,9 !
De l'herbe commence Ó s'agrandir en 2,1 !
De l'herbe commence Ó s'agrandir en 3,3 !
De l'herbe commence Ó s'agrandir en 3,8 !
De l'herbe commence Ó s'agrandir en 5,0 !
De l'herbe commence Ó s'agrandir en 5,3 !
De l'herbe commence Ó s'agrandir en 5,9 !
De l'herbe commence Ó s'agrandir en 6,0 !
De l'herbe vient de pousser sur la case 6,7 !
De l'herbe vient de pousser sur la case 6,9 !
De l'herbe vient de pousser sur la case 9,4 !
---------REAPPROVISIONNEMENT--------------
LE FERMIER RENTRE CHEZ LUI POUR RECUPERER 4 Herbe
LE FERMIER RENTRE CHEZ LUI POUR RECUPERER 2 Eau
LE FERMIER RENTRE CHEZ LUI POUR RECUPERER 4 Graine
LE FERMIER RENTRE CHEZ LUI POUR RECUPERER 11 Foin
-------ETAT ACTUEL DE LA FERME ET DE LA FORET-------
:--:--:--:--:--:--:--:--:--:--:
|He|He|  |He|He|He|  |  |He|He|
:--:--:--:--:--:--:--:--:--:--:
|He|  |  |  |Ea|He|  |  |He|He|
:--:--:--:--:--:--:--:--:--:--:
|  |He|He|He|He|He|Ea|He|He|He|
:--:--:--:--:--:--:--:--:--:--:
|Fo|He|He|He|He|  |He|He|He|He|
:--:--:--:--:--:--:--:--:--:--:
|He|He|  |  |He|He|He|He|He|  |
:--:--:--:--:--:--:--:--:--:--:
|He|  |He|He|He|Gr|  |He|He|He|
:--:--:--:--:--:--:--:--:--:--:
|He|  |  |He|  |He|Fo|He|  |He|
:--:--:--:--:--:--:--:--:--:--:
|  |He|He|  |Ea|  |  |  |He|He|
:--:--:--:--:--:--:--:--:--:--:
|He|He|He|  |He|  |He|  |He|He|
:--:--:--:--:--:--:--:--:--:--:
|  |He|  |He|He|He|He|He|  |He|
:--:--:--:--:--:--:--:--:--:--:

------------------------------------------
Simulation - JOURS 55 DE LA SAISON hiver
------------------------------------------
------------------RESERVE-----------------
LA RESERVE CONTIENT :
Herbe[id:169 quantite: 766]  en position (0, 0)
Eau[id:170 quantite: 234]  en position (0, 0)
Graine[id:171 quantite: 666]  en position (0, 0)
Foin[id:172 quantite: 351]  en position (0, 0)
------------------------------------------
-------------------POCHE------------------
LA POCHE CONTIENT:
Herbe[id:165 quantite: 11]  en position (5, 5)
Foin[id:166 quantite: 130]  en position (5, 5)
Eau[id:167 quantite: 62]  en position (5, 5)
Graine[id:168 quantite: 4]  en position (5, 5)
------------------------------------------
------------RAPPORT JOURNALIER------------
LE FERMIER RAJOUTE Graine x4 SUR SA CASE
L'animal Poule n'a pas trouvÚ de nourriture...
Pas de bÚbÚ pour Animal de la ferme: Poule en position 9 7 vie restante: 20
L'animal Vache mange Herbe[id:390 quantite: 0]  en position (3, 9)
Pas de bÚbÚ pour Animal de la ferme: Vache en position 3 9 vie restante: 87
L'animal prÚdateur mange Animal de la ferme: Vache en position 7 7 vie restante: 100
De l'herbe commence Ó s'agrandir en 0,4 !
De l'herbe commence Ó s'agrandir en 0,9 !
De l'herbe vient de pousser sur la case 1,7 !
De l'herbe commence Ó s'agrandir en 1,9 !
De l'herbe commence Ó s'agrandir en 5,4 !
De l'herbe commence Ó s'agrandir en 5,8 !
De l'herbe commence Ó s'agrandir en 6,0 !
De l'herbe vient de pousser sur la case 6,1 !
De l'herbe commence Ó s'agrandir en 6,7 !
De l'herbe vient de pousser sur la case 8,7 !
De l'herbe commence Ó s'agrandir en 8,8 !
De l'herbe commence Ó s'agrandir en 9,3 !
De l'herbe vient de pousser sur la case 9,8 !
---------REAPPROVISIONNEMENT--------------
LE FERMIER RENTRE CHEZ LUI POUR RECUPERER 3 Herbe
LE FERMIER RENTRE CHEZ LUI POUR RECUPERER 4 Eau
LE FERMIER RENTRE CHEZ LUI POUR RECUPERER 7 Graine
LE FERMIER RENTRE CHEZ LUI POUR RECUPERER 11 Foin
-------ETAT ACTUEL DE LA FERME ET DE LA FORET-------
:--:--:--:--:--:--:--:--:--:--:
|He|He|  |He|He|He|  |  |He|He|
:--:--:--:--:--:--:--:--:--:--:
|He|  |  |  |Ea|He|  |He|He|He|
:--:--:--:--:--:--:--:--:--:--:
|  |He|He|He|He|He|Ea|He|He|He|
:--:--:--:--:--:--:--:--:--:--:
|Fo|He|He|He|He|  |He|He|He|  |
:--:--:--:--:--:--:--:--:--:--:
|He|He|  |  |He|He|He|He|He|  |
:--:--:--:--:--:--:--:--:--:--:
|He|  |He|He|He|Gr|  |He|He|He|
:--:--:--:--:--:--:--:--:--:--:
|He|He|  |He|  |He|Fo|He|  |He|
:--:--:--:--:--:--:--:--:--:--:
|  |He|He|  |Ea|  |  |  |He|He|
:--:--:--:--:--:--:--:--:--:--:
|He|He|He|  |He|  |He|He|He|He|
:--:--:--:--:--:--:--:--:--:--:
|  |He|  |He|He|He|He|  |He|He|
:--:--:--:--:--:--:--:--:--:--:

------------------------------------------
Simulation - JOURS 56 DE LA SAISON hiver
------------------------------------------
------------------RESERVE-----------------
LA RESERVE CONTIENT :
Herbe[id:169 quantite: 763]  en position (0, 0)
Eau[id:170 quantite: 230]  en position (0, 0)
Graine[id:171 quantite: 659]  en position (0, 0)
Foin[id:172 quantite: 340]  en position (0, 0)
------------------------------------------
-------------------POCHE------------------
LA POCHE CONTIENT:
Herbe[id:165 quantite: 14]  en position (5, 5)
Foin[id:166 quantite: 141]  en position (5, 5)
Eau[id:167 quantite: 66]  en position (5, 5)
Graine[id:168 quantite: 7]  en position (5, 5)
------------------------------------------
------------RAPPORT JOURNALIER------------
LE FERMIER RAJOUTE Graine x7 SUR SA CASE
Le fermier trait la vache !
L'animal Vache mange Herbe[id:498 quantite: 0]  en position (2, 5)
Pas de bÚbÚ pour Animal de la ferme: Vache en position 9 5 vie restante: 100
De l'herbe vient de pousser sur la case 0,2 !
De l'herbe vient de pousser sur la case 1,3 !
De l'herbe commence Ó s'agrandir en 1,8 !
De l'herbe commence Ó s'agrandir en 5,0 !
De l'herbe commence Ó s'agrandir en 5,9 !
---------REAPPROVISIONNEMENT--------------
LE FERMIER RENTRE CHEZ LUI POUR RECUPERER 5 Herbe
LE FERMIER RENTRE CHEZ LUI POUR RECUPERER 11 Eau
LE FERMIER RENTRE CHEZ LUI POUR RECUPERER 6 Graine
LE FERMIER RENTRE CHEZ LUI POUR RECUPERER 8 Foin
-------ETAT ACTUEL DE LA FERME ET DE LA FORET-------
:--:--:--:--:--:--:--:--:--:--:
|He|He|He|He|He|He|  |  |He|He|
:--:--:--:--:--:--:--:--:--:--:
|He|  |  |He|Ea|He|  |He|He|He|
:--:--:--:--:--:--:--:--:--:--:
|  |He|He|He|He|  |Ea|He|He|He|
:--:--:--:--:--:--:--:--:--:--:
|Fo|He|He|He|He|  |He|He|He|  |
:--:--:--:--:--:--:--:--:--:--:
|He|He|  |  |He|He|He|He|He|  |
:--:--:--:--:--:--:--:--:--:--:
|He|  |He|He|He|Gr|  |He|He|He|
:--:--:--:--:--:--:--:--:--:--:
|He|He|  |He|  |He|Fo|He|  |He|
:--:--:--:--:--:--:--:--:--:--:
|  |He|He|  |Ea|  |  |  |He|He|
:--:--:--:--:--:--:--:--:--:--:
|He|He|He|  |He|  |He|He|He|He|
:--:--:--:--:--:--:--:--:--:--:
|  |He|  |He|He|He|He|  |He|He|
:--:--:--:--:--:--:--:--:--:--:

------------------------------------------
Simulation - JOURS 57 DE LA SAISON hiver
------------------------------------------
------------------RESERVE-----------------
LA RESERVE CONTIENT :
Herbe[id:169 quantite: 758]  en position (0, 0)
Eau[id:170 quantite: 219]  en position (0, 0)
Graine[id:171 quantite: 653]  en position (0, 0)
Foin[id:172 quantite: 332]  en position (0, 0)
------------------------------------------
-------------------POCHE------------------
LA POCHE CONTIENT:
Herbe[id:165 quantite: 19]  en position (5, 5)
Foin[id:166 quantite: 149]  en position (5, 5)
Eau[id:167 quantite: 77]  en position (5, 5)
Graine[id:168 quantite: 6]  en position (5, 5)
------------------------------------------
------------RAPPORT JOURNALIER------------
Le fermier dÚpose 6 Graine par terre
Le fermier trait la vache !
L'animal Vache mange Herbe[id:567 quantite: 0]  en position (0, 2)
Pas de bÚbÚ pour Animal de la ferme: Vache en position 0 2 vie restante: 45
L'animal Vache mange Herbe[id:489 quantite: 0]  en position (9, 5)
L'animal Animal de la ferme: Vache en position 6 3 vie restante: 50 se reproduit
L'animal Vache mange Herbe[id:505 quantite: 0]  en position (2, 3)
Pas de bÚbÚ pour Animal de la ferme: Vache en position 0 7 vie restante: 83
L'animal Vache mange Herbe[id:376 quantite: 0]  en position (6, 0)
Pas de bÚbÚ pour Animal de la ferme: Vache en position 3 8 vie restante: 77
De l'herbe commence Ó s'agrandir en 1,0 !
De l'herbe vient de pousser sur la case 1,1 !
De l'herbe commence Ó s'agrandir en 1,7 !
De l'herbe vient de pousser sur la case 2,3 !
De l'herbe commence Ó s'agrandir en 4,6 !
De l'herbe commence Ó s'agrandir en 5,9 !
De l'herbe vient de pousser sur la case 6,2 !
De l'herbe commence Ó s'agrandir en 7,2 !
De l'herbe vient de pousser sur la case 7,6 !
De l'herbe commence Ó s'agrandir en 8,4 !
De l'herbe vient de pousser sur la case 9,0 !
---------REAPPROVISIONNEMENT--------------
LE FERMIER RENTRE CHEZ LUI POUR RECUPERER 11 Herbe
LE FERMIER RENTRE CHEZ LUI POUR RECUPERER 11 Eau
LE FERMIER RENTRE CHEZ LUI POUR RECUPERER 10 Graine
LE FERMIER RENTRE CHEZ LUI POUR RECUPERER 9 Foin
-------ETAT ACTUEL DE LA FERME ET DE LA FORET-------
:--:--:--:--:--:--:--:--:--:--:
|He|He|  |He|He|He|  |  |He|He|
:--:--:--:--:--:--:--:--:--:--:
|He|He|  |He|Ea|He|  |He|He|He|
:--:--:--:--:--:--:--:--:--:--:
|  |He|He|He|He|  |Ea|He|He|He|
:--:--:--:--:--:--:--:--:--:--:
|Fo|He|He|He|He|  |He|He|He|  |
:--:--:--:--:--:--:--:--:--:--:
|He|He|  |  |He|He|He|He|He|  |
:--:--:--:--:--:--:--:--:--:--:
|He|  |He|He|He|Gr|  |He|He|He|
:--:--:--:--:--:--:--:--:--:--:
|  |He|He|He|  |He|Fo|He|  |He|
:--:--:--:--:--:--:--:--:--:--:
|  |He|He|  |Ea|Gr|He|  |He|He|
:--:--:--:--:--:--:--:--:--:--:
|He|He|He|  |He|  |He|He|He|He|
:--:--:--:--:--:--:--:--:--:--:
|He|He|  |He|He|  |He|  |He|He|
:--:--:--:--:--:--:--:--:--:--:

------------------------------------------
Simulation - JOURS 58 DE LA SAISON hiver
------------------------------------------
------------------RESERVE-----------------
LA RESERVE CONTIENT :
Herbe[id:169 quantite: 747]  en position (0, 0)
Eau[id:170 quantite: 208]  en position (0, 0)
Graine[id:171 quantite: 643]  en position (0, 0)
Foin[id:172 quantite: 323]  en position (0, 0)
------------------------------------------
-------------------POCHE------------------
LA POCHE CONTIENT:
Herbe[id:165 quantite: 30]  en position (9, 8)
Foin[id:166 quantite: 158]  en position (9, 8)
Eau[id:167 quantite: 88]  en position (9, 8)
Graine[id:168 quantite: 10]  en position (9, 8)
------------------------------------------
------------RAPPORT JOURNALIER------------
LE FERMIER RAJOUTE Herbe x30 SUR SA CASE
L'animal Poule n'a pas trouvÚ de nourriture...
Pas de bÚbÚ pour Animal de la ferme: Poule en position 0 3 vie restante: 20
L'animal Vache mange Herbe[id:430 quantite: 0]  en position (3, 2)
Pas de bÚbÚ pour Animal de la ferme: Vache en position 6 9 vie restante: 59
L'animal Vache mange Eau[id:483 quantite: 0]  en position (1, 4)
Pas de bÚbÚ pour Animal de la ferme: Vache en position 9 5 vie restante: 100
L'animal prÚdateur mange Animal de la ferme: Vache en position 3 8 vie restante: 77
De l'herbe commence Ó s'agrandir en 0,5 !
De l'herbe commence Ó s'agrandir en 2,8 !
De l'herbe commence Ó s'agrandir en 5,0 !
De l'herbe commence Ó s'agrandir en 5,4 !
De l'herbe commence Ó s'agrandir en 9,3 !
De l'herbe commence Ó s'agrandir en 9,6 !
---------REAPPROVISIONNEMENT--------------
LE FERMIER RENTRE CHEZ LUI POUR RECUPERER 6 Herbe
LE FERMIER RENTRE CHEZ LUI POUR RECUPERER 9 Eau
LE FERMIER RENTRE CHEZ LUI POUR RECUPERER 8 Graine
LE FERMIER RENTRE CHEZ LUI POUR RECUPERER 10 Foin
-------ETAT ACTUEL DE LA FERME ET DE LA FORET-------
:--:--:--:--:--:--:--:--:--:--:
|He|He|  |He|He|He|  |  |He|He|
:--:--:--:--:--:--:--:--:--:--:
|He|He|  |He|  |He|  |He|He|He|
:--:--:--:--:--:--:--:--:--:--:
|  |He|He|He|He|  |Ea|He|He|He|
:--:--:--:--:--:--:--:--:--:--:
|Fo|He|  |He|He|  |He|He|He|  |
:--:--:--:--:--:--:--:--:--:--:
|He|He|  |  |He|He|He|He|He|  |
:--:--:--:--:--:--:--:--:--:--:
|He|  |He|He|He|Gr|  |He|He|He|
:--:--:--:--:--:--:--:--:--:--:
|  |He|He|He|  |He|Fo|He|  |He|
:--:--:--:--:--:--:--:--:--:--:
|  |He|He|  |Ea|Gr|He|  |He|  |
:--:--:--:--:--:--:--:--:--:--:
|He|He|He|  |He|  |He|He|He|He|
:--:--:--:--:--:--:--:--:--:--:
|He|He|  |He|He|  |He|  |He|He|
:--:--:--:--:--:--:--:--:--:--:

------------------------------------------
Simulation - JOURS 59 DE LA SAISON hiver
------------------------------------------
------------------RESERVE-----------------
LA RESERVE CONTIENT :
Herbe[id:169 quantite: 741]  en position (0, 0)
Eau[id:170 quantite: 199]  en position (0, 0)
Graine[id:171 quantite: 635]  en position (0, 0)
Foin[id:172 quantite: 313]  en position (0, 0)
------------------------------------------
-------------------POCHE------------------
LA POCHE CONTIENT:
Herbe[id:165 quantite: 6]  en position (9, 8)
Foin[id:166 quantite: 168]  en position (9, 8)
Eau[id:167 quantite: 97]  en position (9, 8)
Graine[id:168 quantite: 18]  en position (9, 8)
------------------------------------------
------------RAPPORT JOURNALIER------------
LE FERMIER RAJOUTE Herbe x6 SUR SA CASE
L'animal Vache mange Herbe[id:559 quantite: 0]  en position (9, 4)
Pas de bÚbÚ pour Animal de la ferme: Vache en position 8 8 vie restante: 52
L'animal Poule n'a pas trouvÚ de nourriture...
Pas de bÚbÚ pour Animal de la ferme: Poule en position 0 3 vie restante: 20
L'animal Vache mange Herbe[id:288 quantite: 0]  en position (4, 8)
Pas de bÚbÚ pour Animal de la ferme: Vache en position 9 2 vie restante: 77
L'animal Vache mange Herbe[id:512 quantite: 0]  en position (1, 8)
Pas de bÚbÚ pour Animal de la ferme: Vache en position 7 5 vie restante: 100
De l'herbe vient de pousser sur la case 3,2 !
De l'herbe commence Ó s'agrandir en 4,1 !
De l'herbe commence Ó s'agrandir en 5,4 !
De l'herbe vient de pousser sur la case 7,7 !
De l'herbe commence Ó s'agrandir en 7,8 !
De l'herbe commence Ó s'agrandir en 8,4 !
---------REAPPROVISIONNEMENT--------------
LE FERMIER RENTRE CHEZ LUI POUR RECUPERER 9 Herbe
LE FERMIER RENTRE CHEZ LUI POUR RECUPERER 6 Eau
LE FERMIER RENTRE CHEZ LUI POUR RECUPERER 11 Graine
LE FERMIER RENTRE CHEZ LUI POUR RECUPERER 7 Foin
-------ETAT ACTUEL DE LA FERME ET DE LA FORET-------
:--:--:--:--:--:--:--:--:--:--:
|He|He|  |  |He|He|  |  |He|He|
:--:--:--:--:--:--:--:--:--:--:
|He|He|  |He|  |He|  |He|  |He|
:--:--:--:--:--:--:--:--:--:--:
|  |He|He|He|He|  |Ea|He|He|He|
:--:--:--:--:--:--:--:--:--:--:
|Fo|He|He|He|He|  |He|He|He|  |
:--:--:--:--:--:--:--:--:--:--:
|He|He|  |  |He|He|He|He|  |  |
:--:--:--:--:--:--:--:--:--:--:
|He|  |He|He|He|Gr|  |He|He|He|
:--:--:--:--:--:--:--:--:--:--:
|  |He|He|He|  |He|Fo|He|  |He|
:--:--:--:--:--:--:--:--:--:--:
|  |He|He|  |Ea|Gr|He|He|He|  |
:--:--:--:--:--:--:--:--:--:--:
|He|He|He|  |He|  |He|He|He|He|
:--:--:--:--:--:--:--:--:--:--:
|He|He|  |He|  |  |He|  |He|He|
:--:--:--:--:--:--:--:--:--:--:

UPDATE DE LA RESERVE
------------------------------------------
Simulation - JOURS 60 DE LA SAISON hiver
------------------------------------------
------------------RESERVE-----------------
LA RESERVE CONTIENT :
Herbe[id:169 quantite: 798]  en position (0, 0)
Eau[id:170 quantite: 210]  en position (0, 0)
Graine[id:171 quantite: 704]  en position (0, 0)
Foin[id:172 quantite: 349]  en position (0, 0)
------------------------------------------
-------------------POCHE------------------
LA POCHE CONTIENT:
Herbe[id:165 quantite: 9]  en position (9, 8)
Foin[id:166 quantite: 175]  en position (9, 8)
Eau[id:167 quantite: 103]  en position (9, 8)
Graine[id:168 quantite: 29]  en position (9, 8)
------------------------------------------
------------RAPPORT JOURNALIER------------
LE FERMIER RAJOUTE Herbe x9 SUR SA CASE
Le fermier trait la vache !
Le fermier trait la vache !
L'animal Vache mange Herbe[id:475 quantite: 0]  en position (0, 9)
Pas de bÚbÚ pour Animal de la ferme: Vache en position 0 9 vie restante: 54
L'animal Vache mange Herbe[id:577 quantite: 0]  en position (7, 6)
Pas de bÚbÚ pour Animal de la ferme: Vache en position 7 6 vie restante: 81
L'animal Vache n'a pas trouvÚ de nourriture...
Pas de bÚbÚ pour Animal de la ferme: Vache en position 1 8 vie restante: 80
De l'herbe vient de pousser sur la case 0,6 !
De l'herbe commence Ó s'agrandir en 2,1 !
De l'herbe commence Ó s'agrandir en 2,7 !
De l'herbe commence Ó s'agrandir en 4,5 !
De l'herbe vient de pousser sur la case 4,8 !
De l'herbe vient de pousser sur la case 5,6 !
De l'herbe commence Ó s'agrandir en 5,8 !
De l'herbe commence Ó s'agrandir en 6,3 !
De l'herbe vient de pousser sur la case 7,9 !
De l'herbe commence Ó s'agrandir en 8,2 !
De l'herbe commence Ó s'agrandir en 8,4 !
De l'herbe vient de pousser sur la case 9,2 !
---------REAPPROVISIONNEMENT--------------
LE FERMIER RENTRE CHEZ LUI POUR RECUPERER 2 Herbe
LE FERMIER RENTRE CHEZ LUI POUR RECUPERER 5 Eau
LE FERMIER RENTRE CHEZ LUI POUR RECUPERER 3 Graine
LE FERMIER RENTRE CHEZ LUI POUR RECUPERER 9 Foin
-------ETAT ACTUEL DE LA FERME ET DE LA FORET-------
:--:--:--:--:--:--:--:--:--:--:
|He|He|  |  |He|He|He|  |He|  |
:--:--:--:--:--:--:--:--:--:--:
|He|He|  |He|  |He|  |He|  |He|
:--:--:--:--:--:--:--:--:--:--:
|  |He|He|He|He|  |Ea|He|He|He|
:--:--:--:--:--:--:--:--:--:--:
|Fo|He|He|He|He|  |He|He|He|  |
:--:--:--:--:--:--:--:--:--:--:
|He|He|  |  |He|He|He|He|He|  |
:--:--:--:--:--:--:--:--:--:--:
|He|  |He|He|He|Gr|He|He|He|He|
:--:--:--:--:--:--:--:--:--:--:
|  |He|He|He|  |He|Fo|He|  |He|
:--:--:--:--:--:--:--:--:--:--:
|  |He|He|  |Ea|  |  |He|He|He|
:--:--:--:--:--:--:--:--:--:--:
|He|He|He|  |He|  |He|He|He|He|
:--:--:--:--:--:--:--:--:--:--:
|He|He|He|He|  |  |He|  |He|He|
:--:--:--:--:--:--:--:--:--:--:

------------------------------------------
Simulation - JOURS 61 DE LA SAISON hiver
------------------------------------------
------------------RESERVE-----------------
LA RESERVE CONTIENT :
Herbe[id:169 quantite: 796]  en position (0, 0)
Eau[id:170 quantite: 205]  en position (0, 0)
Graine[id:171 quantite: 701]  en position (0, 0)
Foin[id:172 quantite: 340]  en position (0, 0)
------------------------------------------
-------------------POCHE------------------
LA POCHE CONTIENT:
Herbe[id:165 quantite: 2]  en position (9, 8)
Foin[id:166 quantite: 184]  en position (9, 8)
Eau[id:167 quantite: 108]  en position (9, 8)
Graine[id:168 quantite: 32]  en position (9, 8)
------------------------------------------
------------RAPPORT JOURNALIER------------
LE FERMIER RAJOUTE Herbe x2 SUR SA CASE
Le fermier trait la vache !
L'animal Vache mange Herbe[id:519 quantite: 0]  en position (4, 0)
Pas de bÚbÚ pour Animal de la ferme: Vache en position 4 0 vie restante: 57
L'animal Poule n'a pas trouvÚ de nourriture...
Pas de bÚbÚ pour Animal de la ferme: Poule en position 9 3 vie restante: 20
De l'herbe commence Ó s'agrandir en 0,5 !
De l'herbe vient de pousser sur la case 0,9 !
De l'herbe commence Ó s'agrandir en 1,5 !
De l'herbe vient de pousser sur la case 2,0 !
De l'herbe commence Ó s'agrandir en 3,6 !
De l'herbe commence Ó s'agrandir en 4,4 !
---------REAPPROVISIONNEMENT--------------
LE FERMIER RENTRE CHEZ LUI POUR RECUPERER 8 Herbe
LE FERMIER RENTRE CHEZ LUI POUR RECUPERER 7 Eau
LE FERMIER RENTRE CHEZ LUI POUR RECUPERER 5 Graine
LE FERMIER RENTRE CHEZ LUI POUR RECUPERER 3 Foin
-------ETAT ACTUEL DE LA FERME ET DE LA FORET-------
:--:--:--:--:--:--:--:--:--:--:
|He|He|  |  |He|He|He|  |He|He|
:--:--:--:--:--:--:--:--:--:--:
|He|He|  |He|  |He|  |He|  |He|
:--:--:--:--:--:--:--:--:--:--:
|He|He|He|He|He|  |Ea|He|He|He|
:--:--:--:--:--:--:--:--:--:--:
|Fo|He|He|He|He|  |He|He|He|  |
:--:--:--:--:--:--:--:--:--:--:
|  |He|  |  |He|He|He|He|He|  |
:--:--:--:--:--:--:--:--:--:--:
|He|  |He|He|He|Gr|He|He|He|He|
:--:--:--:--:--:--:--:--:--:--:
|  |He|He|He|  |He|Fo|He|  |He|
:--:--:--:--:--:--:--:--:--:--:
|  |He|He|  |Ea|  |  |He|He|He|
:--:--:--:--:--:--:--:--:--:--:
|He|He|He|  |He|  |He|He|He|He|
:--:--:--:--:--:--:--:--:--:--:
|He|He|He|  |  |  |He|  |He|He|
:--:--:--:--:--:--:--:--:--:--:

------------------------------------------
Simulation - JOURS 62 DE LA SAISON hiver
------------------------------------------
------------------RESERVE-----------------
LA RESERVE CONTIENT :
Herbe[id:169 quantite: 788]  en position (0, 0)
Eau[id:170 quantite: 198]  en position (0, 0)
Graine[id:171 quantite: 696]  en position (0, 0)
Foin[id:172 quantite: 337]  en position (0, 0)
------------------------------------------
-------------------POCHE------------------
LA POCHE CONTIENT:
Herbe[id:165 quantite: 8]  en position (9, 8)
Foin[id:166 quantite: 187]  en position (9, 8)
Eau[id:167 quantite: 115]  en position (9, 8)
Graine[id:168 quantite: 37]  en position (9, 8)
------------------------------------------
------------RAPPORT JOURNALIER------------
LE FERMIER RAJOUTE Herbe x8 SUR SA CASE
Le fermier trait la vache !
De l'herbe commence Ó s'agrandir en 0,9 !
De l'herbe commence Ó s'agrandir en 1,0 !
De l'herbe commence Ó s'agrandir en 1,3 !
De l'herbe commence Ó s'agrandir en 5,4 !
De l'herbe commence Ó s'agrandir en 5,6 !
De l'herbe commence Ó s'agrandir en 6,2 !
De l'herbe commence Ó s'agrandir en 8,0 !
De l'herbe commence Ó s'agrandir en 9,8 !
De l'herbe commence Ó s'agrandir en 9,9 !
---------REAPPROVISIONNEMENT--------------
LE FERMIER RENTRE CHEZ LUI POUR RECUPERER 5 Herbe
LE FERMIER RENTRE CHEZ LUI POUR RECUPERER 8 Eau
LE FERMIER RENTRE CHEZ LUI POUR RECUPERER 8 Graine
LE FERMIER RENTRE CHEZ LUI POUR RECUPERER 4 Foin
-------ETAT ACTUEL DE LA FERME ET DE LA FORET-------
:--:--:--:--:--:--:--:--:--:--:
|He|He|  |  |He|He|He|  |He|He|
:--:--:--:--:--:--:--:--:--:--:
|He|He|  |He|  |He|  |He|  |He|
:--:--:--:--:--:--:--:--:--:--:
|He|He|He|He|He|  |Ea|He|He|He|
:--:--:--:--:--:--:--:--:--:--:
|Fo|He|He|He|He|  |He|He|He|  |
:--:--:--:--:--:--:--:--:--:--:
|  |He|  |  |He|He|He|He|He|  |
:--:--:--:--:--:--:--:--:--:--:
|He|  |He|He|He|Gr|He|He|He|He|
:--:--:--:--:--:--:--:--:--:--:
|  |He|He|He|  |He|Fo|He|  |He|
:--:--:--:--:--:--:--:--:--:--:
|  |He|He|  |Ea|  |  |He|He|He|
:--:--:--:--:--:--:--:--:--:--:
|He|He|He|  |He|  |He|He|He|He|
:--:--:--:--:--:--:--:--:--:--:
|He|He|He|  |  |  |He|  |He|He|
:--:--:--:--:--:--:--:--:--:--:

------------------------------------------
Simulation - JOURS 63 DE LA SAISON hiver
------------------------------------------
------------------RESERVE-----------------
LA RESERVE CONTIENT :
Herbe[id:169 quantite: 783]  en position (0, 0)
Eau[id:170 quantite: 190]  en position (0, 0)
Graine[id:171 quantite: 688]  en position (0, 0)
Foin[id:172 quantite: 333]  en position (0, 0)
------------------------------------------
-------------------POCHE------------------
LA POCHE CONTIENT:
Herbe[id:165 quantite: 5]  en position (9, 8)
Foin[id:166 quantite: 191]  en position (9, 8)
Eau[id:167 quantite: 123]  en position (9, 8)
Graine[id:168 quantite: 45]  en position (9, 8)
------------------------------------------
------------RAPPORT JOURNALIER------------
Le fermier dÚpose 45 Graine par terre
Le fermier trait la vache !
Le fermier trait la vache !
Le fermier trait la vache !
L'animal Vache mange Herbe[id:205 quantite: 0]  en position (4, 5)
Pas de bÚbÚ pour Animal de la ferme: Vache en position 4 5 vie restante: 63
De l'herbe vient de pousser sur la case 0,2 !
De l'herbe commence Ó s'agrandir en 2,0 !
De l'herbe commence Ó s'agrandir en 2,2 !
De l'herbe commence Ó s'agrandir en 3,4 !
De l'herbe vient de pousser sur la case 4,5 !
De l'herbe commence Ó s'agrandir en 4,6 !
De l'herbe vient de pousser sur la case 5,1 !
De l'herbe commence Ó s'agrandir en 5,6 !
De l'herbe vient de pousser sur la case 6,8 !
De l'herbe vient de pousser sur la case 7,0 !
De l'herbe commence Ó s'agrandir en 7,1 !
De l'herbe commence Ó s'agrandir en 7,9 !
De l'herbe vient de pousser sur la case 8,5 !
---------REAPPROVISIONNEMENT--------------
LE FERMIER RENTRE CHEZ LUI POUR RECUPERER 8 Herbe
LE FERMIER RENTRE CHEZ LUI POUR RECUPERER 5 Eau
LE FERMIER RENTRE CHEZ LUI POUR RECUPERER 3 Graine
LE FERMIER RENTRE CHEZ LUI POUR RECUPERER 4 Foin
-------ETAT ACTUEL DE LA FERME ET DE LA FORET-------
:--:--:--:--:--:--:--:--:--:--:
|He|He|He|  |He|He|He|  |He|He|
:--:--:--:--:--:--:--:--:--:--:
|He|He|  |He|  |He|  |He|  |He|
:--:--:--:--:--:--:--:--:--:--:
|He|He|He|He|He|  |Ea|He|He|He|
:--:--:--:--:--:--:--:--:--:--:
|Fo|He|He|He|He|  |He|He|He|Gr|
:--:--:--:--:--:--:--:--:--:--:
|  |He|  |  |He|He|He|He|He|  |
:--:--:--:--:--:--:--:--:--:--:
|He|He|He|He|He|Gr|He|He|He|He|
:--:--:--:--:--:--:--:--:--:--:
|  |He|He|He|  |He|Fo|He|He|He|
:--:--:--:--:--:--:--:--:--:--:
|He|He|He|  |Ea|  |  |He|He|He|
:--:--:--:--:--:--:--:--:--:--:
|He|He|He|  |He|He|He|He|He|He|
:--:--:--:--:--:--:--:--:--:--:
|He|He|He|  |  |  |He|  |He|He|
:--:--:--:--:--:--:--:--:--:--:

------------------------------------------
Simulation - JOURS 64 DE LA SAISON hiver
------------------------------------------
------------------RESERVE-----------------
LA RESERVE CONTIENT :
Herbe[id:169 quantite: 775]  en position (0, 0)
Eau[id:170 quantite: 185]  en position (0, 0)
Graine[id:171 quantite: 685]  en position (0, 0)
Foin[id:172 quantite: 329]  en position (0, 0)
------------------------------------------
-------------------POCHE------------------
LA POCHE CONTIENT:
Herbe[id:165 quantite: 13]  en position (5, 6)
Foin[id:166 quantite: 195]  en position (5, 6)
Eau[id:167 quantite: 128]  en position (5, 6)
Graine[id:168 quantite: 3]  en position (5, 6)
------------------------------------------
------------RAPPORT JOURNALIER------------
LE FERMIER RAJOUTE Herbe x13 SUR SA CASE
L'animal Vache mange Herbe[id:574 quantite: 0]  en position (1, 1)
Pas de bÚbÚ pour Animal de la ferme: Vache en position 1 1 vie restante: 41
L'animal Vache mange Herbe[id:540 quantite: 0]  en position (5, 2)
Pas de bÚbÚ pour Animal de la ferme: Vache en position 5 2 vie restante: 74
De l'herbe vient de pousser sur la case 0,7 !
De l'herbe commence Ó s'agrandir en 4,5 !
De l'herbe commence Ó s'agrandir en 5,8 !
De l'herbe commence Ó s'agrandir en 8,4 !
De l'herbe commence Ó s'agrandir en 9,1 !
---------REAPPROVISIONNEMENT--------------
LE FERMIER RENTRE CHEZ LUI POUR RECUPERER 11 Herbe
LE FERMIER RENTRE CHEZ LUI POUR RECUPERER 8 Eau
LE FERMIER RENTRE CHEZ LUI POUR RECUPERER 5 Graine
LE FERMIER RENTRE CHEZ LUI POUR RECUPERER 3 Foin
-------ETAT ACTUEL DE LA FERME ET DE LA FORET-------
:--:--:--:--:--:--:--:--:--:--:
|He|He|He|  |He|He|He|He|He|He|
:--:--:--:--:--:--:--:--:--:--:
|He|  |  |He|  |He|  |He|  |He|
:--:--:--:--:--:--:--:--:--:--:
|He|He|He|He|He|  |Ea|He|He|He|
:--:--:--:--:--:--:--:--:--:--:
|Fo|He|He|He|He|  |He|He|He|Gr|
:--:--:--:--:--:--:--:--:--:--:
|  |He|  |  |He|He|He|He|He|  |
:--:--:--:--:--:--:--:--:--:--:
|He|He|  |He|He|Gr|He|He|He|He|
:--:--:--:--:--:--:--:--:--:--:
|  |He|He|He|  |He|Fo|He|He|He|
:--:--:--:--:--:--:--:--:--:--:
|He|He|He|  |Ea|  |  |He|He|He|
:--:--:--:--:--:--:--:--:--:--:
|He|He|He|  |He|He|He|He|He|He|
:--:--:--:--:--:--:--:--:--:--:
|He|He|He|  |  |  |He|  |He|He|
:--:--:--:--:--:--:--:--:--:--:

------------------------------------------
Simulation - JOURS 65 DE LA SAISON hiver
------------------------------------------
------------------RESERVE-----------------
LA RESERVE CONTIENT :
Herbe[id:169 quantite: 764]  en position (0, 0)
Eau[id:170 quantite: 177]  en position (0, 0)
Graine[id:171 quantite: 680]  en position (0, 0)
Foin[id:172 quantite: 326]  en position (0, 0)
------------------------------------------
-------------------POCHE------------------
LA POCHE CONTIENT:
Herbe[id:165 quantite: 11]  en position (5, 6)
Foin[id:166 quantite: 198]  en position (5, 6)
Eau[id:167 quantite: 136]  en position (5, 6)
Graine[id:168 quantite: 8]  en position (5, 6)
------------------------------------------
------------RAPPORT JOURNALIER------------
LE FERMIER RAJOUTE Herbe x11 SUR SA CASE
L'animal Vache mange Herbe[id:568 quantite: 0]  en position (1, 3)
Pas de bÚbÚ pour Animal de la ferme: Vache en position 2 7 vie restante: 55
L'animal Vache mange Herbe[id:429 quantite: 0]  en position (2, 2)
L'animal Animal de la ferme: Vache en position 7 0 vie restante: 36 se reproduit
L'animal Vache mange Herbe[id:578 quantite: 0]  en position (9, 0)
Pas de bÚbÚ pour Animal de la ferme: Vache en position 9 0 vie restante: 41
De l'herbe commence Ó s'agrandir en 0,7 !
De l'herbe commence Ó s'agrandir en 0,8 !
De l'herbe commence Ó s'agrandir en 6,1 !
De l'herbe commence Ó s'agrandir en 6,2 !
De l'herbe vient de pousser sur la case 7,3 !
De l'herbe commence Ó s'agrandir en 8,7 !
De l'herbe vient de pousser sur la case 9,7 !
---------REAPPROVISIONNEMENT--------------
LE FERMIER RENTRE CHEZ LUI POUR RECUPERER 11 Herbe
LE FERMIER RENTRE CHEZ LUI POUR RECUPERER 7 Eau
LE FERMIER RENTRE CHEZ LUI POUR RECUPERER 10 Graine
LE FERMIER RENTRE CHEZ LUI POUR RECUPERER 2 Foin
-------ETAT ACTUEL DE LA FERME ET DE LA FORET-------
:--:--:--:--:--:--:--:--:--:--:
|He|He|He|  |He|He|He|He|He|He|
:--:--:--:--:--:--:--:--:--:--:
|He|  |  |  |  |He|  |He|  |He|
:--:--:--:--:--:--:--:--:--:--:
|He|He|  |He|He|  |Ea|He|He|He|
:--:--:--:--:--:--:--:--:--:--:
|Fo|He|He|He|He|  |He|He|He|Gr|
:--:--:--:--:--:--:--:--:--:--:
|  |He|  |  |He|He|He|He|He|  |
:--:--:--:--:--:--:--:--:--:--:
|He|He|  |He|He|Gr|He|He|He|He|
:--:--:--:--:--:--:--:--:--:--:
|  |He|He|He|  |He|Fo|He|He|He|
:--:--:--:--:--:--:--:--:--:--:
|He|He|He|He|Ea|  |  |He|He|He|
:--:--:--:--:--:--:--:--:--:--:
|He|He|He|  |He|He|He|He|He|He|
:--:--:--:--:--:--:--:--:--:--:
|  |He|He|  |  |  |He|He|He|He|
:--:--:--:--:--:--:--:--:--:--:

------------------------------------------
Simulation - JOURS 66 DE LA SAISON hiver
------------------------------------------
------------------RESERVE-----------------
LA RESERVE CONTIENT :
Herbe[id:169 quantite: 753]  en position (0, 0)
Eau[id:170 quantite: 170]  en position (0, 0)
Graine[id:171 quantite: 670]  en position (0, 0)
Foin[id:172 quantite: 324]  en position (0, 0)
------------------------------------------
-------------------POCHE------------------
LA POCHE CONTIENT:
Herbe[id:165 quantite: 11]  en position (5, 6)
Foin[id:166 quantite: 200]  en position (5, 6)
Eau[id:167 quantite: 143]  en position (5, 6)
Graine[id:168 quantite: 18]  en position (5, 6)
------------------------------------------
------------RAPPORT JOURNALIER------------
LE FERMIER RAJOUTE Herbe x11 SUR SA CASE
Le fermier trait la vache !
Le fermier trait la vache !
L'animal Vache mange Herbe[id:526 quantite: 0]  en position (4, 6)
Pas de bÚbÚ pour Animal de la ferme: Vache en position 7 6 vie restante: 63
L'animal Poule n'a pas trouvÚ de nourriture...
Pas de bÚbÚ pour Animal de la ferme: Poule en position 2 0 vie restante: 20
L'animal Vache mange Herbe[id:547 quantite: 0]  en position (8, 8)
Pas de bÚbÚ pour Animal de la ferme: Vache en position 8 8 vie restante: 79
L'animal Vache mange Herbe[id:521 quantite: 0]  en position (9, 1)
Pas de bÚbÚ pour Animal de la ferme: Vache en position 5 9 vie restante: 55
De l'herbe commence Ó s'agrandir en 0,4 !
De l'herbe commence Ó s'agrandir en 0,5 !
De l'herbe commence Ó s'agrandir en 0,7 !
De l'herbe vient de pousser sur la case 2,5 !
De l'herbe commence Ó s'agrandir en 7,3 !
De l'herbe commence Ó s'agrandir en 7,7 !
De l'herbe vient de pousser sur la case 8,8 !
De l'herbe vient de pousser sur la case 9,3 !
De l'herbe vient de pousser sur la case 9,4 !
---------REAPPROVISIONNEMENT--------------
LE FERMIER RENTRE CHEZ LUI POUR RECUPERER 5 Herbe
LE FERMIER RENTRE CHEZ LUI POUR RECUPERER 5 Eau
LE FERMIER RENTRE CHEZ LUI POUR RECUPERER 11 Graine
LE FERMIER RENTRE CHEZ LUI POUR RECUPERER 8 Foin
-------ETAT ACTUEL DE LA FERME ET DE LA FORET-------
:--:--:--:--:--:--:--:--:--:--:
|He|He|He|  |He|He|He|He|He|He|
:--:--:--:--:--:--:--:--:--:--:
|He|  |  |  |  |He|  |He|  |He|
:--:--:--:--:--:--:--:--:--:--:
|He|He|  |He|He|He|Ea|He|He|He|
:--:--:--:--:--:--:--:--:--:--:
|Fo|He|He|He|He|  |He|He|He|Gr|
:--:--:--:--:--:--:--:--:--:--:
|  |He|  |  |He|He|  |He|He|  |
:--:--:--:--:--:--:--:--:--:--:
|He|He|  |He|He|Gr|He|He|He|He|
:--:--:--:--:--:--:--:--:--:--:
|  |He|He|He|  |He|Fo|He|He|He|
:--:--:--:--:--:--:--:--:--:--:
|He|He|He|He|Ea|  |  |He|He|He|
:--:--:--:--:--:--:--:--:--:--:
|He|He|He|  |He|He|He|He|He|He|
:--:--:--:--:--:--:--:--:--:--:
|  |  |He|He|He|  |He|He|  |He|
:--:--:--:--:--:--:--:--:--:--:

------------------------------------------
Simulation - JOURS 67 DE LA SAISON hiver
------------------------------------------
------------------RESERVE-----------------
LA RESERVE CONTIENT :
Herbe[id:169 quantite: 748]  en position (0, 0)
Eau[id:170 quantite: 165]  en position (0, 0)
Graine[id:171 quantite: 659]  en position (0, 0)
Foin[id:172 quantite: 316]  en position (0, 0)
------------------------------------------
-------------------POCHE------------------
LA POCHE CONTIENT:
Herbe[id:165 quantite: 5]  en position (5, 6)
Foin[id:166 quantite: 208]  en position (5, 6)
Eau[id:167 quantite: 148]  en position (5, 6)
Graine[id:168 quantite: 29]  en position (5, 6)
------------------------------------------
------------RAPPORT JOURNALIER------------
Le fermier dÚpose 148 Eau par terre
Le fermier trait la vache !
L'animal Poule n'a pas trouvÚ de nourriture...
Pas de bÚbÚ pour Animal de la ferme: Poule en position 1 1 vie restante: 20
L'animal Vache mange Herbe[id:412 quantite: 0]  en position (0, 0)
Pas de bÚbÚ pour Animal de la ferme: Vache en position 8 7 vie restante: 90
L'animal Vache mange Herbe[id:562 quantite: 0]  en position (1, 7)
Pas de bÚbÚ pour Animal de la ferme: Vache en position 1 7 vie restante: 50
L'animal prÚdateur mange Animal de la ferme: Vache en position 4 3 vie restante: 55
De l'herbe vient de pousser sur la case 0,0 !
De l'herbe vient de pousser sur la case 0,3 !
De l'herbe vient de pousser sur la case 1,6 !
De l'herbe commence Ó s'agrandir en 2,5 !
De l'herbe commence Ó s'agrandir en 3,6 !
De l'herbe commence Ó s'agrandir en 4,8 !
De l'herbe commence Ó s'agrandir en 5,6 !
De l'herbe commence Ó s'agrandir en 8,9 !
De l'herbe commence Ó s'agrandir en 9,4 !
---------REAPPROVISIONNEMENT--------------
LE FERMIER RENTRE CHEZ LUI POUR RECUPERER 3 Herbe
LE FERMIER RENTRE CHEZ LUI POUR RECUPERER 7 Eau
LE FERMIER RENTRE CHEZ LUI POUR RECUPERER 6 Graine
LE FERMIER RENTRE CHEZ LUI POUR RECUPERER 5 Foin
-------ETAT ACTUEL DE LA FERME ET DE LA FORET-------
:--:--:--:--:--:--:--:--:--:--:
|He|He|He|He|He|He|He|He|He|He|
:--:--:--:--:--:--:--:--:--:--:
|He|Ea|  |  |  |He|He|  |  |He|
:--:--:--:--:--:--:--:--:--:--:
|He|He|  |He|He|He|Ea|He|He|He|
:--:--:--:--:--:--:--:--:--:--:
|Fo|He|He|He|He|  |He|He|He|Gr|
:--:--:--:--:--:--:--:--:--:--:
|  |He|  |  |He|He|  |He|He|  |
:--:--:--:--:--:--:--:--:--:--:
|He|He|  |He|He|Gr|He|He|He|He|
:--:--:--:--:--:--:--:--:--:--:
|  |He|He|He|  |He|Fo|He|He|He|
:--:--:--:--:--:--:--:--:--:--:
|He|He|He|He|Ea|  |  |He|He|He|
:--:--:--:--:--:--:--:--:--:--:
|He|He|He|  |He|  |He|He|He|He|
:--:--:--:--:--:--:--:--:--:--:
|  |  |He|He|He|  |He|He|  |He|
:--:--:--:--:--:--:--:--:--:--:

------------------------------------------
Simulation - JOURS 68 DE LA SAISON hiver
------------------------------------------
------------------RESERVE-----------------
LA RESERVE CONTIENT :
Herbe[id:169 quantite: 745]  en position (0, 0)
Eau[id:170 quantite: 158]  en position (0, 0)
Graine[id:171 quantite: 653]  en position (0, 0)
Foin[id:172 quantite: 311]  en position (0, 0)
------------------------------------------
-------------------POCHE------------------
LA POCHE CONTIENT:
Herbe[id:165 quantite: 8]  en position (6, 4)
Foin[id:166 quantite: 213]  en position (6, 4)
Eau[id:167 quantite: 7]  en position (6, 4)
Graine[id:168 quantite: 35]  en position (6, 4)
------------------------------------------
------------RAPPORT JOURNALIER------------
Le fermier dÚpose 8 Herbe par terre
Le fermier trait la vache !
L'animal Vache mange Herbe[id:614 quantite: 0]  en position (7, 3)
L'animal Animal de la ferme: Vache en position 2 2 vie restante: 24 se reproduit
L'animal Poule n'a pas trouvÚ de nourriture...
Pas de bÚbÚ pour Animal de la ferme: Poule en position 2 4 vie restante: 20
L'animal Vache mange Herbe[id:471 quantite: 0]  en position (1, 0)
Pas de bÚbÚ pour Animal de la ferme: Vache en position 9 6 vie restante: 100
L'animal Vache mange Herbe[id:594 quantite: 0]  en position (7, 9)
L'animal Animal de la ferme: Vache en position 8 3 vie restante: 20 se reproduit
L'animal Vache mange Herbe[id:528 quantite: 0]  en position (8, 0)
Pas de bÚbÚ pour Animal de la ferme: Vache en position 9 5 vie restante: 34
De l'herbe commence Ó s'agrandir en 0,5 !
De l'herbe commence Ó s'agrandir en 2,3 !
De l'herbe commence Ó s'agrandir en 4,8 !
De l'herbe vient de pousser sur la case 4,9 !
De l'herbe commence Ó s'agrandir en 6,4 !
De l'herbe commence Ó s'agrandir en 7,1 !
De l'herbe commence Ó s'agrandir en 7,2 !
De l'herbe vient de pousser sur la case 8,5 !
De l'herbe commence Ó s'agrandir en 8,9 !
De l'herbe commence Ó s'agrandir en 9,7 !
---------REAPPROVISIONNEMENT--------------
LE FERMIER RENTRE CHEZ LUI POUR RECUPERER 11 Herbe
LE FERMIER RENTRE CHEZ LUI POUR RECUPERER 6 Eau
LE FERMIER RENTRE CHEZ LUI POUR RECUPERER 3 Graine
LE FERMIER RENTRE CHEZ LUI POUR RECUPERER 3 Foin
-------ETAT ACTUEL DE LA FERME ET DE LA FORET-------
:--:--:--:--:--:--:--:--:--:--:
|He|He|He|He|He|He|He|He|He|He|
:--:--:--:--:--:--:--:--:--:--:
|  |Ea|  |  |  |He|He|  |  |He|
:--:--:--:--:--:--:--:--:--:--:
|He|He|  |He|  |He|Ea|He|He|He|
:--:--:--:--:--:--:--:--:--:--:
|Fo|He|He|He|He|  |He|He|He|Gr|
:--:--:--:--:--:--:--:--:--:--:
|  |He|  |  |He|He|  |He|He|He|
:--:--:--:--:--:--:--:--:--:--:
|He|He|  |He|He|Gr|He|He|He|He|
:--:--:--:--:--:--:--:--:--:--:
|  |He|He|He|He|He|Fo|He|He|He|
:--:--:--:--:--:--:--:--:--:--:
|He|He|He|  |Ea|  |  |He|He|  |
:--:--:--:--:--:--:--:--:--:--:
|  |He|He|  |He|He|He|He|He|He|
:--:--:--:--:--:--:--:--:--:--:
|  |  |He|He|He|  |He|He|  |He|
:--:--:--:--:--:--:--:--:--:--:

------------------------------------------
Simulation - JOURS 69 DE LA SAISON hiver
------------------------------------------
------------------RESERVE-----------------
LA RESERVE CONTIENT :
Herbe[id:169 quantite: 734]  en position (0, 0)
Eau[id:170 quantite: 152]  en position (0, 0)
Graine[id:171 quantite: 650]  en position (0, 0)
Foin[id:172 quantite: 308]  en position (0, 0)
------------------------------------------
-------------------POCHE------------------
LA POCHE CONTIENT:
Herbe[id:165 quantite: 11]  en position (9, 8)
Foin[id:166 quantite: 216]  en position (9, 8)
Eau[id:167 quantite: 13]  en position (9, 8)
Graine[id:168 quantite: 38]  en position (9, 8)
------------------------------------------
------------RAPPORT JOURNALIER------------
Le fermier dÚpose 216 Foin par terre
Le fermier trait la vache !
Le fermier trait la vache !
L'animal Poule n'a pas trouvÚ de nourriture...
L'animal Animal de la ferme: Poule en position 9 4 vie restante: 10 se reproduit
L'animal Vache mange Herbe[id:610 quantite: 0]  en position (0, 7)
Pas de bÚbÚ pour Animal de la ferme: Vache en position 0 7 vie restante: 100
L'animal prÚdateur mange Animal de la ferme: Vache en position 3 3 vie restante: 20
L'animal prÚdateur mange Animal de la ferme: Poule en position 0 0 vie restante: 10
L'animal Vache mange Herbe[id:604 quantite: 0]  en position (5, 1)
Pas de bÚbÚ pour Animal de la ferme: Vache en position 2 0 vie restante: 38
De l'herbe commence Ó s'agrandir en 0,5 !
De l'herbe vient de pousser sur la case 4,6 !
De l'herbe commence Ó s'agrandir en 5,3 !
De l'herbe commence Ó s'agrandir en 5,4 !
De l'herbe commence Ó s'agrandir en 6,1 !
De l'herbe commence Ó s'agrandir en 8,2 !
De l'herbe vient de pousser sur la case 9,0 !
---------REAPPROVISIONNEMENT--------------
LE FERMIER RENTRE CHEZ LUI POUR RECUPERER 11 Herbe
LE FERMIER RENTRE CHEZ LUI POUR RECUPERER 7 Eau
LE FERMIER RENTRE CHEZ LUI POUR RECUPERER 4 Graine
LE FERMIER RENTRE CHEZ LUI POUR RECUPERER 3 Foin
-------ETAT ACTUEL DE LA FERME ET DE LA FORET-------
:--:--:--:--:--:--:--:--:--:--:
|He|He|He|He|He|He|He|  |He|He|
:--:--:--:--:--:--:--:--:--:--:
|  |Ea|  |  |  |He|He|  |  |He|
:--:--:--:--:--:--:--:--:--:--:
|He|He|  |He|  |He|Ea|He|He|He|
:--:--:--:--:--:--:--:--:--:--:
|Fo|He|He|He|He|  |He|He|He|Gr|
:--:--:--:--:--:--:--:--:--:--:
|  |He|  |  |He|He|He|He|He|He|
:--:--:--:--:--:--:--:--:--:--:
|He|  |  |He|He|Gr|He|He|He|He|
:--:--:--:--:--:--:--:--:--:--:
|  |He|He|He|He|He|Fo|He|He|He|
:--:--:--:--:--:--:--:--:--:--:
|He|He|He|  |Ea|  |  |He|He|  |
:--:--:--:--:--:--:--:--:--:--:
|  |He|He|  |He|He|He|He|He|He|
:--:--:--:--:--:--:--:--:--:--:
|He|  |He|He|  |  |He|He|Fo|He|
:--:--:--:--:--:--:--:--:--:--:

UPDATE DE LA RESERVE
------------------------------------------
Simulation - JOURS 70 DE LA SAISON hiver
------------------------------------------
------------------RESERVE-----------------
LA RESERVE CONTIENT :
Herbe[id:169 quantite: 761]  en position (0, 0)
Eau[id:170 quantite: 215]  en position (0, 0)
Graine[id:171 quantite: 689]  en position (0, 0)
Foin[id:172 quantite: 341]  en position (0, 0)
------------------------------------------
-------------------POCHE------------------
LA POCHE CONTIENT:
Herbe[id:165 quantite: 22]  en position (7, 3)
Foin[id:166 quantite: 3]  en position (7, 3)
Eau[id:167 quantite: 20]  en position (7, 3)
Graine[id:168 quantite: 42]  en position (7, 3)
------------------------------------------
------------RAPPORT JOURNALIER------------
Le fermier dÚpose 3 Foin par terre
Le fermier trait la vache !
L'animal Poule n'a pas trouvÚ de nourriture...
Pas de bÚbÚ pour Animal de la ferme: Poule en position 0 5 vie restante: 10
L'animal Vache mange Herbe[id:334 quantite: 0]  en position (9, 6)
Pas de bÚbÚ pour Animal de la ferme: Vache en position 9 6 vie restante: 42
L'animal Vache mange Herbe[id:529 quantite: 0]  en position (8, 1)
Pas de bÚbÚ pour Animal de la ferme: Vache en position 9 0 vie restante: 40
De l'herbe vient de pousser sur la case 0,5 !
De l'herbe commence Ó s'agrandir en 1,6 !
De l'herbe commence Ó s'agrandir en 1,9 !
De l'herbe commence Ó s'agrandir en 2,5 !
De l'herbe commence Ó s'agrandir en 3,4 !
De l'herbe commence Ó s'agrandir en 4,1 !
De l'herbe commence Ó s'agrandir en 4,4 !
De l'herbe commence Ó s'agrandir en 4,7 !
De l'herbe vient de pousser sur la case 5,2 !
De l'herbe commence Ó s'agrandir en 5,3 !
De l'herbe commence Ó s'agrandir en 5,8 !
De l'herbe vient de pousser sur la case 6,0 !
De l'herbe vient de pousser sur la case 7,9 !
---------REAPPROVISIONNEMENT--------------
LE FERMIER RENTRE CHEZ LUI POUR RECUPERER 9 Herbe
LE FERMIER RENTRE CHEZ LUI POUR RECUPERER 2 Eau
LE FERMIER RENTRE CHEZ LUI POUR RECUPERER 7 Graine
LE FERMIER RENTRE CHEZ LUI POUR RECUPERER 10 Foin
-------ETAT ACTUEL DE LA FERME ET DE LA FORET-------
:--:--:--:--:--:--:--:--:--:--:
|He|He|He|He|He|He|He|  |He|He|
:--:--:--:--:--:--:--:--:--:--:
|  |Ea|  |  |  |He|He|  |  |He|
:--:--:--:--:--:--:--:--:--:--:
|He|He|  |He|  |He|Ea|He|He|He|
:--:--:--:--:--:--:--:--:--:--:
|Fo|He|He|He|He|  |He|He|He|Gr|
:--:--:--:--:--:--:--:--:--:--:
|  |He|  |  |He|He|He|He|He|He|
:--:--:--:--:--:--:--:--:--:--:
|He|  |He|He|He|Gr|He|He|He|He|
:--:--:--:--:--:--:--:--:--:--:
|He|He|He|He|He|He|Fo|He|He|He|
:--:--:--:--:--:--:--:--:--:--:
|He|He|He|Fo|Ea|  |  |He|He|He|
:--:--:--:--:--:--:--:--:--:--:
|  |  |He|  |He|He|He|He|He|He|
:--:--:--:--:--:--:--:--:--:--:
|He|  |He|He|  |  |  |He|Fo|He|
:--:--:--:--:--:--:--:--:--:--:

------------------------------------------
Simulation - JOURS 71 DE LA SAISON hiver
------------------------------------------
------------------RESERVE-----------------
LA RESERVE CONTIENT :
Herbe[id:169 quantite: 752]  en position (0, 0)
Eau[id:170 quantite: 213]  en position (0, 0)
Graine[id:171 quantite: 682]  en position (0, 0)
Foin[id:172 quantite: 331]  en position (0, 0)
------------------------------------------
-------------------POCHE------------------
LA POCHE CONTIENT:
Herbe[id:165 quantite: 31]  en position (7, 2)
Foin[id:166 quantite: 10]  en position (7, 2)
Eau[id:167 quantite: 22]  en position (7, 2)
Graine[id:168 quantite: 49]  en position (7, 2)
------------------------------------------
------------RAPPORT JOURNALIER------------
LE FERMIER RAJOUTE Herbe x31 SUR SA CASE
Le fermier trait la vache !
Le fermier trait la vache !
L'animal Poule n'a pas trouvÚ de nourriture...
Pas de bÚbÚ pour Animal de la ferme: Poule en position 8 8 vie restante: 10
L'animal Vache mange Herbe[id:592 quantite: 0]  en position (4, 8)
Pas de bÚbÚ pour Animal de la ferme: Vache en position 1 4 vie restante: 60
De l'herbe vient de pousser sur la case 1,3 !
De l'herbe vient de pousser sur la case 1,4 !
De l'herbe commence Ó s'agrandir en 1,5 !
De l'herbe commence Ó s'agrandir en 2,9 !
De l'herbe vient de pousser sur la case 4,3 !
De l'herbe commence Ó s'agrandir en 4,4 !
De l'herbe commence Ó s'agrandir en 5,7 !
De l'herbe commence Ó s'agrandir en 7,2 !
De l'herbe commence Ó s'agrandir en 7,8 !
De l'herbe commence Ó s'agrandir en 9,3 !
De l'herbe vient de pousser sur la case 9,6 !
---------REAPPROVISIONNEMENT--------------
LE FERMIER RENTRE CHEZ LUI POUR RECUPERER 9 Herbe
LE FERMIER RENTRE CHEZ LUI POUR RECUPERER 4 Eau
LE FERMIER RENTRE CHEZ LUI POUR RECUPERER 3 Graine
LE FERMIER RENTRE CHEZ LUI POUR RECUPERER 2 Foin
-------ETAT ACTUEL DE LA FERME ET DE LA FORET-------
:--:--:--:--:--:--:--:--:--:--:
|He|He|He|He|He|He|He|  |He|He|
:--:--:--:--:--:--:--:--:--:--:
|  |Ea|  |He|He|He|He|  |  |He|
:--:--:--:--:--:--:--:--:--:--:
|He|He|  |He|  |He|Ea|He|He|He|
:--:--:--:--:--:--:--:--:--:--:
|Fo|He|He|He|He|  |He|He|He|Gr|
:--:--:--:--:--:--:--:--:--:--:
|  |He|  |He|He|He|He|He|  |He|
:--:--:--:--:--:--:--:--:--:--:
|He|  |He|He|He|Gr|He|He|He|He|
:--:--:--:--:--:--:--:--:--:--:
|He|He|He|He|He|He|Fo|He|He|He|
:--:--:--:--:--:--:--:--:--:--:
|He|He|He|Fo|Ea|  |  |He|He|He|
:--:--:--:--:--:--:--:--:--:--:
|  |  |He|  |He|He|He|He|He|He|
:--:--:--:--:--:--:--:--:--:--:
|He|  |He|He|  |  |He|He|  |He|
:--:--:--:--:--:--:--:--:--:--:

------------------------------------------
Simulation - JOURS 72 DE LA SAISON hiver
------------------------------------------
------------------RESERVE-----------------
LA RESERVE CONTIENT :
Herbe[id:169 quantite: 743]  en position (0, 0)
Eau[id:170 quantite: 209]  en position (0, 0)
Graine[id:171 quantite: 679]  en position (0, 0)
Foin[id:172 quantite: 329]  en position (0, 0)
------------------------------------------
-------------------POCHE------------------
LA POCHE CONTIENT:
Herbe[id:165 quantite: 9]  en position (7, 2)
Foin[id:166 quantite: 12]  en position (7, 2)
Eau[id:167 quantite: 26]  en position (7, 2)
Graine[id:168 quantite: 52]  en position (7, 2)
------------------------------------------
------------RAPPORT JOURNALIER------------
LE FERMIER RAJOUTE Herbe x9 SUR SA CASE
Le fermier trait la vache !
Le fermier trait la vache !
L'animal Poule n'a pas trouvÚ de nourriture...
Pas de bÚbÚ pour Animal de la ferme: Poule en position 9 2 vie restante: 10
L'animal Vache mange Herbe[id:433 quantite: 0]  en position (5, 8)
Pas de bÚbÚ pour Animal de la ferme: Vache en position 5 9 vie restante: 100
L'animal prÚdateur mange Animal de la ferme: Vache en position 5 6 vie restante: 40
De l'herbe commence Ó s'agrandir en 0,5 !
De l'herbe commence Ó s'agrandir en 2,0 !
De l'herbe commence Ó s'agrandir en 2,1 !
De l'herbe commence Ó s'agrandir en 4,5 !
De l'herbe commence Ó s'agrandir en 4,7 !
De l'herbe commence Ó s'agrandir en 5,0 !
---------REAPPROVISIONNEMENT--------------
LE FERMIER RENTRE CHEZ LUI POUR RECUPERER 7 Herbe
LE FERMIER RENTRE CHEZ LUI POUR RECUPERER 6 Eau
LE FERMIER RENTRE CHEZ LUI POUR RECUPERER 5 Graine
LE FERMIER RENTRE CHEZ LUI POUR RECUPERER 7 Foin
-------ETAT ACTUEL DE LA FERME ET DE LA FORET-------
:--:--:--:--:--:--:--:--:--:--:
|He|He|He|He|He|He|He|  |He|He|
:--:--:--:--:--:--:--:--:--:--:
|  |Ea|  |He|He|He|He|  |  |He|
:--:--:--:--:--:--:--:--:--:--:
|He|He|  |He|  |He|Ea|He|He|He|
:--:--:--:--:--:--:--:--:--:--:
|Fo|He|He|He|He|  |He|He|He|Gr|
:--:--:--:--:--:--:--:--:--:--:
|  |He|  |He|He|He|He|He|  |He|
:--:--:--:--:--:--:--:--:--:--:
|He|  |He|He|He|Gr|He|He|  |He|
:--:--:--:--:--:--:--:--:--:--:
|He|He|He|He|He|He|Fo|He|He|He|
:--:--:--:--:--:--:--:--:--:--:
|He|He|He|Fo|Ea|  |  |He|He|He|
:--:--:--:--:--:--:--:--:--:--:
|  |  |He|  |He|He|He|He|  |He|
:--:--:--:--:--:--:--:--:--:--:
|He|  |He|He|  |  |He|He|  |He|
:--:--:--:--:--:--:--:--:--:--:

------------------------------------------
Simulation - JOURS 73 DE LA SAISON hiver
------------------------------------------
------------------RESERVE-----------------
LA RESERVE CONTIENT :
Herbe[id:169 quantite: 736]  en position (0, 0)
Eau[id:170 quantite: 203]  en position (0, 0)
Graine[id:171 quantite: 674]  en position (0, 0)
Foin[id:172 quantite: 322]  en position (0, 0)
------------------------------------------
-------------------POCHE------------------
LA POCHE CONTIENT:
Herbe[id:165 quantite: 7]  en position (7, 2)
Foin[id:166 quantite: 19]  en position (7, 2)
Eau[id:167 quantite: 32]  en position (7, 2)
Graine[id:168 quantite: 57]  en position (7, 2)
------------------------------------------
------------RAPPORT JOURNALIER------------
Le fermier dÚpose 19 Foin par terre
Le fermier trait la vache !
L'animal Vache mange Herbe[id:423 quantite: 0]  en position (5, 9)
Pas de bÚbÚ pour Animal de la ferme: Vache en position 5 9 vie restante: 100
L'animal Vache mange Herbe[id:620 quantite: 0]  en position (2, 5)
Pas de bÚbÚ pour Animal de la ferme: Vache en position 2 7 vie restante: 53
De l'herbe commence Ó s'agrandir en 3,4 !
De l'herbe commence Ó s'agrandir en 4,4 !
De l'herbe commence Ó s'agrandir en 5,7 !
---------REAPPROVISIONNEMENT--------------
LE FERMIER RENTRE CHEZ LUI POUR RECUPERER 10 Herbe
LE FERMIER RENTRE CHEZ LUI POUR RECUPERER 2 Eau
LE FERMIER RENTRE CHEZ LUI POUR RECUPERER 5 Graine
LE FERMIER RENTRE CHEZ LUI POUR RECUPERER 7 Foin
-------ETAT ACTUEL DE LA FERME ET DE LA FORET-------
:--:--:--:--:--:--:--:--:--:--:
|He|He|He|He|He|He|He|  |He|He|
:--:--:--:--:--:--:--:--:--:--:
|  |Ea|  |He|He|He|He|  |  |He|
:--:--:--:--:--:--:--:--:--:--:
|He|He|  |He|  |  |Ea|He|He|He|
:--:--:--:--:--:--:--:--:--:--:
|Fo|He|He|He|He|  |He|He|He|Gr|
:--:--:--:--:--:--:--:--:--:--:
|  |He|  |He|He|He|He|He|  |He|
:--:--:--:--:--:--:--:--:--:--:
|He|Fo|He|He|He|Gr|He|He|  |  |
:--:--:--:--:--:--:--:--:--:--:
|He|He|He|He|He|He|Fo|He|He|He|
:--:--:--:--:--:--:--:--:--:--:
|He|He|He|Fo|Ea|  |  |He|He|He|
:--:--:--:--:--:--:--:--:--:--:
|  |  |He|  |He|He|He|He|  |He|
:--:--:--:--:--:--:--:--:--:--:
|He|  |He|He|  |  |He|He|  |He|
:--:--:--:--:--:--:--:--:--:--:

------------------------------------------
Simulation - JOURS 74 DE LA SAISON hiver
------------------------------------------
------------------RESERVE-----------------
LA RESERVE CONTIENT :
Herbe[id:169 quantite: 726]  en position (0, 0)
Eau[id:170 quantite: 201]  en position (0, 0)
Graine[id:171 quantite: 669]  en position (0, 0)
Foin[id:172 quantite: 315]  en position (0, 0)
------------------------------------------
-------------------POCHE------------------
LA POCHE CONTIENT:
Herbe[id:165 quantite: 17]  en position (5, 1)
Foin[id:166 quantite: 7]  en position (5, 1)
Eau[id:167 quantite: 34]  en position (5, 1)
Graine[id:168 quantite: 62]  en position (5, 1)
------------------------------------------
------------RAPPORT JOURNALIER------------
LE FERMIER RAJOUTE Foin x7 SUR SA CASE
Le fermier trait la vache !
L'animal Vache mange Herbe[id:445 quantite: 0]  en position (2, 7)
Pas de bÚbÚ pour Animal de la ferme: Vache en position 2 2 vie restante: 97
De l'herbe commence Ó s'agrandir en 0,5 !
De l'herbe commence Ó s'agrandir en 2,3 !
De l'herbe vient de pousser sur la case 2,4 !
De l'herbe commence Ó s'agrandir en 2,8 !
De l'herbe vient de pousser sur la case 7,5 !
De l'herbe commence Ó s'agrandir en 8,4 !
De l'herbe vient de pousser sur la case 9,4 !
De l'herbe commence Ó s'agrandir en 9,9 !
---------REAPPROVISIONNEMENT--------------
LE FERMIER RENTRE CHEZ LUI POUR RECUPERER 11 Herbe
LE FERMIER RENTRE CHEZ LUI POUR RECUPERER 3 Eau
LE FERMIER RENTRE CHEZ LUI POUR RECUPERER 7 Graine
LE FERMIER RENTRE CHEZ LUI POUR RECUPERER 7 Foin
-------ETAT ACTUEL DE LA FERME ET DE LA FORET-------
:--:--:--:--:--:--:--:--:--:--:
|He|He|He|He|He|He|He|  |He|He|
:--:--:--:--:--:--:--:--:--:--:
|  |Ea|  |He|He|He|He|  |  |He|
:--:--:--:--:--:--:--:--:--:--:
|He|He|  |He|He|  |Ea|  |He|He|
:--:--:--:--:--:--:--:--:--:--:
|Fo|He|He|He|He|  |He|He|He|Gr|
:--:--:--:--:--:--:--:--:--:--:
|  |He|  |He|He|He|He|He|  |He|
:--:--:--:--:--:--:--:--:--:--:
|He|Fo|He|He|He|Gr|He|He|  |  |
:--:--:--:--:--:--:--:--:--:--:
|He|He|He|He|He|He|Fo|He|He|He|
:--:--:--:--:--:--:--:--:--:--:
|He|He|He|Fo|Ea|He|  |He|He|He|
:--:--:--:--:--:--:--:--:--:--:
|  |  |He|  |He|He|He|He|  |He|
:--:--:--:--:--:--:--:--:--:--:
|He|  |He|He|He|  |He|He|  |He|
:--:--:--:--:--:--:--:--:--:--:

------------------------------------------
Simulation - JOURS 75 DE LA SAISON hiver
------------------------------------------
------------------RESERVE-----------------
LA RESERVE CONTIENT :
Herbe[id:169 quantite: 715]  en position (0, 0)
Eau[id:170 quantite: 198]  en position (0, 0)
Graine[id:171 quantite: 662]  en position (0, 0)
Foin[id:172 quantite: 308]  en position (0, 0)
------------------------------------------
-------------------POCHE------------------
LA POCHE CONTIENT:
Herbe[id:165 quantite: 28]  en position (5, 1)
Foin[id:166 quantite: 7]  en position (5, 1)
Eau[id:167 quantite: 37]  en position (5, 1)
Graine[id:168 quantite: 69]  en position (5, 1)
------------------------------------------
------------RAPPORT JOURNALIER------------
LE FERMIER RAJOUTE Herbe x28 SUR SA CASE
Le fermier trait la vache !
Le fermier trait la vache !
Le fermier trait la vache !
L'animal Vache mange Foin[id:645 quantite: 0]  en position (7, 3)
Pas de bÚbÚ pour Animal de la ferme: Vache en position 7 3 vie restante: 83
L'animal Vache mange Herbe[id:667 quantite: 0]  en position (9, 4)
Pas de bÚbÚ pour Animal de la ferme: Vache en position 4 6 vie restante: 51
L'animal Vache mange Herbe[id:602 quantite: 0]  en position (0, 2)
Pas de bÚbÚ pour Animal de la ferme: Vache en position 3 5 vie restante: 100
De l'herbe vient de pousser sur la case 1,2 !
De l'herbe vient de pousser sur la case 2,7 !
De l'herbe commence Ó s'agrandir en 5,2 !
De l'herbe commence Ó s'agrandir en 6,4 !
De l'herbe vient de pousser sur la case 8,1 !
---------REAPPROVISIONNEMENT--------------
LE FERMIER RENTRE CHEZ LUI POUR RECUPERER 8 Herbe
LE FERMIER RENTRE CHEZ LUI POUR RECUPERER 11 Eau
LE FERMIER RENTRE CHEZ LUI POUR RECUPERER 11 Graine
LE FERMIER RENTRE CHEZ LUI POUR RECUPERER 8 Foin
-------ETAT ACTUEL DE LA FERME ET DE LA FORET-------
:--:--:--:--:--:--:--:--:--:--:
|He|He|  |He|He|He|He|  |He|He|
:--:--:--:--:--:--:--:--:--:--:
|  |Ea|He|He|He|He|He|  |  |He|
:--:--:--:--:--:--:--:--:--:--:
|He|He|  |He|He|  |Ea|He|He|He|
:--:--:--:--:--:--:--:--:--:--:
|Fo|He|He|He|He|  |He|He|He|Gr|
:--:--:--:--:--:--:--:--:--:--:
|  |He|  |He|He|He|He|He|  |He|
:--:--:--:--:--:--:--:--:--:--:
|He|Fo|He|He|He|Gr|He|He|  |  |
:--:--:--:--:--:--:--:--:--:--:
|He|He|He|He|He|He|Fo|He|He|He|
:--:--:--:--:--:--:--:--:--:--:
|He|He|He|  |Ea|He|  |He|He|He|
:--:--:--:--:--:--:--:--:--:--:
|  |He|He|  |He|He|He|He|  |He|
:--:--:--:--:--:--:--:--:--:--:
|He|  |He|He|  |  |He|He|  |He|
:--:--:--:--:--:--:--:--:--:--:

------------------------------------------
Simulation - JOURS 76 DE LA SAISON hiver
------------------------------------------
------------------RESERVE-----------------
LA RESERVE CONTIENT :
Herbe[id:169 quantite: 707]  en position (0, 0)
Eau[id:170 quantite: 187]  en position (0, 0)
Graine[id:171 quantite: 651]  en position (0, 0)
Foin[id:172 quantite: 300]  en position (0, 0)
------------------------------------------
-------------------POCHE------------------
LA POCHE CONTIENT:
Herbe[id:165 quantite: 8]  en position (5, 1)
Foin[id:166 quantite: 15]  en position (5, 1)
Eau[id:167 quantite: 48]  en position (5, 1)
Graine[id:168 quantite: 80]  en position (5, 1)
------------------------------------------
------------RAPPORT JOURNALIER------------
LE FERMIER RAJOUTE Herbe x8 SUR SA CASE
Le fermier trait la vache !
Le fermier trait la vache !
L'animal Poule n'a pas trouvÚ de nourriture...
Pas de bÚbÚ pour Animal de la ferme: Poule en position 2 7 vie restante: 10
L'animal Vache mange Herbe[id:643 quantite: 0]  en position (4, 6)
Pas de bÚbÚ pour Animal de la ferme: Vache en position 7 1 vie restante: 53
De l'herbe commence Ó s'agrandir en 0,9 !
De l'herbe commence Ó s'agrandir en 3,1 !
De l'herbe commence Ó s'agrandir en 3,2 !
De l'herbe vient de pousser sur la case 3,5 !
De l'herbe vient de pousser sur la case 4,8 !
De l'herbe commence Ó s'agrandir en 5,4 !
De l'herbe vient de pousser sur la case 5,8 !
De l'herbe vient de pousser sur la case 5,9 !
De l'herbe commence Ó s'agrandir en 8,1 !
De l'herbe commence Ó s'agrandir en 8,4 !
De l'herbe commence Ó s'agrandir en 8,5 !
De l'herbe vient de pousser sur la case 8,8 !
De l'herbe commence Ó s'agrandir en 9,7 !
---------REAPPROVISIONNEMENT--------------
LE FERMIER RENTRE CHEZ LUI POUR RECUPERER 3 Herbe
LE FERMIER RENTRE CHEZ LUI POUR RECUPERER 5 Eau
LE FERMIER RENTRE CHEZ LUI POUR RECUPERER 8 Graine
LE FERMIER RENTRE CHEZ LUI POUR RECUPERER 2 Foin
-------ETAT ACTUEL DE LA FERME ET DE LA FORET-------
:--:--:--:--:--:--:--:--:--:--:
|He|He|  |He|He|He|He|  |He|He|
:--:--:--:--:--:--:--:--:--:--:
|  |Ea|He|He|He|He|He|  |  |He|
:--:--:--:--:--:--:--:--:--:--:
|He|He|  |He|He|  |Ea|He|He|He|
:--:--:--:--:--:--:--:--:--:--:
|Fo|He|He|He|He|He|He|He|He|Gr|
:--:--:--:--:--:--:--:--:--:--:
|  |He|  |He|He|He|  |He|He|He|
:--:--:--:--:--:--:--:--:--:--:
|He|Fo|He|He|He|Gr|He|He|He|He|
:--:--:--:--:--:--:--:--:--:--:
|He|He|He|He|He|He|Fo|He|He|He|
:--:--:--:--:--:--:--:--:--:--:
|He|  |He|  |Ea|He|  |He|He|He|
:--:--:--:--:--:--:--:--:--:--:
|  |He|He|  |He|He|He|He|He|He|
:--:--:--:--:--:--:--:--:--:--:
|He|  |He|He|  |  |He|He|  |He|
:--:--:--:--:--:--:--:--:--:--:

------------------------------------------
Simulation - JOURS 77 DE LA SAISON hiver
------------------------------------------
------------------RESERVE-----------------
LA RESERVE CONTIENT :
Herbe[id:169 quantite: 704]  en position (0, 0)
Eau[id:170 quantite: 182]  en position (0, 0)
Graine[id:171 quantite: 643]  en position (0, 0)
Foin[id:172 quantite: 298]  en position (0, 0)
------------------------------------------
-------------------POCHE------------------
LA POCHE CONTIENT:
Herbe[id:165 quantite: 3]  en position (5, 1)
Foin[id:166 quantite: 17]  en position (5, 1)
Eau[id:167 quantite: 53]  en position (5, 1)
Graine[id:168 quantite: 88]  en position (5, 1)
------------------------------------------
------------RAPPORT JOURNALIER------------
LE FERMIER RAJOUTE Herbe x3 SUR SA CASE
Le fermier trait la vache !
L'animal Vache mange Herbe[id:650 quantite: 0]  en position (5, 2)
Pas de bÚbÚ pour Animal de la ferme: Vache en position 5 2 vie restante: 39
L'animal Poule n'a pas trouvÚ de nourriture...
Pas de bÚbÚ pour Animal de la ferme: Poule en position 7 1 vie restante: 10
L'animal Vache mange Herbe[id:656 quantite: 0]  en position (1, 4)
Pas de bÚbÚ pour Animal de la ferme: Vache en position 1 4 vie restante: 68
De l'herbe commence Ó s'agrandir en 1,2 !
De l'herbe commence Ó s'agrandir en 1,9 !
De l'herbe commence Ó s'agrandir en 3,4 !
De l'herbe commence Ó s'agrandir en 3,6 !
De l'herbe commence Ó s'agrandir en 4,1 !
De l'herbe vient de pousser sur la case 4,6 !
De l'herbe vient de pousser sur la case 5,2 !
De l'herbe commence Ó s'agrandir en 9,9 !
---------REAPPROVISIONNEMENT--------------
LE FERMIER RENTRE CHEZ LUI POUR RECUPERER 9 Herbe
LE FERMIER RENTRE CHEZ LUI POUR RECUPERER 10 Eau
LE FERMIER RENTRE CHEZ LUI POUR RECUPERER 7 Graine
LE FERMIER RENTRE CHEZ LUI POUR RECUPERER 11 Foin
-------ETAT ACTUEL DE LA FERME ET DE LA FORET-------
:--:--:--:--:--:--:--:--:--:--:
|He|He|  |He|He|He|He|  |He|He|
:--:--:--:--:--:--:--:--:--:--:
|  |Ea|He|He|  |He|He|  |  |He|
:--:--:--:--:--:--:--:--:--:--:
|He|He|  |He|He|  |Ea|He|He|He|
:--:--:--:--:--:--:--:--:--:--:
|Fo|He|He|He|He|He|He|He|He|Gr|
:--:--:--:--:--:--:--:--:--:--:
|  |He|  |He|He|He|He|He|He|He|
:--:--:--:--:--:--:--:--:--:--:
|He|Fo|He|He|He|Gr|He|He|He|He|
:--:--:--:--:--:--:--:--:--:--:
|He|He|He|He|He|He|Fo|  |He|He|
:--:--:--:--:--:--:--:--:--:--:
|He|  |He|  |Ea|He|  |He|He|He|
:--:--:--:--:--:--:--:--:--:--:
|  |He|He|  |He|He|He|He|He|He|
:--:--:--:--:--:--:--:--:--:--:
|He|  |He|He|  |  |He|He|  |He|
:--:--:--:--:--:--:--:--:--:--:

------------------------------------------
Simulation - JOURS 78 DE LA SAISON hiver
------------------------------------------
------------------RESERVE-----------------
LA RESERVE CONTIENT :
Herbe[id:169 quantite: 695]  en position (0, 0)
Eau[id:170 quantite: 172]  en position (0, 0)
Graine[id:171 quantite: 636]  en position (0, 0)
Foin[id:172 quantite: 287]  en position (0, 0)
------------------------------------------
-------------------POCHE------------------
LA POCHE CONTIENT:
Herbe[id:165 quantite: 9]  en position (5, 1)
Foin[id:166 quantite: 28]  en position (5, 1)
Eau[id:167 quantite: 63]  en position (5, 1)
Graine[id:168 quantite: 95]  en position (5, 1)
------------------------------------------
------------RAPPORT JOURNALIER------------
LE FERMIER RAJOUTE Herbe x9 SUR SA CASE
Le fermier trait la vache !
L'animal Vache mange Herbe[id:606 quantite: 0]  en position (7, 0)
Pas de bÚbÚ pour Animal de la ferme: Vache en position 9 4 vie restante: 48
L'animal Vache mange Herbe[id:673 quantite: 0]  en position (8, 1)
L'animal Animal de la ferme: Vache en position 2 5 vie restante: 27 se reproduit
L'animal Vache mange Herbe[id:644 quantite: 0]  en position (9, 0)
Pas de bÚbÚ pour Animal de la ferme: Vache en position 9 0 vie restante: 35
De l'herbe commence Ó s'agrandir en 0,4 !
De l'herbe vient de pousser sur la case 1,0 !
De l'herbe commence Ó s'agrandir en 1,3 !
De l'herbe vient de pousser sur la case 4,2 !
De l'herbe commence Ó s'agrandir en 4,7 !
De l'herbe commence Ó s'agrandir en 4,9 !
De l'herbe vient de pousser sur la case 6,7 !
De l'herbe commence Ó s'agrandir en 8,7 !
---------REAPPROVISIONNEMENT--------------
LE FERMIER RENTRE CHEZ LUI POUR RECUPERER 4 Herbe
LE FERMIER RENTRE CHEZ LUI POUR RECUPERER 10 Eau
LE FERMIER RENTRE CHEZ LUI POUR RECUPERER 2 Graine
LE FERMIER RENTRE CHEZ LUI POUR RECUPERER 5 Foin
-------ETAT ACTUEL DE LA FERME ET DE LA FORET-------
:--:--:--:--:--:--:--:--:--:--:
|He|He|  |He|He|He|He|  |He|He|
:--:--:--:--:--:--:--:--:--:--:
|He|Ea|He|He|  |He|He|  |  |He|
:--:--:--:--:--:--:--:--:--:--:
|He|He|  |He|He|  |Ea|He|He|He|
:--:--:--:--:--:--:--:--:--:--:
|Fo|He|He|He|He|He|He|He|He|Gr|
:--:--:--:--:--:--:--:--:--:--:
|  |He|He|He|He|He|He|He|He|He|
:--:--:--:--:--:--:--:--:--:--:
|He|Fo|He|He|He|Gr|He|He|He|He|
:--:--:--:--:--:--:--:--:--:--:
|He|He|He|He|He|He|Fo|He|He|He|
:--:--:--:--:--:--:--:--:--:--:
|  |  |He|  |Ea|He|  |He|He|He|
:--:--:--:--:--:--:--:--:--:--:
|  |  |He|  |He|He|He|He|He|He|
:--:--:--:--:--:--:--:--:--:--:
|  |  |He|He|  |  |He|He|  |He|
:--:--:--:--:--:--:--:--:--:--:

------------------------------------------
Simulation - JOURS 79 DE LA SAISON hiver
------------------------------------------
------------------RESERVE-----------------
LA RESERVE CONTIENT :
Herbe[id:169 quantite: 691]  en position (0, 0)
Eau[id:170 quantite: 162]  en position (0, 0)
Graine[id:171 quantite: 634]  en position (0, 0)
Foin[id:172 quantite: 282]  en position (0, 0)
------------------------------------------
-------------------POCHE------------------
LA POCHE CONTIENT:
Herbe[id:165 quantite: 4]  en position (5, 1)
Foin[id:166 quantite: 33]  en position (5, 1)
Eau[id:167 quantite: 73]  en position (5, 1)
Graine[id:168 quantite: 97]  en position (5, 1)
------------------------------------------
------------RAPPORT JOURNALIER------------
LE FERMIER RAJOUTE Foin x33 SUR SA CASE
Le fermier trait la vache !
Le fermier trait la vache !
Le fermier trait la vache !
L'animal Vache mange Herbe[id:513 quantite: 0]  en position (2, 9)
Pas de bÚbÚ pour Animal de la ferme: Vache en position 9 6 vie restante: 63
L'animal Vache mange Herbe[id:680 quantite: 0]  en position (8, 8)
Pas de bÚbÚ pour Animal de la ferme: Vache en position 7 2 vie restante: 64
De l'herbe commence Ó s'agrandir en 1,9 !
De l'herbe commence Ó s'agrandir en 3,6 !
De l'herbe commence Ó s'agrandir en 3,7 !
De l'herbe commence Ó s'agrandir en 4,2 !
De l'herbe commence Ó s'agrandir en 4,4 !
De l'herbe commence Ó s'agrandir en 4,6 !
De l'herbe commence Ó s'agrandir en 4,9 !
De l'herbe commence Ó s'agrandir en 5,0 !
De l'herbe commence Ó s'agrandir en 5,3 !
De l'herbe commence Ó s'agrandir en 6,1 !
De l'herbe commence Ó s'agrandir en 7,5 !
De l'herbe commence Ó s'agrandir en 8,6 !
De l'herbe commence Ó s'agrandir en 9,3 !
---------REAPPROVISIONNEMENT--------------
LE FERMIER RENTRE CHEZ LUI POUR RECUPERER 3 Herbe
LE FERMIER RENTRE CHEZ LUI POUR RECUPERER 9 Eau
LE FERMIER RENTRE CHEZ LUI POUR RECUPERER 9 Graine
LE FERMIER RENTRE CHEZ LUI POUR RECUPERER 4 Foin
-------ETAT ACTUEL DE LA FERME ET DE LA FORET-------
:--:--:--:--:--:--:--:--:--:--:
|He|He|  |He|He|He|He|  |He|He|
:--:--:--:--:--:--:--:--:--:--:
|He|Ea|He|He|  |He|He|  |  |He|
:--:--:--:--:--:--:--:--:--:--:
|He|He|  |He|He|  |Ea|He|He|  |
:--:--:--:--:--:--:--:--:--:--:
|Fo|He|He|He|He|He|He|He|He|Gr|
:--:--:--:--:--:--:--:--:--:--:
|  |He|He|He|He|He|He|He|He|He|
:--:--:--:--:--:--:--:--:--:--:
|He|Fo|He|He|He|Gr|He|He|He|He|
:--:--:--:--:--:--:--:--:--:--:
|He|He|He|He|He|He|Fo|He|He|He|
:--:--:--:--:--:--:--:--:--:--:
|  |  |He|  |Ea|He|  |He|He|He|
:--:--:--:--:--:--:--:--:--:--:
|  |  |He|  |He|He|He|He|  |He|
:--:--:--:--:--:--:--:--:--:--:
|  |  |He|He|  |  |He|He|  |He|
:--:--:--:--:--:--:--:--:--:--:

UPDATE DE LA RESERVE
------------------------------------------
Simulation - JOURS 80 DE LA SAISON hiver
------------------------------------------
------------------RESERVE-----------------
LA RESERVE CONTIENT :
Herbe[id:169 quantite: 748]  en position (0, 0)
Eau[id:170 quantite: 196]  en position (0, 0)
Graine[id:171 quantite: 680]  en position (0, 0)
Foin[id:172 quantite: 323]  en position (0, 0)
------------------------------------------
-------------------POCHE------------------
LA POCHE CONTIENT:
Herbe[id:165 quantite: 7]  en position (5, 1)
Foin[id:166 quantite: 4]  en position (5, 1)
Eau[id:167 quantite: 82]  en position (5, 1)
Graine[id:168 quantite: 106]  en position (5, 1)
------------------------------------------
------------RAPPORT JOURNALIER------------
Le fermier dÚpose 106 Graine par terre
Le fermier trait la vache !
Le fermier trait la vache !
L'animal Vache n'a pas trouvÚ de nourriture...
Pas de bÚbÚ pour Animal de la ferme: Vache en position 5 8 vie restante: 43
L'animal Vache mange Herbe[id:546 quantite: 0]  en position (7, 2)
Pas de bÚbÚ pour Animal de la ferme: Vache en position 7 0 vie restante: 100
L'animal Vache mange Herbe[id:684 quantite: 0]  en position (4, 6)
L'animal Animal de la ferme: Vache en position 6 9 vie restante: 20 se reproduit
L'animal Vache mange Herbe[id:689 quantite: 0]  en position (1, 0)
Pas de bÚbÚ pour Animal de la ferme: Vache en position 1 0 vie restante: 28
De l'herbe commence Ó s'agrandir en 0,5 !
De l'herbe vient de pousser sur la case 1,0 !
De l'herbe vient de pousser sur la case 2,5 !
De l'herbe commence Ó s'agrandir en 4,1 !
De l'herbe commence Ó s'agrandir en 5,9 !
De l'herbe commence Ó s'agrandir en 6,7 !
De l'herbe commence Ó s'agrandir en 7,9 !
De l'herbe vient de pousser sur la case 9,5 !
---------REAPPROVISIONNEMENT--------------
LE FERMIER RENTRE CHEZ LUI POUR RECUPERER 10 Herbe
LE FERMIER RENTRE CHEZ LUI POUR RECUPERER 10 Eau
LE FERMIER RENTRE CHEZ LUI POUR RECUPERER 8 Graine
LE FERMIER RENTRE CHEZ LUI POUR RECUPERER 7 Foin
-------ETAT ACTUEL DE LA FERME ET DE LA FORET-------
:--:--:--:--:--:--:--:--:--:--:
|He|He|  |He|He|He|He|Gr|He|He|
:--:--:--:--:--:--:--:--:--:--:
|He|Ea|He|He|  |He|He|  |  |He|
:--:--:--:--:--:--:--:--:--:--:
|He|He|  |He|He|He|Ea|He|He|  |
:--:--:--:--:--:--:--:--:--:--:
|Fo|He|He|He|He|He|He|He|He|Gr|
:--:--:--:--:--:--:--:--:--:--:
|  |He|He|He|He|He|  |He|He|He|
:--:--:--:--:--:--:--:--:--:--:
|He|Fo|He|He|He|  |He|He|He|He|
:--:--:--:--:--:--:--:--:--:--:
|He|He|He|He|He|He|Fo|He|He|He|
:--:--:--:--:--:--:--:--:--:--:
|  |  |  |  |Ea|He|  |He|He|He|
:--:--:--:--:--:--:--:--:--:--:
|  |  |He|  |He|He|He|He|  |He|
:--:--:--:--:--:--:--:--:--:--:
|  |  |He|He|  |He|He|He|  |He|
:--:--:--:--:--:--:--:--:--:--:

------------------------------------------
Simulation - JOURS 81 DE LA SAISON hiver
------------------------------------------
------------------RESERVE-----------------
LA RESERVE CONTIENT :
Herbe[id:169 quantite: 738]  en position (0, 0)
Eau[id:170 quantite: 186]  en position (0, 0)
Graine[id:171 quantite: 672]  en position (0, 0)
Foin[id:172 quantite: 316]  en position (0, 0)
------------------------------------------
-------------------POCHE------------------
LA POCHE CONTIENT:
Herbe[id:165 quantite: 17]  en position (8, 5)
Foin[id:166 quantite: 11]  en position (8, 5)
Eau[id:167 quantite: 92]  en position (8, 5)
Graine[id:168 quantite: 8]  en position (8, 5)
------------------------------------------
------------RAPPORT JOURNALIER------------
LE FERMIER RAJOUTE Herbe x17 SUR SA CASE
Le fermier trait la vache !
L'animal Vache mange Herbe[id:631 quantite: 0]  en position (6, 4)
Pas de bÚbÚ pour Animal de la ferme: Vache en position 8 3 vie restante: 66
L'animal Poule n'a pas trouvÚ de nourriture...
L'animal Animal de la ferme: Poule en position 3 0 vie restante: 5 se reproduit
L'animal Vache mange Herbe[id:622 quantite: 0]  en position (9, 3)
Pas de bÚbÚ pour Animal de la ferme: Vache en position 3 2 vie restante: 65
L'animal Vache mange Herbe[id:629 quantite: 0]  en position (0, 3)
Pas de bÚbÚ pour Animal de la ferme: Vache en position 0 3 vie restante: 30
L'animal Vache mange Herbe[id:486 quantite: 0]  en position (1, 5)
Pas de bÚbÚ pour Animal de la ferme: Vache en position 1 5 vie restante: 100
L'animal prÚdateur mange Animal de la ferme: Poule en position 7 0 vie restante: 5
L'animal Vache mange Herbe[id:558 quantite: 0]  en position (6, 9)
Pas de bÚbÚ pour Animal de la ferme: Vache en position 2 4 vie restante: 27
L'animal Vache mange Herbe[id:591 quantite: 0]  en position (0, 6)
Pas de bÚbÚ pour Animal de la ferme: Vache en position 0 6 vie restante: 30
De l'herbe commence Ó s'agrandir en 0,8 !
De l'herbe commence Ó s'agrandir en 1,0 !
De l'herbe commence Ó s'agrandir en 2,7 !
De l'herbe vient de pousser sur la case 2,9 !
De l'herbe commence Ó s'agrandir en 3,2 !
De l'herbe commence Ó s'agrandir en 5,0 !
De l'herbe commence Ó s'agrandir en 6,8 !
De l'herbe vient de pousser sur la case 6,9 !
De l'herbe vient de pousser sur la case 7,6 !
De l'herbe vient de pousser sur la case 9,4 !
---------REAPPROVISIONNEMENT--------------
LE FERMIER RENTRE CHEZ LUI POUR RECUPERER 4 Herbe
LE FERMIER RENTRE CHEZ LUI POUR RECUPERER 7 Eau
LE FERMIER RENTRE CHEZ LUI POUR RECUPERER 9 Graine
LE FERMIER RENTRE CHEZ LUI POUR RECUPERER 9 Foin
-------ETAT ACTUEL DE LA FERME ET DE LA FORET-------
:--:--:--:--:--:--:--:--:--:--:
|He|He|  |  |He|He|  |Gr|He|He|
:--:--:--:--:--:--:--:--:--:--:
|He|Ea|He|He|  |  |He|  |  |He|
:--:--:--:--:--:--:--:--:--:--:
|He|He|  |He|He|He|Ea|He|He|He|
:--:--:--:--:--:--:--:--:--:--:
|  |He|He|He|He|He|He|He|He|Gr|
:--:--:--:--:--:--:--:--:--:--:
|  |He|He|He|He|He|  |He|He|He|
:--:--:--:--:--:--:--:--:--:--:
|He|Fo|He|He|He|  |He|He|He|He|
:--:--:--:--:--:--:--:--:--:--:
|He|He|He|He|  |He|Fo|He|He|He|
:--:--:--:--:--:--:--:--:--:--:
|  |  |  |  |Ea|He|He|He|He|He|
:--:--:--:--:--:--:--:--:--:--:
|  |  |He|  |He|He|He|He|  |He|
:--:--:--:--:--:--:--:--:--:--:
|  |  |He|  |He|He|He|He|  |He|
:--:--:--:--:--:--:--:--:--:--:

------------------------------------------
Simulation - JOURS 82 DE LA SAISON hiver
------------------------------------------
------------------RESERVE-----------------
LA RESERVE CONTIENT :
Herbe[id:169 quantite: 734]  en position (0, 0)
Eau[id:170 quantite: 179]  en position (0, 0)
Graine[id:171 quantite: 663]  en position (0, 0)
Foin[id:172 quantite: 307]  en position (0, 0)
------------------------------------------
-------------------POCHE------------------
LA POCHE CONTIENT:
Herbe[id:165 quantite: 4]  en position (8, 5)
Foin[id:166 quantite: 20]  en position (8, 5)
Eau[id:167 quantite: 99]  en position (8, 5)
Graine[id:168 quantite: 17]  en position (8, 5)
------------------------------------------
------------RAPPORT JOURNALIER------------
Le fermier dÚpose 4 Herbe par terre
Le fermier trait la vache !
Le fermier trait la vache !
Le fermier trait la vache !
L'animal Poule n'a pas trouvÚ de nourriture...
Pas de bÚbÚ pour Animal de la ferme: Poule en position 9 4 vie restante: 5
L'animal Vache mange Herbe[id:563 quantite: 0]  en position (6, 1)
Pas de bÚbÚ pour Animal de la ferme: Vache en position 9 4 vie restante: 91
L'animal Vache mange Herbe[id:564 quantite: 0]  en position (8, 7)
Pas de bÚbÚ pour Animal de la ferme: Vache en position 8 7 vie restante: 35
De l'herbe commence Ó s'agrandir en 2,5 !
De l'herbe commence Ó s'agrandir en 4,1 !
De l'herbe commence Ó s'agrandir en 6,9 !
De l'herbe commence Ó s'agrandir en 7,6 !
De l'herbe commence Ó s'agrandir en 9,5 !
---------REAPPROVISIONNEMENT--------------
LE FERMIER RENTRE CHEZ LUI POUR RECUPERER 4 Herbe
LE FERMIER RENTRE CHEZ LUI POUR RECUPERER 7 Eau
LE FERMIER RENTRE CHEZ LUI POUR RECUPERER 9 Graine
LE FERMIER RENTRE CHEZ LUI POUR RECUPERER 10 Foin
-------ETAT ACTUEL DE LA FERME ET DE LA FORET-------
:--:--:--:--:--:--:--:--:--:--:
|He|He|  |  |He|  |  |Gr|He|He|
:--:--:--:--:--:--:--:--:--:--:
|He|Ea|He|He|  |  |He|  |He|He|
:--:--:--:--:--:--:--:--:--:--:
|He|He|  |He|He|He|Ea|He|He|He|
:--:--:--:--:--:--:--:--:--:--:
|  |He|He|He|He|He|He|He|He|Gr|
:--:--:--:--:--:--:--:--:--:--:
|  |He|He|He|He|He|  |He|He|He|
:--:--:--:--:--:--:--:--:--:--:
|He|Fo|He|He|He|  |He|He|He|He|
:--:--:--:--:--:--:--:--:--:--:
|He|  |He|He|  |He|Fo|He|He|He|
:--:--:--:--:--:--:--:--:--:--:
|  |  |  |  |Ea|He|He|He|He|He|
:--:--:--:--:--:--:--:--:--:--:
|  |  |He|  |He|He|He|  |  |He|
:--:--:--:--:--:--:--:--:--:--:
|  |  |He|  |He|He|He|He|  |He|
:--:--:--:--:--:--:--:--:--:--:

------------------------------------------
Simulation - JOURS 83 DE LA SAISON hiver
------------------------------------------
------------------RESERVE-----------------
LA RESERVE CONTIENT :
Herbe[id:169 quantite: 730]  en position (0, 0)
Eau[id:170 quantite: 172]  en position (0, 0)
Graine[id:171 quantite: 654]  en position (0, 0)
Foin[id:172 quantite: 297]  en position (0, 0)
------------------------------------------
-------------------POCHE------------------
LA POCHE CONTIENT:
Herbe[id:165 quantite: 4]  en position (6, 4)
Foin[id:166 quantite: 30]  en position (6, 4)
Eau[id:167 quantite: 106]  en position (6, 4)
Graine[id:168 quantite: 26]  en position (6, 4)
------------------------------------------
------------RAPPORT JOURNALIER------------
Le fermier dÚpose 4 Herbe par terre
Le fermier trait la vache !
L'animal Vache mange Herbe[id:709 quantite: 0]  en position (2, 9)
Pas de bÚbÚ pour Animal de la ferme: Vache en position 2 9 vie restante: 52
L'animal Poule n'a pas trouvÚ de nourriture...
Pas de bÚbÚ pour Animal de la ferme: Poule en position 7 9 vie restante: 5
L'animal Vache mange Herbe[id:665 quantite: 0]  en position (2, 4)
Pas de bÚbÚ pour Animal de la ferme: Vache en position 2 4 vie restante: 92
L'animal prÚdateur mange Animal de la ferme: Vache en position 8 1 vie restante: 35
De l'herbe commence Ó s'agrandir en 0,1 !
De l'herbe commence Ó s'agrandir en 0,9 !
De l'herbe commence Ó s'agrandir en 1,2 !
De l'herbe commence Ó s'agrandir en 3,7 !
De l'herbe commence Ó s'agrandir en 4,5 !
De l'herbe commence Ó s'agrandir en 4,8 !
De l'herbe commence Ó s'agrandir en 5,0 !
De l'herbe commence Ó s'agrandir en 5,9 !
De l'herbe commence Ó s'agrandir en 8,6 !
De l'herbe commence Ó s'agrandir en 9,4 !
---------REAPPROVISIONNEMENT--------------
LE FERMIER RENTRE CHEZ LUI POUR RECUPERER 2 Herbe
LE FERMIER RENTRE CHEZ LUI POUR RECUPERER 9 Eau
LE FERMIER RENTRE CHEZ LUI POUR RECUPERER 7 Graine
LE FERMIER RENTRE CHEZ LUI POUR RECUPERER 6 Foin
-------ETAT ACTUEL DE LA FERME ET DE LA FORET-------
:--:--:--:--:--:--:--:--:--:--:
|He|He|  |  |He|  |  |Gr|He|He|
:--:--:--:--:--:--:--:--:--:--:
|He|Ea|He|He|  |  |He|  |He|He|
:--:--:--:--:--:--:--:--:--:--:
|He|He|  |He|  |He|Ea|He|He|  |
:--:--:--:--:--:--:--:--:--:--:
|  |He|He|He|He|He|He|He|He|Gr|
:--:--:--:--:--:--:--:--:--:--:
|  |He|He|He|He|He|  |He|He|He|
:--:--:--:--:--:--:--:--:--:--:
|He|Fo|He|He|He|  |He|He|He|He|
:--:--:--:--:--:--:--:--:--:--:
|He|  |He|He|He|He|Fo|He|He|He|
:--:--:--:--:--:--:--:--:--:--:
|  |  |  |  |Ea|He|He|He|He|  |
:--:--:--:--:--:--:--:--:--:--:
|  |  |He|  |He|He|He|  |  |He|
:--:--:--:--:--:--:--:--:--:--:
|  |  |He|  |He|He|He|He|  |He|
:--:--:--:--:--:--:--:--:--:--:

------------------------------------------
Simulation - JOURS 84 DE LA SAISON hiver
------------------------------------------
------------------RESERVE-----------------
LA RESERVE CONTIENT :
Herbe[id:169 quantite: 728]  en position (0, 0)
Eau[id:170 quantite: 163]  en position (0, 0)
Graine[id:171 quantite: 647]  en position (0, 0)
Foin[id:172 quantite: 291]  en position (0, 0)
------------------------------------------
-------------------POCHE------------------
LA POCHE CONTIENT:
Herbe[id:165 quantite: 2]  en position (6, 4)
Foin[id:166 quantite: 36]  en position (6, 4)
Eau[id:167 quantite: 115]  en position (6, 4)
Graine[id:168 quantite: 33]  en position (6, 4)
------------------------------------------
------------RAPPORT JOURNALIER------------
LE FERMIER RAJOUTE Herbe x2 SUR SA CASE
Le fermier trait la vache !
Le fermier trait la vache !
L'animal Poule n'a pas trouvÚ de nourriture...
Pas de bÚbÚ pour Animal de la ferme: Poule en position 5 1 vie restante: 5
L'animal Vache mange Herbe[id:630 quantite: 0]  en position (1, 6)
Pas de bÚbÚ pour Animal de la ferme: Vache en position 1 7 vie restante: 36
L'animal prÚdateur mange Animal de la ferme: Vache en position 7 2 vie restante: 27
De l'herbe vient de pousser sur la case 1,4 !
De l'herbe commence Ó s'agrandir en 2,5 !
De l'herbe vient de pousser sur la case 3,0 !
De l'herbe commence Ó s'agrandir en 3,4 !
De l'herbe vient de pousser sur la case 7,3 !
De l'herbe commence Ó s'agrandir en 7,6 !
De l'herbe commence Ó s'agrandir en 8,4 !
De l'herbe commence Ó s'agrandir en 9,7 !
De l'herbe vient de pousser sur la case 9,8 !
---------REAPPROVISIONNEMENT--------------
LE FERMIER RENTRE CHEZ LUI POUR RECUPERER 3 Herbe
LE FERMIER RENTRE CHEZ LUI POUR RECUPERER 7 Eau
LE FERMIER RENTRE CHEZ LUI POUR RECUPERER 5 Graine
LE FERMIER RENTRE CHEZ LUI POUR RECUPERER 2 Foin
-------ETAT ACTUEL DE LA FERME ET DE LA FORET-------
:--:--:--:--:--:--:--:--:--:--:
|He|He|  |  |He|  |  |Gr|He|He|
:--:--:--:--:--:--:--:--:--:--:
|He|Ea|He|  |He|  |  |  |He|He|
:--:--:--:--:--:--:--:--:--:--:
|He|He|  |He|  |He|Ea|He|He|  |
:--:--:--:--:--:--:--:--:--:--:
|He|He|He|He|He|He|He|He|He|Gr|
:--:--:--:--:--:--:--:--:--:--:
|  |He|He|He|He|He|  |He|He|He|
:--:--:--:--:--:--:--:--:--:--:
|He|Fo|He|He|He|  |He|He|He|He|
:--:--:--:--:--:--:--:--:--:--:
|He|  |He|He|He|He|Fo|He|He|He|
:--:--:--:--:--:--:--:--:--:--:
|  |  |  |He|Ea|He|He|He|He|  |
:--:--:--:--:--:--:--:--:--:--:
|  |  |He|  |He|He|He|  |  |He|
:--:--:--:--:--:--:--:--:--:--:
|  |  |He|  |He|He|He|He|He|He|
:--:--:--:--:--:--:--:--:--:--:

------------------------------------------
Simulation - JOURS 85 DE LA SAISON hiver
------------------------------------------
------------------RESERVE-----------------
LA RESERVE CONTIENT :
Herbe[id:169 quantite: 725]  en position (0, 0)
Eau[id:170 quantite: 156]  en position (0, 0)
Graine[id:171 quantite: 642]  en position (0, 0)
Foin[id:172 quantite: 289]  en position (0, 0)
------------------------------------------
-------------------POCHE------------------
LA POCHE CONTIENT:
Herbe[id:165 quantite: 3]  en position (6, 4)
Foin[id:166 quantite: 38]  en position (6, 4)
Eau[id:167 quantite: 122]  en position (6, 4)
Graine[id:168 quantite: 38]  en position (6, 4)
------------------------------------------
------------RAPPORT JOURNALIER------------
LE FERMIER RAJOUTE Herbe x3 SUR SA CASE
L'animal Vache mange Herbe[id:679 quantite: 0]  en position (5, 9)
Pas de bÚbÚ pour Animal de la ferme: Vache en position 6 3 vie restante: 64
L'animal Poule n'a pas trouvÚ de nourriture...
Pas de bÚbÚ pour Animal de la ferme: Poule en position 5 1 vie restante: 5
L'animal Vache mange Herbe[id:598 quantite: 0]  en position (0, 9)
Pas de bÚbÚ pour Animal de la ferme: Vache en position 0 9 vie restante: 50
De l'herbe vient de pousser sur la case 0,9 !
De l'herbe commence Ó s'agrandir en 3,7 !
De l'herbe commence Ó s'agrandir en 4,4 !
De l'herbe commence Ó s'agrandir en 5,0 !
De l'herbe vient de pousser sur la case 5,1 !
De l'herbe vient de pousser sur la case 7,0 !
De l'herbe vient de pousser sur la case 7,1 !
De l'herbe vient de pousser sur la case 9,0 !
De l'herbe commence Ó s'agrandir en 9,6 !
De l'herbe commence Ó s'agrandir en 9,8 !
De l'herbe commence Ó s'agrandir en 9,9 !
---------REAPPROVISIONNEMENT--------------
LE FERMIER RENTRE CHEZ LUI POUR RECUPERER 3 Herbe
LE FERMIER RENTRE CHEZ LUI POUR RECUPERER 6 Eau
LE FERMIER RENTRE CHEZ LUI POUR RECUPERER 6 Graine
LE FERMIER RENTRE CHEZ LUI POUR RECUPERER 8 Foin
-------ETAT ACTUEL DE LA FERME ET DE LA FORET-------
:--:--:--:--:--:--:--:--:--:--:
|He|He|  |  |He|  |  |Gr|He|He|
:--:--:--:--:--:--:--:--:--:--:
|He|Ea|He|  |He|  |  |  |He|He|
:--:--:--:--:--:--:--:--:--:--:
|He|He|  |He|  |He|Ea|He|He|  |
:--:--:--:--:--:--:--:--:--:--:
|He|He|He|He|He|He|He|He|He|Gr|
:--:--:--:--:--:--:--:--:--:--:
|  |He|He|He|He|He|  |He|He|He|
:--:--:--:--:--:--:--:--:--:--:
|He|He|He|He|He|  |He|He|He|  |
:--:--:--:--:--:--:--:--:--:--:
|He|  |He|He|He|He|Fo|He|He|He|
:--:--:--:--:--:--:--:--:--:--:
|He|He|  |He|Ea|He|He|He|He|  |
:--:--:--:--:--:--:--:--:--:--:
|  |  |He|  |He|He|He|  |  |He|
:--:--:--:--:--:--:--:--:--:--:
|He|  |He|  |He|He|He|He|He|He|
:--:--:--:--:--:--:--:--:--:--:

------------------------------------------
Simulation - JOURS 86 DE LA SAISON hiver
------------------------------------------
------------------RESERVE-----------------
LA RESERVE CONTIENT :
Herbe[id:169 quantite: 722]  en position (0, 0)
Eau[id:170 quantite: 150]  en position (0, 0)
Graine[id:171 quantite: 636]  en position (0, 0)
Foin[id:172 quantite: 281]  en position (0, 0)
------------------------------------------
-------------------POCHE------------------
LA POCHE CONTIENT:
Herbe[id:165 quantite: 3]  en position (6, 4)
Foin[id:166 quantite: 46]  en position (6, 4)
Eau[id:167 quantite: 128]  en position (6, 4)
Graine[id:168 quantite: 44]  en position (6, 4)
------------------------------------------
------------RAPPORT JOURNALIER------------
LE FERMIER RAJOUTE Herbe x3 SUR SA CASE
Le fermier trait la vache !
Le fermier trait la vache !
L'animal Vache mange Herbe[id:599 quantite: 0]  en position (2, 0)
Pas de bÚbÚ pour Animal de la ferme: Vache en position 7 8 vie restante: 62
L'animal Poule n'a pas trouvÚ de nourriture...
L'animal Animal de la ferme: Poule en position 7 5 vie restante: 2 se reproduit
L'animal Vache mange Herbe[id:713 quantite: 0]  en position (1, 8)
Pas de bÚbÚ pour Animal de la ferme: Vache en position 4 8 vie restante: 54
L'animal Poule n'a pas trouvÚ de nourriture...
Pas de bÚbÚ pour Animal de la ferme: Poule en position 3 0 vie restante: 2
De l'herbe commence Ó s'agrandir en 0,4 !
De l'herbe vient de pousser sur la case 0,6 !
De l'herbe vient de pousser sur la case 1,6 !
De l'herbe vient de pousser sur la case 4,0 !
De l'herbe commence Ó s'agrandir en 4,4 !
De l'herbe vient de pousser sur la case 6,1 !
De l'herbe commence Ó s'agrandir en 6,3 !
De l'herbe commence Ó s'agrandir en 9,7 !
---------REAPPROVISIONNEMENT--------------
LE FERMIER RENTRE CHEZ LUI POUR RECUPERER 9 Herbe
LE FERMIER RENTRE CHEZ LUI POUR RECUPERER 10 Eau
LE FERMIER RENTRE CHEZ LUI POUR RECUPERER 4 Graine
LE FERMIER RENTRE CHEZ LUI POUR RECUPERER 6 Foin
-------ETAT ACTUEL DE LA FERME ET DE LA FORET-------
:--:--:--:--:--:--:--:--:--:--:
|He|He|  |  |He|  |He|Gr|He|He|
:--:--:--:--:--:--:--:--:--:--:
|He|Ea|He|  |He|  |He|  |  |He|
:--:--:--:--:--:--:--:--:--:--:
|  |He|  |He|  |He|Ea|He|He|  |
:--:--:--:--:--:--:--:--:--:--:
|  |He|He|He|He|He|He|He|He|Gr|
:--:--:--:--:--:--:--:--:--:--:
|He|He|He|He|He|He|  |He|He|He|
:--:--:--:--:--:--:--:--:--:--:
|He|He|He|He|He|  |He|He|He|  |
:--:--:--:--:--:--:--:--:--:--:
|He|He|He|He|He|He|Fo|He|He|He|
:--:--:--:--:--:--:--:--:--:--:
|He|He|  |He|Ea|He|He|He|He|  |
:--:--:--:--:--:--:--:--:--:--:
|  |  |He|  |He|He|He|  |  |He|
:--:--:--:--:--:--:--:--:--:--:
|He|  |  |  |He|He|He|He|He|He|
:--:--:--:--:--:--:--:--:--:--:

------------------------------------------
Simulation - JOURS 87 DE LA SAISON hiver
------------------------------------------
------------------RESERVE-----------------
LA RESERVE CONTIENT :
Herbe[id:169 quantite: 713]  en position (0, 0)
Eau[id:170 quantite: 140]  en position (0, 0)
Graine[id:171 quantite: 632]  en position (0, 0)
Foin[id:172 quantite: 275]  en position (0, 0)
------------------------------------------
-------------------POCHE------------------
LA POCHE CONTIENT:
Herbe[id:165 quantite: 9]  en position (6, 4)
Foin[id:166 quantite: 52]  en position (6, 4)
Eau[id:167 quantite: 138]  en position (6, 4)
Graine[id:168 quantite: 48]  en position (6, 4)
------------------------------------------
------------RAPPORT JOURNALIER------------
LE FERMIER RAJOUTE Herbe x9 SUR SA CASE
L'animal Vache mange Herbe[id:723 quantite: 0]  en position (1, 4)
Pas de bÚbÚ pour Animal de la ferme: Vache en position 8 3 vie restante: 65
L'animal Poule mange Graine[id:694 quantite: 0]  en position (0, 7)
Pas de bÚbÚ pour Animal de la ferme: Poule en position 4 7 vie restante: 100
L'animal Vache mange Herbe[id:677 quantite: 0]  en position (4, 8)
L'animal Animal de la ferme: Vache en position 4 8 vie restante: 33 se reproduit
L'animal prÚdateur mange Animal de la ferme: Poule en position 6 7 vie restante: 2
L'animal Vache mange Herbe[id:699 quantite: 0]  en position (1, 0)
Pas de bÚbÚ pour Animal de la ferme: Vache en position 9 5 vie restante: 41
De l'herbe commence Ó s'agrandir en 0,0 !
De l'herbe commence Ó s'agrandir en 1,6 !
De l'herbe commence Ó s'agrandir en 2,1 !
De l'herbe commence Ó s'agrandir en 3,7 !
De l'herbe commence Ó s'agrandir en 7,1 !
De l'herbe vient de pousser sur la case 7,2 !
De l'herbe commence Ó s'agrandir en 7,8 !
---------REAPPROVISIONNEMENT--------------
LE FERMIER RENTRE CHEZ LUI POUR RECUPERER 8 Herbe
LE FERMIER RENTRE CHEZ LUI POUR RECUPERER 9 Eau
LE FERMIER RENTRE CHEZ LUI POUR RECUPERER 4 Graine
LE FERMIER RENTRE CHEZ LUI POUR RECUPERER 8 Foin
-------ETAT ACTUEL DE LA FERME ET DE LA FORET-------
:--:--:--:--:--:--:--:--:--:--:
|He|He|  |  |He|  |He|  |He|He|
:--:--:--:--:--:--:--:--:--:--:
|  |Ea|He|  |  |  |He|  |  |He|
:--:--:--:--:--:--:--:--:--:--:
|  |He|  |He|  |He|Ea|He|He|  |
:--:--:--:--:--:--:--:--:--:--:
|  |He|He|He|He|He|He|He|He|Gr|
:--:--:--:--:--:--:--:--:--:--:
|He|He|He|He|He|He|  |He|  |He|
:--:--:--:--:--:--:--:--:--:--:
|He|He|He|He|He|  |He|He|He|  |
:--:--:--:--:--:--:--:--:--:--:
|He|He|He|He|He|He|Fo|He|He|He|
:--:--:--:--:--:--:--:--:--:--:
|He|He|He|He|Ea|He|He|He|He|  |
:--:--:--:--:--:--:--:--:--:--:
|  |  |He|  |He|He|He|  |  |He|
:--:--:--:--:--:--:--:--:--:--:
|He|  |  |  |He|He|He|He|He|He|
:--:--:--:--:--:--:--:--:--:--:

------------------------------------------
Simulation - JOURS 88 DE LA SAISON hiver
------------------------------------------
------------------RESERVE-----------------
LA RESERVE CONTIENT :
Herbe[id:169 quantite: 705]  en position (0, 0)
Eau[id:170 quantite: 131]  en position (0, 0)
Graine[id:171 quantite: 628]  en position (0, 0)
Foin[id:172 quantite: 267]  en position (0, 0)
------------------------------------------
-------------------POCHE------------------
LA POCHE CONTIENT:
Herbe[id:165 quantite: 8]  en position (6, 4)
Foin[id:166 quantite: 60]  en position (6, 4)
Eau[id:167 quantite: 147]  en position (6, 4)
Graine[id:168 quantite: 52]  en position (6, 4)
------------------------------------------
------------RAPPORT JOURNALIER------------
LE FERMIER RAJOUTE Herbe x8 SUR SA CASE
Le fermier trait la vache !
L'animal Vache mange Herbe[id:739 quantite: 0]  en position (0, 6)
L'animal Animal de la ferme: Vache en position 4 2 vie restante: 22 se reproduit
L'animal prÚdateur mange Animal de la ferme: Vache en position 0 5 vie restante: 41
De l'herbe vient de pousser sur la case 0,5 !
De l'herbe vient de pousser sur la case 0,6 !
De l'herbe vient de pousser sur la case 1,7 !
De l'herbe commence Ó s'agrandir en 1,9 !
De l'herbe commence Ó s'agrandir en 2,7 !
De l'herbe commence Ó s'agrandir en 4,5 !
De l'herbe commence Ó s'agrandir en 4,7 !
De l'herbe commence Ó s'agrandir en 6,7 !
De l'herbe vient de pousser sur la case 8,7 !
---------REAPPROVISIONNEMENT--------------
LE FERMIER RENTRE CHEZ LUI POUR RECUPERER 7 Herbe
LE FERMIER RENTRE CHEZ LUI POUR RECUPERER 5 Eau
LE FERMIER RENTRE CHEZ LUI POUR RECUPERER 11 Graine
LE FERMIER RENTRE CHEZ LUI POUR RECUPERER 6 Foin
-------ETAT ACTUEL DE LA FERME ET DE LA FORET-------
:--:--:--:--:--:--:--:--:--:--:
|He|He|  |  |He|He|He|  |He|He|
:--:--:--:--:--:--:--:--:--:--:
|  |Ea|He|  |  |  |He|He|  |He|
:--:--:--:--:--:--:--:--:--:--:
|  |He|  |He|  |He|Ea|He|He|  |
:--:--:--:--:--:--:--:--:--:--:
|  |He|He|He|He|He|He|He|He|Gr|
:--:--:--:--:--:--:--:--:--:--:
|He|He|He|He|He|He|  |He|  |He|
:--:--:--:--:--:--:--:--:--:--:
|He|He|He|He|He|  |He|He|He|  |
:--:--:--:--:--:--:--:--:--:--:
|He|He|He|He|He|He|Fo|He|He|He|
:--:--:--:--:--:--:--:--:--:--:
|He|He|He|He|Ea|He|He|He|He|  |
:--:--:--:--:--:--:--:--:--:--:
|  |  |He|  |He|He|He|He|  |He|
:--:--:--:--:--:--:--:--:--:--:
|He|  |  |  |He|He|He|He|He|He|
:--:--:--:--:--:--:--:--:--:--:

------------------------------------------
Simulation - JOURS 89 DE LA SAISON hiver
------------------------------------------
------------------RESERVE-----------------
LA RESERVE CONTIENT :
Herbe[id:169 quantite: 698]  en position (0, 0)
Eau[id:170 quantite: 126]  en position (0, 0)
Graine[id:171 quantite: 617]  en position (0, 0)
Foin[id:172 quantite: 261]  en position (0, 0)
------------------------------------------
-------------------POCHE------------------
LA POCHE CONTIENT:
Herbe[id:165 quantite: 7]  en position (6, 4)
Foin[id:166 quantite: 66]  en position (6, 4)
Eau[id:167 quantite: 152]  en position (6, 4)
Graine[id:168 quantite: 63]  en position (6, 4)
------------------------------------------
------------RAPPORT JOURNALIER------------
LE FERMIER RAJOUTE Herbe x7 SUR SA CASE
Le fermier trait la vache !
Le fermier trait la vache !
L'animal Poule mange Eau[id:624 quantite: 0]  en position (1, 1)
Pas de bÚbÚ pour Animal de la ferme: Poule en position 1 1 vie restante: 100
L'animal Vache mange Herbe[id:690 quantite: 0]  en position (4, 2)
Pas de bÚbÚ pour Animal de la ferme: Vache en position 4 2 vie restante: 34
L'animal Vache mange Herbe[id:638 quantite: 0]  en position (8, 5)
Pas de bÚbÚ pour Animal de la ferme: Vache en position 8 5 vie restante: 62
De l'herbe vient de pousser sur la case 0,2 !
De l'herbe commence Ó s'agrandir en 0,8 !
De l'herbe vient de pousser sur la case 2,0 !
De l'herbe vient de pousser sur la case 2,2 !
De l'herbe commence Ó s'agrandir en 7,8 !
De l'herbe commence Ó s'agrandir en 8,9 !
De l'herbe commence Ó s'agrandir en 9,9 !
---------REAPPROVISIONNEMENT--------------
LE FERMIER RENTRE CHEZ LUI POUR RECUPERER 7 Herbe
LE FERMIER RENTRE CHEZ LUI POUR RECUPERER 10 Eau
LE FERMIER RENTRE CHEZ LUI POUR RECUPERER 9 Graine
LE FERMIER RENTRE CHEZ LUI POUR RECUPERER 11 Foin
-------ETAT ACTUEL DE LA FERME ET DE LA FORET-------
:--:--:--:--:--:--:--:--:--:--:
|He|He|He|  |He|He|He|  |He|He|
:--:--:--:--:--:--:--:--:--:--:
|  |  |He|  |  |  |He|He|  |He|
:--:--:--:--:--:--:--:--:--:--:
|He|He|He|He|  |He|Ea|He|He|  |
:--:--:--:--:--:--:--:--:--:--:
|  |He|He|He|He|He|He|He|He|Gr|
:--:--:--:--:--:--:--:--:--:--:
|He|He|  |He|He|He|  |He|  |He|
:--:--:--:--:--:--:--:--:--:--:
|He|He|He|He|He|  |He|He|He|  |
:--:--:--:--:--:--:--:--:--:--:
|He|He|He|He|He|He|Fo|He|He|He|
:--:--:--:--:--:--:--:--:--:--:
|He|He|He|He|Ea|He|He|He|He|  |
:--:--:--:--:--:--:--:--:--:--:
|  |  |He|  |He|  |He|He|  |He|
:--:--:--:--:--:--:--:--:--:--:
|He|  |  |  |He|He|He|He|He|He|
:--:--:--:--:--:--:--:--:--:--:

UPDATE DE LA RESERVE
------------------------------------------
Simulation - JOURS 0 DE LA SAISON primtemps
------------------------------------------
------------------RESERVE-----------------
LA RESERVE CONTIENT :
Herbe[id:169 quantite: 774]  en position (0, 0)
Eau[id:170 quantite: 205]  en position (0, 0)
Graine[id:171 quantite: 666]  en position (0, 0)
Foin[id:172 quantite: 295]  en position (0, 0)
------------------------------------------
-------------------POCHE------------------
LA POCHE CONTIENT:
Herbe[id:165 quantite: 7]  en position (6, 4)
Foin[id:166 quantite: 77]  en position (6, 4)
Eau[id:167 quantite: 162]  en position (6, 4)
Graine[id:168 quantite: 72]  en position (6, 4)
------------------------------------------
------------RAPPORT JOURNALIER------------
LE FERMIER RAJOUTE Herbe x7 SUR SA CASE
Le fermier trait la vache !
Le fermier trait la vache !
L'animal Poule n'a pas trouvÚ de nourriture...
Pas de bÚbÚ pour Animal de la ferme: Poule en position 4 0 vie restante: 95
L'animal Vache mange Herbe[id:711 quantite: 0]  en position (7, 6)
Pas de bÚbÚ pour Animal de la ferme: Vache en position 5 9 vie restante: 53
L'animal Vache mange Herbe[id:700 quantite: 0]  en position (2, 5)
Pas de bÚbÚ pour Animal de la ferme: Vache en position 4 9 vie restante: 54
L'animal Vache mange Herbe[id:757 quantite: 0]  en position (2, 0)
Pas de bÚbÚ pour Animal de la ferme: Vache en position 4 7 vie restante: 24
De l'herbe commence Ó s'agrandir en 0,4 !
De l'herbe vient de pousser sur la case 1,1 !
De l'herbe commence Ó s'agrandir en 1,9 !
De l'herbe vient de pousser sur la case 2,5 !
De l'herbe vient de pousser sur la case 3,0 !
De l'herbe commence Ó s'agrandir en 3,1 !
De l'herbe commence Ó s'agrandir en 3,5 !
De l'herbe vient de pousser sur la case 4,2 !
De l'herbe commence Ó s'agrandir en 6,7 !
De l'herbe commence Ó s'agrandir en 7,8 !
De l'herbe commence Ó s'agrandir en 8,7 !
---------REAPPROVISIONNEMENT--------------
LE FERMIER RENTRE CHEZ LUI POUR RECUPERER 3 Herbe
LE FERMIER RENTRE CHEZ LUI POUR RECUPERER 3 Eau
LE FERMIER RENTRE CHEZ LUI POUR RECUPERER 5 Graine
LE FERMIER RENTRE CHEZ LUI POUR RECUPERER 2 Foin
-------ETAT ACTUEL DE LA FERME ET DE LA FORET-------
:--:--:--:--:--:--:--:--:--:--:
|He|He|He|  |He|He|He|  |He|He|
:--:--:--:--:--:--:--:--:--:--:
|  |He|He|  |  |  |He|He|  |He|
:--:--:--:--:--:--:--:--:--:--:
|  |He|He|He|  |He|Ea|He|He|  |
:--:--:--:--:--:--:--:--:--:--:
|He|He|He|He|He|He|He|He|He|Gr|
:--:--:--:--:--:--:--:--:--:--:
|  |He|He|He|He|He|  |He|  |He|
:--:--:--:--:--:--:--:--:--:--:
|He|He|He|He|He|  |He|He|He|  |
:--:--:--:--:--:--:--:--:--:--:
|He|He|He|He|He|He|Fo|He|He|He|
:--:--:--:--:--:--:--:--:--:--:
|He|He|He|He|Ea|He|  |He|He|  |
:--:--:--:--:--:--:--:--:--:--:
|  |  |He|  |He|  |He|He|  |He|
:--:--:--:--:--:--:--:--:--:--:
|He|  |  |  |He|He|He|He|He|He|
:--:--:--:--:--:--:--:--:--:--:

------------------------------------------
Simulation - JOURS 1 DE LA SAISON primtemps
------------------------------------------
------------------RESERVE-----------------
LA RESERVE CONTIENT :
Herbe[id:169 quantite: 771]  en position (0, 0)
Eau[id:170 quantite: 202]  en position (0, 0)
Graine[id:171 quantite: 661]  en position (0, 0)
Foin[id:172 quantite: 293]  en position (0, 0)
------------------------------------------
-------------------POCHE------------------
LA POCHE CONTIENT:
Herbe[id:165 quantite: 3]  en position (6, 4)
Foin[id:166 quantite: 79]  en position (6, 4)
Eau[id:167 quantite: 165]  en position (6, 4)
Graine[id:168 quantite: 77]  en position (6, 4)
------------------------------------------
------------RAPPORT JOURNALIER------------
LE FERMIER RAJOUTE Herbe x3 SUR SA CASE
Le fermier trait la vache !
Le fermier trait la vache !
L'animal Vache mange Herbe[id:710 quantite: 0]  en position (6, 9)
Pas de bÚbÚ pour Animal de la ferme: Vache en position 7 8 vie restante: 60
L'animal Vache mange Herbe[id:685 quantite: 0]  en position (5, 2)
Pas de bÚbÚ pour Animal de la ferme: Vache en position 1 0 vie restante: 70
L'animal Vache mange Eau[id:495 quantite: 0]  en position (2, 6)
Pas de bÚbÚ pour Animal de la ferme: Vache en position 5 5 vie restante: 76
L'animal Vache mange Herbe[id:676 quantite: 0]  en position (3, 5)
Pas de bÚbÚ pour Animal de la ferme: Vache en position 0 2 vie restante: 42
De l'herbe commence Ó s'agrandir en 1,9 !
De l'herbe commence Ó s'agrandir en 3,1 !
De l'herbe vient de pousser sur la case 5,5 !
---------REAPPROVISIONNEMENT--------------
LE FERMIER RENTRE CHEZ LUI POUR RECUPERER 7 Herbe
LE FERMIER RENTRE CHEZ LUI POUR RECUPERER 9 Eau
LE FERMIER RENTRE CHEZ LUI POUR RECUPERER 3 Graine
LE FERMIER RENTRE CHEZ LUI POUR RECUPERER 3 Foin
-------ETAT ACTUEL DE LA FERME ET DE LA FORET-------
:--:--:--:--:--:--:--:--:--:--:
|He|He|He|  |He|He|He|  |He|He|
:--:--:--:--:--:--:--:--:--:--:
|  |He|He|  |  |  |He|He|  |He|
:--:--:--:--:--:--:--:--:--:--:
|  |He|He|He|  |He|  |He|He|  |
:--:--:--:--:--:--:--:--:--:--:
|He|He|He|He|He|  |He|He|He|Gr|
:--:--:--:--:--:--:--:--:--:--:
|  |He|He|He|He|He|  |He|  |He|
:--:--:--:--:--:--:--:--:--:--:
|He|He|  |He|He|He|He|He|He|  |
:--:--:--:--:--:--:--:--:--:--:
|He|He|He|He|He|He|Fo|He|He|  |
:--:--:--:--:--:--:--:--:--:--:
|He|He|He|He|Ea|He|  |He|He|  |
:--:--:--:--:--:--:--:--:--:--:
|  |  |He|  |He|  |He|He|  |He|
:--:--:--:--:--:--:--:--:--:--:
|He|  |  |  |He|He|He|He|He|He|
:--:--:--:--:--:--:--:--:--:--:

------------------------------------------
Simulation - JOURS 2 DE LA SAISON primtemps
------------------------------------------
------------------RESERVE-----------------
LA RESERVE CONTIENT :
Herbe[id:169 quantite: 764]  en position (0, 0)
Eau[id:170 quantite: 193]  en position (0, 0)
Graine[id:171 quantite: 658]  en position (0, 0)
Foin[id:172 quantite: 290]  en position (0, 0)
------------------------------------------
-------------------POCHE------------------
LA POCHE CONTIENT:
Herbe[id:165 quantite: 7]  en position (6, 4)
Foin[id:166 quantite: 82]  en position (6, 4)
Eau[id:167 quantite: 174]  en position (6, 4)
Graine[id:168 quantite: 80]  en position (6, 4)
------------------------------------------
------------RAPPORT JOURNALIER------------
LE FERMIER RAJOUTE Herbe x7 SUR SA CASE
Le fermier trait la vache !
Le fermier trait la vache !
Le fermier trait la vache !
Le fermier trait la vache !
L'animal Vache mange Herbe[id:603 quantite: 0]  en position (4, 5)
Pas de bÚbÚ pour Animal de la ferme: Vache en position 1 0 vie restante: 60
L'animal Vache mange Herbe[id:672 quantite: 0]  en position (2, 7)
Pas de bÚbÚ pour Animal de la ferme: Vache en position 2 5 vie restante: 68
L'animal Vache mange Herbe[id:771 quantite: 0]  en position (5, 5)
Pas de bÚbÚ pour Animal de la ferme: Vache en position 5 8 vie restante: 63
L'animal Vache mange Herbe[id:756 quantite: 0]  en position (0, 2)
Pas de bÚbÚ pour Animal de la ferme: Vache en position 4 2 vie restante: 48
De l'herbe commence Ó s'agrandir en 0,4 !
De l'herbe commence Ó s'agrandir en 0,8 !
De l'herbe commence Ó s'agrandir en 2,1 !
De l'herbe vient de pousser sur la case 2,4 !
De l'herbe vient de pousser sur la case 2,9 !
De l'herbe vient de pousser sur la case 3,5 !
De l'herbe commence Ó s'agrandir en 6,2 !
De l'herbe commence Ó s'agrandir en 7,0 !
De l'herbe commence Ó s'agrandir en 9,5 !
De l'herbe commence Ó s'agrandir en 9,9 !
---------REAPPROVISIONNEMENT--------------
LE FERMIER RENTRE CHEZ LUI POUR RECUPERER 7 Herbe
LE FERMIER RENTRE CHEZ LUI POUR RECUPERER 11 Eau
LE FERMIER RENTRE CHEZ LUI POUR RECUPERER 2 Graine
LE FERMIER RENTRE CHEZ LUI POUR RECUPERER 3 Foin
-------ETAT ACTUEL DE LA FERME ET DE LA FORET-------
:--:--:--:--:--:--:--:--:--:--:
|He|He|  |  |He|He|He|  |He|He|
:--:--:--:--:--:--:--:--:--:--:
|  |He|He|  |  |  |He|He|  |He|
:--:--:--:--:--:--:--:--:--:--:
|  |He|He|He|He|He|  |  |He|He|
:--:--:--:--:--:--:--:--:--:--:
|He|He|He|He|He|He|He|He|He|Gr|
:--:--:--:--:--:--:--:--:--:--:
|  |He|He|He|He|  |  |He|  |He|
:--:--:--:--:--:--:--:--:--:--:
|He|He|  |He|He|  |He|He|He|  |
:--:--:--:--:--:--:--:--:--:--:
|He|He|He|He|He|He|Fo|He|He|  |
:--:--:--:--:--:--:--:--:--:--:
|He|He|He|He|Ea|He|  |He|He|  |
:--:--:--:--:--:--:--:--:--:--:
|  |  |He|  |He|  |He|He|  |He|
:--:--:--:--:--:--:--:--:--:--:
|He|  |  |  |He|He|He|He|He|He|
:--:--:--:--:--:--:--:--:--:--:

------------------------------------------
Simulation - JOURS 3 DE LA SAISON primtemps
------------------------------------------
------------------RESERVE-----------------
LA RESERVE CONTIENT :
Herbe[id:169 quantite: 757]  en position (0, 0)
Eau[id:170 quantite: 182]  en position (0, 0)
Graine[id:171 quantite: 656]  en position (0, 0)
Foin[id:172 quantite: 287]  en position (0, 0)
------------------------------------------
-------------------POCHE------------------
LA POCHE CONTIENT:
Herbe[id:165 quantite: 7]  en position (6, 4)
Foin[id:166 quantite: 85]  en position (6, 4)
Eau[id:167 quantite: 185]  en position (6, 4)
Graine[id:168 quantite: 82]  en position (6, 4)
------------------------------------------
------------RAPPORT JOURNALIER------------
LE FERMIER RAJOUTE Herbe x7 SUR SA CASE
Le fermier trait la vache !
L'animal Vache mange Herbe[id:725 quantite: 0]  en position (7, 3)
Pas de bÚbÚ pour Animal de la ferme: Vache en position 0 1 vie restante: 75
L'animal Vache mange Herbe[id:605 quantite: 0]  en position (6, 8)
Pas de bÚbÚ pour Animal de la ferme: Vache en position 0 2 vie restante: 54
L'animal Vache mange Herbe[id:766 quantite: 0]  en position (4, 2)
Pas de bÚbÚ pour Animal de la ferme: Vache en position 2 6 vie restante: 48
L'animal Vache mange Herbe[id:730 quantite: 0]  en position (0, 9)
Pas de bÚbÚ pour Animal de la ferme: Vache en position 0 9 vie restante: 33
De l'herbe vient de pousser sur la case 1,0 !
De l'herbe commence Ó s'agrandir en 1,2 !
De l'herbe vient de pousser sur la case 1,8 !
De l'herbe commence Ó s'agrandir en 2,5 !
De l'herbe commence Ó s'agrandir en 3,8 !
De l'herbe vient de pousser sur la case 6,9 !
De l'herbe commence Ó s'agrandir en 7,1 !
De l'herbe commence Ó s'agrandir en 9,6 !
De l'herbe commence Ó s'agrandir en 9,9 !
---------REAPPROVISIONNEMENT--------------
LE FERMIER RENTRE CHEZ LUI POUR RECUPERER 3 Herbe
LE FERMIER RENTRE CHEZ LUI POUR RECUPERER 5 Eau
LE FERMIER RENTRE CHEZ LUI POUR RECUPERER 5 Graine
LE FERMIER RENTRE CHEZ LUI POUR RECUPERER 2 Foin
-------ETAT ACTUEL DE LA FERME ET DE LA FORET-------
:--:--:--:--:--:--:--:--:--:--:
|He|He|  |  |He|He|He|  |He|  |
:--:--:--:--:--:--:--:--:--:--:
|He|He|He|  |  |  |He|He|He|He|
:--:--:--:--:--:--:--:--:--:--:
|  |He|He|He|He|He|  |  |He|He|
:--:--:--:--:--:--:--:--:--:--:
|He|He|He|He|He|He|He|He|He|Gr|
:--:--:--:--:--:--:--:--:--:--:
|  |He|  |He|He|  |  |He|  |He|
:--:--:--:--:--:--:--:--:--:--:
|He|He|  |He|He|  |He|He|He|  |
:--:--:--:--:--:--:--:--:--:--:
|He|He|He|He|He|He|Fo|He|  |He|
:--:--:--:--:--:--:--:--:--:--:
|He|He|He|  |Ea|He|  |He|He|  |
:--:--:--:--:--:--:--:--:--:--:
|  |  |He|  |He|  |He|He|  |He|
:--:--:--:--:--:--:--:--:--:--:
|He|  |  |  |He|He|He|He|He|He|
:--:--:--:--:--:--:--:--:--:--:

------------------------------------------
Simulation - JOURS 4 DE LA SAISON primtemps
------------------------------------------
------------------RESERVE-----------------
LA RESERVE CONTIENT :
Herbe[id:169 quantite: 754]  en position (0, 0)
Eau[id:170 quantite: 177]  en position (0, 0)
Graine[id:171 quantite: 651]  en position (0, 0)
Foin[id:172 quantite: 285]  en position (0, 0)
------------------------------------------
-------------------POCHE------------------
LA POCHE CONTIENT:
Herbe[id:165 quantite: 3]  en position (6, 4)
Foin[id:166 quantite: 87]  en position (6, 4)
Eau[id:167 quantite: 190]  en position (6, 4)
Graine[id:168 quantite: 87]  en position (6, 4)
------------------------------------------
------------RAPPORT JOURNALIER------------
LE FERMIER RAJOUTE Graine x87 SUR SA CASE
Le fermier trait la vache !
L'animal Vache mange Herbe[id:783 quantite: 0]  en position (1, 0)
Pas de bÚbÚ pour Animal de la ferme: Vache en position 1 0 vie restante: 64
L'animal Vache mange Herbe[id:465 quantite: 0]  en position (0, 1)
Pas de bÚbÚ pour Animal de la ferme: Vache en position 0 1 vie restante: 94
L'animal Vache mange Herbe[id:678 quantite: 0]  en position (5, 8)
Pas de bÚbÚ pour Animal de la ferme: Vache en position 2 9 vie restante: 52
L'animal Vache mange Herbe[id:476 quantite: 0]  en position (6, 3)
Pas de bÚbÚ pour Animal de la ferme: Vache en position 3 2 vie restante: 45
De l'herbe vient de pousser sur la case 0,1 !
De l'herbe commence Ó s'agrandir en 0,4 !
De l'herbe commence Ó s'agrandir en 0,5 !
De l'herbe commence Ó s'agrandir en 0,6 !
De l'herbe commence Ó s'agrandir en 1,7 !
De l'herbe commence Ó s'agrandir en 1,9 !
De l'herbe commence Ó s'agrandir en 2,4 !
De l'herbe vient de pousser sur la case 2,6 !
De l'herbe vient de pousser sur la case 2,7 !
De l'herbe vient de pousser sur la case 4,0 !
De l'herbe commence Ó s'agrandir en 6,4 !
De l'herbe vient de pousser sur la case 6,8 !
De l'herbe commence Ó s'agrandir en 7,0 !
De l'herbe vient de pousser sur la case 8,1 !
De l'herbe vient de pousser sur la case 9,2 !
De l'herbe commence Ó s'agrandir en 9,6 !
---------REAPPROVISIONNEMENT--------------
LE FERMIER RENTRE CHEZ LUI POUR RECUPERER 10 Herbe
LE FERMIER RENTRE CHEZ LUI POUR RECUPERER 6 Eau
LE FERMIER RENTRE CHEZ LUI POUR RECUPERER 9 Graine
LE FERMIER RENTRE CHEZ LUI POUR RECUPERER 7 Foin
-------ETAT ACTUEL DE LA FERME ET DE LA FORET-------
:--:--:--:--:--:--:--:--:--:--:
|He|He|  |  |He|He|He|  |He|  |
:--:--:--:--:--:--:--:--:--:--:
|  |He|He|  |  |  |He|He|He|He|
:--:--:--:--:--:--:--:--:--:--:
|  |He|He|He|He|He|He|He|He|He|
:--:--:--:--:--:--:--:--:--:--:
|He|He|He|He|He|He|He|He|He|Gr|
:--:--:--:--:--:--:--:--:--:--:
|He|He|  |He|He|  |  |He|  |He|
:--:--:--:--:--:--:--:--:--:--:
|He|He|  |He|He|  |He|He|  |  |
:--:--:--:--:--:--:--:--:--:--:
|He|He|He|  |He|He|Fo|He|He|He|
:--:--:--:--:--:--:--:--:--:--:
|He|He|He|  |Ea|He|  |He|He|  |
:--:--:--:--:--:--:--:--:--:--:
|  |He|He|  |He|  |He|He|  |He|
:--:--:--:--:--:--:--:--:--:--:
|He|  |He|  |He|He|He|He|He|He|
:--:--:--:--:--:--:--:--:--:--:

------------------------------------------
Simulation - JOURS 5 DE LA SAISON primtemps
------------------------------------------
------------------RESERVE-----------------
LA RESERVE CONTIENT :
Herbe[id:169 quantite: 744]  en position (0, 0)
Eau[id:170 quantite: 171]  en position (0, 0)
Graine[id:171 quantite: 642]  en position (0, 0)
Foin[id:172 quantite: 278]  en position (0, 0)
------------------------------------------
-------------------POCHE------------------
LA POCHE CONTIENT:
Herbe[id:165 quantite: 13]  en position (6, 4)
Foin[id:166 quantite: 94]  en position (6, 4)
Eau[id:167 quantite: 196]  en position (6, 4)
Graine[id:168 quantite: 9]  en position (6, 4)
------------------------------------------
------------RAPPORT JOURNALIER------------
LE FERMIER RAJOUTE Herbe x13 SUR SA CASE
Le fermier trait la vache !
Le fermier trait la vache !
L'animal Poule n'a pas trouvÚ de nourriture...
Pas de bÚbÚ pour Animal de la ferme: Poule en position 9 1 vie restante: 70
L'animal Vache mange Herbe[id:366 quantite: 0]  en position (4, 7)
Pas de bÚbÚ pour Animal de la ferme: Vache en position 2 2 vie restante: 100
L'animal Vache mange Herbe[id:731 quantite: 0]  en position (5, 1)
Pas de bÚbÚ pour Animal de la ferme: Vache en position 9 8 vie restante: 47
De l'herbe commence Ó s'agrandir en 0,4 !
De l'herbe commence Ó s'agrandir en 0,5 !
De l'herbe commence Ó s'agrandir en 0,8 !
De l'herbe commence Ó s'agrandir en 2,5 !
De l'herbe vient de pousser sur la case 4,8 !
De l'herbe vient de pousser sur la case 5,9 !
De l'herbe commence Ó s'agrandir en 6,8 !
De l'herbe commence Ó s'agrandir en 7,1 !
---------REAPPROVISIONNEMENT--------------
LE FERMIER RENTRE CHEZ LUI POUR RECUPERER 3 Herbe
LE FERMIER RENTRE CHEZ LUI POUR RECUPERER 5 Eau
LE FERMIER RENTRE CHEZ LUI POUR RECUPERER 4 Graine
LE FERMIER RENTRE CHEZ LUI POUR RECUPERER 8 Foin
-------ETAT ACTUEL DE LA FERME ET DE LA FORET-------
:--:--:--:--:--:--:--:--:--:--:
|He|He|  |  |He|He|He|  |He|  |
:--:--:--:--:--:--:--:--:--:--:
|  |He|He|  |  |  |He|He|He|He|
:--:--:--:--:--:--:--:--:--:--:
|  |He|He|He|He|He|He|He|He|He|
:--:--:--:--:--:--:--:--:--:--:
|He|He|He|He|He|He|He|He|He|Gr|
:--:--:--:--:--:--:--:--:--:--:
|He|He|  |He|He|  |  |  |He|He|
:--:--:--:--:--:--:--:--:--:--:
|He|  |  |He|He|  |He|He|  |He|
:--:--:--:--:--:--:--:--:--:--:
|He|He|He|  |He|He|Fo|He|He|He|
:--:--:--:--:--:--:--:--:--:--:
|He|He|He|  |Ea|He|  |He|He|  |
:--:--:--:--:--:--:--:--:--:--:
|  |He|He|  |He|  |He|He|  |He|
:--:--:--:--:--:--:--:--:--:--:
|He|  |  |  |He|He|He|He|He|He|
:--:--:--:--:--:--:--:--:--:--:

------------------------------------------
Simulation - JOURS 6 DE LA SAISON primtemps
------------------------------------------
------------------RESERVE-----------------
LA RESERVE CONTIENT :
Herbe[id:169 quantite: 741]  en position (0, 0)
Eau[id:170 quantite: 166]  en position (0, 0)
Graine[id:171 quantite: 638]  en position (0, 0)
Foin[id:172 quantite: 270]  en position (0, 0)
------------------------------------------
-------------------POCHE------------------
LA POCHE CONTIENT:
Herbe[id:165 quantite: 3]  en position (6, 4)
Foin[id:166 quantite: 102]  en position (6, 4)
Eau[id:167 quantite: 201]  en position (6, 4)
Graine[id:168 quantite: 13]  en position (6, 4)
------------------------------------------
------------RAPPORT JOURNALIER------------
Le fermier dÚpose 3 Herbe par terre
Le fermier trait la vache !
Le fermier trait la vache !
L'animal Poule n'a pas trouvÚ de nourriture...
Pas de bÚbÚ pour Animal de la ferme: Poule en position 9 2 vie restante: 65
L'animal Vache mange Herbe[id:777 quantite: 0]  en position (2, 9)
Pas de bÚbÚ pour Animal de la ferme: Vache en position 5 9 vie restante: 48
De l'herbe commence Ó s'agrandir en 0,0 !
De l'herbe vient de pousser sur la case 0,2 !
De l'herbe commence Ó s'agrandir en 1,8 !
De l'herbe commence Ó s'agrandir en 2,3 !
De l'herbe vient de pousser sur la case 2,9 !
De l'herbe vient de pousser sur la case 4,2 !
De l'herbe commence Ó s'agrandir en 4,3 !
De l'herbe vient de pousser sur la case 5,5 !
De l'herbe vient de pousser sur la case 7,6 !
De l'herbe commence Ó s'agrandir en 8,4 !
De l'herbe commence Ó s'agrandir en 8,7 !
De l'herbe commence Ó s'agrandir en 9,6 !
---------REAPPROVISIONNEMENT--------------
LE FERMIER RENTRE CHEZ LUI POUR RECUPERER 4 Herbe
LE FERMIER RENTRE CHEZ LUI POUR RECUPERER 9 Eau
LE FERMIER RENTRE CHEZ LUI POUR RECUPERER 7 Graine
LE FERMIER RENTRE CHEZ LUI POUR RECUPERER 2 Foin
-------ETAT ACTUEL DE LA FERME ET DE LA FORET-------
:--:--:--:--:--:--:--:--:--:--:
|He|He|He|  |He|He|He|  |He|  |
:--:--:--:--:--:--:--:--:--:--:
|  |He|He|  |  |  |He|He|He|He|
:--:--:--:--:--:--:--:--:--:--:
|  |He|He|He|  |He|He|He|He|He|
:--:--:--:--:--:--:--:--:--:--:
|He|He|He|He|He|He|He|He|He|Gr|
:--:--:--:--:--:--:--:--:--:--:
|He|He|He|He|He|He|  |  |He|He|
:--:--:--:--:--:--:--:--:--:--:
|He|  |  |He|He|He|He|He|  |He|
:--:--:--:--:--:--:--:--:--:--:
|He|He|He|  |He|He|Fo|He|He|He|
:--:--:--:--:--:--:--:--:--:--:
|He|He|He|  |Ea|He|He|He|He|  |
:--:--:--:--:--:--:--:--:--:--:
|  |He|He|  |He|  |He|He|  |He|
:--:--:--:--:--:--:--:--:--:--:
|He|  |  |  |He|He|He|He|He|He|
:--:--:--:--:--:--:--:--:--:--:

------------------------------------------
Simulation - JOURS 7 DE LA SAISON primtemps
------------------------------------------
------------------RESERVE-----------------
LA RESERVE CONTIENT :
Herbe[id:169 quantite: 737]  en position (0, 0)
Eau[id:170 quantite: 157]  en position (0, 0)
Graine[id:171 quantite: 631]  en position (0, 0)
Foin[id:172 quantite: 268]  en position (0, 0)
------------------------------------------
-------------------POCHE------------------
LA POCHE CONTIENT:
Herbe[id:165 quantite: 4]  en position (7, 6)
Foin[id:166 quantite: 104]  en position (7, 6)
Eau[id:167 quantite: 210]  en position (7, 6)
Graine[id:168 quantite: 20]  en position (7, 6)
------------------------------------------
------------RAPPORT JOURNALIER------------
LE FERMIER RAJOUTE Herbe x4 SUR SA CASE
Le fermier trait la vache !
L'animal Vache mange Herbe[id:740 quantite: 0]  en position (1, 6)
Pas de bÚbÚ pour Animal de la ferme: Vache en position 1 0 vie restante: 73
L'animal Poule n'a pas trouvÚ de nourriture...
Pas de bÚbÚ pour Animal de la ferme: Poule en position 9 5 vie restante: 60
L'animal Vache mange Herbe[id:758 quantite: 0]  en position (2, 2)
Pas de bÚbÚ pour Animal de la ferme: Vache en position 7 1 vie restante: 84
L'animal Vache mange Herbe[id:808 quantite: 0]  en position (5, 5)
Pas de bÚbÚ pour Animal de la ferme: Vache en position 5 5 vie restante: 43
L'animal Vache mange Herbe[id:734 quantite: 0]  en position (9, 0)
L'animal Animal de la ferme: Vache en position 9 0 vie restante: 29 se reproduit
L'animal Vache mange Herbe[id:801 quantite: 0]  en position (5, 9)
Pas de bÚbÚ pour Animal de la ferme: Vache en position 1 1 vie restante: 51
L'animal Vache mange Herbe[id:765 quantite: 0]  en position (3, 0)
Pas de bÚbÚ pour Animal de la ferme: Vache en position 3 0 vie restante: 35
De l'herbe vient de pousser sur la case 0,9 !
De l'herbe vient de pousser sur la case 1,0 !
De l'herbe commence Ó s'agrandir en 1,1 !
De l'herbe commence Ó s'agrandir en 2,6 !
De l'herbe commence Ó s'agrandir en 2,9 !
De l'herbe vient de pousser sur la case 3,0 !
De l'herbe commence Ó s'agrandir en 3,1 !
De l'herbe commence Ó s'agrandir en 3,6 !
De l'herbe vient de pousser sur la case 5,1 !
De l'herbe vient de pousser sur la case 5,5 !
De l'herbe commence Ó s'agrandir en 6,0 !
De l'herbe commence Ó s'agrandir en 6,5 !
De l'herbe commence Ó s'agrandir en 6,7 !
De l'herbe commence Ó s'agrandir en 7,8 !
---------REAPPROVISIONNEMENT--------------
LE FERMIER RENTRE CHEZ LUI POUR RECUPERER 7 Herbe
LE FERMIER RENTRE CHEZ LUI POUR RECUPERER 11 Eau
LE FERMIER RENTRE CHEZ LUI POUR RECUPERER 7 Graine
LE FERMIER RENTRE CHEZ LUI POUR RECUPERER 8 Foin
-------ETAT ACTUEL DE LA FERME ET DE LA FORET-------
:--:--:--:--:--:--:--:--:--:--:
|He|He|He|  |He|He|He|  |He|He|
:--:--:--:--:--:--:--:--:--:--:
|He|He|He|  |  |  |  |He|He|He|
:--:--:--:--:--:--:--:--:--:--:
|  |He|  |He|  |He|He|He|He|He|
:--:--:--:--:--:--:--:--:--:--:
|He|He|He|He|He|  |He|He|He|Gr|
:--:--:--:--:--:--:--:--:--:--:
|He|He|He|He|He|He|  |  |He|He|
:--:--:--:--:--:--:--:--:--:--:
|He|He|  |He|He|He|He|He|  |  |
:--:--:--:--:--:--:--:--:--:--:
|He|He|He|  |He|He|Fo|He|He|He|
:--:--:--:--:--:--:--:--:--:--:
|He|He|He|  |Ea|He|He|He|He|  |
:--:--:--:--:--:--:--:--:--:--:
|  |He|He|  |He|  |He|He|  |He|
:--:--:--:--:--:--:--:--:--:--:
|  |  |  |  |He|He|He|He|He|He|
:--:--:--:--:--:--:--:--:--:--:

------------------------------------------
Simulation - JOURS 8 DE LA SAISON primtemps
------------------------------------------
------------------RESERVE-----------------
LA RESERVE CONTIENT :
Herbe[id:169 quantite: 730]  en position (0, 0)
Eau[id:170 quantite: 146]  en position (0, 0)
Graine[id:171 quantite: 624]  en position (0, 0)
Foin[id:172 quantite: 260]  en position (0, 0)
------------------------------------------
-------------------POCHE------------------
LA POCHE CONTIENT:
Herbe[id:165 quantite: 7]  en position (7, 6)
Foin[id:166 quantite: 112]  en position (7, 6)
Eau[id:167 quantite: 221]  en position (7, 6)
Graine[id:168 quantite: 27]  en position (7, 6)
------------------------------------------
------------RAPPORT JOURNALIER------------
LE FERMIER RAJOUTE Herbe x7 SUR SA CASE
Le fermier trait la vache !
L'animal Vache mange Herbe[id:818 quantite: 0]  en position (1, 0)
Pas de bÚbÚ pour Animal de la ferme: Vache en position 1 3 vie restante: 82
L'animal Poule n'a pas trouvÚ de nourriture...
Pas de bÚbÚ pour Animal de la ferme: Poule en position 8 7 vie restante: 55
L'animal Vache mange Herbe[id:733 quantite: 0]  en position (7, 1)
Pas de bÚbÚ pour Animal de la ferme: Vache en position 7 1 vie restante: 91
L'animal Vache mange Herbe[id:821 quantite: 0]  en position (5, 5)
Pas de bÚbÚ pour Animal de la ferme: Vache en position 5 8 vie restante: 44
L'animal prÚdateur mange Animal de la ferme: Vache en position 1 1 vie restante: 51
L'animal Vache mange Herbe[id:819 quantite: 0]  en position (3, 0)
Pas de bÚbÚ pour Animal de la ferme: Vache en position 3 0 vie restante: 43
De l'herbe vient de pousser sur la case 0,3 !
De l'herbe vient de pousser sur la case 0,7 !
De l'herbe commence Ó s'agrandir en 1,1 !
De l'herbe commence Ó s'agrandir en 4,3 !
De l'herbe vient de pousser sur la case 4,6 !
De l'herbe commence Ó s'agrandir en 6,8 !
De l'herbe commence Ó s'agrandir en 7,6 !
De l'herbe commence Ó s'agrandir en 8,4 !
De l'herbe commence Ó s'agrandir en 8,6 !
De l'herbe commence Ó s'agrandir en 9,7 !
---------REAPPROVISIONNEMENT--------------
LE FERMIER RENTRE CHEZ LUI POUR RECUPERER 2 Herbe
LE FERMIER RENTRE CHEZ LUI POUR RECUPERER 11 Eau
LE FERMIER RENTRE CHEZ LUI POUR RECUPERER 3 Graine
LE FERMIER RENTRE CHEZ LUI POUR RECUPERER 8 Foin
-------ETAT ACTUEL DE LA FERME ET DE LA FORET-------
:--:--:--:--:--:--:--:--:--:--:
|He|He|He|He|He|He|He|He|He|He|
:--:--:--:--:--:--:--:--:--:--:
|  |He|He|  |  |  |  |He|He|He|
:--:--:--:--:--:--:--:--:--:--:
|  |He|  |He|  |He|He|He|He|He|
:--:--:--:--:--:--:--:--:--:--:
|  |He|He|He|He|  |He|He|He|Gr|
:--:--:--:--:--:--:--:--:--:--:
|He|He|He|He|He|He|He|  |He|He|
:--:--:--:--:--:--:--:--:--:--:
|He|He|  |He|He|  |He|He|  |  |
:--:--:--:--:--:--:--:--:--:--:
|He|He|He|  |He|He|Fo|He|He|He|
:--:--:--:--:--:--:--:--:--:--:
|He|  |He|  |Ea|He|He|He|He|  |
:--:--:--:--:--:--:--:--:--:--:
|  |He|He|  |He|  |He|  |  |He|
:--:--:--:--:--:--:--:--:--:--:
|  |  |  |  |He|He|He|He|He|He|
:--:--:--:--:--:--:--:--:--:--:

------------------------------------------
Simulation - JOURS 9 DE LA SAISON primtemps
------------------------------------------
------------------RESERVE-----------------
LA RESERVE CONTIENT :
Herbe[id:169 quantite: 728]  en position (0, 0)
Eau[id:170 quantite: 135]  en position (0, 0)
Graine[id:171 quantite: 621]  en position (0, 0)
Foin[id:172 quantite: 252]  en position (0, 0)
------------------------------------------
-------------------POCHE------------------
LA POCHE CONTIENT:
Herbe[id:165 quantite: 2]  en position (7, 6)
Foin[id:166 quantite: 120]  en position (7, 6)
Eau[id:167 quantite: 232]  en position (7, 6)
Graine[id:168 quantite: 30]  en position (7, 6)
------------------------------------------
------------RAPPORT JOURNALIER------------
LE FERMIER RAJOUTE Herbe x2 SUR SA CASE
Le fermier trait la vache !
L'animal Vache mange Herbe[id:793 quantite: 0]  en position (4, 0)
L'animal Animal de la ferme: Vache en position 5 9 vie restante: 45 se reproduit
L'animal Vache mange Herbe[id:800 quantite: 0]  en position (4, 8)
Pas de bÚbÚ pour Animal de la ferme: Vache en position 3 0 vie restante: 49
L'animal Vache mange Herbe[id:732 quantite: 0]  en position (7, 0)
Pas de bÚbÚ pour Animal de la ferme: Vache en position 7 0 vie restante: 53
De l'herbe commence Ó s'agrandir en 0,0 !
De l'herbe commence Ó s'agrandir en 0,4 !
De l'herbe commence Ó s'agrandir en 0,7 !
De l'herbe commence Ó s'agrandir en 0,9 !
De l'herbe commence Ó s'agrandir en 3,1 !
De l'herbe commence Ó s'agrandir en 4,3 !
De l'herbe commence Ó s'agrandir en 4,5 !
De l'herbe vient de pousser sur la case 5,2 !
De l'herbe commence Ó s'agrandir en 6,5 !
De l'herbe commence Ó s'agrandir en 7,7 !
De l'herbe vient de pousser sur la case 8,0 !
De l'herbe vient de pousser sur la case 9,0 !
De l'herbe commence Ó s'agrandir en 9,7 !
---------REAPPROVISIONNEMENT--------------
LE FERMIER RENTRE CHEZ LUI POUR RECUPERER 9 Herbe
LE FERMIER RENTRE CHEZ LUI POUR RECUPERER 4 Eau
LE FERMIER RENTRE CHEZ LUI POUR RECUPERER 9 Graine
LE FERMIER RENTRE CHEZ LUI POUR RECUPERER 2 Foin
-------ETAT ACTUEL DE LA FERME ET DE LA FORET-------
:--:--:--:--:--:--:--:--:--:--:
|He|He|He|He|He|He|He|He|He|He|
:--:--:--:--:--:--:--:--:--:--:
|  |He|He|  |  |  |  |He|He|He|
:--:--:--:--:--:--:--:--:--:--:
|  |He|  |He|  |He|He|He|He|He|
:--:--:--:--:--:--:--:--:--:--:
|  |He|He|He|He|  |He|He|He|Gr|
:--:--:--:--:--:--:--:--:--:--:
|  |He|He|He|He|He|He|  |  |He|
:--:--:--:--:--:--:--:--:--:--:
|He|He|He|He|He|  |He|He|  |  |
:--:--:--:--:--:--:--:--:--:--:
|He|He|He|  |He|He|Fo|He|He|He|
:--:--:--:--:--:--:--:--:--:--:
|  |  |He|  |Ea|He|He|He|He|  |
:--:--:--:--:--:--:--:--:--:--:
|He|He|He|  |He|  |He|  |  |He|
:--:--:--:--:--:--:--:--:--:--:
|He|  |  |  |He|He|He|He|He|He|
:--:--:--:--:--:--:--:--:--:--:

UPDATE DE LA RESERVE
------------------------------------------
Simulation - JOURS 10 DE LA SAISON primtemps
------------------------------------------
------------------RESERVE-----------------
LA RESERVE CONTIENT :
Herbe[id:169 quantite: 815]  en position (0, 0)
Eau[id:170 quantite: 157]  en position (0, 0)
Graine[id:171 quantite: 655]  en position (0, 0)
Foin[id:172 quantite: 289]  en position (0, 0)
------------------------------------------
-------------------POCHE------------------
LA POCHE CONTIENT:
Herbe[id:165 quantite: 9]  en position (7, 6)
Foin[id:166 quantite: 122]  en position (7, 6)
Eau[id:167 quantite: 236]  en position (7, 6)
Graine[id:168 quantite: 39]  en position (7, 6)
------------------------------------------
------------RAPPORT JOURNALIER------------
Le fermier dÚpose 39 Graine par terre
Le fermier trait la vache !
L'animal Vache mange Herbe[id:764 quantite: 0]  en position (2, 5)
Pas de bÚbÚ pour Animal de la ferme: Vache en position 2 5 vie restante: 60
L'animal Poule n'a pas trouvÚ de nourriture...
Pas de bÚbÚ pour Animal de la ferme: Poule en position 2 5 vie restante: 45
L'animal Vache mange Herbe[id:835 quantite: 0]  en position (9, 0)
Pas de bÚbÚ pour Animal de la ferme: Vache en position 9 0 vie restante: 29
L'animal Vache mange Herbe[id:827 quantite: 0]  en position (0, 3)
Pas de bÚbÚ pour Animal de la ferme: Vache en position 0 3 vie restante: 54
L'animal Vache mange Herbe[id:828 quantite: 0]  en position (0, 7)
Pas de bÚbÚ pour Animal de la ferme: Vache en position 3 2 vie restante: 66
De l'herbe commence Ó s'agrandir en 0,2 !
De l'herbe vient de pousser sur la case 0,7 !
De l'herbe vient de pousser sur la case 1,3 !
De l'herbe commence Ó s'agrandir en 2,7 !
De l'herbe commence Ó s'agrandir en 5,6 !
De l'herbe commence Ó s'agrandir en 6,4 !
De l'herbe commence Ó s'agrandir en 8,1 !
De l'herbe vient de pousser sur la case 9,1 !
De l'herbe commence Ó s'agrandir en 9,4 !
---------REAPPROVISIONNEMENT--------------
LE FERMIER RENTRE CHEZ LUI POUR RECUPERER 9 Herbe
LE FERMIER RENTRE CHEZ LUI POUR RECUPERER 9 Eau
LE FERMIER RENTRE CHEZ LUI POUR RECUPERER 6 Graine
LE FERMIER RENTRE CHEZ LUI POUR RECUPERER 9 Foin
-------ETAT ACTUEL DE LA FERME ET DE LA FORET-------
:--:--:--:--:--:--:--:--:--:--:
|He|He|He|  |He|He|He|He|He|He|
:--:--:--:--:--:--:--:--:--:--:
|  |He|He|He|  |  |  |He|He|He|
:--:--:--:--:--:--:--:--:--:--:
|  |He|  |He|  |  |He|He|He|He|
:--:--:--:--:--:--:--:--:--:--:
|  |He|He|He|He|  |He|He|He|Gr|
:--:--:--:--:--:--:--:--:--:--:
|  |He|He|He|He|He|He|  |  |He|
:--:--:--:--:--:--:--:--:--:--:
|He|He|He|He|He|  |He|He|  |  |
:--:--:--:--:--:--:--:--:--:--:
|He|He|He|  |He|He|Fo|He|He|He|
:--:--:--:--:--:--:--:--:--:--:
|  |  |He|Gr|Ea|He|He|He|  |  |
:--:--:--:--:--:--:--:--:--:--:
|He|He|He|  |He|  |He|  |  |He|
:--:--:--:--:--:--:--:--:--:--:
|  |He|  |  |He|He|He|He|He|He|
:--:--:--:--:--:--:--:--:--:--:

------------------------------------------
Simulation - JOURS 11 DE LA SAISON primtemps
------------------------------------------
------------------RESERVE-----------------
LA RESERVE CONTIENT :
Herbe[id:169 quantite: 806]  en position (0, 0)
Eau[id:170 quantite: 148]  en position (0, 0)
Graine[id:171 quantite: 649]  en position (0, 0)
Foin[id:172 quantite: 280]  en position (0, 0)
------------------------------------------
-------------------POCHE------------------
LA POCHE CONTIENT:
Herbe[id:165 quantite: 18]  en position (5, 2)
Foin[id:166 quantite: 131]  en position (5, 2)
Eau[id:167 quantite: 245]  en position (5, 2)
Graine[id:168 quantite: 6]  en position (5, 2)
------------------------------------------
------------RAPPORT JOURNALIER------------
LE FERMIER RAJOUTE Herbe x18 SUR SA CASE
Le fermier trait la vache !
Le fermier trait la vache !
L'animal Vache mange Herbe[id:829 quantite: 0]  en position (4, 6)
Pas de bÚbÚ pour Animal de la ferme: Vache en position 4 6 vie restante: 47
L'animal Vache mange Herbe[id:790 quantite: 0]  en position (0, 1)
Pas de bÚbÚ pour Animal de la ferme: Vache en position 6 4 vie restante: 96
L'animal Vache mange Herbe[id:792 quantite: 0]  en position (2, 7)
L'animal Animal de la ferme: Vache en position 2 7 vie restante: 27 se reproduit
L'animal prÚdateur mange Animal de la ferme: Vache en position 0 3 vie restante: 54
L'animal prÚdateur mange Animal de la ferme: Vache en position 8 8 vie restante: 66
De l'herbe vient de pousser sur la case 0,1 !
De l'herbe commence Ó s'agrandir en 1,9 !
De l'herbe commence Ó s'agrandir en 4,5 !
De l'herbe commence Ó s'agrandir en 5,2 !
De l'herbe vient de pousser sur la case 7,1 !
De l'herbe commence Ó s'agrandir en 7,2 !
De l'herbe commence Ó s'agrandir en 8,6 !
De l'herbe vient de pousser sur la case 8,7 !
---------REAPPROVISIONNEMENT--------------
LE FERMIER RENTRE CHEZ LUI POUR RECUPERER 8 Herbe
LE FERMIER RENTRE CHEZ LUI POUR RECUPERER 6 Eau
LE FERMIER RENTRE CHEZ LUI POUR RECUPERER 6 Graine
LE FERMIER RENTRE CHEZ LUI POUR RECUPERER 3 Foin
-------ETAT ACTUEL DE LA FERME ET DE LA FORET-------
:--:--:--:--:--:--:--:--:--:--:
|He|He|He|  |He|He|He|He|He|He|
:--:--:--:--:--:--:--:--:--:--:
|  |He|He|He|  |  |  |He|He|He|
:--:--:--:--:--:--:--:--:--:--:
|  |He|  |He|  |  |He|  |He|He|
:--:--:--:--:--:--:--:--:--:--:
|  |He|He|He|He|  |He|He|He|Gr|
:--:--:--:--:--:--:--:--:--:--:
|  |He|He|He|He|He|  |  |  |He|
:--:--:--:--:--:--:--:--:--:--:
|He|He|He|He|He|  |He|He|  |  |
:--:--:--:--:--:--:--:--:--:--:
|He|He|He|  |He|He|Fo|He|He|He|
:--:--:--:--:--:--:--:--:--:--:
|  |He|He|Gr|Ea|He|He|He|  |  |
:--:--:--:--:--:--:--:--:--:--:
|He|He|He|  |He|  |He|He|  |He|
:--:--:--:--:--:--:--:--:--:--:
|  |He|  |  |He|He|He|He|He|He|
:--:--:--:--:--:--:--:--:--:--:

------------------------------------------
Simulation - JOURS 12 DE LA SAISON primtemps
------------------------------------------
------------------RESERVE-----------------
LA RESERVE CONTIENT :
Herbe[id:169 quantite: 798]  en position (0, 0)
Eau[id:170 quantite: 142]  en position (0, 0)
Graine[id:171 quantite: 643]  en position (0, 0)
Foin[id:172 quantite: 277]  en position (0, 0)
------------------------------------------
-------------------POCHE------------------
LA POCHE CONTIENT:
Herbe[id:165 quantite: 8]  en position (5, 2)
Foin[id:166 quantite: 134]  en position (5, 2)
Eau[id:167 quantite: 251]  en position (5, 2)
Graine[id:168 quantite: 12]  en position (5, 2)
------------------------------------------
------------RAPPORT JOURNALIER------------
LE FERMIER RAJOUTE Herbe x8 SUR SA CASE
Le fermier trait la vache !
Le fermier trait la vache !
L'animal Poule n'a pas trouvÚ de nourriture...
Pas de bÚbÚ pour Animal de la ferme: Poule en position 8 7 vie restante: 35
L'animal Vache mange Herbe[id:717 quantite: 0]  en position (6, 4)
Pas de bÚbÚ pour Animal de la ferme: Vache en position 6 4 vie restante: 100
L'animal Vache mange Herbe[id:805 quantite: 0]  en position (0, 2)
Pas de bÚbÚ pour Animal de la ferme: Vache en position 4 8 vie restante: 39
L'animal prÚdateur mange Animal de la ferme: Vache en position 4 0 vie restante: 27
De l'herbe commence Ó s'agrandir en 0,4 !
De l'herbe commence Ó s'agrandir en 1,1 !
De l'herbe commence Ó s'agrandir en 3,1 !
De l'herbe commence Ó s'agrandir en 3,3 !
De l'herbe commence Ó s'agrandir en 4,4 !
De l'herbe vient de pousser sur la case 4,7 !
De l'herbe commence Ó s'agrandir en 5,1 !
De l'herbe commence Ó s'agrandir en 8,2 !
---------REAPPROVISIONNEMENT--------------
LE FERMIER RENTRE CHEZ LUI POUR RECUPERER 3 Herbe
LE FERMIER RENTRE CHEZ LUI POUR RECUPERER 5 Eau
LE FERMIER RENTRE CHEZ LUI POUR RECUPERER 3 Graine
LE FERMIER RENTRE CHEZ LUI POUR RECUPERER 10 Foin
-------ETAT ACTUEL DE LA FERME ET DE LA FORET-------
:--:--:--:--:--:--:--:--:--:--:
|He|He|  |  |He|He|He|He|He|He|
:--:--:--:--:--:--:--:--:--:--:
|  |He|He|He|  |  |  |He|He|He|
:--:--:--:--:--:--:--:--:--:--:
|  |He|  |He|  |  |He|  |He|He|
:--:--:--:--:--:--:--:--:--:--:
|  |He|He|He|He|  |He|He|He|Gr|
:--:--:--:--:--:--:--:--:--:--:
|  |He|He|He|He|He|  |He|  |He|
:--:--:--:--:--:--:--:--:--:--:
|He|He|He|He|He|  |He|He|  |  |
:--:--:--:--:--:--:--:--:--:--:
|He|He|He|  |  |He|Fo|He|He|He|
:--:--:--:--:--:--:--:--:--:--:
|  |He|He|Gr|Ea|He|He|He|  |  |
:--:--:--:--:--:--:--:--:--:--:
|He|He|He|  |He|  |He|  |  |He|
:--:--:--:--:--:--:--:--:--:--:
|  |He|  |  |He|He|He|He|He|He|
:--:--:--:--:--:--:--:--:--:--:

------------------------------------------
Simulation - JOURS 13 DE LA SAISON primtemps
------------------------------------------
------------------RESERVE-----------------
LA RESERVE CONTIENT :
Herbe[id:169 quantite: 795]  en position (0, 0)
Eau[id:170 quantite: 137]  en position (0, 0)
Graine[id:171 quantite: 640]  en position (0, 0)
Foin[id:172 quantite: 267]  en position (0, 0)
------------------------------------------
-------------------POCHE------------------
LA POCHE CONTIENT:
Herbe[id:165 quantite: 3]  en position (5, 2)
Foin[id:166 quantite: 144]  en position (5, 2)
Eau[id:167 quantite: 256]  en position (5, 2)
Graine[id:168 quantite: 15]  en position (5, 2)
------------------------------------------
------------RAPPORT JOURNALIER------------
LE FERMIER RAJOUTE Herbe x3 SUR SA CASE
Le fermier trait la vache !
Le fermier trait la vache !
L'animal Vache mange Herbe[id:854 quantite: 0]  en position (4, 7)
Pas de bÚbÚ pour Animal de la ferme: Vache en position 7 6 vie restante: 52
De l'herbe vient de pousser sur la case 1,0 !
De l'herbe commence Ó s'agrandir en 1,8 !
De l'herbe commence Ó s'agrandir en 2,9 !
De l'herbe commence Ó s'agrandir en 6,9 !
De l'herbe commence Ó s'agrandir en 7,2 !
De l'herbe commence Ó s'agrandir en 8,4 !
---------REAPPROVISIONNEMENT--------------
LE FERMIER RENTRE CHEZ LUI POUR RECUPERER 9 Herbe
LE FERMIER RENTRE CHEZ LUI POUR RECUPERER 7 Eau
LE FERMIER RENTRE CHEZ LUI POUR RECUPERER 3 Graine
LE FERMIER RENTRE CHEZ LUI POUR RECUPERER 8 Foin
-------ETAT ACTUEL DE LA FERME ET DE LA FORET-------
:--:--:--:--:--:--:--:--:--:--:
|He|He|  |  |He|He|He|He|He|He|
:--:--:--:--:--:--:--:--:--:--:
|He|He|He|He|  |  |  |He|He|He|
:--:--:--:--:--:--:--:--:--:--:
|  |He|  |He|  |  |He|  |He|He|
:--:--:--:--:--:--:--:--:--:--:
|  |He|He|He|He|  |He|He|He|Gr|
:--:--:--:--:--:--:--:--:--:--:
|  |He|He|He|He|He|  |  |  |He|
:--:--:--:--:--:--:--:--:--:--:
|He|He|He|He|He|  |He|He|  |  |
:--:--:--:--:--:--:--:--:--:--:
|He|He|He|  |  |He|Fo|He|He|He|
:--:--:--:--:--:--:--:--:--:--:
|  |He|He|Gr|Ea|He|He|He|  |  |
:--:--:--:--:--:--:--:--:--:--:
|He|He|He|  |He|  |He|  |  |He|
:--:--:--:--:--:--:--:--:--:--:
|  |He|  |  |He|He|He|He|He|He|
:--:--:--:--:--:--:--:--:--:--:

------------------------------------------
Simulation - JOURS 14 DE LA SAISON primtemps
------------------------------------------
------------------RESERVE-----------------
LA RESERVE CONTIENT :
Herbe[id:169 quantite: 786]  en position (0, 0)
Eau[id:170 quantite: 130]  en position (0, 0)
Graine[id:171 quantite: 637]  en position (0, 0)
Foin[id:172 quantite: 259]  en position (0, 0)
------------------------------------------
-------------------POCHE------------------
LA POCHE CONTIENT:
Herbe[id:165 quantite: 9]  en position (5, 2)
Foin[id:166 quantite: 152]  en position (5, 2)
Eau[id:167 quantite: 263]  en position (5, 2)
Graine[id:168 quantite: 18]  en position (5, 2)
------------------------------------------
------------RAPPORT JOURNALIER------------
LE FERMIER RAJOUTE Herbe x9 SUR SA CASE
Le fermier trait la vache !
L'animal Vache mange Herbe[id:806 quantite: 0]  en position (2, 9)
Pas de bÚbÚ pour Animal de la ferme: Vache en position 3 2 vie restante: 50
L'animal Vache mange Herbe[id:726 quantite: 0]  en position (9, 8)
Pas de bÚbÚ pour Animal de la ferme: Vache en position 2 3 vie restante: 94
L'animal Vache mange Herbe[id:712 quantite: 0]  en position (9, 4)
Pas de bÚbÚ pour Animal de la ferme: Vache en position 8 3 vie restante: 43
L'animal Vache n'a pas trouvÚ de nourriture...
Pas de bÚbÚ pour Animal de la ferme: Vache en position 5 1 vie restante: 39
De l'herbe commence Ó s'agrandir en 0,5 !
De l'herbe commence Ó s'agrandir en 1,7 !
De l'herbe commence Ó s'agrandir en 3,1 !
De l'herbe vient de pousser sur la case 4,0 !
De l'herbe vient de pousser sur la case 5,9 !
De l'herbe commence Ó s'agrandir en 6,5 !
De l'herbe vient de pousser sur la case 9,8 !
---------REAPPROVISIONNEMENT--------------
LE FERMIER RENTRE CHEZ LUI POUR RECUPERER 11 Herbe
LE FERMIER RENTRE CHEZ LUI POUR RECUPERER 3 Eau
LE FERMIER RENTRE CHEZ LUI POUR RECUPERER 8 Graine
LE FERMIER RENTRE CHEZ LUI POUR RECUPERER 4 Foin
-------ETAT ACTUEL DE LA FERME ET DE LA FORET-------
:--:--:--:--:--:--:--:--:--:--:
|He|He|  |  |He|He|He|He|He|He|
:--:--:--:--:--:--:--:--:--:--:
|He|He|He|He|  |  |  |He|He|He|
:--:--:--:--:--:--:--:--:--:--:
|  |He|  |He|  |  |He|  |He|  |
:--:--:--:--:--:--:--:--:--:--:
|  |He|He|He|He|  |He|He|He|Gr|
:--:--:--:--:--:--:--:--:--:--:
|He|He|He|He|He|He|  |  |  |He|
:--:--:--:--:--:--:--:--:--:--:
|He|He|He|He|He|  |He|He|  |He|
:--:--:--:--:--:--:--:--:--:--:
|He|He|He|  |  |He|Fo|He|He|He|
:--:--:--:--:--:--:--:--:--:--:
|  |He|He|  |Ea|He|He|He|  |  |
:--:--:--:--:--:--:--:--:--:--:
|He|He|He|  |He|  |He|  |  |He|
:--:--:--:--:--:--:--:--:--:--:
|  |He|  |  |  |He|He|He|He|He|
:--:--:--:--:--:--:--:--:--:--:

------------------------------------------
Simulation - JOURS 15 DE LA SAISON primtemps
------------------------------------------
------------------RESERVE-----------------
LA RESERVE CONTIENT :
Herbe[id:169 quantite: 775]  en position (0, 0)
Eau[id:170 quantite: 127]  en position (0, 0)
Graine[id:171 quantite: 629]  en position (0, 0)
Foin[id:172 quantite: 255]  en position (0, 0)
------------------------------------------
-------------------POCHE------------------
LA POCHE CONTIENT:
Herbe[id:165 quantite: 11]  en position (5, 2)
Foin[id:166 quantite: 156]  en position (5, 2)
Eau[id:167 quantite: 266]  en position (5, 2)
Graine[id:168 quantite: 26]  en position (5, 2)
------------------------------------------
------------RAPPORT JOURNALIER------------
Le fermier dÚpose 266 Eau par terre
L'animal Vache mange Herbe[id:586 quantite: 0]  en position (3, 2)
Pas de bÚbÚ pour Animal de la ferme: Vache en position 3 2 vie restante: 71
L'animal Vache mange Herbe[id:842 quantite: 0]  en position (0, 7)
L'animal Animal de la ferme: Vache en position 0 7 vie restante: 50 se reproduit
L'animal Vache mange Herbe[id:833 quantite: 0]  en position (5, 2)
Pas de bÚbÚ pour Animal de la ferme: Vache en position 4 9 vie restante: 72
L'animal Vache mange Herbe[id:750 quantite: 0]  en position (0, 6)
Pas de bÚbÚ pour Animal de la ferme: Vache en position 9 8 vie restante: 48
L'animal Vache mange Herbe[id:834 quantite: 0]  en position (8, 0)
Pas de bÚbÚ pour Animal de la ferme: Vache en position 8 0 vie restante: 57
De l'herbe vient de pousser sur la case 0,7 !
De l'herbe commence Ó s'agrandir en 1,0 !
De l'herbe vient de pousser sur la case 2,7 !
De l'herbe commence Ó s'agrandir en 4,1 !
De l'herbe commence Ó s'agrandir en 4,4 !
De l'herbe vient de pousser sur la case 6,3 !
De l'herbe vient de pousser sur la case 7,0 !
De l'herbe commence Ó s'agrandir en 8,1 !
De l'herbe vient de pousser sur la case 9,2 !
De l'herbe vient de pousser sur la case 9,4 !
De l'herbe commence Ó s'agrandir en 9,7 !
De l'herbe commence Ó s'agrandir en 9,9 !
---------REAPPROVISIONNEMENT--------------
LE FERMIER RENTRE CHEZ LUI POUR RECUPERER 11 Herbe
LE FERMIER RENTRE CHEZ LUI POUR RECUPERER 5 Eau
LE FERMIER RENTRE CHEZ LUI POUR RECUPERER 7 Graine
LE FERMIER RENTRE CHEZ LUI POUR RECUPERER 10 Foin
-------ETAT ACTUEL DE LA FERME ET DE LA FORET-------
:--:--:--:--:--:--:--:--:--:--:
|He|He|  |  |He|He|  |He|He|He|
:--:--:--:--:--:--:--:--:--:--:
|He|He|He|He|  |  |  |He|He|He|
:--:--:--:--:--:--:--:--:--:--:
|  |He|  |He|  |  |He|He|He|  |
:--:--:--:--:--:--:--:--:--:--:
|  |He|  |He|He|  |He|He|He|Gr|
:--:--:--:--:--:--:--:--:--:--:
|He|He|He|He|He|He|Ea|  |  |He|
:--:--:--:--:--:--:--:--:--:--:
|He|He|  |He|He|  |He|He|  |He|
:--:--:--:--:--:--:--:--:--:--:
|He|He|He|He|  |He|Fo|He|He|He|
:--:--:--:--:--:--:--:--:--:--:
|He|He|He|  |Ea|He|He|He|  |  |
:--:--:--:--:--:--:--:--:--:--:
|  |He|He|  |He|  |He|  |  |He|
:--:--:--:--:--:--:--:--:--:--:
|  |He|He|  |He|He|He|He|He|He|
:--:--:--:--:--:--:--:--:--:--:

------------------------------------------
Simulation - JOURS 16 DE LA SAISON primtemps
------------------------------------------
------------------RESERVE-----------------
LA RESERVE CONTIENT :
Herbe[id:169 quantite: 764]  en position (0, 0)
Eau[id:170 quantite: 122]  en position (0, 0)
Graine[id:171 quantite: 622]  en position (0, 0)
Foin[id:172 quantite: 245]  en position (0, 0)
------------------------------------------
-------------------POCHE------------------
LA POCHE CONTIENT:
Herbe[id:165 quantite: 22]  en position (9, 3)
Foin[id:166 quantite: 166]  en position (9, 3)
Eau[id:167 quantite: 5]  en position (9, 3)
Graine[id:168 quantite: 33]  en position (9, 3)
------------------------------------------
------------RAPPORT JOURNALIER------------
Le fermier dÚpose 33 Graine par terre
Le fermier trait la vache !
L'animal Vache mange Herbe[id:874 quantite: 0]  en position (9, 2)
Pas de bÚbÚ pour Animal de la ferme: Vache en position 9 2 vie restante: 51
L'animal Vache mange Herbe[id:870 quantite: 0]  en position (0, 7)
L'animal Animal de la ferme: Vache en position 0 7 vie restante: 25 se reproduit
L'animal Vache mange Herbe[id:637 quantite: 0]  en position (4, 9)
Pas de bÚbÚ pour Animal de la ferme: Vache en position 2 0 vie restante: 95
L'animal prÚdateur mange Animal de la ferme: Vache en position 6 8 vie restante: 57
De l'herbe commence Ó s'agrandir en 0,4 !
De l'herbe commence Ó s'agrandir en 1,0 !
De l'herbe commence Ó s'agrandir en 4,0 !
De l'herbe commence Ó s'agrandir en 4,1 !
De l'herbe commence Ó s'agrandir en 6,5 !
De l'herbe commence Ó s'agrandir en 6,9 !
De l'herbe commence Ó s'agrandir en 7,6 !
De l'herbe commence Ó s'agrandir en 7,7 !
De l'herbe vient de pousser sur la case 8,8 !
---------REAPPROVISIONNEMENT--------------
LE FERMIER RENTRE CHEZ LUI POUR RECUPERER 2 Herbe
LE FERMIER RENTRE CHEZ LUI POUR RECUPERER 11 Eau
LE FERMIER RENTRE CHEZ LUI POUR RECUPERER 7 Graine
LE FERMIER RENTRE CHEZ LUI POUR RECUPERER 10 Foin
-------ETAT ACTUEL DE LA FERME ET DE LA FORET-------
:--:--:--:--:--:--:--:--:--:--:
|He|He|  |  |He|He|  |  |He|He|
:--:--:--:--:--:--:--:--:--:--:
|He|He|He|He|  |  |  |He|He|He|
:--:--:--:--:--:--:--:--:--:--:
|  |He|  |He|  |  |He|He|He|  |
:--:--:--:--:--:--:--:--:--:--:
|  |He|  |He|He|  |He|He|He|Gr|
:--:--:--:--:--:--:--:--:--:--:
|He|He|He|He|He|He|Ea|  |  |  |
:--:--:--:--:--:--:--:--:--:--:
|He|He|  |He|He|  |He|He|  |He|
:--:--:--:--:--:--:--:--:--:--:
|He|He|He|He|  |He|Fo|He|He|He|
:--:--:--:--:--:--:--:--:--:--:
|He|He|He|  |Ea|He|He|He|  |  |
:--:--:--:--:--:--:--:--:--:--:
|  |He|He|  |He|  |He|  |He|He|
:--:--:--:--:--:--:--:--:--:--:
|  |He|  |Gr|He|He|He|He|He|He|
:--:--:--:--:--:--:--:--:--:--:

------------------------------------------
Simulation - JOURS 17 DE LA SAISON primtemps
------------------------------------------
------------------RESERVE-----------------
LA RESERVE CONTIENT :
Herbe[id:169 quantite: 762]  en position (0, 0)
Eau[id:170 quantite: 111]  en position (0, 0)
Graine[id:171 quantite: 615]  en position (0, 0)
Foin[id:172 quantite: 235]  en position (0, 0)
------------------------------------------
-------------------POCHE------------------
LA POCHE CONTIENT:
Herbe[id:165 quantite: 24]  en position (7, 3)
Foin[id:166 quantite: 176]  en position (7, 3)
Eau[id:167 quantite: 16]  en position (7, 3)
Graine[id:168 quantite: 7]  en position (7, 3)
------------------------------------------
------------RAPPORT JOURNALIER------------
Le fermier dÚpose 176 Foin par terre
Le fermier trait la vache !
L'animal Vache mange Herbe[id:802 quantite: 0]  en position (4, 5)
Pas de bÚbÚ pour Animal de la ferme: Vache en position 9 4 vie restante: 45
L'animal Vache mange Herbe[id:751 quantite: 0]  en position (1, 7)
Pas de bÚbÚ pour Animal de la ferme: Vache en position 0 6 vie restante: 71
De l'herbe vient de pousser sur la case 2,2 !
De l'herbe commence Ó s'agrandir en 5,4 !
De l'herbe commence Ó s'agrandir en 6,3 !
De l'herbe vient de pousser sur la case 6,4 !
De l'herbe commence Ó s'agrandir en 7,0 !
De l'herbe vient de pousser sur la case 8,0 !
De l'herbe commence Ó s'agrandir en 8,2 !
De l'herbe vient de pousser sur la case 8,5 !
De l'herbe commence Ó s'agrandir en 9,4 !
De l'herbe commence Ó s'agrandir en 9,6 !
---------REAPPROVISIONNEMENT--------------
LE FERMIER RENTRE CHEZ LUI POUR RECUPERER 8 Herbe
LE FERMIER RENTRE CHEZ LUI POUR RECUPERER 5 Eau
LE FERMIER RENTRE CHEZ LUI POUR RECUPERER 11 Graine
LE FERMIER RENTRE CHEZ LUI POUR RECUPERER 7 Foin
-------ETAT ACTUEL DE LA FERME ET DE LA FORET-------
:--:--:--:--:--:--:--:--:--:--:
|He|He|  |  |He|He|  |  |He|He|
:--:--:--:--:--:--:--:--:--:--:
|He|He|He|He|  |  |  |  |He|He|
:--:--:--:--:--:--:--:--:--:--:
|  |He|He|He|  |  |He|He|He|  |
:--:--:--:--:--:--:--:--:--:--:
|  |He|  |He|He|  |He|He|He|Gr|
:--:--:--:--:--:--:--:--:--:--:
|He|He|He|He|He|  |Ea|  |  |  |
:--:--:--:--:--:--:--:--:--:--:
|He|He|  |He|He|  |He|He|  |He|
:--:--:--:--:--:--:--:--:--:--:
|He|He|He|He|He|He|Fo|He|He|He|
:--:--:--:--:--:--:--:--:--:--:
|He|He|He|Fo|Ea|He|He|He|  |  |
:--:--:--:--:--:--:--:--:--:--:
|He|He|He|  |He|He|He|  |He|He|
:--:--:--:--:--:--:--:--:--:--:
|  |He|  |Gr|He|He|He|He|He|He|
:--:--:--:--:--:--:--:--:--:--:

------------------------------------------
Simulation - JOURS 18 DE LA SAISON primtemps
------------------------------------------
------------------RESERVE-----------------
LA RESERVE CONTIENT :
Herbe[id:169 quantite: 754]  en position (0, 0)
Eau[id:170 quantite: 106]  en position (0, 0)
Graine[id:171 quantite: 604]  en position (0, 0)
Foin[id:172 quantite: 228]  en position (0, 0)
------------------------------------------
-------------------POCHE------------------
LA POCHE CONTIENT:
Herbe[id:165 quantite: 32]  en position (7, 3)
Foin[id:166 quantite: 7]  en position (7, 3)
Eau[id:167 quantite: 21]  en position (7, 3)
Graine[id:168 quantite: 18]  en position (7, 3)
------------------------------------------
------------RAPPORT JOURNALIER------------
LE FERMIER RAJOUTE Foin x7 SUR SA CASE
Le fermier trait la vache !
Le fermier trait la vache !
Le fermier trait la vache !
L'animal Vache mange Herbe[id:875 quantite: 0]  en position (9, 4)
Pas de bÚbÚ pour Animal de la ferme: Vache en position 9 4 vie restante: 45
L'animal Vache mange Herbe[id:666 quantite: 0]  en position (7, 5)
L'animal Animal de la ferme: Vache en position 5 2 vie restante: 19 se reproduit
L'animal Vache n'a pas trouvÚ de nourriture...
Pas de bÚbÚ pour Animal de la ferme: Vache en position 9 3 vie restante: 51
L'animal prÚdateur mange Animal de la ferme: Vache en position 1 5 vie restante: 25
L'animal Vache mange Herbe[id:628 quantite: 0]  en position (0, 0)
Pas de bÚbÚ pour Animal de la ferme: Vache en position 2 5 vie restante: 26
De l'herbe vient de pousser sur la case 2,0 !
De l'herbe commence Ó s'agrandir en 2,8 !
De l'herbe commence Ó s'agrandir en 6,3 !
De l'herbe commence Ó s'agrandir en 6,5 !
De l'herbe commence Ó s'agrandir en 6,7 !
De l'herbe commence Ó s'agrandir en 7,6 !
De l'herbe commence Ó s'agrandir en 8,1 !
De l'herbe commence Ó s'agrandir en 8,5 !
De l'herbe vient de pousser sur la case 9,3 !
De l'herbe commence Ó s'agrandir en 9,7 !
---------REAPPROVISIONNEMENT--------------
LE FERMIER RENTRE CHEZ LUI POUR RECUPERER 5 Herbe
LE FERMIER RENTRE CHEZ LUI POUR RECUPERER 7 Eau
LE FERMIER RENTRE CHEZ LUI POUR RECUPERER 2 Graine
LE FERMIER RENTRE CHEZ LUI POUR RECUPERER 10 Foin
-------ETAT ACTUEL DE LA FERME ET DE LA FORET-------
:--:--:--:--:--:--:--:--:--:--:
|  |He|  |  |He|He|  |  |He|He|
:--:--:--:--:--:--:--:--:--:--:
|He|He|He|He|  |  |  |  |He|He|
:--:--:--:--:--:--:--:--:--:--:
|He|He|He|He|  |  |He|He|He|  |
:--:--:--:--:--:--:--:--:--:--:
|  |He|  |He|He|  |He|He|He|Gr|
:--:--:--:--:--:--:--:--:--:--:
|He|He|He|He|He|  |Ea|  |  |  |
:--:--:--:--:--:--:--:--:--:--:
|He|He|  |He|He|  |He|He|  |He|
:--:--:--:--:--:--:--:--:--:--:
|He|He|He|He|He|He|Fo|He|He|He|
:--:--:--:--:--:--:--:--:--:--:
|He|He|He|Fo|Ea|  |He|He|  |  |
:--:--:--:--:--:--:--:--:--:--:
|He|He|He|  |He|He|He|  |He|He|
:--:--:--:--:--:--:--:--:--:--:
|  |He|  |He|  |He|He|He|He|He|
:--:--:--:--:--:--:--:--:--:--:

------------------------------------------
Simulation - JOURS 19 DE LA SAISON primtemps
------------------------------------------
------------------RESERVE-----------------
LA RESERVE CONTIENT :
Herbe[id:169 quantite: 749]  en position (0, 0)
Eau[id:170 quantite: 99]  en position (0, 0)
Graine[id:171 quantite: 602]  en position (0, 0)
Foin[id:172 quantite: 218]  en position (0, 0)
------------------------------------------
-------------------POCHE------------------
LA POCHE CONTIENT:
Herbe[id:165 quantite: 37]  en position (7, 3)
Foin[id:166 quantite: 10]  en position (7, 3)
Eau[id:167 quantite: 28]  en position (7, 3)
Graine[id:168 quantite: 20]  en position (7, 3)
------------------------------------------
------------RAPPORT JOURNALIER------------
LE FERMIER RAJOUTE Foin x10 SUR SA CASE
Le fermier trait la vache !
Le fermier trait la vache !
Le fermier trait la vache !
L'animal Vache mange Herbe[id:893 quantite: 0]  en position (9, 3)
L'animal Animal de la ferme: Vache en position 5 8 vie restante: 19 se reproduit
L'animal prÚdateur mange Animal de la ferme: Vache en position 3 2 vie restante: 26
L'animal Vache mange Herbe[id:323 quantite: 0]  en position (5, 0)
Pas de bÚbÚ pour Animal de la ferme: Vache en position 9 8 vie restante: 78
De l'herbe vient de pousser sur la case 0,7 !
De l'herbe commence Ó s'agrandir en 2,2 !
De l'herbe commence Ó s'agrandir en 5,3 !
De l'herbe commence Ó s'agrandir en 5,4 !
De l'herbe commence Ó s'agrandir en 5,6 !
De l'herbe commence Ó s'agrandir en 6,5 !
De l'herbe commence Ó s'agrandir en 7,7 !
De l'herbe vient de pousser sur la case 8,3 !
De l'herbe commence Ó s'agrandir en 8,8 !
De l'herbe commence Ó s'agrandir en 8,9 !
De l'herbe commence Ó s'agrandir en 9,5 !
---------REAPPROVISIONNEMENT--------------
LE FERMIER RENTRE CHEZ LUI POUR RECUPERER 8 Herbe
LE FERMIER RENTRE CHEZ LUI POUR RECUPERER 4 Eau
LE FERMIER RENTRE CHEZ LUI POUR RECUPERER 3 Graine
LE FERMIER RENTRE CHEZ LUI POUR RECUPERER 10 Foin
-------ETAT ACTUEL DE LA FERME ET DE LA FORET-------
:--:--:--:--:--:--:--:--:--:--:
|  |He|  |  |He|He|  |He|He|He|
:--:--:--:--:--:--:--:--:--:--:
|He|He|He|He|  |  |  |  |He|He|
:--:--:--:--:--:--:--:--:--:--:
|He|He|He|He|  |  |He|He|He|  |
:--:--:--:--:--:--:--:--:--:--:
|  |He|  |He|He|  |He|He|He|Gr|
:--:--:--:--:--:--:--:--:--:--:
|He|He|He|He|He|  |Ea|  |  |  |
:--:--:--:--:--:--:--:--:--:--:
|  |He|  |He|He|  |He|He|  |He|
:--:--:--:--:--:--:--:--:--:--:
|He|He|He|He|He|He|Fo|He|He|He|
:--:--:--:--:--:--:--:--:--:--:
|He|He|He|Fo|Ea|  |He|He|  |  |
:--:--:--:--:--:--:--:--:--:--:
|He|He|He|He|He|He|He|  |He|He|
:--:--:--:--:--:--:--:--:--:--:
|  |He|  |  |  |He|He|He|He|He|
:--:--:--:--:--:--:--:--:--:--:

UPDATE DE LA RESERVE
------------------------------------------
Simulation - JOURS 20 DE LA SAISON primtemps
------------------------------------------
------------------RESERVE-----------------
LA RESERVE CONTIENT :
Herbe[id:169 quantite: 748]  en position (0, 0)
Eau[id:170 quantite: 180]  en position (0, 0)
Graine[id:171 quantite: 662]  en position (0, 0)
Foin[id:172 quantite: 227]  en position (0, 0)
------------------------------------------
-------------------POCHE------------------
LA POCHE CONTIENT:
Herbe[id:165 quantite: 45]  en position (7, 3)
Foin[id:166 quantite: 10]  en position (7, 3)
Eau[id:167 quantite: 32]  en position (7, 3)
Graine[id:168 quantite: 23]  en position (7, 3)
------------------------------------------
------------RAPPORT JOURNALIER------------
LE FERMIER RAJOUTE Herbe x45 SUR SA CASE
Le fermier trait la vache !
L'animal Vache n'a pas trouvÚ de nourriture...
Pas de bÚbÚ pour Animal de la ferme: Vache en position 3 9 vie restante: 78
De l'herbe commence Ó s'agrandir en 1,2 !
De l'herbe commence Ó s'agrandir en 1,9 !
De l'herbe commence Ó s'agrandir en 3,3 !
De l'herbe commence Ó s'agrandir en 3,4 !
De l'herbe commence Ó s'agrandir en 4,0 !
De l'herbe vient de pousser sur la case 4,5 !
De l'herbe commence Ó s'agrandir en 8,6 !
De l'herbe vient de pousser sur la case 9,0 !
De l'herbe commence Ó s'agrandir en 9,9 !
---------REAPPROVISIONNEMENT--------------
LE FERMIER RENTRE CHEZ LUI POUR RECUPERER 3 Herbe
LE FERMIER RENTRE CHEZ LUI POUR RECUPERER 10 Eau
LE FERMIER RENTRE CHEZ LUI POUR RECUPERER 5 Graine
LE FERMIER RENTRE CHEZ LUI POUR RECUPERER 5 Foin
-------ETAT ACTUEL DE LA FERME ET DE LA FORET-------
:--:--:--:--:--:--:--:--:--:--:
|  |He|  |  |He|He|  |He|He|He|
:--:--:--:--:--:--:--:--:--:--:
|He|He|He|He|  |  |  |  |He|He|
:--:--:--:--:--:--:--:--:--:--:
|He|He|He|He|  |  |He|He|He|  |
:--:--:--:--:--:--:--:--:--:--:
|  |He|  |He|He|  |He|He|He|  |
:--:--:--:--:--:--:--:--:--:--:
|He|He|He|He|He|He|Ea|  |  |  |
:--:--:--:--:--:--:--:--:--:--:
|  |He|  |He|He|  |He|He|  |He|
:--:--:--:--:--:--:--:--:--:--:
|He|He|He|He|He|He|Fo|He|He|He|
:--:--:--:--:--:--:--:--:--:--:
|He|He|He|Fo|Ea|  |He|He|  |  |
:--:--:--:--:--:--:--:--:--:--:
|He|He|He|He|He|He|He|  |He|He|
:--:--:--:--:--:--:--:--:--:--:
|He|He|  |  |  |He|He|He|He|He|
:--:--:--:--:--:--:--:--:--:--:

------------------------------------------
Simulation - JOURS 21 DE LA SAISON primtemps
------------------------------------------
------------------RESERVE-----------------
LA RESERVE CONTIENT :
Herbe[id:169 quantite: 745]  en position (0, 0)
Eau[id:170 quantite: 170]  en position (0, 0)
Graine[id:171 quantite: 657]  en position (0, 0)
Foin[id:172 quantite: 222]  en position (0, 0)
------------------------------------------
-------------------POCHE------------------
LA POCHE CONTIENT:
Herbe[id:165 quantite: 3]  en position (7, 3)
Foin[id:166 quantite: 15]  en position (7, 3)
Eau[id:167 quantite: 42]  en position (7, 3)
Graine[id:168 quantite: 28]  en position (7, 3)
------------------------------------------
------------RAPPORT JOURNALIER------------
LE FERMIER RAJOUTE Herbe x3 SUR SA CASE
Le fermier trait la vache !
L'animal Vache mange Herbe[id:820 quantite: 0]  en position (5, 1)
Pas de bÚbÚ pour Animal de la ferme: Vache en position 3 5 vie restante: 61
L'animal Poule n'a pas trouvÚ de nourriture...
Pas de bÚbÚ pour Animal de la ferme: Poule en position 2 6 vie restante: 20
L'animal Vache mange Herbe[id:871 quantite: 0]  en position (2, 7)
L'animal Animal de la ferme: Vache en position 9 1 vie restante: 41 se reproduit
L'animal Vache mange Herbe[id:651 quantite: 0]  en position (6, 0)
Pas de bÚbÚ pour Animal de la ferme: Vache en position 6 0 vie restante: 56
De l'herbe commence Ó s'agrandir en 0,7 !
De l'herbe commence Ó s'agrandir en 1,8 !
De l'herbe commence Ó s'agrandir en 1,9 !
De l'herbe commence Ó s'agrandir en 3,7 !
De l'herbe commence Ó s'agrandir en 4,4 !
De l'herbe commence Ó s'agrandir en 4,5 !
De l'herbe vient de pousser sur la case 5,0 !
De l'herbe vient de pousser sur la case 5,5 !
De l'herbe vient de pousser sur la case 5,8 !
De l'herbe commence Ó s'agrandir en 8,5 !
De l'herbe vient de pousser sur la case 8,7 !
---------REAPPROVISIONNEMENT--------------
LE FERMIER RENTRE CHEZ LUI POUR RECUPERER 8 Herbe
LE FERMIER RENTRE CHEZ LUI POUR RECUPERER 5 Eau
LE FERMIER RENTRE CHEZ LUI POUR RECUPERER 8 Graine
LE FERMIER RENTRE CHEZ LUI POUR RECUPERER 9 Foin
-------ETAT ACTUEL DE LA FERME ET DE LA FORET-------
:--:--:--:--:--:--:--:--:--:--:
|  |He|  |  |He|He|  |He|He|He|
:--:--:--:--:--:--:--:--:--:--:
|He|He|He|He|  |  |  |  |He|He|
:--:--:--:--:--:--:--:--:--:--:
|He|He|He|He|  |  |  |  |He|  |
:--:--:--:--:--:--:--:--:--:--:
|  |He|  |He|He|  |He|He|He|  |
:--:--:--:--:--:--:--:--:--:--:
|He|He|He|He|He|He|Ea|  |  |  |
:--:--:--:--:--:--:--:--:--:--:
|He|  |  |He|He|He|He|He|He|He|
:--:--:--:--:--:--:--:--:--:--:
|  |He|He|He|He|He|Fo|He|He|He|
:--:--:--:--:--:--:--:--:--:--:
|He|He|He|Fo|Ea|  |He|He|  |  |
:--:--:--:--:--:--:--:--:--:--:
|He|He|He|He|He|He|He|He|He|He|
:--:--:--:--:--:--:--:--:--:--:
|He|He|  |  |  |He|He|He|He|He|
:--:--:--:--:--:--:--:--:--:--:

------------------------------------------
Simulation - JOURS 22 DE LA SAISON primtemps
------------------------------------------
------------------RESERVE-----------------
LA RESERVE CONTIENT :
Herbe[id:169 quantite: 737]  en position (0, 0)
Eau[id:170 quantite: 165]  en position (0, 0)
Graine[id:171 quantite: 649]  en position (0, 0)
Foin[id:172 quantite: 213]  en position (0, 0)
------------------------------------------
-------------------POCHE------------------
LA POCHE CONTIENT:
Herbe[id:165 quantite: 8]  en position (7, 3)
Foin[id:166 quantite: 24]  en position (7, 3)
Eau[id:167 quantite: 47]  en position (7, 3)
Graine[id:168 quantite: 36]  en position (7, 3)
------------------------------------------
------------RAPPORT JOURNALIER------------
Le fermier dÚpose 47 Eau par terre
Le fermier trait la vache !
L'animal Vache mange Herbe[id:844 quantite: 0]  en position (9, 1)
Pas de bÚbÚ pour Animal de la ferme: Vache en position 1 3 vie restante: 41
L'animal Vache mange Herbe[id:908 quantite: 0]  en position (8, 7)
Pas de bÚbÚ pour Animal de la ferme: Vache en position 2 2 vie restante: 24
L'animal prÚdateur mange Animal de la ferme: Vache en position 6 0 vie restante: 56
De l'herbe vient de pousser sur la case 0,0 !
De l'herbe commence Ó s'agrandir en 1,0 !
De l'herbe vient de pousser sur la case 3,9 !
De l'herbe commence Ó s'agrandir en 4,4 !
De l'herbe commence Ó s'agrandir en 6,8 !
De l'herbe commence Ó s'agrandir en 7,0 !
De l'herbe commence Ó s'agrandir en 8,8 !
De l'herbe vient de pousser sur la case 9,1 !
---------REAPPROVISIONNEMENT--------------
LE FERMIER RENTRE CHEZ LUI POUR RECUPERER 9 Herbe
LE FERMIER RENTRE CHEZ LUI POUR RECUPERER 8 Eau
LE FERMIER RENTRE CHEZ LUI POUR RECUPERER 10 Graine
LE FERMIER RENTRE CHEZ LUI POUR RECUPERER 7 Foin
-------ETAT ACTUEL DE LA FERME ET DE LA FORET-------
:--:--:--:--:--:--:--:--:--:--:
|He|He|  |  |He|He|  |He|He|He|
:--:--:--:--:--:--:--:--:--:--:
|He|He|He|He|  |  |  |  |He|He|
:--:--:--:--:--:--:--:--:--:--:
|He|He|He|He|  |  |  |  |He|  |
:--:--:--:--:--:--:--:--:--:--:
|  |He|  |He|He|  |He|He|He|He|
:--:--:--:--:--:--:--:--:--:--:
|He|He|He|He|He|He|Ea|  |Ea|  |
:--:--:--:--:--:--:--:--:--:--:
|He|  |  |He|He|He|He|He|He|He|
:--:--:--:--:--:--:--:--:--:--:
|  |He|He|He|He|He|Fo|He|He|He|
:--:--:--:--:--:--:--:--:--:--:
|He|He|He|Fo|Ea|  |He|He|  |  |
:--:--:--:--:--:--:--:--:--:--:
|He|He|He|He|He|He|He|  |He|He|
:--:--:--:--:--:--:--:--:--:--:
|He|He|  |  |  |He|He|He|He|He|
:--:--:--:--:--:--:--:--:--:--:

------------------------------------------
Simulation - JOURS 23 DE LA SAISON primtemps
------------------------------------------
------------------RESERVE-----------------
LA RESERVE CONTIENT :
Herbe[id:169 quantite: 728]  en position (0, 0)
Eau[id:170 quantite: 157]  en position (0, 0)
Graine[id:171 quantite: 639]  en position (0, 0)
Foin[id:172 quantite: 206]  en position (0, 0)
------------------------------------------
-------------------POCHE------------------
LA POCHE CONTIENT:
Herbe[id:165 quantite: 17]  en position (4, 8)
Foin[id:166 quantite: 31]  en position (4, 8)
Eau[id:167 quantite: 8]  en position (4, 8)
Graine[id:168 quantite: 46]  en position (4, 8)
------------------------------------------
------------RAPPORT JOURNALIER------------
LE FERMIER RAJOUTE Eau x8 SUR SA CASE
Le fermier trait la vache !
Le fermier trait la vache !
L'animal Vache mange Herbe[id:906 quantite: 0]  en position (5, 5)
Pas de bÚbÚ pour Animal de la ferme: Vache en position 0 2 vie restante: 41
L'animal Poule n'a pas trouvÚ de nourriture...
L'animal Animal de la ferme: Poule en position 2 0 vie restante: 10 se reproduit
L'animal Vache mange Herbe[id:884 quantite: 0]  en position (2, 2)
Pas de bÚbÚ pour Animal de la ferme: Vache en position 1 0 vie restante: 32
L'animal Vache mange Herbe[id:913 quantite: 0]  en position (3, 9)
Pas de bÚbÚ pour Animal de la ferme: Vache en position 4 2 vie restante: 87
L'animal Poule n'a pas trouvÚ de nourriture...
Pas de bÚbÚ pour Animal de la ferme: Poule en position 8 0 vie restante: 10
De l'herbe commence Ó s'agrandir en 5,3 !
De l'herbe commence Ó s'agrandir en 7,6 !
De l'herbe commence Ó s'agrandir en 8,1 !
De l'herbe commence Ó s'agrandir en 8,4 !
---------REAPPROVISIONNEMENT--------------
LE FERMIER RENTRE CHEZ LUI POUR RECUPERER 6 Herbe
LE FERMIER RENTRE CHEZ LUI POUR RECUPERER 2 Eau
LE FERMIER RENTRE CHEZ LUI POUR RECUPERER 9 Graine
LE FERMIER RENTRE CHEZ LUI POUR RECUPERER 9 Foin
-------ETAT ACTUEL DE LA FERME ET DE LA FORET-------
:--:--:--:--:--:--:--:--:--:--:
|He|  |  |  |He|He|  |He|He|He|
:--:--:--:--:--:--:--:--:--:--:
|He|He|He|He|  |  |  |  |He|He|
:--:--:--:--:--:--:--:--:--:--:
|He|He|  |He|  |  |  |  |He|  |
:--:--:--:--:--:--:--:--:--:--:
|  |He|  |He|He|  |He|He|He|  |
:--:--:--:--:--:--:--:--:--:--:
|He|He|He|He|He|He|Ea|  |Ea|  |
:--:--:--:--:--:--:--:--:--:--:
|He|  |  |He|He|  |He|He|He|He|
:--:--:--:--:--:--:--:--:--:--:
|  |He|He|He|He|He|Fo|He|He|He|
:--:--:--:--:--:--:--:--:--:--:
|He|He|He|Fo|Ea|  |He|He|  |  |
:--:--:--:--:--:--:--:--:--:--:
|  |He|He|He|He|He|He|  |He|He|
:--:--:--:--:--:--:--:--:--:--:
|He|He|  |  |  |He|He|He|He|He|
:--:--:--:--:--:--:--:--:--:--:

------------------------------------------
Simulation - JOURS 24 DE LA SAISON primtemps
------------------------------------------
------------------RESERVE-----------------
LA RESERVE CONTIENT :
Herbe[id:169 quantite: 722]  en position (0, 0)
Eau[id:170 quantite: 155]  en position (0, 0)
Graine[id:171 quantite: 630]  en position (0, 0)
Foin[id:172 quantite: 197]  en position (0, 0)
------------------------------------------
-------------------POCHE------------------
LA POCHE CONTIENT:
Herbe[id:165 quantite: 23]  en position (4, 8)
Foin[id:166 quantite: 40]  en position (4, 8)
Eau[id:167 quantite: 2]  en position (4, 8)
Graine[id:168 quantite: 55]  en position (4, 8)
------------------------------------------
------------RAPPORT JOURNALIER------------
LE FERMIER RAJOUTE Eau x2 SUR SA CASE
Le fermier trait la vache !
Le fermier trait la vache !
L'animal Vache mange Herbe[id:615 quantite: 0]  en position (9, 7)
Pas de bÚbÚ pour Animal de la ferme: Vache en position 8 3 vie restante: 78
L'animal prÚdateur mange Animal de la ferme: Vache en position 6 4 vie restante: 87
De l'herbe vient de pousser sur la case 1,5 !
De l'herbe commence Ó s'agrandir en 1,9 !
De l'herbe commence Ó s'agrandir en 2,1 !
De l'herbe commence Ó s'agrandir en 4,1 !
De l'herbe commence Ó s'agrandir en 4,2 !
De l'herbe commence Ó s'agrandir en 4,5 !
De l'herbe vient de pousser sur la case 6,0 !
De l'herbe commence Ó s'agrandir en 6,1 !
De l'herbe commence Ó s'agrandir en 6,3 !
De l'herbe vient de pousser sur la case 7,9 !
---------REAPPROVISIONNEMENT--------------
LE FERMIER RENTRE CHEZ LUI POUR RECUPERER 10 Herbe
LE FERMIER RENTRE CHEZ LUI POUR RECUPERER 11 Eau
LE FERMIER RENTRE CHEZ LUI POUR RECUPERER 11 Graine
LE FERMIER RENTRE CHEZ LUI POUR RECUPERER 8 Foin
-------ETAT ACTUEL DE LA FERME ET DE LA FORET-------
:--:--:--:--:--:--:--:--:--:--:
|He|  |  |  |He|He|  |He|He|He|
:--:--:--:--:--:--:--:--:--:--:
|He|He|He|He|  |He|  |  |He|He|
:--:--:--:--:--:--:--:--:--:--:
|He|He|  |He|  |  |  |  |He|  |
:--:--:--:--:--:--:--:--:--:--:
|  |He|  |He|He|  |He|He|He|  |
:--:--:--:--:--:--:--:--:--:--:
|He|He|He|He|He|He|Ea|  |Ea|  |
:--:--:--:--:--:--:--:--:--:--:
|He|  |  |He|He|  |He|He|He|He|
:--:--:--:--:--:--:--:--:--:--:
|He|He|He|He|He|He|Fo|He|He|He|
:--:--:--:--:--:--:--:--:--:--:
|He|He|He|Fo|Ea|  |He|He|  |He|
:--:--:--:--:--:--:--:--:--:--:
|  |He|He|He|He|He|He|  |He|He|
:--:--:--:--:--:--:--:--:--:--:
|He|He|  |  |  |He|He|  |He|He|
:--:--:--:--:--:--:--:--:--:--:

------------------------------------------
Simulation - JOURS 25 DE LA SAISON primtemps
------------------------------------------
------------------RESERVE-----------------
LA RESERVE CONTIENT :
Herbe[id:169 quantite: 712]  en position (0, 0)
Eau[id:170 quantite: 144]  en position (0, 0)
Graine[id:171 quantite: 619]  en position (0, 0)
Foin[id:172 quantite: 189]  en position (0, 0)
------------------------------------------
-------------------POCHE------------------
LA POCHE CONTIENT:
Herbe[id:165 quantite: 33]  en position (4, 8)
Foin[id:166 quantite: 48]  en position (4, 8)
Eau[id:167 quantite: 11]  en position (4, 8)
Graine[id:168 quantite: 66]  en position (4, 8)
------------------------------------------
------------RAPPORT JOURNALIER------------
LE FERMIER RAJOUTE Eau x11 SUR SA CASE
Le fermier trait la vache !
Le fermier trait la vache !
Le fermier trait la vache !
L'animal Vache mange Herbe[id:897 quantite: 0]  en position (8, 3)
Pas de bÚbÚ pour Animal de la ferme: Vache en position 7 3 vie restante: 83
De l'herbe vient de pousser sur la case 0,2 !
De l'herbe commence Ó s'agrandir en 0,9 !
De l'herbe vient de pousser sur la case 3,0 !
De l'herbe commence Ó s'agrandir en 3,6 !
De l'herbe vient de pousser sur la case 5,2 !
De l'herbe commence Ó s'agrandir en 9,1 !
De l'herbe vient de pousser sur la case 9,2 !
De l'herbe vient de pousser sur la case 9,7 !
De l'herbe commence Ó s'agrandir en 9,9 !
---------REAPPROVISIONNEMENT--------------
LE FERMIER RENTRE CHEZ LUI POUR RECUPERER 2 Herbe
LE FERMIER RENTRE CHEZ LUI POUR RECUPERER 5 Eau
LE FERMIER RENTRE CHEZ LUI POUR RECUPERER 10 Graine
LE FERMIER RENTRE CHEZ LUI POUR RECUPERER 6 Foin
-------ETAT ACTUEL DE LA FERME ET DE LA FORET-------
:--:--:--:--:--:--:--:--:--:--:
|He|  |He|  |He|He|  |He|He|He|
:--:--:--:--:--:--:--:--:--:--:
|He|He|He|He|  |He|  |  |He|He|
:--:--:--:--:--:--:--:--:--:--:
|He|He|  |He|  |  |  |  |He|  |
:--:--:--:--:--:--:--:--:--:--:
|He|He|  |He|He|  |He|He|He|  |
:--:--:--:--:--:--:--:--:--:--:
|He|He|He|He|He|He|Ea|  |Ea|  |
:--:--:--:--:--:--:--:--:--:--:
|He|  |He|He|He|  |He|He|He|He|
:--:--:--:--:--:--:--:--:--:--:
|He|He|He|He|He|He|Fo|He|He|He|
:--:--:--:--:--:--:--:--:--:--:
|He|He|He|Fo|Ea|  |He|He|  |He|
:--:--:--:--:--:--:--:--:--:--:
|  |He|He|  |He|He|He|  |He|He|
:--:--:--:--:--:--:--:--:--:--:
|He|He|He|  |  |He|He|He|He|He|
:--:--:--:--:--:--:--:--:--:--:

------------------------------------------
Simulation - JOURS 26 DE LA SAISON primtemps
------------------------------------------
------------------RESERVE-----------------
LA RESERVE CONTIENT :
Herbe[id:169 quantite: 710]  en position (0, 0)
Eau[id:170 quantite: 139]  en position (0, 0)
Graine[id:171 quantite: 609]  en position (0, 0)
Foin[id:172 quantite: 183]  en position (0, 0)
------------------------------------------
-------------------POCHE------------------
LA POCHE CONTIENT:
Herbe[id:165 quantite: 35]  en position (4, 8)
Foin[id:166 quantite: 54]  en position (4, 8)
Eau[id:167 quantite: 5]  en position (4, 8)
Graine[id:168 quantite: 76]  en position (4, 8)
------------------------------------------
------------RAPPORT JOURNALIER------------
LE FERMIER RAJOUTE Herbe x35 SUR SA CASE
Le fermier trait la vache !
Le fermier trait la vache !
L'animal Vache mange Herbe[id:887 quantite: 0]  en position (8, 5)
Pas de bÚbÚ pour Animal de la ferme: Vache en position 4 6 vie restante: 32
De l'herbe commence Ó s'agrandir en 0,0 !
De l'herbe commence Ó s'agrandir en 2,3 !
De l'herbe vient de pousser sur la case 2,7 !
De l'herbe commence Ó s'agrandir en 4,4 !
De l'herbe vient de pousser sur la case 5,5 !
De l'herbe commence Ó s'agrandir en 5,8 !
De l'herbe commence Ó s'agrandir en 6,4 !
De l'herbe commence Ó s'agrandir en 6,7 !
De l'herbe commence Ó s'agrandir en 7,2 !
De l'herbe vient de pousser sur la case 8,0 !
---------REAPPROVISIONNEMENT--------------
LE FERMIER RENTRE CHEZ LUI POUR RECUPERER 7 Herbe
LE FERMIER RENTRE CHEZ LUI POUR RECUPERER 7 Eau
LE FERMIER RENTRE CHEZ LUI POUR RECUPERER 10 Graine
LE FERMIER RENTRE CHEZ LUI POUR RECUPERER 10 Foin
-------ETAT ACTUEL DE LA FERME ET DE LA FORET-------
:--:--:--:--:--:--:--:--:--:--:
|He|  |He|  |He|He|  |He|He|He|
:--:--:--:--:--:--:--:--:--:--:
|He|He|He|He|  |He|  |  |He|He|
:--:--:--:--:--:--:--:--:--:--:
|He|He|  |He|  |  |  |He|He|  |
:--:--:--:--:--:--:--:--:--:--:
|He|He|  |He|He|  |He|He|He|  |
:--:--:--:--:--:--:--:--:--:--:
|He|He|He|He|He|He|Ea|  |Ea|  |
:--:--:--:--:--:--:--:--:--:--:
|He|  |He|He|He|He|He|He|He|He|
:--:--:--:--:--:--:--:--:--:--:
|He|He|He|He|He|He|Fo|He|He|He|
:--:--:--:--:--:--:--:--:--:--:
|He|He|He|Fo|Ea|  |He|He|  |He|
:--:--:--:--:--:--:--:--:--:--:
|He|He|He|  |He|  |He|  |He|He|
:--:--:--:--:--:--:--:--:--:--:
|He|He|He|  |  |He|He|He|He|He|
:--:--:--:--:--:--:--:--:--:--:

------------------------------------------
Simulation - JOURS 27 DE LA SAISON primtemps
------------------------------------------
------------------RESERVE-----------------
LA RESERVE CONTIENT :
Herbe[id:169 quantite: 703]  en position (0, 0)
Eau[id:170 quantite: 132]  en position (0, 0)
Graine[id:171 quantite: 599]  en position (0, 0)
Foin[id:172 quantite: 173]  en position (0, 0)
------------------------------------------
-------------------POCHE------------------
LA POCHE CONTIENT:
Herbe[id:165 quantite: 7]  en position (4, 8)
Foin[id:166 quantite: 64]  en position (4, 8)
Eau[id:167 quantite: 12]  en position (4, 8)
Graine[id:168 quantite: 86]  en position (4, 8)
------------------------------------------
------------RAPPORT JOURNALIER------------
LE FERMIER RAJOUTE Herbe x7 SUR SA CASE
Le fermier trait la vache !
Le fermier trait la vache !
L'animal Vache mange Eau[id:864 quantite: 0]  en position (4, 6)
Pas de bÚbÚ pour Animal de la ferme: Vache en position 4 6 vie restante: 100
L'animal Vache mange Herbe[id:671 quantite: 0]  en position (1, 2)
Pas de bÚbÚ pour Animal de la ferme: Vache en position 6 3 vie restante: 57
L'animal prÚdateur mange Animal de la ferme: Poule en position 8 7 vie restante: 10
De l'herbe commence Ó s'agrandir en 0,8 !
De l'herbe vient de pousser sur la case 4,7 !
De l'herbe commence Ó s'agrandir en 5,0 !
De l'herbe commence Ó s'agrandir en 5,3 !
De l'herbe commence Ó s'agrandir en 6,7 !
De l'herbe commence Ó s'agrandir en 6,9 !
De l'herbe commence Ó s'agrandir en 8,1 !
---------REAPPROVISIONNEMENT--------------
LE FERMIER RENTRE CHEZ LUI POUR RECUPERER 11 Herbe
LE FERMIER RENTRE CHEZ LUI POUR RECUPERER 9 Eau
LE FERMIER RENTRE CHEZ LUI POUR RECUPERER 10 Graine
LE FERMIER RENTRE CHEZ LUI POUR RECUPERER 3 Foin
-------ETAT ACTUEL DE LA FERME ET DE LA FORET-------
:--:--:--:--:--:--:--:--:--:--:
|He|  |He|  |He|He|  |He|He|He|
:--:--:--:--:--:--:--:--:--:--:
|He|He|  |He|  |He|  |  |He|He|
:--:--:--:--:--:--:--:--:--:--:
|He|He|  |He|  |  |  |He|He|  |
:--:--:--:--:--:--:--:--:--:--:
|He|He|  |He|He|  |He|He|He|  |
:--:--:--:--:--:--:--:--:--:--:
|He|He|He|He|He|He|  |He|Ea|  |
:--:--:--:--:--:--:--:--:--:--:
|He|  |He|He|He|He|He|He|He|He|
:--:--:--:--:--:--:--:--:--:--:
|He|He|He|He|He|He|Fo|He|He|He|
:--:--:--:--:--:--:--:--:--:--:
|He|He|He|Fo|Ea|  |He|He|  |He|
:--:--:--:--:--:--:--:--:--:--:
|He|He|He|  |He|  |He|  |He|He|
:--:--:--:--:--:--:--:--:--:--:
|He|He|He|  |  |He|He|He|He|He|
:--:--:--:--:--:--:--:--:--:--:

------------------------------------------
Simulation - JOURS 28 DE LA SAISON primtemps
------------------------------------------
------------------RESERVE-----------------
LA RESERVE CONTIENT :
Herbe[id:169 quantite: 692]  en position (0, 0)
Eau[id:170 quantite: 123]  en position (0, 0)
Graine[id:171 quantite: 589]  en position (0, 0)
Foin[id:172 quantite: 170]  en position (0, 0)
------------------------------------------
-------------------POCHE------------------
LA POCHE CONTIENT:
Herbe[id:165 quantite: 11]  en position (4, 8)
Foin[id:166 quantite: 67]  en position (4, 8)
Eau[id:167 quantite: 21]  en position (4, 8)
Graine[id:168 quantite: 96]  en position (4, 8)
------------------------------------------
------------RAPPORT JOURNALIER------------
LE FERMIER RAJOUTE Herbe x11 SUR SA CASE
Le fermier trait la vache !
L'animal Poule n'a pas trouvÚ de nourriture...
Pas de bÚbÚ pour Animal de la ferme: Poule en position 7 1 vie restante: 10
L'animal Vache mange Herbe[id:872 quantite: 0]  en position (6, 3)
Pas de bÚbÚ pour Animal de la ferme: Vache en position 6 3 vie restante: 100
De l'herbe commence Ó s'agrandir en 1,0 !
De l'herbe vient de pousser sur la case 1,4 !
De l'herbe vient de pousser sur la case 2,4 !
De l'herbe vient de pousser sur la case 3,2 !
De l'herbe commence Ó s'agrandir en 4,7 !
De l'herbe vient de pousser sur la case 4,9 !
De l'herbe commence Ó s'agrandir en 5,0 !
De l'herbe commence Ó s'agrandir en 5,8 !
De l'herbe vient de pousser sur la case 8,7 !
---------REAPPROVISIONNEMENT--------------
LE FERMIER RENTRE CHEZ LUI POUR RECUPERER 8 Herbe
LE FERMIER RENTRE CHEZ LUI POUR RECUPERER 4 Eau
LE FERMIER RENTRE CHEZ LUI POUR RECUPERER 2 Graine
LE FERMIER RENTRE CHEZ LUI POUR RECUPERER 10 Foin
-------ETAT ACTUEL DE LA FERME ET DE LA FORET-------
:--:--:--:--:--:--:--:--:--:--:
|He|  |He|  |He|He|  |He|He|He|
:--:--:--:--:--:--:--:--:--:--:
|He|He|  |He|He|He|  |  |He|He|
:--:--:--:--:--:--:--:--:--:--:
|He|He|  |He|He|  |  |He|He|  |
:--:--:--:--:--:--:--:--:--:--:
|He|He|He|He|He|  |He|He|He|  |
:--:--:--:--:--:--:--:--:--:--:
|He|He|He|He|He|He|  |He|Ea|He|
:--:--:--:--:--:--:--:--:--:--:
|He|  |He|He|He|He|He|He|He|He|
:--:--:--:--:--:--:--:--:--:--:
|He|He|He|  |He|He|Fo|He|He|He|
:--:--:--:--:--:--:--:--:--:--:
|He|  |He|Fo|Ea|  |He|He|  |He|
:--:--:--:--:--:--:--:--:--:--:
|He|He|He|  |He|  |He|He|He|He|
:--:--:--:--:--:--:--:--:--:--:
|He|He|He|  |  |He|He|He|He|He|
:--:--:--:--:--:--:--:--:--:--:

------------------------------------------
Simulation - JOURS 29 DE LA SAISON primtemps
------------------------------------------
------------------RESERVE-----------------
LA RESERVE CONTIENT :
Herbe[id:169 quantite: 684]  en position (0, 0)
Eau[id:170 quantite: 119]  en position (0, 0)
Graine[id:171 quantite: 587]  en position (0, 0)
Foin[id:172 quantite: 160]  en position (0, 0)
------------------------------------------
-------------------POCHE------------------
LA POCHE CONTIENT:
Herbe[id:165 quantite: 8]  en position (4, 8)
Foin[id:166 quantite: 77]  en position (4, 8)
Eau[id:167 quantite: 25]  en position (4, 8)
Graine[id:168 quantite: 98]  en position (4, 8)
------------------------------------------
------------RAPPORT JOURNALIER------------
LE FERMIER RAJOUTE Herbe x8 SUR SA CASE
Le fermier trait la vache !
Le fermier trait la vache !
L'animal Vache mange Herbe[id:939 quantite: 0]  en position (1, 4)
Pas de bÚbÚ pour Animal de la ferme: Vache en position 1 2 vie restante: 51
L'animal Poule n'a pas trouvÚ de nourriture...
Pas de bÚbÚ pour Animal de la ferme: Poule en position 2 7 vie restante: 10
L'animal Vache mange Herbe[id:575 quantite: 0]  en position (2, 3)
Pas de bÚbÚ pour Animal de la ferme: Vache en position 2 3 vie restante: 61
De l'herbe vient de pousser sur la case 0,3 !
De l'herbe commence Ó s'agrandir en 0,9 !
De l'herbe commence Ó s'agrandir en 1,1 !
De l'herbe vient de pousser sur la case 1,6 !
De l'herbe vient de pousser sur la case 2,7 !
De l'herbe vient de pousser sur la case 3,9 !
De l'herbe commence Ó s'agrandir en 4,2 !
De l'herbe commence Ó s'agrandir en 5,9 !
De l'herbe vient de pousser sur la case 8,5 !
De l'herbe commence Ó s'agrandir en 9,5 !
---------REAPPROVISIONNEMENT--------------
LE FERMIER RENTRE CHEZ LUI POUR RECUPERER 2 Herbe
LE FERMIER RENTRE CHEZ LUI POUR RECUPERER 6 Eau
LE FERMIER RENTRE CHEZ LUI POUR RECUPERER 11 Graine
LE FERMIER RENTRE CHEZ LUI POUR RECUPERER 7 Foin
-------ETAT ACTUEL DE LA FERME ET DE LA FORET-------
:--:--:--:--:--:--:--:--:--:--:
|He|  |He|He|He|He|  |He|He|He|
:--:--:--:--:--:--:--:--:--:--:
|He|He|  |He|  |He|He|  |He|He|
:--:--:--:--:--:--:--:--:--:--:
|He|He|  |  |He|  |  |He|He|  |
:--:--:--:--:--:--:--:--:--:--:
|He|He|He|He|He|  |He|He|He|He|
:--:--:--:--:--:--:--:--:--:--:
|He|He|He|He|He|He|  |He|Ea|He|
:--:--:--:--:--:--:--:--:--:--:
|He|  |He|He|He|He|He|He|He|He|
:--:--:--:--:--:--:--:--:--:--:
|He|He|He|  |He|He|Fo|He|He|He|
:--:--:--:--:--:--:--:--:--:--:
|He|  |He|Fo|Ea|  |He|He|  |He|
:--:--:--:--:--:--:--:--:--:--:
|He|He|He|  |He|He|He|He|He|He|
:--:--:--:--:--:--:--:--:--:--:
|He|He|He|  |  |He|He|He|He|He|
:--:--:--:--:--:--:--:--:--:--:

UPDATE DE LA RESERVE
------------------------------------------
Simulation - JOURS 30 DE LA SAISON primtemps
------------------------------------------
------------------RESERVE-----------------
LA RESERVE CONTIENT :
Herbe[id:169 quantite: 746]  en position (0, 0)
Eau[id:170 quantite: 199]  en position (0, 0)
Graine[id:171 quantite: 663]  en position (0, 0)
Foin[id:172 quantite: 247]  en position (0, 0)
------------------------------------------
-------------------POCHE------------------
LA POCHE CONTIENT:
Herbe[id:165 quantite: 2]  en position (4, 8)
Foin[id:166 quantite: 84]  en position (4, 8)
Eau[id:167 quantite: 31]  en position (4, 8)
Graine[id:168 quantite: 109]  en position (4, 8)
------------------------------------------
------------RAPPORT JOURNALIER------------
LE FERMIER RAJOUTE Herbe x2 SUR SA CASE
Le fermier trait la vache !
L'animal Vache mange Herbe[id:923 quantite: 0]  en position (7, 9)
Pas de bÚbÚ pour Animal de la ferme: Vache en position 9 6 vie restante: 54
L'animal Poule n'a pas trouvÚ de nourriture...
Pas de bÚbÚ pour Animal de la ferme: Poule en position 5 8 vie restante: 10
L'animal Vache mange Herbe[id:950 quantite: 0]  en position (3, 9)
L'animal Animal de la ferme: Vache en position 3 9 vie restante: 50 se reproduit
L'animal Vache mange Herbe[id:873 quantite: 0]  en position (7, 0)
Pas de bÚbÚ pour Animal de la ferme: Vache en position 4 9 vie restante: 62
De l'herbe commence Ó s'agrandir en 0,8 !
De l'herbe commence Ó s'agrandir en 4,5 !
De l'herbe commence Ó s'agrandir en 5,6 !
De l'herbe commence Ó s'agrandir en 5,9 !
De l'herbe commence Ó s'agrandir en 6,4 !
De l'herbe commence Ó s'agrandir en 7,6 !
De l'herbe commence Ó s'agrandir en 8,2 !
De l'herbe commence Ó s'agrandir en 8,4 !
De l'herbe commence Ó s'agrandir en 9,5 !
---------REAPPROVISIONNEMENT--------------
LE FERMIER RENTRE CHEZ LUI POUR RECUPERER 6 Herbe
LE FERMIER RENTRE CHEZ LUI POUR RECUPERER 10 Eau
LE FERMIER RENTRE CHEZ LUI POUR RECUPERER 3 Graine
LE FERMIER RENTRE CHEZ LUI POUR RECUPERER 2 Foin
-------ETAT ACTUEL DE LA FERME ET DE LA FORET-------
:--:--:--:--:--:--:--:--:--:--:
|He|  |He|He|He|He|  |He|He|He|
:--:--:--:--:--:--:--:--:--:--:
|He|He|  |He|  |He|He|  |He|He|
:--:--:--:--:--:--:--:--:--:--:
|He|He|  |  |He|  |  |He|He|  |
:--:--:--:--:--:--:--:--:--:--:
|He|He|He|He|He|  |He|He|He|  |
:--:--:--:--:--:--:--:--:--:--:
|He|He|He|He|He|He|  |He|Ea|He|
:--:--:--:--:--:--:--:--:--:--:
|He|  |He|He|He|He|He|He|  |He|
:--:--:--:--:--:--:--:--:--:--:
|He|He|He|  |He|He|Fo|He|He|He|
:--:--:--:--:--:--:--:--:--:--:
|  |  |He|Fo|Ea|  |He|He|  |  |
:--:--:--:--:--:--:--:--:--:--:
|He|He|He|  |He|He|He|He|He|He|
:--:--:--:--:--:--:--:--:--:--:
|He|He|He|  |  |He|He|He|He|He|
:--:--:--:--:--:--:--:--:--:--:

------------------------------------------
Simulation - JOURS 31 DE LA SAISON primtemps
------------------------------------------
------------------RESERVE-----------------
LA RESERVE CONTIENT :
Herbe[id:169 quantite: 740]  en position (0, 0)
Eau[id:170 quantite: 189]  en position (0, 0)
Graine[id:171 quantite: 660]  en position (0, 0)
Foin[id:172 quantite: 245]  en position (0, 0)
------------------------------------------
-------------------POCHE------------------
LA POCHE CONTIENT:
Herbe[id:165 quantite: 6]  en position (4, 8)
Foin[id:166 quantite: 86]  en position (4, 8)
Eau[id:167 quantite: 41]  en position (4, 8)
Graine[id:168 quantite: 112]  en position (4, 8)
------------------------------------------
------------RAPPORT JOURNALIER------------
LE FERMIER RAJOUTE Herbe x6 SUR SA CASE
Le fermier trait la vache !
L'animal Vache mange Herbe[id:658 quantite: 0]  en position (9, 6)
Pas de bÚbÚ pour Animal de la ferme: Vache en position 9 6 vie restante: 78
L'animal Poule n'a pas trouvÚ de nourriture...
Pas de bÚbÚ pour Animal de la ferme: Poule en position 9 2 vie restante: 10
L'animal Vache mange Herbe[id:951 quantite: 0]  en position (8, 5)
Pas de bÚbÚ pour Animal de la ferme: Vache en position 8 3 vie restante: 70
De l'herbe commence Ó s'agrandir en 4,9 !
De l'herbe commence Ó s'agrandir en 5,0 !
De l'herbe commence Ó s'agrandir en 5,6 !
De l'herbe commence Ó s'agrandir en 8,7 !
---------REAPPROVISIONNEMENT--------------
LE FERMIER RENTRE CHEZ LUI POUR RECUPERER 9 Herbe
LE FERMIER RENTRE CHEZ LUI POUR RECUPERER 10 Eau
LE FERMIER RENTRE CHEZ LUI POUR RECUPERER 5 Graine
LE FERMIER RENTRE CHEZ LUI POUR RECUPERER 4 Foin
-------ETAT ACTUEL DE LA FERME ET DE LA FORET-------
:--:--:--:--:--:--:--:--:--:--:
|He|  |He|He|He|He|  |He|He|He|
:--:--:--:--:--:--:--:--:--:--:
|He|He|  |He|  |He|He|  |He|He|
:--:--:--:--:--:--:--:--:--:--:
|He|He|  |  |He|  |  |He|He|  |
:--:--:--:--:--:--:--:--:--:--:
|He|He|He|He|He|  |He|He|He|  |
:--:--:--:--:--:--:--:--:--:--:
|He|He|He|He|He|He|  |He|Ea|He|
:--:--:--:--:--:--:--:--:--:--:
|He|  |He|He|He|He|He|He|  |He|
:--:--:--:--:--:--:--:--:--:--:
|He|He|He|  |He|He|Fo|He|He|He|
:--:--:--:--:--:--:--:--:--:--:
|  |  |He|Fo|Ea|  |He|He|  |  |
:--:--:--:--:--:--:--:--:--:--:
|He|He|He|  |He|  |He|He|He|He|
:--:--:--:--:--:--:--:--:--:--:
|He|He|  |  |  |He|  |He|He|He|
:--:--:--:--:--:--:--:--:--:--:

------------------------------------------
Simulation - JOURS 32 DE LA SAISON primtemps
------------------------------------------
------------------RESERVE-----------------
LA RESERVE CONTIENT :
Herbe[id:169 quantite: 731]  en position (0, 0)
Eau[id:170 quantite: 179]  en position (0, 0)
Graine[id:171 quantite: 655]  en position (0, 0)
Foin[id:172 quantite: 241]  en position (0, 0)
------------------------------------------
-------------------POCHE------------------
LA POCHE CONTIENT:
Herbe[id:165 quantite: 9]  en position (4, 8)
Foin[id:166 quantite: 90]  en position (4, 8)
Eau[id:167 quantite: 51]  en position (4, 8)
Graine[id:168 quantite: 117]  en position (4, 8)
------------------------------------------
------------RAPPORT JOURNALIER------------
LE FERMIER RAJOUTE Herbe x9 SUR SA CASE
Le fermier trait la vache !
Le fermier trait la vache !
L'animal Poule n'a pas trouvÚ de nourriture...
Pas de bÚbÚ pour Animal de la ferme: Poule en position 1 3 vie restante: 10
L'animal Vache mange Herbe[id:892 quantite: 0]  en position (2, 0)
Pas de bÚbÚ pour Animal de la ferme: Vache en position 6 3 vie restante: 51
De l'herbe commence Ó s'agrandir en 3,7 !
De l'herbe commence Ó s'agrandir en 4,2 !
De l'herbe commence Ó s'agrandir en 4,3 !
De l'herbe vient de pousser sur la case 7,1 !
De l'herbe commence Ó s'agrandir en 7,7 !
---------REAPPROVISIONNEMENT--------------
LE FERMIER RENTRE CHEZ LUI POUR RECUPERER 10 Herbe
LE FERMIER RENTRE CHEZ LUI POUR RECUPERER 4 Eau
LE FERMIER RENTRE CHEZ LUI POUR RECUPERER 11 Graine
LE FERMIER RENTRE CHEZ LUI POUR RECUPERER 5 Foin
-------ETAT ACTUEL DE LA FERME ET DE LA FORET-------
:--:--:--:--:--:--:--:--:--:--:
|He|  |He|He|He|He|  |He|He|He|
:--:--:--:--:--:--:--:--:--:--:
|He|He|  |He|  |He|He|  |He|He|
:--:--:--:--:--:--:--:--:--:--:
|  |He|  |  |He|  |  |He|He|  |
:--:--:--:--:--:--:--:--:--:--:
|He|He|He|He|He|  |He|He|He|  |
:--:--:--:--:--:--:--:--:--:--:
|He|He|He|He|He|He|  |He|Ea|He|
:--:--:--:--:--:--:--:--:--:--:
|He|  |He|He|He|He|He|He|  |He|
:--:--:--:--:--:--:--:--:--:--:
|He|He|He|  |He|He|Fo|He|He|He|
:--:--:--:--:--:--:--:--:--:--:
|  |He|He|Fo|Ea|  |He|He|  |  |
:--:--:--:--:--:--:--:--:--:--:
|He|He|He|  |He|  |He|He|He|He|
:--:--:--:--:--:--:--:--:--:--:
|He|He|  |  |  |He|  |He|  |He|
:--:--:--:--:--:--:--:--:--:--:

------------------------------------------
Simulation - JOURS 33 DE LA SAISON primtemps
------------------------------------------
------------------RESERVE-----------------
LA RESERVE CONTIENT :
Herbe[id:169 quantite: 721]  en position (0, 0)
Eau[id:170 quantite: 175]  en position (0, 0)
Graine[id:171 quantite: 644]  en position (0, 0)
Foin[id:172 quantite: 236]  en position (0, 0)
------------------------------------------
-------------------POCHE------------------
LA POCHE CONTIENT:
Herbe[id:165 quantite: 10]  en position (4, 8)
Foin[id:166 quantite: 95]  en position (4, 8)
Eau[id:167 quantite: 55]  en position (4, 8)
Graine[id:168 quantite: 128]  en position (4, 8)
------------------------------------------
------------RAPPORT JOURNALIER------------
Le fermier dÚpose 95 Foin par terre
L'animal Vache mange Herbe[id:817 quantite: 0]  en position (0, 9)
Pas de bÚbÚ pour Animal de la ferme: Vache en position 0 9 vie restante: 85
L'animal Poule n'a pas trouvÚ de nourriture...
L'animal Animal de la ferme: Poule en position 4 9 vie restante: 5 se reproduit
L'animal Vache mange Herbe[id:899 quantite: 0]  en position (4, 5)
Pas de bÚbÚ pour Animal de la ferme: Vache en position 4 5 vie restante: 100
L'animal Vache mange Herbe[id:949 quantite: 0]  en position (2, 7)
Pas de bÚbÚ pour Animal de la ferme: Vache en position 1 6 vie restante: 48
L'animal Poule n'a pas trouvÚ de nourriture...
Pas de bÚbÚ pour Animal de la ferme: Poule en position 9 2 vie restante: 5
De l'herbe commence Ó s'agrandir en 0,7 !
De l'herbe commence Ó s'agrandir en 2,4 !
De l'herbe vient de pousser sur la case 2,9 !
De l'herbe commence Ó s'agrandir en 3,1 !
De l'herbe commence Ó s'agrandir en 5,4 !
De l'herbe commence Ó s'agrandir en 5,6 !
De l'herbe commence Ó s'agrandir en 6,9 !
De l'herbe commence Ó s'agrandir en 7,6 !
De l'herbe vient de pousser sur la case 7,8 !
---------REAPPROVISIONNEMENT--------------
LE FERMIER RENTRE CHEZ LUI POUR RECUPERER 9 Herbe
LE FERMIER RENTRE CHEZ LUI POUR RECUPERER 3 Eau
LE FERMIER RENTRE CHEZ LUI POUR RECUPERER 3 Graine
LE FERMIER RENTRE CHEZ LUI POUR RECUPERER 5 Foin
-------ETAT ACTUEL DE LA FERME ET DE LA FORET-------
:--:--:--:--:--:--:--:--:--:--:
|He|  |He|He|He|He|  |He|He|  |
:--:--:--:--:--:--:--:--:--:--:
|He|He|  |  |  |He|He|  |He|He|
:--:--:--:--:--:--:--:--:--:--:
|  |He|  |  |He|  |  |  |He|He|
:--:--:--:--:--:--:--:--:--:--:
|He|He|He|He|He|  |He|He|He|  |
:--:--:--:--:--:--:--:--:--:--:
|He|He|He|He|He|  |  |He|Ea|He|
:--:--:--:--:--:--:--:--:--:--:
|  |  |He|He|He|He|He|He|  |He|
:--:--:--:--:--:--:--:--:--:--:
|He|He|He|  |He|He|Fo|He|He|He|
:--:--:--:--:--:--:--:--:--:--:
|  |He|He|Fo|Ea|  |He|He|He|Fo|
:--:--:--:--:--:--:--:--:--:--:
|He|He|He|  |He|  |He|He|He|He|
:--:--:--:--:--:--:--:--:--:--:
|He|He|  |  |  |He|  |He|  |He|
:--:--:--:--:--:--:--:--:--:--:

------------------------------------------
Simulation - JOURS 34 DE LA SAISON primtemps
------------------------------------------
------------------RESERVE-----------------
LA RESERVE CONTIENT :
Herbe[id:169 quantite: 712]  en position (0, 0)
Eau[id:170 quantite: 172]  en position (0, 0)
Graine[id:171 quantite: 641]  en position (0, 0)
Foin[id:172 quantite: 231]  en position (0, 0)
------------------------------------------
-------------------POCHE------------------
LA POCHE CONTIENT:
Herbe[id:165 quantite: 19]  en position (7, 8)
Foin[id:166 quantite: 5]  en position (7, 8)
Eau[id:167 quantite: 58]  en position (7, 8)
Graine[id:168 quantite: 131]  en position (7, 8)
------------------------------------------
------------RAPPORT JOURNALIER------------
LE FERMIER RAJOUTE Herbe x19 SUR SA CASE
L'animal Vache mange Herbe[id:900 quantite: 0]  en position (9, 0)
Pas de bÚbÚ pour Animal de la ferme: Vache en position 9 0 vie restante: 100
L'animal Vache mange Herbe[id:961 quantite: 0]  en position (7, 1)
Pas de bÚbÚ pour Animal de la ferme: Vache en position 8 3 vie restante: 51
De l'herbe commence Ó s'agrandir en 0,8 !
De l'herbe vient de pousser sur la case 2,6 !
De l'herbe commence Ó s'agrandir en 4,1 !
De l'herbe commence Ó s'agrandir en 6,9 !
De l'herbe commence Ó s'agrandir en 7,2 !
De l'herbe commence Ó s'agrandir en 7,8 !
De l'herbe commence Ó s'agrandir en 8,4 !
De l'herbe vient de pousser sur la case 9,0 !
---------REAPPROVISIONNEMENT--------------
LE FERMIER RENTRE CHEZ LUI POUR RECUPERER 2 Herbe
LE FERMIER RENTRE CHEZ LUI POUR RECUPERER 7 Eau
LE FERMIER RENTRE CHEZ LUI POUR RECUPERER 9 Graine
LE FERMIER RENTRE CHEZ LUI POUR RECUPERER 7 Foin
-------ETAT ACTUEL DE LA FERME ET DE LA FORET-------
:--:--:--:--:--:--:--:--:--:--:
|He|  |He|He|He|He|  |He|He|  |
:--:--:--:--:--:--:--:--:--:--:
|He|He|  |  |  |He|He|  |He|He|
:--:--:--:--:--:--:--:--:--:--:
|  |He|  |  |He|  |He|  |He|He|
:--:--:--:--:--:--:--:--:--:--:
|He|He|He|He|He|  |He|He|He|  |
:--:--:--:--:--:--:--:--:--:--:
|He|He|He|He|He|  |  |He|Ea|He|
:--:--:--:--:--:--:--:--:--:--:
|  |  |He|He|He|He|He|He|  |He|
:--:--:--:--:--:--:--:--:--:--:
|He|He|He|  |He|He|Fo|He|He|He|
:--:--:--:--:--:--:--:--:--:--:
|  |  |He|Fo|Ea|  |He|He|He|Fo|
:--:--:--:--:--:--:--:--:--:--:
|He|He|He|  |He|  |He|He|He|He|
:--:--:--:--:--:--:--:--:--:--:
|He|He|  |  |  |He|  |He|  |He|
:--:--:--:--:--:--:--:--:--:--:

------------------------------------------
Simulation - JOURS 35 DE LA SAISON primtemps
------------------------------------------
------------------RESERVE-----------------
LA RESERVE CONTIENT :
Herbe[id:169 quantite: 710]  en position (0, 0)
Eau[id:170 quantite: 165]  en position (0, 0)
Graine[id:171 quantite: 632]  en position (0, 0)
Foin[id:172 quantite: 224]  en position (0, 0)
------------------------------------------
-------------------POCHE------------------
LA POCHE CONTIENT:
Herbe[id:165 quantite: 2]  en position (7, 8)
Foin[id:166 quantite: 12]  en position (7, 8)
Eau[id:167 quantite: 65]  en position (7, 8)
Graine[id:168 quantite: 140]  en position (7, 8)
------------------------------------------
------------RAPPORT JOURNALIER------------
LE FERMIER RAJOUTE Herbe x2 SUR SA CASE
L'animal Vache mange Herbe[id:973 quantite: 0]  en position (9, 0)
Pas de bÚbÚ pour Animal de la ferme: Vache en position 9 0 vie restante: 100
L'animal Vache mange Herbe[id:968 quantite: 0]  en position (2, 9)
Pas de bÚbÚ pour Animal de la ferme: Vache en position 2 9 vie restante: 55
L'animal prÚdateur mange Animal de la ferme: Vache en position 1 2 vie restante: 70
L'animal Poule n'a pas trouvÚ de nourriture...
Pas de bÚbÚ pour Animal de la ferme: Poule en position 6 9 vie restante: 5
De l'herbe vient de pousser sur la case 0,1 !
De l'herbe commence Ó s'agrandir en 0,3 !
De l'herbe vient de pousser sur la case 1,2 !
De l'herbe commence Ó s'agrandir en 3,1 !
De l'herbe vient de pousser sur la case 6,9 !
De l'herbe commence Ó s'agrandir en 8,2 !
De l'herbe vient de pousser sur la case 8,3 !
---------REAPPROVISIONNEMENT--------------
LE FERMIER RENTRE CHEZ LUI POUR RECUPERER 2 Herbe
LE FERMIER RENTRE CHEZ LUI POUR RECUPERER 5 Eau
LE FERMIER RENTRE CHEZ LUI POUR RECUPERER 7 Graine
LE FERMIER RENTRE CHEZ LUI POUR RECUPERER 5 Foin
-------ETAT ACTUEL DE LA FERME ET DE LA FORET-------
:--:--:--:--:--:--:--:--:--:--:
|He|He|He|He|He|He|  |He|He|  |
:--:--:--:--:--:--:--:--:--:--:
|He|He|He|  |  |He|He|  |He|He|
:--:--:--:--:--:--:--:--:--:--:
|  |He|  |  |He|  |He|  |He|  |
:--:--:--:--:--:--:--:--:--:--:
|He|He|He|He|He|  |He|He|He|  |
:--:--:--:--:--:--:--:--:--:--:
|He|He|He|He|He|  |  |He|Ea|He|
:--:--:--:--:--:--:--:--:--:--:
|  |  |He|He|He|He|He|He|  |He|
:--:--:--:--:--:--:--:--:--:--:
|He|He|He|  |He|He|Fo|He|He|He|
:--:--:--:--:--:--:--:--:--:--:
|  |  |He|Fo|Ea|  |He|He|He|Fo|
:--:--:--:--:--:--:--:--:--:--:
|He|He|He|He|He|  |He|He|He|He|
:--:--:--:--:--:--:--:--:--:--:
|  |He|  |  |  |He|  |He|  |He|
:--:--:--:--:--:--:--:--:--:--:

------------------------------------------
Simulation - JOURS 36 DE LA SAISON primtemps
------------------------------------------
------------------RESERVE-----------------
LA RESERVE CONTIENT :
Herbe[id:169 quantite: 708]  en position (0, 0)
Eau[id:170 quantite: 160]  en position (0, 0)
Graine[id:171 quantite: 625]  en position (0, 0)
Foin[id:172 quantite: 219]  en position (0, 0)
------------------------------------------
-------------------POCHE------------------
LA POCHE CONTIENT:
Herbe[id:165 quantite: 2]  en position (7, 8)
Foin[id:166 quantite: 17]  en position (7, 8)
Eau[id:167 quantite: 70]  en position (7, 8)
Graine[id:168 quantite: 147]  en position (7, 8)
------------------------------------------
------------RAPPORT JOURNALIER------------
LE FERMIER RAJOUTE Herbe x2 SUR SA CASE
L'animal Vache mange Herbe[id:977 quantite: 0]  en position (0, 1)
Pas de bÚbÚ pour Animal de la ferme: Vache en position 1 4 vie restante: 93
L'animal Poule n'a pas trouvÚ de nourriture...
Pas de bÚbÚ pour Animal de la ferme: Poule en position 5 1 vie restante: 5
L'animal Vache mange Herbe[id:896 quantite: 0]  en position (0, 7)
Pas de bÚbÚ pour Animal de la ferme: Vache en position 0 7 vie restante: 100
L'animal Vache mange Herbe[id:940 quantite: 0]  en position (2, 4)
Pas de bÚbÚ pour Animal de la ferme: Vache en position 5 3 vie restante: 61
L'animal Poule n'a pas trouvÚ de nourriture...
Pas de bÚbÚ pour Animal de la ferme: Poule en position 8 3 vie restante: 5
De l'herbe commence Ó s'agrandir en 0,4 !
De l'herbe commence Ó s'agrandir en 1,6 !
De l'herbe commence Ó s'agrandir en 3,8 !
De l'herbe commence Ó s'agrandir en 4,1 !
De l'herbe vient de pousser sur la case 4,6 !
De l'herbe vient de pousser sur la case 5,0 !
De l'herbe vient de pousser sur la case 5,8 !
De l'herbe vient de pousser sur la case 7,0 !
---------REAPPROVISIONNEMENT--------------
LE FERMIER RENTRE CHEZ LUI POUR RECUPERER 5 Herbe
LE FERMIER RENTRE CHEZ LUI POUR RECUPERER 9 Eau
LE FERMIER RENTRE CHEZ LUI POUR RECUPERER 3 Graine
LE FERMIER RENTRE CHEZ LUI POUR RECUPERER 5 Foin
-------ETAT ACTUEL DE LA FERME ET DE LA FORET-------
:--:--:--:--:--:--:--:--:--:--:
|He|  |He|He|He|He|  |  |He|  |
:--:--:--:--:--:--:--:--:--:--:
|  |He|He|  |  |He|He|  |  |He|
:--:--:--:--:--:--:--:--:--:--:
|  |He|  |  |  |  |He|  |He|  |
:--:--:--:--:--:--:--:--:--:--:
|He|He|He|He|He|  |He|He|He|  |
:--:--:--:--:--:--:--:--:--:--:
|He|He|He|He|He|  |He|He|Ea|He|
:--:--:--:--:--:--:--:--:--:--:
|He|  |He|He|He|He|He|He|He|He|
:--:--:--:--:--:--:--:--:--:--:
|He|He|He|  |He|He|Fo|He|He|He|
:--:--:--:--:--:--:--:--:--:--:
|He|  |He|Fo|Ea|  |He|He|He|Fo|
:--:--:--:--:--:--:--:--:--:--:
|He|He|He|He|He|  |He|He|He|He|
:--:--:--:--:--:--:--:--:--:--:
|  |He|  |  |  |He|  |He|  |He|
:--:--:--:--:--:--:--:--:--:--:

------------------------------------------
Simulation - JOURS 37 DE LA SAISON primtemps
------------------------------------------
------------------RESERVE-----------------
LA RESERVE CONTIENT :
Herbe[id:169 quantite: 703]  en position (0, 0)
Eau[id:170 quantite: 151]  en position (0, 0)
Graine[id:171 quantite: 622]  en position (0, 0)
Foin[id:172 quantite: 214]  en position (0, 0)
------------------------------------------
-------------------POCHE------------------
LA POCHE CONTIENT:
Herbe[id:165 quantite: 5]  en position (7, 8)
Foin[id:166 quantite: 22]  en position (7, 8)
Eau[id:167 quantite: 79]  en position (7, 8)
Graine[id:168 quantite: 150]  en position (7, 8)
------------------------------------------
------------RAPPORT JOURNALIER------------
LE FERMIER RAJOUTE Herbe x5 SUR SA CASE
Le fermier trait la vache !
Le fermier trait la vache !
Le fermier trait la vache !
L'animal Vache mange Herbe[id:948 quantite: 0]  en position (1, 6)
Pas de bÚbÚ pour Animal de la ferme: Vache en position 0 7 vie restante: 93
L'animal Vache mange Herbe[id:437 quantite: 0]  en position (5, 3)
Pas de bÚbÚ pour Animal de la ferme: Vache en position 5 3 vie restante: 100
L'animal prÚdateur mange Animal de la ferme: Poule en position 2 7 vie restante: 5
De l'herbe vient de pousser sur la case 0,9 !
De l'herbe vient de pousser sur la case 2,9 !
De l'herbe vient de pousser sur la case 3,5 !
De l'herbe commence Ó s'agrandir en 6,5 !
De l'herbe vient de pousser sur la case 7,5 !
De l'herbe commence Ó s'agrandir en 8,4 !
De l'herbe commence Ó s'agrandir en 8,8 !
De l'herbe vient de pousser sur la case 9,4 !
De l'herbe vient de pousser sur la case 9,6 !
De l'herbe commence Ó s'agrandir en 9,9 !
---------REAPPROVISIONNEMENT--------------
LE FERMIER RENTRE CHEZ LUI POUR RECUPERER 6 Herbe
LE FERMIER RENTRE CHEZ LUI POUR RECUPERER 10 Eau
LE FERMIER RENTRE CHEZ LUI POUR RECUPERER 3 Graine
LE FERMIER RENTRE CHEZ LUI POUR RECUPERER 3 Foin
-------ETAT ACTUEL DE LA FERME ET DE LA FORET-------
:--:--:--:--:--:--:--:--:--:--:
|He|  |He|He|He|He|  |  |He|He|
:--:--:--:--:--:--:--:--:--:--:
|  |He|He|  |  |He|  |  |  |He|
:--:--:--:--:--:--:--:--:--:--:
|  |He|  |  |  |  |He|  |He|He|
:--:--:--:--:--:--:--:--:--:--:
|He|He|He|He|He|He|He|He|He|  |
:--:--:--:--:--:--:--:--:--:--:
|He|He|He|He|He|  |He|He|Ea|He|
:--:--:--:--:--:--:--:--:--:--:
|He|  |He|  |He|He|He|He|He|He|
:--:--:--:--:--:--:--:--:--:--:
|He|He|He|  |He|He|Fo|He|He|He|
:--:--:--:--:--:--:--:--:--:--:
|He|  |He|Fo|Ea|He|He|He|He|Fo|
:--:--:--:--:--:--:--:--:--:--:
|He|He|He|He|He|  |He|He|He|He|
:--:--:--:--:--:--:--:--:--:--:
|  |He|  |  |He|He|He|He|  |He|
:--:--:--:--:--:--:--:--:--:--:

------------------------------------------
Simulation - JOURS 38 DE LA SAISON primtemps
------------------------------------------
------------------RESERVE-----------------
LA RESERVE CONTIENT :
Herbe[id:169 quantite: 697]  en position (0, 0)
Eau[id:170 quantite: 141]  en position (0, 0)
Graine[id:171 quantite: 619]  en position (0, 0)
Foin[id:172 quantite: 211]  en position (0, 0)
------------------------------------------
-------------------POCHE------------------
LA POCHE CONTIENT:
Herbe[id:165 quantite: 6]  en position (7, 8)
Foin[id:166 quantite: 25]  en position (7, 8)
Eau[id:167 quantite: 89]  en position (7, 8)
Graine[id:168 quantite: 153]  en position (7, 8)
------------------------------------------
------------RAPPORT JOURNALIER------------
Le fermier dÚpose 89 Eau par terre
Le fermier trait la vache !
L'animal Poule n'a pas trouvÚ de nourriture...
L'animal Animal de la ferme: Poule en position 9 6 vie restante: 2 se reproduit
L'animal prÚdateur mange Animal de la ferme: Poule en position 6 0 vie restante: 2
De l'herbe vient de pousser sur la case 0,1 !
De l'herbe vient de pousser sur la case 0,6 !
De l'herbe vient de pousser sur la case 0,7 !
De l'herbe commence Ó s'agrandir en 1,5 !
De l'herbe vient de pousser sur la case 1,6 !
De l'herbe vient de pousser sur la case 1,7 !
De l'herbe vient de pousser sur la case 3,9 !
De l'herbe vient de pousser sur la case 7,1 !
De l'herbe commence Ó s'agrandir en 7,2 !
De l'herbe commence Ó s'agrandir en 8,9 !
De l'herbe vient de pousser sur la case 9,0 !
De l'herbe commence Ó s'agrandir en 9,4 !
---------REAPPROVISIONNEMENT--------------
LE FERMIER RENTRE CHEZ LUI POUR RECUPERER 4 Herbe
LE FERMIER RENTRE CHEZ LUI POUR RECUPERER 5 Eau
LE FERMIER RENTRE CHEZ LUI POUR RECUPERER 9 Graine
LE FERMIER RENTRE CHEZ LUI POUR RECUPERER 10 Foin
-------ETAT ACTUEL DE LA FERME ET DE LA FORET-------
:--:--:--:--:--:--:--:--:--:--:
|He|He|He|He|He|He|He|He|He|He|
:--:--:--:--:--:--:--:--:--:--:
|  |He|He|  |  |He|He|He|  |He|
:--:--:--:--:--:--:--:--:--:--:
|  |He|  |  |  |Ea|He|  |He|He|
:--:--:--:--:--:--:--:--:--:--:
|He|He|He|He|He|He|He|He|He|He|
:--:--:--:--:--:--:--:--:--:--:
|He|He|He|He|He|  |He|He|Ea|He|
:--:--:--:--:--:--:--:--:--:--:
|He|  |He|  |He|He|He|He|He|He|
:--:--:--:--:--:--:--:--:--:--:
|He|He|He|  |He|He|Fo|He|He|He|
:--:--:--:--:--:--:--:--:--:--:
|He|He|He|Fo|Ea|He|He|He|He|Fo|
:--:--:--:--:--:--:--:--:--:--:
|He|He|He|He|He|  |He|He|He|He|
:--:--:--:--:--:--:--:--:--:--:
|He|He|  |  |He|He|  |He|  |He|
:--:--:--:--:--:--:--:--:--:--:

------------------------------------------
Simulation - JOURS 39 DE LA SAISON primtemps
------------------------------------------
------------------RESERVE-----------------
LA RESERVE CONTIENT :
Herbe[id:169 quantite: 693]  en position (0, 0)
Eau[id:170 quantite: 136]  en position (0, 0)
Graine[id:171 quantite: 610]  en position (0, 0)
Foin[id:172 quantite: 201]  en position (0, 0)
------------------------------------------
-------------------POCHE------------------
LA POCHE CONTIENT:
Herbe[id:165 quantite: 10]  en position (8, 5)
Foin[id:166 quantite: 35]  en position (8, 5)
Eau[id:167 quantite: 5]  en position (8, 5)
Graine[id:168 quantite: 162]  en position (8, 5)
------------------------------------------
------------RAPPORT JOURNALIER------------
Le fermier dÚpose 5 Eau par terre
Le fermier trait la vache !
L'animal Poule n'a pas trouvÚ de nourriture...
Pas de bÚbÚ pour Animal de la ferme: Poule en position 1 8 vie restante: 2
L'animal Vache mange Herbe[id:1002 quantite: 0]  en position (0, 7)
Pas de bÚbÚ pour Animal de la ferme: Vache en position 6 9 vie restante: 99
L'animal Vache mange Herbe[id:986 quantite: 0]  en position (4, 6)
Pas de bÚbÚ pour Animal de la ferme: Vache en position 4 6 vie restante: 89
L'animal Vache mange Foin[id:881 quantite: 0]  en position (7, 3)
Pas de bÚbÚ pour Animal de la ferme: Vache en position 1 3 vie restante: 100
De l'herbe commence Ó s'agrandir en 0,5 !
De l'herbe commence Ó s'agrandir en 1,5 !
De l'herbe vient de pousser sur la case 1,8 !
De l'herbe commence Ó s'agrandir en 1,9 !
De l'herbe vient de pousser sur la case 2,0 !
De l'herbe vient de pousser sur la case 2,4 !
De l'herbe commence Ó s'agrandir en 2,6 !
De l'herbe commence Ó s'agrandir en 3,3 !
De l'herbe commence Ó s'agrandir en 3,5 !
De l'herbe commence Ó s'agrandir en 3,7 !
De l'herbe vient de pousser sur la case 5,1 !
De l'herbe commence Ó s'agrandir en 6,1 !
De l'herbe commence Ó s'agrandir en 6,2 !
De l'herbe commence Ó s'agrandir en 8,1 !
De l'herbe commence Ó s'agrandir en 9,0 !
De l'herbe vient de pousser sur la case 9,2 !
De l'herbe commence Ó s'agrandir en 9,4 !
---------REAPPROVISIONNEMENT--------------
LE FERMIER RENTRE CHEZ LUI POUR RECUPERER 5 Herbe
LE FERMIER RENTRE CHEZ LUI POUR RECUPERER 5 Eau
LE FERMIER RENTRE CHEZ LUI POUR RECUPERER 5 Graine
LE FERMIER RENTRE CHEZ LUI POUR RECUPERER 9 Foin
-------ETAT ACTUEL DE LA FERME ET DE LA FORET-------
:--:--:--:--:--:--:--:--:--:--:
|He|He|He|He|He|He|He|  |He|He|
:--:--:--:--:--:--:--:--:--:--:
|  |He|He|  |  |He|He|He|He|He|
:--:--:--:--:--:--:--:--:--:--:
|He|He|  |  |He|Ea|He|  |He|He|
:--:--:--:--:--:--:--:--:--:--:
|He|He|He|He|He|He|He|He|He|He|
:--:--:--:--:--:--:--:--:--:--:
|He|He|He|He|He|  |  |He|Ea|He|
:--:--:--:--:--:--:--:--:--:--:
|He|He|He|  |He|He|He|He|He|He|
:--:--:--:--:--:--:--:--:--:--:
|He|He|He|  |He|He|Fo|He|He|He|
:--:--:--:--:--:--:--:--:--:--:
|He|He|He|  |Ea|He|He|He|He|Fo|
:--:--:--:--:--:--:--:--:--:--:
|He|He|He|He|He|Ea|He|He|He|He|
:--:--:--:--:--:--:--:--:--:--:
|He|He|He|  |He|  |  |He|  |He|
:--:--:--:--:--:--:--:--:--:--:

UPDATE DE LA RESERVE
------------------------------------------
Simulation - JOURS 40 DE LA SAISON primtemps
------------------------------------------
------------------RESERVE-----------------
LA RESERVE CONTIENT :
Herbe[id:169 quantite: 762]  en position (0, 0)
Eau[id:170 quantite: 209]  en position (0, 0)
Graine[id:171 quantite: 645]  en position (0, 0)
Foin[id:172 quantite: 266]  en position (0, 0)
------------------------------------------
-------------------POCHE------------------
LA POCHE CONTIENT:
Herbe[id:165 quantite: 15]  en position (9, 3)
Foin[id:166 quantite: 44]  en position (9, 3)
Eau[id:167 quantite: 5]  en position (9, 3)
Graine[id:168 quantite: 167]  en position (9, 3)
------------------------------------------
------------RAPPORT JOURNALIER------------
Le fermier dÚpose 5 Eau par terre
L'animal Poule n'a pas trouvÚ de nourriture...
Pas de bÚbÚ pour Animal de la ferme: Poule en position 1 8 vie restante: 2
L'animal Vache mange Herbe[id:925 quantite: 0]  en position (0, 2)
Pas de bÚbÚ pour Animal de la ferme: Vache en position 0 2 vie restante: 100
De l'herbe commence Ó s'agrandir en 0,9 !
De l'herbe commence Ó s'agrandir en 2,4 !
De l'herbe commence Ó s'agrandir en 2,9 !
De l'herbe commence Ó s'agrandir en 3,0 !
De l'herbe commence Ó s'agrandir en 3,5 !
De l'herbe commence Ó s'agrandir en 3,7 !
De l'herbe vient de pousser sur la case 5,3 !
De l'herbe commence Ó s'agrandir en 5,5 !
De l'herbe vient de pousser sur la case 7,3 !
---------REAPPROVISIONNEMENT--------------
LE FERMIER RENTRE CHEZ LUI POUR RECUPERER 6 Herbe
LE FERMIER RENTRE CHEZ LUI POUR RECUPERER 7 Eau
LE FERMIER RENTRE CHEZ LUI POUR RECUPERER 4 Graine
LE FERMIER RENTRE CHEZ LUI POUR RECUPERER 8 Foin
-------ETAT ACTUEL DE LA FERME ET DE LA FORET-------
:--:--:--:--:--:--:--:--:--:--:
|He|He|  |He|He|He|He|  |He|He|
:--:--:--:--:--:--:--:--:--:--:
|  |He|He|  |  |He|He|He|  |He|
:--:--:--:--:--:--:--:--:--:--:
|He|He|  |  |He|Ea|He|  |He|He|
:--:--:--:--:--:--:--:--:--:--:
|He|He|He|He|He|He|He|He|He|He|
:--:--:--:--:--:--:--:--:--:--:
|He|He|He|He|He|  |  |He|Ea|He|
:--:--:--:--:--:--:--:--:--:--:
|He|He|He|He|He|He|He|He|He|He|
:--:--:--:--:--:--:--:--:--:--:
|He|He|He|  |He|He|Fo|He|He|He|
:--:--:--:--:--:--:--:--:--:--:
|He|He|He|He|Ea|He|He|He|He|Fo|
:--:--:--:--:--:--:--:--:--:--:
|He|He|He|He|He|Ea|He|He|He|He|
:--:--:--:--:--:--:--:--:--:--:
|He|He|He|Ea|He|  |  |He|  |He|
:--:--:--:--:--:--:--:--:--:--:

------------------------------------------
Simulation - JOURS 41 DE LA SAISON primtemps
------------------------------------------
------------------RESERVE-----------------
LA RESERVE CONTIENT :
Herbe[id:169 quantite: 756]  en position (0, 0)
Eau[id:170 quantite: 202]  en position (0, 0)
Graine[id:171 quantite: 641]  en position (0, 0)
Foin[id:172 quantite: 258]  en position (0, 0)
------------------------------------------
-------------------POCHE------------------
LA POCHE CONTIENT:
Herbe[id:165 quantite: 21]  en position (8, 3)
Foin[id:166 quantite: 52]  en position (8, 3)
Eau[id:167 quantite: 7]  en position (8, 3)
Graine[id:168 quantite: 171]  en position (8, 3)
------------------------------------------
------------RAPPORT JOURNALIER------------
LE FERMIER RAJOUTE Herbe x21 SUR SA CASE
Le fermier trait la vache !
L'animal Vache mange Herbe[id:1017 quantite: 0]  en position (9, 2)
Pas de bÚbÚ pour Animal de la ferme: Vache en position 9 2 vie restante: 60
L'animal Poule n'a pas trouvÚ de nourriture...
Pas de bÚbÚ pour Animal de la ferme: Poule en position 7 8 vie restante: 2
L'animal Vache mange Herbe[id:988 quantite: 0]  en position (5, 8)
Pas de bÚbÚ pour Animal de la ferme: Vache en position 7 3 vie restante: 93
De l'herbe vient de pousser sur la case 0,2 !
De l'herbe commence Ó s'agrandir en 0,6 !
De l'herbe commence Ó s'agrandir en 3,4 !
De l'herbe commence Ó s'agrandir en 3,6 !
De l'herbe commence Ó s'agrandir en 5,1 !
De l'herbe commence Ó s'agrandir en 5,2 !
De l'herbe commence Ó s'agrandir en 6,8 !
De l'herbe commence Ó s'agrandir en 7,7 !
De l'herbe commence Ó s'agrandir en 8,7 !
De l'herbe commence Ó s'agrandir en 9,0 !
De l'herbe commence Ó s'agrandir en 9,1 !
---------REAPPROVISIONNEMENT--------------
LE FERMIER RENTRE CHEZ LUI POUR RECUPERER 10 Herbe
LE FERMIER RENTRE CHEZ LUI POUR RECUPERER 10 Eau
LE FERMIER RENTRE CHEZ LUI POUR RECUPERER 4 Graine
LE FERMIER RENTRE CHEZ LUI POUR RECUPERER 10 Foin
-------ETAT ACTUEL DE LA FERME ET DE LA FORET-------
:--:--:--:--:--:--:--:--:--:--:
|He|He|He|He|He|He|He|  |He|He|
:--:--:--:--:--:--:--:--:--:--:
|  |He|He|  |  |He|He|He|  |He|
:--:--:--:--:--:--:--:--:--:--:
|He|He|  |  |He|Ea|He|  |He|He|
:--:--:--:--:--:--:--:--:--:--:
|He|He|He|He|He|He|He|He|He|He|
:--:--:--:--:--:--:--:--:--:--:
|He|He|He|He|He|  |  |He|Ea|He|
:--:--:--:--:--:--:--:--:--:--:
|He|He|He|He|He|He|He|He|  |He|
:--:--:--:--:--:--:--:--:--:--:
|He|He|He|  |He|He|Fo|He|He|He|
:--:--:--:--:--:--:--:--:--:--:
|He|He|He|He|Ea|He|  |He|He|Fo|
:--:--:--:--:--:--:--:--:--:--:
|He|He|He|He|He|Ea|He|He|He|He|
:--:--:--:--:--:--:--:--:--:--:
|He|He|  |Ea|He|  |  |He|  |He|
:--:--:--:--:--:--:--:--:--:--:

------------------------------------------
Simulation - JOURS 42 DE LA SAISON primtemps
------------------------------------------
------------------RESERVE-----------------
LA RESERVE CONTIENT :
Herbe[id:169 quantite: 746]  en position (0, 0)
Eau[id:170 quantite: 192]  en position (0, 0)
Graine[id:171 quantite: 637]  en position (0, 0)
Foin[id:172 quantite: 248]  en position (0, 0)
------------------------------------------
-------------------POCHE------------------
LA POCHE CONTIENT:
Herbe[id:165 quantite: 10]  en position (8, 3)
Foin[id:166 quantite: 62]  en position (8, 3)
Eau[id:167 quantite: 17]  en position (8, 3)
Graine[id:168 quantite: 175]  en position (8, 3)
------------------------------------------
------------RAPPORT JOURNALIER------------
LE FERMIER RAJOUTE Herbe x10 SUR SA CASE
Le fermier trait la vache !
L'animal Poule n'a pas trouvÚ de nourriture...
Pas de bÚbÚ pour Animal de la ferme: Poule en position 9 7 vie restante: 2
L'animal Vache mange Herbe[id:742 quantite: 0]  en position (6, 1)
Pas de bÚbÚ pour Animal de la ferme: Vache en position 4 9 vie restante: 100
De l'herbe commence Ó s'agrandir en 0,5 !
De l'herbe commence Ó s'agrandir en 0,9 !
De l'herbe commence Ó s'agrandir en 1,2 !
De l'herbe vient de pousser sur la case 1,8 !
De l'herbe commence Ó s'agrandir en 3,0 !
De l'herbe commence Ó s'agrandir en 4,3 !
De l'herbe vient de pousser sur la case 7,6 !
De l'herbe commence Ó s'agrandir en 8,7 !
De l'herbe commence Ó s'agrandir en 9,1 !
De l'herbe vient de pousser sur la case 9,5 !
De l'herbe vient de pousser sur la case 9,8 !
---------REAPPROVISIONNEMENT--------------
LE FERMIER RENTRE CHEZ LUI POUR RECUPERER 4 Herbe
LE FERMIER RENTRE CHEZ LUI POUR RECUPERER 11 Eau
LE FERMIER RENTRE CHEZ LUI POUR RECUPERER 11 Graine
LE FERMIER RENTRE CHEZ LUI POUR RECUPERER 8 Foin
-------ETAT ACTUEL DE LA FERME ET DE LA FORET-------
:--:--:--:--:--:--:--:--:--:--:
|He|He|He|He|He|He|He|  |He|He|
:--:--:--:--:--:--:--:--:--:--:
|  |He|He|  |  |He|He|He|He|He|
:--:--:--:--:--:--:--:--:--:--:
|  |He|  |  |He|Ea|He|  |He|He|
:--:--:--:--:--:--:--:--:--:--:
|He|He|He|He|He|He|He|He|He|He|
:--:--:--:--:--:--:--:--:--:--:
|He|He|He|He|He|  |  |He|Ea|He|
:--:--:--:--:--:--:--:--:--:--:
|He|He|He|He|He|He|He|He|  |He|
:--:--:--:--:--:--:--:--:--:--:
|He|  |He|  |He|He|Fo|He|He|He|
:--:--:--:--:--:--:--:--:--:--:
|He|He|He|He|Ea|He|He|He|He|Fo|
:--:--:--:--:--:--:--:--:--:--:
|He|He|He|He|He|Ea|He|He|He|He|
:--:--:--:--:--:--:--:--:--:--:
|He|He|  |Ea|He|He|  |He|He|He|
:--:--:--:--:--:--:--:--:--:--:

------------------------------------------
Simulation - JOURS 43 DE LA SAISON primtemps
------------------------------------------
------------------RESERVE-----------------
LA RESERVE CONTIENT :
Herbe[id:169 quantite: 742]  en position (0, 0)
Eau[id:170 quantite: 181]  en position (0, 0)
Graine[id:171 quantite: 626]  en position (0, 0)
Foin[id:172 quantite: 240]  en position (0, 0)
------------------------------------------
-------------------POCHE------------------
LA POCHE CONTIENT:
Herbe[id:165 quantite: 4]  en position (8, 3)
Foin[id:166 quantite: 70]  en position (8, 3)
Eau[id:167 quantite: 28]  en position (8, 3)
Graine[id:168 quantite: 186]  en position (8, 3)
------------------------------------------
------------RAPPORT JOURNALIER------------
LE FERMIER RAJOUTE Herbe x4 SUR SA CASE
Le fermier trait la vache !
L'animal Poule n'a pas trouvÚ de nourriture...
Pas de bÚbÚ pour Animal de la ferme: Poule en position 9 7 vie restante: 2
L'animal Vache mange Herbe[id:942 quantite: 0]  en position (4, 9)
Pas de bÚbÚ pour Animal de la ferme: Vache en position 9 8 vie restante: 87
L'animal Vache mange Herbe[id:1007 quantite: 0]  en position (9, 0)
Pas de bÚbÚ pour Animal de la ferme: Vache en position 9 4 vie restante: 100
De l'herbe commence Ó s'agrandir en 0,3 !
De l'herbe commence Ó s'agrandir en 0,5 !
De l'herbe commence Ó s'agrandir en 1,1 !
De l'herbe commence Ó s'agrandir en 1,6 !
De l'herbe commence Ó s'agrandir en 1,7 !
De l'herbe commence Ó s'agrandir en 1,9 !
De l'herbe commence Ó s'agrandir en 2,6 !
De l'herbe commence Ó s'agrandir en 5,1 !
De l'herbe commence Ó s'agrandir en 6,5 !
De l'herbe commence Ó s'agrandir en 7,1 !
De l'herbe commence Ó s'agrandir en 7,8 !
De l'herbe vient de pousser sur la case 9,6 !
---------REAPPROVISIONNEMENT--------------
LE FERMIER RENTRE CHEZ LUI POUR RECUPERER 7 Herbe
LE FERMIER RENTRE CHEZ LUI POUR RECUPERER 2 Eau
LE FERMIER RENTRE CHEZ LUI POUR RECUPERER 6 Graine
LE FERMIER RENTRE CHEZ LUI POUR RECUPERER 9 Foin
-------ETAT ACTUEL DE LA FERME ET DE LA FORET-------
:--:--:--:--:--:--:--:--:--:--:
|He|He|He|He|He|He|He|  |He|He|
:--:--:--:--:--:--:--:--:--:--:
|  |He|He|  |  |He|He|He|He|He|
:--:--:--:--:--:--:--:--:--:--:
|  |He|  |  |He|Ea|He|  |He|He|
:--:--:--:--:--:--:--:--:--:--:
|He|He|He|He|He|He|He|He|He|He|
:--:--:--:--:--:--:--:--:--:--:
|He|He|He|He|He|  |  |He|Ea|  |
:--:--:--:--:--:--:--:--:--:--:
|He|He|He|He|He|He|He|He|  |He|
:--:--:--:--:--:--:--:--:--:--:
|He|  |He|  |He|He|Fo|He|He|He|
:--:--:--:--:--:--:--:--:--:--:
|He|He|He|He|Ea|He|He|He|He|Fo|
:--:--:--:--:--:--:--:--:--:--:
|He|He|He|He|He|Ea|He|He|He|He|
:--:--:--:--:--:--:--:--:--:--:
|  |He|  |Ea|He|He|He|  |He|He|
:--:--:--:--:--:--:--:--:--:--:

------------------------------------------
Simulation - JOURS 44 DE LA SAISON primtemps
------------------------------------------
------------------RESERVE-----------------
LA RESERVE CONTIENT :
Herbe[id:169 quantite: 735]  en position (0, 0)
Eau[id:170 quantite: 179]  en position (0, 0)
Graine[id:171 quantite: 620]  en position (0, 0)
Foin[id:172 quantite: 231]  en position (0, 0)
------------------------------------------
-------------------POCHE------------------
LA POCHE CONTIENT:
Herbe[id:165 quantite: 7]  en position (8, 3)
Foin[id:166 quantite: 79]  en position (8, 3)
Eau[id:167 quantite: 30]  en position (8, 3)
Graine[id:168 quantite: 192]  en position (8, 3)
------------------------------------------
------------RAPPORT JOURNALIER------------
LE FERMIER RAJOUTE Herbe x7 SUR SA CASE
Le fermier trait la vache !
L'animal Poule n'a pas trouvÚ de nourriture...
Pas de bÚbÚ pour Animal de la ferme: Poule en position 7 9 vie restante: 2
L'animal Vache mange Herbe[id:1021 quantite: 0]  en position (5, 3)
Pas de bÚbÚ pour Animal de la ferme: Vache en position 5 3 vie restante: 87
L'animal Vache mange Herbe[id:996 quantite: 0]  en position (9, 4)
Pas de bÚbÚ pour Animal de la ferme: Vache en position 9 7 vie restante: 100
L'animal Vache mange Herbe[id:972 quantite: 0]  en position (2, 6)
Pas de bÚbÚ pour Animal de la ferme: Vache en position 2 6 vie restante: 69
De l'herbe commence Ó s'agrandir en 0,1 !
De l'herbe commence Ó s'agrandir en 0,4 !
De l'herbe commence Ó s'agrandir en 1,2 !
De l'herbe vient de pousser sur la case 1,3 !
De l'herbe vient de pousser sur la case 2,0 !
De l'herbe commence Ó s'agrandir en 3,3 !
De l'herbe commence Ó s'agrandir en 4,3 !
De l'herbe commence Ó s'agrandir en 5,0 !
De l'herbe commence Ó s'agrandir en 5,1 !
De l'herbe vient de pousser sur la case 5,3 !
De l'herbe vient de pousser sur la case 5,8 !
De l'herbe vient de pousser sur la case 7,9 !
---------REAPPROVISIONNEMENT--------------
LE FERMIER RENTRE CHEZ LUI POUR RECUPERER 11 Herbe
LE FERMIER RENTRE CHEZ LUI POUR RECUPERER 3 Eau
LE FERMIER RENTRE CHEZ LUI POUR RECUPERER 6 Graine
LE FERMIER RENTRE CHEZ LUI POUR RECUPERER 4 Foin
-------ETAT ACTUEL DE LA FERME ET DE LA FORET-------
:--:--:--:--:--:--:--:--:--:--:
|He|He|He|He|He|He|He|  |He|He|
:--:--:--:--:--:--:--:--:--:--:
|  |He|He|He|  |He|He|He|He|He|
:--:--:--:--:--:--:--:--:--:--:
|He|He|  |  |He|Ea|  |  |He|He|
:--:--:--:--:--:--:--:--:--:--:
|He|He|He|He|He|He|He|He|He|He|
:--:--:--:--:--:--:--:--:--:--:
|He|He|He|He|He|  |  |He|Ea|  |
:--:--:--:--:--:--:--:--:--:--:
|He|He|He|He|He|He|He|He|He|He|
:--:--:--:--:--:--:--:--:--:--:
|He|  |He|  |He|He|Fo|He|He|He|
:--:--:--:--:--:--:--:--:--:--:
|He|He|He|He|Ea|He|He|He|He|He|
:--:--:--:--:--:--:--:--:--:--:
|He|He|He|He|He|Ea|He|He|He|He|
:--:--:--:--:--:--:--:--:--:--:
|  |He|  |Ea|  |He|He|  |He|He|
:--:--:--:--:--:--:--:--:--:--:

------------------------------------------
Simulation - JOURS 45 DE LA SAISON primtemps
------------------------------------------
------------------RESERVE-----------------
LA RESERVE CONTIENT :
Herbe[id:169 quantite: 724]  en position (0, 0)
Eau[id:170 quantite: 176]  en position (0, 0)
Graine[id:171 quantite: 614]  en position (0, 0)
Foin[id:172 quantite: 227]  en position (0, 0)
------------------------------------------
-------------------POCHE------------------
LA POCHE CONTIENT:
Herbe[id:165 quantite: 11]  en position (8, 3)
Foin[id:166 quantite: 83]  en position (8, 3)
Eau[id:167 quantite: 33]  en position (8, 3)
Graine[id:168 quantite: 198]  en position (8, 3)
------------------------------------------
------------RAPPORT JOURNALIER------------
LE FERMIER RAJOUTE Herbe x11 SUR SA CASE
L'animal Poule n'a pas trouvÚ de nourriture...
Pas de bÚbÚ pour Animal de la ferme: Poule en position 6 9 vie restante: 2
L'animal Vache mange Herbe[id:1022 quantite: 0]  en position (7, 3)
Pas de bÚbÚ pour Animal de la ferme: Vache en position 3 0 vie restante: 89
L'animal Vache mange Herbe[id:969 quantite: 0]  en position (7, 8)
Pas de bÚbÚ pour Animal de la ferme: Vache en position 7 8 vie restante: 100
De l'herbe commence Ó s'agrandir en 1,1 !
De l'herbe commence Ó s'agrandir en 1,8 !
De l'herbe commence Ó s'agrandir en 3,6 !
De l'herbe commence Ó s'agrandir en 4,0 !
De l'herbe vient de pousser sur la case 4,5 !
De l'herbe commence Ó s'agrandir en 7,1 !
De l'herbe commence Ó s'agrandir en 7,6 !
---------REAPPROVISIONNEMENT--------------
LE FERMIER RENTRE CHEZ LUI POUR RECUPERER 9 Herbe
LE FERMIER RENTRE CHEZ LUI POUR RECUPERER 9 Eau
LE FERMIER RENTRE CHEZ LUI POUR RECUPERER 2 Graine
LE FERMIER RENTRE CHEZ LUI POUR RECUPERER 10 Foin
-------ETAT ACTUEL DE LA FERME ET DE LA FORET-------
:--:--:--:--:--:--:--:--:--:--:
|He|He|He|He|He|He|He|  |He|He|
:--:--:--:--:--:--:--:--:--:--:
|  |He|He|He|  |He|He|He|He|He|
:--:--:--:--:--:--:--:--:--:--:
|He|He|  |  |He|Ea|  |  |He|He|
:--:--:--:--:--:--:--:--:--:--:
|He|He|He|He|He|He|He|He|He|He|
:--:--:--:--:--:--:--:--:--:--:
|He|He|He|He|He|He|  |He|Ea|  |
:--:--:--:--:--:--:--:--:--:--:
|He|He|He|He|He|He|He|He|  |He|
:--:--:--:--:--:--:--:--:--:--:
|He|  |He|  |He|He|Fo|He|He|He|
:--:--:--:--:--:--:--:--:--:--:
|He|He|He|  |Ea|He|He|He|  |He|
:--:--:--:--:--:--:--:--:--:--:
|He|He|He|He|He|Ea|He|He|He|He|
:--:--:--:--:--:--:--:--:--:--:
|  |He|  |Ea|  |He|He|  |He|He|
:--:--:--:--:--:--:--:--:--:--:

------------------------------------------
Simulation - JOURS 46 DE LA SAISON primtemps
------------------------------------------
------------------RESERVE-----------------
LA RESERVE CONTIENT :
Herbe[id:169 quantite: 715]  en position (0, 0)
Eau[id:170 quantite: 167]  en position (0, 0)
Graine[id:171 quantite: 612]  en position (0, 0)
Foin[id:172 quantite: 217]  en position (0, 0)
------------------------------------------
-------------------POCHE------------------
LA POCHE CONTIENT:
Herbe[id:165 quantite: 9]  en position (8, 3)
Foin[id:166 quantite: 93]  en position (8, 3)
Eau[id:167 quantite: 42]  en position (8, 3)
Graine[id:168 quantite: 200]  en position (8, 3)
------------------------------------------
------------RAPPORT JOURNALIER------------
LE FERMIER RAJOUTE Herbe x9 SUR SA CASE
Le fermier trait la vache !
L'animal Poule n'a pas trouvÚ de nourriture...
Pas de bÚbÚ pour Animal de la ferme: Poule en position 4 5 vie restante: 2
L'animal Vache mange Herbe[id:926 quantite: 0]  en position (3, 0)
Pas de bÚbÚ pour Animal de la ferme: Vache en position 3 0 vie restante: 100
De l'herbe vient de pousser sur la case 1,0 !
De l'herbe commence Ó s'agrandir en 1,1 !
De l'herbe commence Ó s'agrandir en 2,8 !
De l'herbe commence Ó s'agrandir en 4,0 !
De l'herbe vient de pousser sur la case 5,8 !
De l'herbe commence Ó s'agrandir en 7,1 !
De l'herbe commence Ó s'agrandir en 7,6 !
De l'herbe commence Ó s'agrandir en 7,7 !
De l'herbe vient de pousser sur la case 9,4 !
---------REAPPROVISIONNEMENT--------------
LE FERMIER RENTRE CHEZ LUI POUR RECUPERER 4 Herbe
LE FERMIER RENTRE CHEZ LUI POUR RECUPERER 7 Eau
LE FERMIER RENTRE CHEZ LUI POUR RECUPERER 10 Graine
LE FERMIER RENTRE CHEZ LUI POUR RECUPERER 11 Foin
-------ETAT ACTUEL DE LA FERME ET DE LA FORET-------
:--:--:--:--:--:--:--:--:--:--:
|He|He|He|He|He|He|He|  |He|He|
:--:--:--:--:--:--:--:--:--:--:
|He|He|He|He|  |He|He|He|He|He|
:--:--:--:--:--:--:--:--:--:--:
|He|He|  |  |He|Ea|  |  |He|He|
:--:--:--:--:--:--:--:--:--:--:
|  |He|He|He|He|He|He|He|He|He|
:--:--:--:--:--:--:--:--:--:--:
|He|He|He|He|He|He|  |He|Ea|  |
:--:--:--:--:--:--:--:--:--:--:
|He|He|He|He|He|He|He|He|He|He|
:--:--:--:--:--:--:--:--:--:--:
|He|  |He|  |He|He|Fo|He|He|  |
:--:--:--:--:--:--:--:--:--:--:
|He|He|He|  |Ea|He|He|He|  |He|
:--:--:--:--:--:--:--:--:--:--:
|He|He|He|He|He|Ea|He|He|He|He|
:--:--:--:--:--:--:--:--:--:--:
|  |He|  |Ea|He|He|He|  |He|He|
:--:--:--:--:--:--:--:--:--:--:

------------------------------------------
Simulation - JOURS 47 DE LA SAISON primtemps
------------------------------------------
------------------RESERVE-----------------
LA RESERVE CONTIENT :
Herbe[id:169 quantite: 711]  en position (0, 0)
Eau[id:170 quantite: 160]  en position (0, 0)
Graine[id:171 quantite: 602]  en position (0, 0)
Foin[id:172 quantite: 206]  en position (0, 0)
------------------------------------------
-------------------POCHE------------------
LA POCHE CONTIENT:
Herbe[id:165 quantite: 4]  en position (8, 3)
Foin[id:166 quantite: 104]  en position (8, 3)
Eau[id:167 quantite: 49]  en position (8, 3)
Graine[id:168 quantite: 210]  en position (8, 3)
------------------------------------------
------------RAPPORT JOURNALIER------------
LE FERMIER RAJOUTE Herbe x4 SUR SA CASE
Le fermier trait la vache !
L'animal Vache mange Herbe[id:1029 quantite: 0]  en position (1, 8)
Pas de bÚbÚ pour Animal de la ferme: Vache en position 1 8 vie restante: 68
L'animal Poule n'a pas trouvÚ de nourriture...
Pas de bÚbÚ pour Animal de la ferme: Poule en position 9 2 vie restante: 2
L'animal Vache mange Herbe[id:1015 quantite: 0]  en position (2, 4)
Pas de bÚbÚ pour Animal de la ferme: Vache en position 2 4 vie restante: 81
De l'herbe commence Ó s'agrandir en 0,3 !
De l'herbe commence Ó s'agrandir en 0,5 !
De l'herbe commence Ó s'agrandir en 1,3 !
De l'herbe vient de pousser sur la case 1,8 !
De l'herbe vient de pousser sur la case 2,6 !
De l'herbe vient de pousser sur la case 3,0 !
De l'herbe commence Ó s'agrandir en 4,4 !
De l'herbe commence Ó s'agrandir en 6,7 !
De l'herbe vient de pousser sur la case 7,3 !
De l'herbe commence Ó s'agrandir en 9,4 !
---------REAPPROVISIONNEMENT--------------
LE FERMIER RENTRE CHEZ LUI POUR RECUPERER 3 Herbe
LE FERMIER RENTRE CHEZ LUI POUR RECUPERER 5 Eau
LE FERMIER RENTRE CHEZ LUI POUR RECUPERER 5 Graine
LE FERMIER RENTRE CHEZ LUI POUR RECUPERER 7 Foin
-------ETAT ACTUEL DE LA FERME ET DE LA FORET-------
:--:--:--:--:--:--:--:--:--:--:
|He|He|He|He|He|He|He|  |He|He|
:--:--:--:--:--:--:--:--:--:--:
|He|He|He|He|  |He|He|He|He|He|
:--:--:--:--:--:--:--:--:--:--:
|He|He|  |  |  |Ea|He|  |He|He|
:--:--:--:--:--:--:--:--:--:--:
|He|He|He|He|He|He|He|He|He|He|
:--:--:--:--:--:--:--:--:--:--:
|He|He|He|He|He|  |  |He|Ea|  |
:--:--:--:--:--:--:--:--:--:--:
|He|He|He|He|He|He|He|He|He|He|
:--:--:--:--:--:--:--:--:--:--:
|He|  |He|  |He|He|Fo|He|He|  |
:--:--:--:--:--:--:--:--:--:--:
|He|He|He|He|Ea|He|He|He|  |He|
:--:--:--:--:--:--:--:--:--:--:
|He|He|He|He|He|Ea|He|He|He|He|
:--:--:--:--:--:--:--:--:--:--:
|  |He|  |Ea|He|He|He|  |He|He|
:--:--:--:--:--:--:--:--:--:--:

------------------------------------------
Simulation - JOURS 48 DE LA SAISON primtemps
------------------------------------------
------------------RESERVE-----------------
LA RESERVE CONTIENT :
Herbe[id:169 quantite: 708]  en position (0, 0)
Eau[id:170 quantite: 155]  en position (0, 0)
Graine[id:171 quantite: 597]  en position (0, 0)
Foin[id:172 quantite: 199]  en position (0, 0)
------------------------------------------
-------------------POCHE------------------
LA POCHE CONTIENT:
Herbe[id:165 quantite: 3]  en position (8, 3)
Foin[id:166 quantite: 111]  en position (8, 3)
Eau[id:167 quantite: 54]  en position (8, 3)
Graine[id:168 quantite: 215]  en position (8, 3)
------------------------------------------
------------RAPPORT JOURNALIER------------
LE FERMIER RAJOUTE Herbe x3 SUR SA CASE
Le fermier trait la vache !
Le fermier trait la vache !
L'animal Vache mange Eau[id:998 quantite: 0]  en position (2, 5)
Pas de bÚbÚ pour Animal de la ferme: Vache en position 2 5 vie restante: 100
L'animal Vache mange Eau[id:909 quantite: 0]  en position (4, 8)
Pas de bÚbÚ pour Animal de la ferme: Vache en position 4 8 vie restante: 100
L'animal Vache mange Herbe[id:1060 quantite: 0]  en position (3, 0)
Pas de bÚbÚ pour Animal de la ferme: Vache en position 3 0 vie restante: 69
De l'herbe commence Ó s'agrandir en 0,8 !
De l'herbe commence Ó s'agrandir en 0,9 !
De l'herbe commence Ó s'agrandir en 1,2 !
De l'herbe vient de pousser sur la case 1,4 !
De l'herbe commence Ó s'agrandir en 3,3 !
De l'herbe commence Ó s'agrandir en 5,4 !
De l'herbe commence Ó s'agrandir en 5,5 !
De l'herbe commence Ó s'agrandir en 7,0 !
De l'herbe vient de pousser sur la case 9,0 !
De l'herbe commence Ó s'agrandir en 9,8 !
De l'herbe commence Ó s'agrandir en 9,9 !
---------REAPPROVISIONNEMENT--------------
LE FERMIER RENTRE CHEZ LUI POUR RECUPERER 4 Herbe
LE FERMIER RENTRE CHEZ LUI POUR RECUPERER 4 Eau
LE FERMIER RENTRE CHEZ LUI POUR RECUPERER 5 Graine
LE FERMIER RENTRE CHEZ LUI POUR RECUPERER 11 Foin
-------ETAT ACTUEL DE LA FERME ET DE LA FORET-------
:--:--:--:--:--:--:--:--:--:--:
|He|He|He|He|He|He|He|  |He|He|
:--:--:--:--:--:--:--:--:--:--:
|He|He|He|He|He|He|He|He|He|He|
:--:--:--:--:--:--:--:--:--:--:
|He|He|  |  |  |  |He|  |He|He|
:--:--:--:--:--:--:--:--:--:--:
|  |He|He|He|He|He|He|He|He|He|
:--:--:--:--:--:--:--:--:--:--:
|He|He|He|He|He|  |  |He|  |  |
:--:--:--:--:--:--:--:--:--:--:
|He|He|He|He|He|He|He|He|He|He|
:--:--:--:--:--:--:--:--:--:--:
|He|  |He|  |He|He|Fo|He|He|  |
:--:--:--:--:--:--:--:--:--:--:
|He|He|He|He|Ea|He|He|He|  |He|
:--:--:--:--:--:--:--:--:--:--:
|He|He|He|He|He|Ea|He|He|He|He|
:--:--:--:--:--:--:--:--:--:--:
|He|He|  |Ea|He|He|He|  |He|He|
:--:--:--:--:--:--:--:--:--:--:

------------------------------------------
Simulation - JOURS 49 DE LA SAISON primtemps
------------------------------------------
------------------RESERVE-----------------
LA RESERVE CONTIENT :
Herbe[id:169 quantite: 704]  en position (0, 0)
Eau[id:170 quantite: 151]  en position (0, 0)
Graine[id:171 quantite: 592]  en position (0, 0)
Foin[id:172 quantite: 188]  en position (0, 0)
------------------------------------------
-------------------POCHE------------------
LA POCHE CONTIENT:
Herbe[id:165 quantite: 4]  en position (8, 3)
Foin[id:166 quantite: 122]  en position (8, 3)
Eau[id:167 quantite: 58]  en position (8, 3)
Graine[id:168 quantite: 220]  en position (8, 3)
------------------------------------------
------------RAPPORT JOURNALIER------------
LE FERMIER RAJOUTE Herbe x4 SUR SA CASE
Le fermier trait la vache !
L'animal Vache mange Herbe[id:1065 quantite: 0]  en position (1, 4)
Pas de bÚbÚ pour Animal de la ferme: Vache en position 1 4 vie restante: 85
De l'herbe commence Ó s'agrandir en 0,3 !
De l'herbe commence Ó s'agrandir en 0,4 !
De l'herbe vient de pousser sur la case 2,7 !
De l'herbe commence Ó s'agrandir en 5,3 !
De l'herbe commence Ó s'agrandir en 7,9 !
De l'herbe commence Ó s'agrandir en 8,7 !
---------REAPPROVISIONNEMENT--------------
LE FERMIER RENTRE CHEZ LUI POUR RECUPERER 9 Herbe
LE FERMIER RENTRE CHEZ LUI POUR RECUPERER 7 Eau
LE FERMIER RENTRE CHEZ LUI POUR RECUPERER 5 Graine
LE FERMIER RENTRE CHEZ LUI POUR RECUPERER 3 Foin
-------ETAT ACTUEL DE LA FERME ET DE LA FORET-------
:--:--:--:--:--:--:--:--:--:--:
|He|He|He|He|He|He|He|  |He|He|
:--:--:--:--:--:--:--:--:--:--:
|He|He|He|He|  |He|He|He|He|He|
:--:--:--:--:--:--:--:--:--:--:
|He|He|  |  |  |  |He|He|He|He|
:--:--:--:--:--:--:--:--:--:--:
|  |He|He|He|He|He|He|He|He|He|
:--:--:--:--:--:--:--:--:--:--:
|He|He|He|He|He|  |  |He|  |  |
:--:--:--:--:--:--:--:--:--:--:
|He|He|He|He|He|He|He|He|He|He|
:--:--:--:--:--:--:--:--:--:--:
|He|  |He|  |He|He|Fo|He|He|  |
:--:--:--:--:--:--:--:--:--:--:
|He|He|He|He|Ea|He|He|He|  |He|
:--:--:--:--:--:--:--:--:--:--:
|He|He|He|He|He|Ea|He|He|He|He|
:--:--:--:--:--:--:--:--:--:--:
|He|He|  |Ea|He|He|He|  |He|He|
:--:--:--:--:--:--:--:--:--:--:

UPDATE DE LA RESERVE
------------------------------------------
Simulation - JOURS 50 DE LA SAISON primtemps
------------------------------------------
------------------RESERVE-----------------
LA RESERVE CONTIENT :
Herbe[id:169 quantite: 761]  en position (0, 0)
Eau[id:170 quantite: 173]  en position (0, 0)
Graine[id:171 quantite: 594]  en position (0, 0)
Foin[id:172 quantite: 228]  en position (0, 0)
------------------------------------------
-------------------POCHE------------------
LA POCHE CONTIENT:
Herbe[id:165 quantite: 9]  en position (8, 3)
Foin[id:166 quantite: 125]  en position (8, 3)
Eau[id:167 quantite: 65]  en position (8, 3)
Graine[id:168 quantite: 225]  en position (8, 3)
------------------------------------------
------------RAPPORT JOURNALIER------------
Le fermier dÚpose 225 Graine par terre
Le fermier trait la vache !
L'animal Poule n'a pas trouvÚ de nourriture...
Pas de bÚbÚ pour Animal de la ferme: Poule en position 7 1 vie restante: 2
De l'herbe commence Ó s'agrandir en 1,3 !
De l'herbe commence Ó s'agrandir en 1,7 !
De l'herbe commence Ó s'agrandir en 5,8 !
De l'herbe commence Ó s'agrandir en 6,8 !
De l'herbe commence Ó s'agrandir en 8,0 !
De l'herbe commence Ó s'agrandir en 8,2 !
---------REAPPROVISIONNEMENT--------------
LE FERMIER RENTRE CHEZ LUI POUR RECUPERER 10 Herbe
LE FERMIER RENTRE CHEZ LUI POUR RECUPERER 5 Eau
LE FERMIER RENTRE CHEZ LUI POUR RECUPERER 10 Graine
LE FERMIER RENTRE CHEZ LUI POUR RECUPERER 10 Foin
-------ETAT ACTUEL DE LA FERME ET DE LA FORET-------
:--:--:--:--:--:--:--:--:--:--:
|He|He|  |He|He|He|He|  |He|He|
:--:--:--:--:--:--:--:--:--:--:
|He|He|He|He|  |He|He|He|He|He|
:--:--:--:--:--:--:--:--:--:--:
|He|He|  |  |Gr|  |He|He|He|He|
:--:--:--:--:--:--:--:--:--:--:
|  |He|He|He|He|He|He|He|He|He|
:--:--:--:--:--:--:--:--:--:--:
|He|He|He|He|He|  |  |He|  |  |
:--:--:--:--:--:--:--:--:--:--:
|He|He|He|He|He|He|He|He|He|He|
:--:--:--:--:--:--:--:--:--:--:
|He|  |He|  |He|He|Fo|He|He|  |
:--:--:--:--:--:--:--:--:--:--:
|He|He|He|He|Ea|He|He|He|  |He|
:--:--:--:--:--:--:--:--:--:--:
|He|He|He|He|He|Ea|He|He|He|He|
:--:--:--:--:--:--:--:--:--:--:
|He|He|  |Ea|He|He|He|  |He|He|
:--:--:--:--:--:--:--:--:--:--:

------------------------------------------
Simulation - JOURS 51 DE LA SAISON primtemps
------------------------------------------
------------------RESERVE-----------------
LA RESERVE CONTIENT :
Herbe[id:169 quantite: 751]  en position (0, 0)
Eau[id:170 quantite: 168]  en position (0, 0)
Graine[id:171 quantite: 584]  en position (0, 0)
Foin[id:172 quantite: 218]  en position (0, 0)
------------------------------------------
-------------------POCHE------------------
LA POCHE CONTIENT:
Herbe[id:165 quantite: 19]  en position (5, 5)
Foin[id:166 quantite: 135]  en position (5, 5)
Eau[id:167 quantite: 70]  en position (5, 5)
Graine[id:168 quantite: 10]  en position (5, 5)
------------------------------------------
------------RAPPORT JOURNALIER------------
LE FERMIER RAJOUTE Herbe x19 SUR SA CASE
Le fermier trait la vache !
Le fermier trait la vache !
L'animal Vache mange Herbe[id:1032 quantite: 0]  en position (9, 8)
Pas de bÚbÚ pour Animal de la ferme: Vache en position 7 5 vie restante: 68
L'animal Vache mange Herbe[id:1052 quantite: 0]  en position (1, 0)
Pas de bÚbÚ pour Animal de la ferme: Vache en position 1 6 vie restante: 80
De l'herbe commence Ó s'agrandir en 0,6 !
De l'herbe commence Ó s'agrandir en 0,8 !
De l'herbe vient de pousser sur la case 1,0 !
De l'herbe commence Ó s'agrandir en 3,8 !
De l'herbe vient de pousser sur la case 6,3 !
De l'herbe commence Ó s'agrandir en 7,6 !
---------REAPPROVISIONNEMENT--------------
LE FERMIER RENTRE CHEZ LUI POUR RECUPERER 5 Herbe
LE FERMIER RENTRE CHEZ LUI POUR RECUPERER 7 Eau
LE FERMIER RENTRE CHEZ LUI POUR RECUPERER 2 Graine
LE FERMIER RENTRE CHEZ LUI POUR RECUPERER 9 Foin
-------ETAT ACTUEL DE LA FERME ET DE LA FORET-------
:--:--:--:--:--:--:--:--:--:--:
|He|He|  |He|He|He|He|  |He|He|
:--:--:--:--:--:--:--:--:--:--:
|He|He|He|He|  |He|He|He|He|He|
:--:--:--:--:--:--:--:--:--:--:
|He|He|  |  |Gr|  |He|He|He|He|
:--:--:--:--:--:--:--:--:--:--:
|  |He|He|He|He|He|He|He|He|He|
:--:--:--:--:--:--:--:--:--:--:
|He|He|He|He|He|  |  |He|  |  |
:--:--:--:--:--:--:--:--:--:--:
|He|He|He|He|He|He|He|He|He|He|
:--:--:--:--:--:--:--:--:--:--:
|He|  |He|He|He|He|Fo|He|He|  |
:--:--:--:--:--:--:--:--:--:--:
|He|He|He|He|Ea|He|He|He|  |He|
:--:--:--:--:--:--:--:--:--:--:
|He|He|He|He|He|Ea|He|He|He|He|
:--:--:--:--:--:--:--:--:--:--:
|He|He|  |Ea|He|He|He|  |  |He|
:--:--:--:--:--:--:--:--:--:--:

------------------------------------------
Simulation - JOURS 52 DE LA SAISON primtemps
------------------------------------------
------------------RESERVE-----------------
LA RESERVE CONTIENT :
Herbe[id:169 quantite: 746]  en position (0, 0)
Eau[id:170 quantite: 161]  en position (0, 0)
Graine[id:171 quantite: 582]  en position (0, 0)
Foin[id:172 quantite: 209]  en position (0, 0)
------------------------------------------
-------------------POCHE------------------
LA POCHE CONTIENT:
Herbe[id:165 quantite: 5]  en position (5, 5)
Foin[id:166 quantite: 144]  en position (5, 5)
Eau[id:167 quantite: 77]  en position (5, 5)
Graine[id:168 quantite: 12]  en position (5, 5)
------------------------------------------
------------RAPPORT JOURNALIER------------
LE FERMIER RAJOUTE Herbe x5 SUR SA CASE
Le fermier trait la vache !
Le fermier trait la vache !
L'animal Poule n'a pas trouvÚ de nourriture...
Pas de bÚbÚ pour Animal de la ferme: Poule en position 1 3 vie restante: 2
L'animal Vache mange Herbe[id:1003 quantite: 0]  en position (1, 6)
Pas de bÚbÚ pour Animal de la ferme: Vache en position 7 8 vie restante: 91
De l'herbe commence Ó s'agrandir en 0,1 !
De l'herbe commence Ó s'agrandir en 3,5 !
De l'herbe commence Ó s'agrandir en 3,9 !
De l'herbe commence Ó s'agrandir en 4,1 !
De l'herbe commence Ó s'agrandir en 4,2 !
De l'herbe commence Ó s'agrandir en 6,8 !
De l'herbe commence Ó s'agrandir en 8,1 !
De l'herbe commence Ó s'agrandir en 8,6 !
De l'herbe commence Ó s'agrandir en 8,9 !
De l'herbe commence Ó s'agrandir en 9,4 !
De l'herbe commence Ó s'agrandir en 9,6 !
De l'herbe commence Ó s'agrandir en 9,9 !
---------REAPPROVISIONNEMENT--------------
LE FERMIER RENTRE CHEZ LUI POUR RECUPERER 5 Herbe
LE FERMIER RENTRE CHEZ LUI POUR RECUPERER 10 Eau
LE FERMIER RENTRE CHEZ LUI POUR RECUPERER 5 Graine
LE FERMIER RENTRE CHEZ LUI POUR RECUPERER 6 Foin
-------ETAT ACTUEL DE LA FERME ET DE LA FORET-------
:--:--:--:--:--:--:--:--:--:--:
|He|He|  |He|He|He|He|  |He|He|
:--:--:--:--:--:--:--:--:--:--:
|He|He|He|  |  |He|  |He|He|He|
:--:--:--:--:--:--:--:--:--:--:
|He|He|  |  |Gr|  |He|He|He|He|
:--:--:--:--:--:--:--:--:--:--:
|  |He|He|He|He|He|He|He|He|He|
:--:--:--:--:--:--:--:--:--:--:
|He|He|He|He|He|  |  |He|  |  |
:--:--:--:--:--:--:--:--:--:--:
|He|He|He|He|He|He|He|He|He|He|
:--:--:--:--:--:--:--:--:--:--:
|He|  |He|He|He|He|Fo|He|He|  |
:--:--:--:--:--:--:--:--:--:--:
|He|He|He|He|Ea|He|He|He|  |He|
:--:--:--:--:--:--:--:--:--:--:
|He|He|He|He|He|Ea|He|He|He|He|
:--:--:--:--:--:--:--:--:--:--:
|He|He|  |Ea|He|He|He|  |  |He|
:--:--:--:--:--:--:--:--:--:--:

------------------------------------------
Simulation - JOURS 53 DE LA SAISON primtemps
------------------------------------------
------------------RESERVE-----------------
LA RESERVE CONTIENT :
Herbe[id:169 quantite: 741]  en position (0, 0)
Eau[id:170 quantite: 151]  en position (0, 0)
Graine[id:171 quantite: 577]  en position (0, 0)
Foin[id:172 quantite: 203]  en position (0, 0)
------------------------------------------
-------------------POCHE------------------
LA POCHE CONTIENT:
Herbe[id:165 quantite: 5]  en position (5, 5)
Foin[id:166 quantite: 150]  en position (5, 5)
Eau[id:167 quantite: 87]  en position (5, 5)
Graine[id:168 quantite: 17]  en position (5, 5)
------------------------------------------
------------RAPPORT JOURNALIER------------
LE FERMIER RAJOUTE Herbe x5 SUR SA CASE
Le fermier trait la vache !
Le fermier trait la vache !
L'animal Vache mange Herbe[id:1005 quantite: 0]  en position (3, 9)
Pas de bÚbÚ pour Animal de la ferme: Vache en position 9 7 vie restante: 63
L'animal Vache mange Herbe[id:1059 quantite: 0]  en position (2, 6)
L'animal Animal de la ferme: Vache en position 2 6 vie restante: 29 se reproduit
L'animal Vache mange Herbe[id:1073 quantite: 0]  en position (1, 0)
Pas de bÚbÚ pour Animal de la ferme: Vache en position 1 0 vie restante: 30
De l'herbe commence Ó s'agrandir en 0,4 !
De l'herbe commence Ó s'agrandir en 0,5 !
De l'herbe commence Ó s'agrandir en 1,5 !
De l'herbe commence Ó s'agrandir en 3,3 !
De l'herbe commence Ó s'agrandir en 5,1 !
De l'herbe commence Ó s'agrandir en 5,4 !
De l'herbe commence Ó s'agrandir en 7,5 !
De l'herbe commence Ó s'agrandir en 8,6 !
---------REAPPROVISIONNEMENT--------------
LE FERMIER RENTRE CHEZ LUI POUR RECUPERER 4 Herbe
LE FERMIER RENTRE CHEZ LUI POUR RECUPERER 3 Eau
LE FERMIER RENTRE CHEZ LUI POUR RECUPERER 11 Graine
LE FERMIER RENTRE CHEZ LUI POUR RECUPERER 7 Foin
-------ETAT ACTUEL DE LA FERME ET DE LA FORET-------
:--:--:--:--:--:--:--:--:--:--:
|He|He|  |He|He|He|He|  |He|He|
:--:--:--:--:--:--:--:--:--:--:
|  |He|He|  |  |He|  |He|He|He|
:--:--:--:--:--:--:--:--:--:--:
|He|He|  |  |Gr|  |  |He|He|He|
:--:--:--:--:--:--:--:--:--:--:
|  |He|He|He|He|He|He|He|He|  |
:--:--:--:--:--:--:--:--:--:--:
|He|He|He|He|He|  |  |He|  |  |
:--:--:--:--:--:--:--:--:--:--:
|He|He|He|He|He|He|He|He|He|He|
:--:--:--:--:--:--:--:--:--:--:
|He|  |He|He|He|He|Fo|He|He|  |
:--:--:--:--:--:--:--:--:--:--:
|He|He|He|He|Ea|He|He|He|  |He|
:--:--:--:--:--:--:--:--:--:--:
|He|He|He|He|He|Ea|He|He|He|He|
:--:--:--:--:--:--:--:--:--:--:
|He|He|  |Ea|He|He|He|  |  |He|
:--:--:--:--:--:--:--:--:--:--:

------------------------------------------
Simulation - JOURS 54 DE LA SAISON primtemps
------------------------------------------
------------------RESERVE-----------------
LA RESERVE CONTIENT :
Herbe[id:169 quantite: 737]  en position (0, 0)
Eau[id:170 quantite: 148]  en position (0, 0)
Graine[id:171 quantite: 566]  en position (0, 0)
Foin[id:172 quantite: 196]  en position (0, 0)
------------------------------------------
-------------------POCHE------------------
LA POCHE CONTIENT:
Herbe[id:165 quantite: 4]  en position (5, 5)
Foin[id:166 quantite: 157]  en position (5, 5)
Eau[id:167 quantite: 90]  en position (5, 5)
Graine[id:168 quantite: 28]  en position (5, 5)
------------------------------------------
------------RAPPORT JOURNALIER------------
Le fermier dÚpose 90 Eau par terre
Le fermier trait la vache !
L'animal Vache mange Herbe[id:1058 quantite: 0]  en position (1, 8)
Pas de bÚbÚ pour Animal de la ferme: Vache en position 0 1 vie restante: 32
De l'herbe commence Ó s'agrandir en 0,0 !
De l'herbe commence Ó s'agrandir en 2,1 !
De l'herbe vient de pousser sur la case 3,0 !
De l'herbe commence Ó s'agrandir en 3,1 !
De l'herbe commence Ó s'agrandir en 3,2 !
De l'herbe commence Ó s'agrandir en 3,3 !
De l'herbe commence Ó s'agrandir en 3,5 !
---------REAPPROVISIONNEMENT--------------
LE FERMIER RENTRE CHEZ LUI POUR RECUPERER 10 Herbe
LE FERMIER RENTRE CHEZ LUI POUR RECUPERER 6 Eau
LE FERMIER RENTRE CHEZ LUI POUR RECUPERER 5 Graine
LE FERMIER RENTRE CHEZ LUI POUR RECUPERER 3 Foin
-------ETAT ACTUEL DE LA FERME ET DE LA FORET-------
:--:--:--:--:--:--:--:--:--:--:
|He|He|  |He|He|He|He|  |He|He|
:--:--:--:--:--:--:--:--:--:--:
|  |He|He|  |Ea|He|  |He|  |He|
:--:--:--:--:--:--:--:--:--:--:
|He|He|  |  |Gr|  |  |He|He|He|
:--:--:--:--:--:--:--:--:--:--:
|He|He|He|He|He|He|He|He|He|  |
:--:--:--:--:--:--:--:--:--:--:
|He|He|He|He|He|  |  |He|  |  |
:--:--:--:--:--:--:--:--:--:--:
|He|He|He|He|He|He|He|He|He|He|
:--:--:--:--:--:--:--:--:--:--:
|He|  |He|He|He|He|Fo|He|He|  |
:--:--:--:--:--:--:--:--:--:--:
|He|He|He|He|Ea|He|He|He|  |He|
:--:--:--:--:--:--:--:--:--:--:
|He|He|He|He|He|Ea|He|He|He|He|
:--:--:--:--:--:--:--:--:--:--:
|He|He|  |Ea|He|He|He|  |  |He|
:--:--:--:--:--:--:--:--:--:--:

------------------------------------------
Simulation - JOURS 55 DE LA SAISON primtemps
------------------------------------------
------------------RESERVE-----------------
LA RESERVE CONTIENT :
Herbe[id:169 quantite: 727]  en position (0, 0)
Eau[id:170 quantite: 142]  en position (0, 0)
Graine[id:171 quantite: 561]  en position (0, 0)
Foin[id:172 quantite: 193]  en position (0, 0)
------------------------------------------
-------------------POCHE------------------
LA POCHE CONTIENT:
Herbe[id:165 quantite: 14]  en position (5, 3)
Foin[id:166 quantite: 160]  en position (5, 3)
Eau[id:167 quantite: 6]  en position (5, 3)
Graine[id:168 quantite: 33]  en position (5, 3)
------------------------------------------
------------RAPPORT JOURNALIER------------
LE FERMIER RAJOUTE Herbe x14 SUR SA CASE
Le fermier trait la vache !
Le fermier trait la vache !
L'animal Vache mange Eau[id:1018 quantite: 0]  en position (9, 3)
L'animal Animal de la ferme: Vache en position 0 9 vie restante: 38 se reproduit
L'animal Vache mange Herbe[id:927 quantite: 0]  en position (5, 2)
Pas de bÚbÚ pour Animal de la ferme: Vache en position 9 7 vie restante: 74
L'animal Vache mange Herbe[id:1082 quantite: 0]  en position (3, 0)
Pas de bÚbÚ pour Animal de la ferme: Vache en position 6 1 vie restante: 41
De l'herbe commence Ó s'agrandir en 1,5 !
De l'herbe commence Ó s'agrandir en 2,9 !
De l'herbe commence Ó s'agrandir en 3,5 !
De l'herbe commence Ó s'agrandir en 5,1 !
De l'herbe commence Ó s'agrandir en 5,8 !
De l'herbe commence Ó s'agrandir en 6,4 !
De l'herbe commence Ó s'agrandir en 7,6 !
De l'herbe commence Ó s'agrandir en 8,2 !
De l'herbe commence Ó s'agrandir en 8,9 !
De l'herbe vient de pousser sur la case 9,3 !
---------REAPPROVISIONNEMENT--------------
LE FERMIER RENTRE CHEZ LUI POUR RECUPERER 7 Herbe
LE FERMIER RENTRE CHEZ LUI POUR RECUPERER 9 Eau
LE FERMIER RENTRE CHEZ LUI POUR RECUPERER 5 Graine
LE FERMIER RENTRE CHEZ LUI POUR RECUPERER 11 Foin
-------ETAT ACTUEL DE LA FERME ET DE LA FORET-------
:--:--:--:--:--:--:--:--:--:--:
|He|He|  |He|He|He|He|  |He|He|
:--:--:--:--:--:--:--:--:--:--:
|  |He|He|  |Ea|He|  |He|  |He|
:--:--:--:--:--:--:--:--:--:--:
|He|He|  |  |Gr|  |  |He|He|He|
:--:--:--:--:--:--:--:--:--:--:
|  |He|He|He|He|He|He|He|He|  |
:--:--:--:--:--:--:--:--:--:--:
|He|He|He|He|He|  |  |He|  |  |
:--:--:--:--:--:--:--:--:--:--:
|He|He|  |He|He|He|He|He|He|He|
:--:--:--:--:--:--:--:--:--:--:
|He|  |He|He|He|He|Fo|He|He|  |
:--:--:--:--:--:--:--:--:--:--:
|He|He|He|He|Ea|He|He|He|  |He|
:--:--:--:--:--:--:--:--:--:--:
|He|He|He|He|He|Ea|He|He|He|He|
:--:--:--:--:--:--:--:--:--:--:
|He|He|  |He|He|He|He|  |  |He|
:--:--:--:--:--:--:--:--:--:--:

------------------------------------------
Simulation - JOURS 56 DE LA SAISON primtemps
------------------------------------------
------------------RESERVE-----------------
LA RESERVE CONTIENT :
Herbe[id:169 quantite: 720]  en position (0, 0)
Eau[id:170 quantite: 133]  en position (0, 0)
Graine[id:171 quantite: 556]  en position (0, 0)
Foin[id:172 quantite: 182]  en position (0, 0)
------------------------------------------
-------------------POCHE------------------
LA POCHE CONTIENT:
Herbe[id:165 quantite: 7]  en position (5, 3)
Foin[id:166 quantite: 171]  en position (5, 3)
Eau[id:167 quantite: 15]  en position (5, 3)
Graine[id:168 quantite: 38]  en position (5, 3)
------------------------------------------
------------RAPPORT JOURNALIER------------
LE FERMIER RAJOUTE Herbe x7 SUR SA CASE
L'animal Poule mange Eau[id:1008 quantite: 0]  en position (8, 5)
Pas de bÚbÚ pour Animal de la ferme: Poule en position 8 5 vie restante: 7
L'animal Vache mange Herbe[id:992 quantite: 0]  en position (0, 9)
L'animal Animal de la ferme: Vache en position 2 0 vie restante: 30 se reproduit
L'animal prÚdateur mange Animal de la ferme: Vache en position 2 6 vie restante: 41
L'animal Vache mange Herbe[id:1043 quantite: 0]  en position (5, 3)
Pas de bÚbÚ pour Animal de la ferme: Vache en position 5 3 vie restante: 51
L'animal Vache mange Herbe[id:933 quantite: 0]  en position (8, 0)
Pas de bÚbÚ pour Animal de la ferme: Vache en position 3 5 vie restante: 38
De l'herbe vient de pousser sur la case 0,2 !
De l'herbe commence Ó s'agrandir en 0,8 !
De l'herbe commence Ó s'agrandir en 1,2 !
De l'herbe commence Ó s'agrandir en 2,9 !
De l'herbe commence Ó s'agrandir en 5,0 !
De l'herbe vient de pousser sur la case 5,3 !
De l'herbe commence Ó s'agrandir en 5,9 !
De l'herbe vient de pousser sur la case 6,9 !
De l'herbe commence Ó s'agrandir en 8,8 !
---------REAPPROVISIONNEMENT--------------
LE FERMIER RENTRE CHEZ LUI POUR RECUPERER 4 Herbe
LE FERMIER RENTRE CHEZ LUI POUR RECUPERER 8 Eau
LE FERMIER RENTRE CHEZ LUI POUR RECUPERER 2 Graine
LE FERMIER RENTRE CHEZ LUI POUR RECUPERER 4 Foin
-------ETAT ACTUEL DE LA FERME ET DE LA FORET-------
:--:--:--:--:--:--:--:--:--:--:
|He|He|He|He|He|He|He|  |He|  |
:--:--:--:--:--:--:--:--:--:--:
|  |He|He|  |Ea|He|  |He|  |He|
:--:--:--:--:--:--:--:--:--:--:
|He|He|  |  |Gr|  |  |He|He|He|
:--:--:--:--:--:--:--:--:--:--:
|  |He|He|He|He|He|He|He|He|  |
:--:--:--:--:--:--:--:--:--:--:
|He|He|He|He|He|  |  |He|  |  |
:--:--:--:--:--:--:--:--:--:--:
|He|He|  |He|He|He|He|He|He|He|
:--:--:--:--:--:--:--:--:--:--:
|He|  |He|He|He|He|Fo|He|He|He|
:--:--:--:--:--:--:--:--:--:--:
|He|He|He|He|Ea|He|He|He|  |He|
:--:--:--:--:--:--:--:--:--:--:
|  |He|He|He|He|  |He|He|He|He|
:--:--:--:--:--:--:--:--:--:--:
|He|He|  |He|He|He|He|  |  |He|
:--:--:--:--:--:--:--:--:--:--:

------------------------------------------
Simulation - JOURS 57 DE LA SAISON primtemps
------------------------------------------
------------------RESERVE-----------------
LA RESERVE CONTIENT :
Herbe[id:169 quantite: 716]  en position (0, 0)
Eau[id:170 quantite: 125]  en position (0, 0)
Graine[id:171 quantite: 554]  en position (0, 0)
Foin[id:172 quantite: 178]  en position (0, 0)
------------------------------------------
-------------------POCHE------------------
LA POCHE CONTIENT:
Herbe[id:165 quantite: 4]  en position (5, 3)
Foin[id:166 quantite: 175]  en position (5, 3)
Eau[id:167 quantite: 23]  en position (5, 3)
Graine[id:168 quantite: 40]  en position (5, 3)
------------------------------------------
------------RAPPORT JOURNALIER------------
LE FERMIER RAJOUTE Herbe x4 SUR SA CASE
Le fermier trait la vache !
L'animal Poule n'a pas trouvÚ de nourriture...
Pas de bÚbÚ pour Animal de la ferme: Poule en position 9 3 vie restante: 7
L'animal Vache mange Herbe[id:1042 quantite: 0]  en position (2, 0)
Pas de bÚbÚ pour Animal de la ferme: Vache en position 2 4 vie restante: 36
L'animal Vache mange Herbe[id:995 quantite: 0]  en position (7, 5)
Pas de bÚbÚ pour Animal de la ferme: Vache en position 9 4 vie restante: 60
De l'herbe commence Ó s'agrandir en 0,4 !
De l'herbe vient de pousser sur la case 2,3 !
De l'herbe vient de pousser sur la case 3,0 !
De l'herbe commence Ó s'agrandir en 3,5 !
De l'herbe vient de pousser sur la case 4,6 !
De l'herbe commence Ó s'agrandir en 7,2 !
De l'herbe commence Ó s'agrandir en 8,6 !
De l'herbe vient de pousser sur la case 9,2 !
De l'herbe commence Ó s'agrandir en 9,6 !
De l'herbe vient de pousser sur la case 9,7 !
De l'herbe vient de pousser sur la case 9,8 !
---------REAPPROVISIONNEMENT--------------
LE FERMIER RENTRE CHEZ LUI POUR RECUPERER 3 Herbe
LE FERMIER RENTRE CHEZ LUI POUR RECUPERER 10 Eau
LE FERMIER RENTRE CHEZ LUI POUR RECUPERER 6 Graine
LE FERMIER RENTRE CHEZ LUI POUR RECUPERER 11 Foin
-------ETAT ACTUEL DE LA FERME ET DE LA FORET-------
:--:--:--:--:--:--:--:--:--:--:
|He|He|He|He|He|He|He|  |He|  |
:--:--:--:--:--:--:--:--:--:--:
|  |He|He|  |Ea|He|  |He|  |He|
:--:--:--:--:--:--:--:--:--:--:
|  |He|  |He|Gr|  |  |He|He|He|
:--:--:--:--:--:--:--:--:--:--:
|He|He|He|He|He|He|He|He|He|  |
:--:--:--:--:--:--:--:--:--:--:
|He|He|He|He|He|  |He|He|  |  |
:--:--:--:--:--:--:--:--:--:--:
|He|He|  |He|He|He|He|He|He|He|
:--:--:--:--:--:--:--:--:--:--:
|He|  |He|He|He|He|Fo|He|He|He|
:--:--:--:--:--:--:--:--:--:--:
|He|He|He|He|Ea|  |He|He|  |He|
:--:--:--:--:--:--:--:--:--:--:
|  |He|He|He|He|  |He|He|He|He|
:--:--:--:--:--:--:--:--:--:--:
|He|He|He|  |He|He|He|He|He|He|
:--:--:--:--:--:--:--:--:--:--:

------------------------------------------
Simulation - JOURS 58 DE LA SAISON primtemps
------------------------------------------
------------------RESERVE-----------------
LA RESERVE CONTIENT :
Herbe[id:169 quantite: 713]  en position (0, 0)
Eau[id:170 quantite: 115]  en position (0, 0)
Graine[id:171 quantite: 548]  en position (0, 0)
Foin[id:172 quantite: 167]  en position (0, 0)
------------------------------------------
-------------------POCHE------------------
LA POCHE CONTIENT:
Herbe[id:165 quantite: 3]  en position (5, 3)
Foin[id:166 quantite: 186]  en position (5, 3)
Eau[id:167 quantite: 33]  en position (5, 3)
Graine[id:168 quantite: 46]  en position (5, 3)
------------------------------------------
------------RAPPORT JOURNALIER------------
LE FERMIER RAJOUTE Herbe x3 SUR SA CASE
L'animal Vache mange Herbe[id:1097 quantite: 0]  en position (2, 3)
Pas de bÚbÚ pour Animal de la ferme: Vache en position 9 1 vie restante: 70
L'animal Vache n'a pas trouvÚ de nourriture...
Pas de bÚbÚ pour Animal de la ferme: Vache en position 9 4 vie restante: 36
L'animal Vache mange Herbe[id:932 quantite: 0]  en position (5, 5)
Pas de bÚbÚ pour Animal de la ferme: Vache en position 5 5 vie restante: 95
De l'herbe vient de pousser sur la case 2,4 !
De l'herbe commence Ó s'agrandir en 4,4 !
De l'herbe commence Ó s'agrandir en 4,6 !
De l'herbe vient de pousser sur la case 5,5 !
De l'herbe commence Ó s'agrandir en 7,7 !
De l'herbe commence Ó s'agrandir en 8,9 !
De l'herbe commence Ó s'agrandir en 9,9 !
---------REAPPROVISIONNEMENT--------------
LE FERMIER RENTRE CHEZ LUI POUR RECUPERER 8 Herbe
LE FERMIER RENTRE CHEZ LUI POUR RECUPERER 6 Eau
LE FERMIER RENTRE CHEZ LUI POUR RECUPERER 10 Graine
LE FERMIER RENTRE CHEZ LUI POUR RECUPERER 7 Foin
-------ETAT ACTUEL DE LA FERME ET DE LA FORET-------
:--:--:--:--:--:--:--:--:--:--:
|He|He|He|He|He|He|He|  |He|  |
:--:--:--:--:--:--:--:--:--:--:
|  |He|He|  |Ea|He|  |He|  |He|
:--:--:--:--:--:--:--:--:--:--:
|  |He|  |  |He|  |  |He|He|He|
:--:--:--:--:--:--:--:--:--:--:
|He|He|He|He|He|He|He|He|He|  |
:--:--:--:--:--:--:--:--:--:--:
|He|He|He|He|He|  |He|He|  |  |
:--:--:--:--:--:--:--:--:--:--:
|He|He|  |He|He|He|He|He|He|He|
:--:--:--:--:--:--:--:--:--:--:
|He|  |He|He|He|He|Fo|He|He|He|
:--:--:--:--:--:--:--:--:--:--:
|He|He|He|He|Ea|  |He|He|  |He|
:--:--:--:--:--:--:--:--:--:--:
|  |He|He|He|He|  |He|He|He|He|
:--:--:--:--:--:--:--:--:--:--:
|He|He|He|  |He|He|He|He|He|He|
:--:--:--:--:--:--:--:--:--:--:

------------------------------------------
Simulation - JOURS 59 DE LA SAISON primtemps
------------------------------------------
------------------RESERVE-----------------
LA RESERVE CONTIENT :
Herbe[id:169 quantite: 705]  en position (0, 0)
Eau[id:170 quantite: 109]  en position (0, 0)
Graine[id:171 quantite: 538]  en position (0, 0)
Foin[id:172 quantite: 160]  en position (0, 0)
------------------------------------------
-------------------POCHE------------------
LA POCHE CONTIENT:
Herbe[id:165 quantite: 8]  en position (5, 3)
Foin[id:166 quantite: 193]  en position (5, 3)
Eau[id:167 quantite: 39]  en position (5, 3)
Graine[id:168 quantite: 56]  en position (5, 3)
------------------------------------------
------------RAPPORT JOURNALIER------------
LE FERMIER RAJOUTE Herbe x8 SUR SA CASE
L'animal Vache mange Herbe[id:914 quantite: 0]  en position (9, 1)
Pas de bÚbÚ pour Animal de la ferme: Vache en position 1 8 vie restante: 94
L'animal Poule n'a pas trouvÚ de nourriture...
Pas de bÚbÚ pour Animal de la ferme: Poule en position 4 8 vie restante: 7
L'animal Vache mange Herbe[id:1098 quantite: 0]  en position (3, 0)
Pas de bÚbÚ pour Animal de la ferme: Vache en position 6 3 vie restante: 36
L'animal Vache mange Herbe[id:1107 quantite: 0]  en position (5, 5)
Pas de bÚbÚ pour Animal de la ferme: Vache en position 5 5 vie restante: 95
L'animal Vache mange Herbe[id:1100 quantite: 0]  en position (9, 2)
Pas de bÚbÚ pour Animal de la ferme: Vache en position 9 2 vie restante: 61
L'animal Vache mange Herbe[id:1053 quantite: 0]  en position (5, 8)
Pas de bÚbÚ pour Animal de la ferme: Vache en position 1 6 vie restante: 51
De l'herbe vient de pousser sur la case 2,2 !
De l'herbe vient de pousser sur la case 2,5 !
De l'herbe commence Ó s'agrandir en 4,0 !
De l'herbe commence Ó s'agrandir en 6,5 !
De l'herbe commence Ó s'agrandir en 6,9 !
De l'herbe vient de pousser sur la case 7,5 !
De l'herbe commence Ó s'agrandir en 8,6 !
De l'herbe commence Ó s'agrandir en 8,9 !
---------REAPPROVISIONNEMENT--------------
LE FERMIER RENTRE CHEZ LUI POUR RECUPERER 7 Herbe
LE FERMIER RENTRE CHEZ LUI POUR RECUPERER 8 Eau
LE FERMIER RENTRE CHEZ LUI POUR RECUPERER 6 Graine
LE FERMIER RENTRE CHEZ LUI POUR RECUPERER 2 Foin
-------ETAT ACTUEL DE LA FERME ET DE LA FORET-------
:--:--:--:--:--:--:--:--:--:--:
|He|He|He|He|He|He|He|  |He|  |
:--:--:--:--:--:--:--:--:--:--:
|  |He|He|  |Ea|He|  |He|  |He|
:--:--:--:--:--:--:--:--:--:--:
|  |He|He|  |He|He|  |He|He|He|
:--:--:--:--:--:--:--:--:--:--:
|  |He|He|He|He|He|He|He|He|  |
:--:--:--:--:--:--:--:--:--:--:
|He|He|He|He|He|  |He|He|  |  |
:--:--:--:--:--:--:--:--:--:--:
|He|  |  |He|He|  |He|He|  |He|
:--:--:--:--:--:--:--:--:--:--:
|He|  |He|He|He|He|Fo|He|He|He|
:--:--:--:--:--:--:--:--:--:--:
|He|He|He|He|Ea|He|He|He|  |He|
:--:--:--:--:--:--:--:--:--:--:
|  |He|He|He|He|  |He|He|He|He|
:--:--:--:--:--:--:--:--:--:--:
|He|  |  |  |He|He|He|He|He|He|
:--:--:--:--:--:--:--:--:--:--:

UPDATE DE LA RESERVE
------------------------------------------
Simulation - JOURS 60 DE LA SAISON primtemps
------------------------------------------
------------------RESERVE-----------------
LA RESERVE CONTIENT :
Herbe[id:169 quantite: 712]  en position (0, 0)
Eau[id:170 quantite: 169]  en position (0, 0)
Graine[id:171 quantite: 613]  en position (0, 0)
Foin[id:172 quantite: 163]  en position (0, 0)
------------------------------------------
-------------------POCHE------------------
LA POCHE CONTIENT:
Herbe[id:165 quantite: 7]  en position (5, 3)
Foin[id:166 quantite: 195]  en position (5, 3)
Eau[id:167 quantite: 47]  en position (5, 3)
Graine[id:168 quantite: 62]  en position (5, 3)
------------------------------------------
------------RAPPORT JOURNALIER------------
LE FERMIER RAJOUTE Herbe x7 SUR SA CASE
Le fermier trait la vache !
L'animal Poule n'a pas trouvÚ de nourriture...
Pas de bÚbÚ pour Animal de la ferme: Poule en position 6 9 vie restante: 7
L'animal Vache mange Herbe[id:1074 quantite: 0]  en position (6, 3)
Pas de bÚbÚ pour Animal de la ferme: Vache en position 6 3 vie restante: 41
L'animal Vache mange Herbe[id:1036 quantite: 0]  en position (9, 6)
L'animal Animal de la ferme: Vache en position 9 6 vie restante: 44 se reproduit
L'animal Vache mange Herbe[id:1115 quantite: 0]  en position (2, 5)
L'animal Animal de la ferme: Vache en position 9 2 vie restante: 18 se reproduit
L'animal prÚdateur mange Animal de la ferme: Vache en position 9 0 vie restante: 44
L'animal prÚdateur mange Animal de la ferme: Vache en position 3 9 vie restante: 51
L'animal prÚdateur mange Animal de la ferme: Vache en position 0 1 vie restante: 61
De l'herbe vient de pousser sur la case 1,0 !
De l'herbe commence Ó s'agrandir en 1,1 !
De l'herbe vient de pousser sur la case 1,3 !
De l'herbe vient de pousser sur la case 1,8 !
De l'herbe commence Ó s'agrandir en 2,1 !
De l'herbe commence Ó s'agrandir en 3,8 !
De l'herbe vient de pousser sur la case 5,2 !
De l'herbe commence Ó s'agrandir en 5,9 !
De l'herbe vient de pousser sur la case 6,1 !
De l'herbe commence Ó s'agrandir en 6,2 !
De l'herbe vient de pousser sur la case 6,3 !
De l'herbe vient de pousser sur la case 8,5 !
De l'herbe vient de pousser sur la case 9,2 !
De l'herbe commence Ó s'agrandir en 9,4 !
De l'herbe vient de pousser sur la case 9,6 !
De l'herbe commence Ó s'agrandir en 9,8 !
---------REAPPROVISIONNEMENT--------------
LE FERMIER RENTRE CHEZ LUI POUR RECUPERER 10 Herbe
LE FERMIER RENTRE CHEZ LUI POUR RECUPERER 6 Eau
LE FERMIER RENTRE CHEZ LUI POUR RECUPERER 2 Graine
LE FERMIER RENTRE CHEZ LUI POUR RECUPERER 8 Foin
-------ETAT ACTUEL DE LA FERME ET DE LA FORET-------
:--:--:--:--:--:--:--:--:--:--:
|He|He|He|He|He|He|He|  |He|  |
:--:--:--:--:--:--:--:--:--:--:
|He|He|He|He|Ea|He|  |He|He|He|
:--:--:--:--:--:--:--:--:--:--:
|  |He|He|  |He|  |  |He|He|He|
:--:--:--:--:--:--:--:--:--:--:
|  |He|He|He|He|He|He|He|He|  |
:--:--:--:--:--:--:--:--:--:--:
|He|He|He|He|He|  |He|He|  |  |
:--:--:--:--:--:--:--:--:--:--:
|He|  |He|He|He|  |He|He|  |He|
:--:--:--:--:--:--:--:--:--:--:
|He|He|He|He|He|He|Fo|He|He|  |
:--:--:--:--:--:--:--:--:--:--:
|He|He|He|He|Ea|He|He|He|  |He|
:--:--:--:--:--:--:--:--:--:--:
|  |He|He|He|He|He|He|He|He|He|
:--:--:--:--:--:--:--:--:--:--:
|He|  |He|  |He|He|He|He|He|He|
:--:--:--:--:--:--:--:--:--:--:

------------------------------------------
Simulation - JOURS 61 DE LA SAISON primtemps
------------------------------------------
------------------RESERVE-----------------
LA RESERVE CONTIENT :
Herbe[id:169 quantite: 702]  en position (0, 0)
Eau[id:170 quantite: 163]  en position (0, 0)
Graine[id:171 quantite: 611]  en position (0, 0)
Foin[id:172 quantite: 155]  en position (0, 0)
------------------------------------------
-------------------POCHE------------------
LA POCHE CONTIENT:
Herbe[id:165 quantite: 10]  en position (5, 3)
Foin[id:166 quantite: 203]  en position (5, 3)
Eau[id:167 quantite: 53]  en position (5, 3)
Graine[id:168 quantite: 64]  en position (5, 3)
------------------------------------------
------------RAPPORT JOURNALIER------------
Le fermier dÚpose 203 Foin par terre
Le fermier trait la vache !
L'animal Vache mange Herbe[id:1123 quantite: 0]  en position (1, 8)
Pas de bÚbÚ pour Animal de la ferme: Vache en position 9 3 vie restante: 95
L'animal Vache mange Herbe[id:1126 quantite: 0]  en position (6, 3)
Pas de bÚbÚ pour Animal de la ferme: Vache en position 6 3 vie restante: 42
L'animal Vache mange Herbe[id:1129 quantite: 0]  en position (9, 6)
Pas de bÚbÚ pour Animal de la ferme: Vache en position 9 5 vie restante: 53
L'animal Vache mange Herbe[id:1054 quantite: 0]  en position (9, 4)
Pas de bÚbÚ pour Animal de la ferme: Vache en position 9 4 vie restante: 28
L'animal prÚdateur mange Animal de la ferme: Vache en position 3 0 vie restante: 18
De l'herbe commence Ó s'agrandir en 0,3 !
De l'herbe commence Ó s'agrandir en 1,9 !
De l'herbe vient de pousser sur la case 2,5 !
De l'herbe vient de pousser sur la case 2,6 !
De l'herbe commence Ó s'agrandir en 3,3 !
De l'herbe commence Ó s'agrandir en 4,3 !
De l'herbe commence Ó s'agrandir en 7,0 !
De l'herbe commence Ó s'agrandir en 7,2 !
De l'herbe commence Ó s'agrandir en 7,7 !
De l'herbe commence Ó s'agrandir en 8,4 !
De l'herbe commence Ó s'agrandir en 8,6 !
---------REAPPROVISIONNEMENT--------------
LE FERMIER RENTRE CHEZ LUI POUR RECUPERER 10 Herbe
LE FERMIER RENTRE CHEZ LUI POUR RECUPERER 3 Eau
LE FERMIER RENTRE CHEZ LUI POUR RECUPERER 5 Graine
LE FERMIER RENTRE CHEZ LUI POUR RECUPERER 8 Foin
-------ETAT ACTUEL DE LA FERME ET DE LA FORET-------
:--:--:--:--:--:--:--:--:--:--:
|He|He|He|He|He|He|He|  |He|  |
:--:--:--:--:--:--:--:--:--:--:
|He|He|He|He|Ea|He|  |He|  |He|
:--:--:--:--:--:--:--:--:--:--:
|  |He|He|  |He|He|He|He|He|He|
:--:--:--:--:--:--:--:--:--:--:
|  |He|He|He|He|He|He|He|He|  |
:--:--:--:--:--:--:--:--:--:--:
|He|He|He|He|He|  |He|He|  |  |
:--:--:--:--:--:--:--:--:--:--:
|He|  |He|He|He|  |He|He|  |He|
:--:--:--:--:--:--:--:--:--:--:
|He|He|He|  |He|He|Fo|He|He|  |
:--:--:--:--:--:--:--:--:--:--:
|He|He|He|He|Ea|He|He|He|Fo|He|
:--:--:--:--:--:--:--:--:--:--:
|  |He|He|He|He|He|He|He|He|He|
:--:--:--:--:--:--:--:--:--:--:
|He|  |He|  |  |He|  |He|He|He|
:--:--:--:--:--:--:--:--:--:--:

------------------------------------------
Simulation - JOURS 62 DE LA SAISON primtemps
------------------------------------------
------------------RESERVE-----------------
LA RESERVE CONTIENT :
Herbe[id:169 quantite: 692]  en position (0, 0)
Eau[id:170 quantite: 160]  en position (0, 0)
Graine[id:171 quantite: 606]  en position (0, 0)
Foin[id:172 quantite: 147]  en position (0, 0)
------------------------------------------
-------------------POCHE------------------
LA POCHE CONTIENT:
Herbe[id:165 quantite: 20]  en position (7, 8)
Foin[id:166 quantite: 8]  en position (7, 8)
Eau[id:167 quantite: 56]  en position (7, 8)
Graine[id:168 quantite: 69]  en position (7, 8)
------------------------------------------
------------RAPPORT JOURNALIER------------
LE FERMIER RAJOUTE Foin x8 SUR SA CASE
Le fermier trait la vache !
Le fermier trait la vache !
Le fermier trait la vache !
L'animal Vache mange Herbe[id:1121 quantite: 0]  en position (1, 0)
Pas de bÚbÚ pour Animal de la ferme: Vache en position 1 0 vie restante: 96
L'animal Vache mange Herbe[id:1135 quantite: 0]  en position (2, 5)
Pas de bÚbÚ pour Animal de la ferme: Vache en position 1 7 vie restante: 46
L'animal Vache mange Herbe[id:994 quantite: 0]  en position (3, 5)
Pas de bÚbÚ pour Animal de la ferme: Vache en position 3 5 vie restante: 57
L'animal Vache mange Herbe[id:1092 quantite: 0]  en position (5, 3)
Pas de bÚbÚ pour Animal de la ferme: Vache en position 2 3 vie restante: 37
De l'herbe commence Ó s'agrandir en 0,1 !
De l'herbe commence Ó s'agrandir en 0,3 !
De l'herbe commence Ó s'agrandir en 0,5 !
De l'herbe commence Ó s'agrandir en 0,6 !
De l'herbe vient de pousser sur la case 1,0 !
De l'herbe commence Ó s'agrandir en 2,1 !
De l'herbe commence Ó s'agrandir en 2,6 !
De l'herbe commence Ó s'agrandir en 3,7 !
De l'herbe commence Ó s'agrandir en 5,9 !
De l'herbe commence Ó s'agrandir en 6,2 !
De l'herbe commence Ó s'agrandir en 6,4 !
De l'herbe commence Ó s'agrandir en 7,3 !
De l'herbe commence Ó s'agrandir en 7,6 !
De l'herbe commence Ó s'agrandir en 8,5 !
---------REAPPROVISIONNEMENT--------------
LE FERMIER RENTRE CHEZ LUI POUR RECUPERER 6 Herbe
LE FERMIER RENTRE CHEZ LUI POUR RECUPERER 8 Eau
LE FERMIER RENTRE CHEZ LUI POUR RECUPERER 4 Graine
LE FERMIER RENTRE CHEZ LUI POUR RECUPERER 9 Foin
-------ETAT ACTUEL DE LA FERME ET DE LA FORET-------
:--:--:--:--:--:--:--:--:--:--:
|He|He|He|He|He|He|He|  |He|  |
:--:--:--:--:--:--:--:--:--:--:
|He|He|He|He|Ea|He|  |He|  |He|
:--:--:--:--:--:--:--:--:--:--:
|  |He|He|  |He|  |He|He|He|He|
:--:--:--:--:--:--:--:--:--:--:
|  |He|He|He|He|  |He|He|He|  |
:--:--:--:--:--:--:--:--:--:--:
|He|He|He|He|He|  |He|He|  |  |
:--:--:--:--:--:--:--:--:--:--:
|He|  |He|  |He|  |He|He|  |He|
:--:--:--:--:--:--:--:--:--:--:
|He|He|He|  |He|He|Fo|He|He|  |
:--:--:--:--:--:--:--:--:--:--:
|He|He|He|He|Ea|He|He|He|Fo|He|
:--:--:--:--:--:--:--:--:--:--:
|  |He|He|He|He|He|He|He|He|He|
:--:--:--:--:--:--:--:--:--:--:
|He|  |He|  |  |He|  |He|He|He|
:--:--:--:--:--:--:--:--:--:--:

------------------------------------------
Simulation - JOURS 63 DE LA SAISON primtemps
------------------------------------------
------------------RESERVE-----------------
LA RESERVE CONTIENT :
Herbe[id:169 quantite: 686]  en position (0, 0)
Eau[id:170 quantite: 152]  en position (0, 0)
Graine[id:171 quantite: 602]  en position (0, 0)
Foin[id:172 quantite: 138]  en position (0, 0)
------------------------------------------
-------------------POCHE------------------
LA POCHE CONTIENT:
Herbe[id:165 quantite: 26]  en position (7, 8)
Foin[id:166 quantite: 9]  en position (7, 8)
Eau[id:167 quantite: 64]  en position (7, 8)
Graine[id:168 quantite: 73]  en position (7, 8)
------------------------------------------
------------RAPPORT JOURNALIER------------
Le fermier dÚpose 64 Eau par terre
Le fermier trait la vache !
L'animal Vache mange Herbe[id:1128 quantite: 0]  en position (9, 2)
Pas de bÚbÚ pour Animal de la ferme: Vache en position 9 2 vie restante: 97
L'animal Vache mange Herbe[id:1001 quantite: 0]  en position (0, 6)
Pas de bÚbÚ pour Animal de la ferme: Vache en position 5 8 vie restante: 56
De l'herbe commence Ó s'agrandir en 1,0 !
De l'herbe vient de pousser sur la case 1,8 !
De l'herbe commence Ó s'agrandir en 2,6 !
De l'herbe commence Ó s'agrandir en 3,4 !
De l'herbe vient de pousser sur la case 3,9 !
De l'herbe commence Ó s'agrandir en 5,4 !
De l'herbe commence Ó s'agrandir en 6,4 !
De l'herbe commence Ó s'agrandir en 7,2 !
De l'herbe commence Ó s'agrandir en 7,5 !
De l'herbe commence Ó s'agrandir en 8,6 !
De l'herbe commence Ó s'agrandir en 8,9 !
De l'herbe vient de pousser sur la case 9,3 !
---------REAPPROVISIONNEMENT--------------
LE FERMIER RENTRE CHEZ LUI POUR RECUPERER 4 Herbe
LE FERMIER RENTRE CHEZ LUI POUR RECUPERER 7 Eau
LE FERMIER RENTRE CHEZ LUI POUR RECUPERER 9 Graine
LE FERMIER RENTRE CHEZ LUI POUR RECUPERER 11 Foin
-------ETAT ACTUEL DE LA FERME ET DE LA FORET-------
:--:--:--:--:--:--:--:--:--:--:
|He|He|He|He|He|He|  |  |He|  |
:--:--:--:--:--:--:--:--:--:--:
|He|He|He|He|Ea|He|  |He|He|He|
:--:--:--:--:--:--:--:--:--:--:
|  |He|He|  |He|  |He|He|He|He|
:--:--:--:--:--:--:--:--:--:--:
|  |He|He|He|He|  |He|He|He|He|
:--:--:--:--:--:--:--:--:--:--:
|He|He|He|He|He|Ea|He|He|  |  |
:--:--:--:--:--:--:--:--:--:--:
|He|  |He|  |He|  |He|He|  |He|
:--:--:--:--:--:--:--:--:--:--:
|He|He|He|  |He|He|Fo|He|He|  |
:--:--:--:--:--:--:--:--:--:--:
|He|He|He|He|Ea|He|He|He|Fo|He|
:--:--:--:--:--:--:--:--:--:--:
|  |He|He|He|He|He|He|He|He|He|
:--:--:--:--:--:--:--:--:--:--:
|He|  |  |He|  |He|  |He|He|He|
:--:--:--:--:--:--:--:--:--:--:

------------------------------------------
Simulation - JOURS 64 DE LA SAISON primtemps
------------------------------------------
------------------RESERVE-----------------
LA RESERVE CONTIENT :
Herbe[id:169 quantite: 682]  en position (0, 0)
Eau[id:170 quantite: 145]  en position (0, 0)
Graine[id:171 quantite: 593]  en position (0, 0)
Foin[id:172 quantite: 127]  en position (0, 0)
------------------------------------------
-------------------POCHE------------------
LA POCHE CONTIENT:
Herbe[id:165 quantite: 30]  en position (4, 5)
Foin[id:166 quantite: 20]  en position (4, 5)
Eau[id:167 quantite: 7]  en position (4, 5)
Graine[id:168 quantite: 82]  en position (4, 5)
------------------------------------------
------------RAPPORT JOURNALIER------------
LE FERMIER RAJOUTE Eau x7 SUR SA CASE
Le fermier trait la vache !
Le fermier trait la vache !
L'animal Vache mange Herbe[id:1122 quantite: 0]  en position (1, 3)
Pas de bÚbÚ pour Animal de la ferme: Vache en position 1 3 vie restante: 79
De l'herbe commence Ó s'agrandir en 2,4 !
De l'herbe commence Ó s'agrandir en 3,7 !
De l'herbe commence Ó s'agrandir en 4,4 !
De l'herbe commence Ó s'agrandir en 4,6 !
De l'herbe commence Ó s'agrandir en 5,9 !
De l'herbe commence Ó s'agrandir en 7,9 !
---------REAPPROVISIONNEMENT--------------
LE FERMIER RENTRE CHEZ LUI POUR RECUPERER 4 Herbe
LE FERMIER RENTRE CHEZ LUI POUR RECUPERER 3 Eau
LE FERMIER RENTRE CHEZ LUI POUR RECUPERER 10 Graine
LE FERMIER RENTRE CHEZ LUI POUR RECUPERER 9 Foin
-------ETAT ACTUEL DE LA FERME ET DE LA FORET-------
:--:--:--:--:--:--:--:--:--:--:
|He|He|He|He|He|He|  |  |He|  |
:--:--:--:--:--:--:--:--:--:--:
|He|He|He|  |Ea|He|  |He|He|He|
:--:--:--:--:--:--:--:--:--:--:
|  |He|He|  |He|  |He|He|He|He|
:--:--:--:--:--:--:--:--:--:--:
|  |He|He|He|He|  |He|He|He|He|
:--:--:--:--:--:--:--:--:--:--:
|He|He|He|He|He|Ea|He|He|  |  |
:--:--:--:--:--:--:--:--:--:--:
|He|  |He|  |He|  |He|He|  |He|
:--:--:--:--:--:--:--:--:--:--:
|He|He|He|  |He|He|Fo|He|He|  |
:--:--:--:--:--:--:--:--:--:--:
|He|He|He|He|Ea|He|He|He|Fo|He|
:--:--:--:--:--:--:--:--:--:--:
|  |He|He|He|He|He|He|He|He|He|
:--:--:--:--:--:--:--:--:--:--:
|He|  |  |He|  |He|  |He|He|He|
:--:--:--:--:--:--:--:--:--:--:

------------------------------------------
Simulation - JOURS 65 DE LA SAISON primtemps
------------------------------------------
------------------RESERVE-----------------
LA RESERVE CONTIENT :
Herbe[id:169 quantite: 678]  en position (0, 0)
Eau[id:170 quantite: 142]  en position (0, 0)
Graine[id:171 quantite: 583]  en position (0, 0)
Foin[id:172 quantite: 118]  en position (0, 0)
------------------------------------------
-------------------POCHE------------------
LA POCHE CONTIENT:
Herbe[id:165 quantite: 34]  en position (4, 5)
Foin[id:166 quantite: 29]  en position (4, 5)
Eau[id:167 quantite: 3]  en position (4, 5)
Graine[id:168 quantite: 92]  en position (4, 5)
------------------------------------------
------------RAPPORT JOURNALIER------------
Le fermier dÚpose 3 Eau par terre
Le fermier trait la vache !
De l'herbe commence Ó s'agrandir en 0,1 !
De l'herbe commence Ó s'agrandir en 0,5 !
De l'herbe vient de pousser sur la case 1,6 !
De l'herbe commence Ó s'agrandir en 3,8 !
De l'herbe commence Ó s'agrandir en 4,0 !
De l'herbe commence Ó s'agrandir en 4,3 !
De l'herbe vient de pousser sur la case 5,8 !
---------REAPPROVISIONNEMENT--------------
LE FERMIER RENTRE CHEZ LUI POUR RECUPERER 10 Herbe
LE FERMIER RENTRE CHEZ LUI POUR RECUPERER 4 Eau
LE FERMIER RENTRE CHEZ LUI POUR RECUPERER 7 Graine
LE FERMIER RENTRE CHEZ LUI POUR RECUPERER 9 Foin
-------ETAT ACTUEL DE LA FERME ET DE LA FORET-------
:--:--:--:--:--:--:--:--:--:--:
|He|He|He|He|He|He|Ea|  |He|  |
:--:--:--:--:--:--:--:--:--:--:
|He|He|He|  |Ea|He|He|He|He|He|
:--:--:--:--:--:--:--:--:--:--:
|  |He|He|  |He|  |He|He|He|He|
:--:--:--:--:--:--:--:--:--:--:
|  |He|He|He|He|  |He|He|He|He|
:--:--:--:--:--:--:--:--:--:--:
|He|He|He|He|He|Ea|He|He|  |  |
:--:--:--:--:--:--:--:--:--:--:
|He|  |He|  |He|  |He|He|He|He|
:--:--:--:--:--:--:--:--:--:--:
|He|He|He|  |He|He|Fo|He|He|  |
:--:--:--:--:--:--:--:--:--:--:
|He|He|He|He|Ea|He|He|He|Fo|He|
:--:--:--:--:--:--:--:--:--:--:
|  |He|He|He|He|He|He|He|He|He|
:--:--:--:--:--:--:--:--:--:--:
|He|  |  |He|  |He|  |He|He|He|
:--:--:--:--:--:--:--:--:--:--:

------------------------------------------
Simulation - JOURS 66 DE LA SAISON primtemps
------------------------------------------
------------------RESERVE-----------------
LA RESERVE CONTIENT :
Herbe[id:169 quantite: 668]  en position (0, 0)
Eau[id:170 quantite: 138]  en position (0, 0)
Graine[id:171 quantite: 576]  en position (0, 0)
Foin[id:172 quantite: 109]  en position (0, 0)
------------------------------------------
-------------------POCHE------------------
LA POCHE CONTIENT:
Herbe[id:165 quantite: 44]  en position (0, 6)
Foin[id:166 quantite: 38]  en position (0, 6)
Eau[id:167 quantite: 4]  en position (0, 6)
Graine[id:168 quantite: 99]  en position (0, 6)
------------------------------------------
------------RAPPORT JOURNALIER------------
LE FERMIER RAJOUTE Eau x4 SUR SA CASE
Le fermier trait la vache !
Le fermier trait la vache !
L'animal Vache mange Herbe[id:1151 quantite: 0]  en position (5, 8)
Pas de bÚbÚ pour Animal de la ferme: Vache en position 8 5 vie restante: 65
L'animal Vache mange Herbe[id:1106 quantite: 0]  en position (2, 4)
Pas de bÚbÚ pour Animal de la ferme: Vache en position 2 4 vie restante: 51
De l'herbe commence Ó s'agrandir en 3,7 !
De l'herbe commence Ó s'agrandir en 3,8 !
De l'herbe commence Ó s'agrandir en 4,0 !
De l'herbe commence Ó s'agrandir en 4,1 !
De l'herbe vient de pousser sur la case 5,3 !
De l'herbe commence Ó s'agrandir en 6,7 !
De l'herbe commence Ó s'agrandir en 7,7 !
De l'herbe commence Ó s'agrandir en 8,9 !
De l'herbe vient de pousser sur la case 9,2 !
De l'herbe commence Ó s'agrandir en 9,7 !
---------REAPPROVISIONNEMENT--------------
LE FERMIER RENTRE CHEZ LUI POUR RECUPERER 4 Herbe
LE FERMIER RENTRE CHEZ LUI POUR RECUPERER 6 Eau
LE FERMIER RENTRE CHEZ LUI POUR RECUPERER 2 Graine
LE FERMIER RENTRE CHEZ LUI POUR RECUPERER 11 Foin
-------ETAT ACTUEL DE LA FERME ET DE LA FORET-------
:--:--:--:--:--:--:--:--:--:--:
|He|He|He|He|He|He|Ea|  |He|  |
:--:--:--:--:--:--:--:--:--:--:
|He|He|He|  |Ea|He|He|He|He|He|
:--:--:--:--:--:--:--:--:--:--:
|  |He|He|  |  |  |He|He|He|He|
:--:--:--:--:--:--:--:--:--:--:
|  |He|He|He|He|  |He|He|He|He|
:--:--:--:--:--:--:--:--:--:--:
|He|He|He|He|He|Ea|He|He|  |  |
:--:--:--:--:--:--:--:--:--:--:
|He|  |He|He|He|  |He|He|  |He|
:--:--:--:--:--:--:--:--:--:--:
|He|He|He|  |He|He|Fo|He|He|  |
:--:--:--:--:--:--:--:--:--:--:
|He|He|He|He|Ea|He|He|He|Fo|He|
:--:--:--:--:--:--:--:--:--:--:
|  |He|He|He|He|He|He|He|He|He|
:--:--:--:--:--:--:--:--:--:--:
|He|  |He|He|  |He|  |He|He|He|
:--:--:--:--:--:--:--:--:--:--:

------------------------------------------
Simulation - JOURS 67 DE LA SAISON primtemps
------------------------------------------
------------------RESERVE-----------------
LA RESERVE CONTIENT :
Herbe[id:169 quantite: 664]  en position (0, 0)
Eau[id:170 quantite: 132]  en position (0, 0)
Graine[id:171 quantite: 574]  en position (0, 0)
Foin[id:172 quantite: 98]  en position (0, 0)
------------------------------------------
-------------------POCHE------------------
LA POCHE CONTIENT:
Herbe[id:165 quantite: 48]  en position (0, 6)
Foin[id:166 quantite: 49]  en position (0, 6)
Eau[id:167 quantite: 6]  en position (0, 6)
Graine[id:168 quantite: 101]  en position (0, 6)
------------------------------------------
------------RAPPORT JOURNALIER------------
LE FERMIER RAJOUTE Eau x6 SUR SA CASE
L'animal Vache mange Herbe[id:1150 quantite: 0]  en position (1, 6)
Pas de bÚbÚ pour Animal de la ferme: Vache en position 1 6 vie restante: 47
L'animal Poule n'a pas trouvÚ de nourriture...
Pas de bÚbÚ pour Animal de la ferme: Poule en position 9 2 vie restante: 7
L'animal Vache mange Herbe[id:993 quantite: 0]  en position (2, 9)
Pas de bÚbÚ pour Animal de la ferme: Vache en position 6 9 vie restante: 96
De l'herbe commence Ó s'agrandir en 0,4 !
De l'herbe vient de pousser sur la case 0,7 !
De l'herbe commence Ó s'agrandir en 1,1 !
De l'herbe commence Ó s'agrandir en 4,4 !
De l'herbe commence Ó s'agrandir en 7,1 !
De l'herbe commence Ó s'agrandir en 7,3 !
De l'herbe commence Ó s'agrandir en 8,2 !
De l'herbe vient de pousser sur la case 9,1 !
---------REAPPROVISIONNEMENT--------------
LE FERMIER RENTRE CHEZ LUI POUR RECUPERER 4 Herbe
LE FERMIER RENTRE CHEZ LUI POUR RECUPERER 10 Eau
LE FERMIER RENTRE CHEZ LUI POUR RECUPERER 8 Graine
LE FERMIER RENTRE CHEZ LUI POUR RECUPERER 6 Foin
-------ETAT ACTUEL DE LA FERME ET DE LA FORET-------
:--:--:--:--:--:--:--:--:--:--:
|He|He|He|He|He|He|Ea|He|He|  |
:--:--:--:--:--:--:--:--:--:--:
|He|He|He|  |Ea|He|  |He|He|He|
:--:--:--:--:--:--:--:--:--:--:
|  |He|He|  |  |  |He|He|He|  |
:--:--:--:--:--:--:--:--:--:--:
|  |He|He|He|He|  |He|He|He|He|
:--:--:--:--:--:--:--:--:--:--:
|He|He|He|He|He|Ea|He|He|  |  |
:--:--:--:--:--:--:--:--:--:--:
|He|  |He|He|He|  |He|He|  |He|
:--:--:--:--:--:--:--:--:--:--:
|He|He|He|  |He|He|Fo|He|He|  |
:--:--:--:--:--:--:--:--:--:--:
|He|He|He|He|Ea|He|He|He|Fo|He|
:--:--:--:--:--:--:--:--:--:--:
|  |He|He|He|He|He|He|He|He|He|
:--:--:--:--:--:--:--:--:--:--:
|He|He|  |He|  |He|  |He|He|He|
:--:--:--:--:--:--:--:--:--:--:

------------------------------------------
Simulation - JOURS 68 DE LA SAISON primtemps
------------------------------------------
------------------RESERVE-----------------
LA RESERVE CONTIENT :
Herbe[id:169 quantite: 660]  en position (0, 0)
Eau[id:170 quantite: 122]  en position (0, 0)
Graine[id:171 quantite: 566]  en position (0, 0)
Foin[id:172 quantite: 92]  en position (0, 0)
------------------------------------------
-------------------POCHE------------------
LA POCHE CONTIENT:
Herbe[id:165 quantite: 52]  en position (0, 6)
Foin[id:166 quantite: 55]  en position (0, 6)
Eau[id:167 quantite: 10]  en position (0, 6)
Graine[id:168 quantite: 109]  en position (0, 6)
------------------------------------------
------------RAPPORT JOURNALIER------------
LE FERMIER RAJOUTE Herbe x52 SUR SA CASE
Le fermier trait la vache !
Le fermier trait la vache !
L'animal Vache mange Herbe[id:1030 quantite: 0]  en position (7, 6)
Pas de bÚbÚ pour Animal de la ferme: Vache en position 7 6 vie restante: 66
De l'herbe vient de pousser sur la case 3,0 !
De l'herbe commence Ó s'agrandir en 3,4 !
De l'herbe commence Ó s'agrandir en 3,7 !
De l'herbe commence Ó s'agrandir en 4,7 !
De l'herbe vient de pousser sur la case 4,9 !
De l'herbe commence Ó s'agrandir en 5,0 !
De l'herbe vient de pousser sur la case 6,3 !
De l'herbe commence Ó s'agrandir en 8,9 !
De l'herbe commence Ó s'agrandir en 9,7 !
De l'herbe commence Ó s'agrandir en 9,8 !
---------REAPPROVISIONNEMENT--------------
LE FERMIER RENTRE CHEZ LUI POUR RECUPERER 3 Herbe
LE FERMIER RENTRE CHEZ LUI POUR RECUPERER 6 Eau
LE FERMIER RENTRE CHEZ LUI POUR RECUPERER 10 Graine
LE FERMIER RENTRE CHEZ LUI POUR RECUPERER 7 Foin
-------ETAT ACTUEL DE LA FERME ET DE LA FORET-------
:--:--:--:--:--:--:--:--:--:--:
|He|He|He|He|He|He|Ea|He|He|  |
:--:--:--:--:--:--:--:--:--:--:
|He|He|He|  |Ea|He|  |He|He|He|
:--:--:--:--:--:--:--:--:--:--:
|  |He|He|  |  |  |He|He|He|  |
:--:--:--:--:--:--:--:--:--:--:
|He|He|He|He|He|  |He|He|He|He|
:--:--:--:--:--:--:--:--:--:--:
|He|He|He|He|He|Ea|He|He|  |He|
:--:--:--:--:--:--:--:--:--:--:
|He|  |He|He|He|  |He|He|  |He|
:--:--:--:--:--:--:--:--:--:--:
|He|He|He|He|He|He|Fo|He|He|  |
:--:--:--:--:--:--:--:--:--:--:
|He|He|He|He|Ea|He|  |He|Fo|He|
:--:--:--:--:--:--:--:--:--:--:
|  |He|He|He|He|He|He|He|He|He|
:--:--:--:--:--:--:--:--:--:--:
|He|He|  |He|  |He|  |He|He|He|
:--:--:--:--:--:--:--:--:--:--:

------------------------------------------
Simulation - JOURS 69 DE LA SAISON primtemps
------------------------------------------
------------------RESERVE-----------------
LA RESERVE CONTIENT :
Herbe[id:169 quantite: 657]  en position (0, 0)
Eau[id:170 quantite: 116]  en position (0, 0)
Graine[id:171 quantite: 556]  en position (0, 0)
Foin[id:172 quantite: 85]  en position (0, 0)
------------------------------------------
-------------------POCHE------------------
LA POCHE CONTIENT:
Herbe[id:165 quantite: 3]  en position (0, 6)
Foin[id:166 quantite: 62]  en position (0, 6)
Eau[id:167 quantite: 16]  en position (0, 6)
Graine[id:168 quantite: 119]  en position (0, 6)
------------------------------------------
------------RAPPORT JOURNALIER------------
LE FERMIER RAJOUTE Herbe x3 SUR SA CASE
Le fermier trait la vache !
L'animal Poule n'a pas trouvÚ de nourriture...
Pas de bÚbÚ pour Animal de la ferme: Poule en position 7 3 vie restante: 7
L'animal Vache mange Herbe[id:1164 quantite: 0]  en position (6, 3)
Pas de bÚbÚ pour Animal de la ferme: Vache en position 8 5 vie restante: 35
De l'herbe commence Ó s'agrandir en 1,7 !
De l'herbe commence Ó s'agrandir en 3,3 !
De l'herbe commence Ó s'agrandir en 3,7 !
De l'herbe commence Ó s'agrandir en 3,9 !
De l'herbe commence Ó s'agrandir en 6,7 !
De l'herbe commence Ó s'agrandir en 7,9 !
De l'herbe vient de pousser sur la case 8,0 !
De l'herbe vient de pousser sur la case 9,6 !
---------REAPPROVISIONNEMENT--------------
LE FERMIER RENTRE CHEZ LUI POUR RECUPERER 7 Herbe
LE FERMIER RENTRE CHEZ LUI POUR RECUPERER 10 Eau
LE FERMIER RENTRE CHEZ LUI POUR RECUPERER 3 Graine
LE FERMIER RENTRE CHEZ LUI POUR RECUPERER 5 Foin
-------ETAT ACTUEL DE LA FERME ET DE LA FORET-------
:--:--:--:--:--:--:--:--:--:--:
|He|He|He|He|He|He|Ea|He|He|  |
:--:--:--:--:--:--:--:--:--:--:
|He|He|He|  |Ea|He|  |He|He|He|
:--:--:--:--:--:--:--:--:--:--:
|  |He|He|  |  |  |He|He|He|  |
:--:--:--:--:--:--:--:--:--:--:
|He|He|He|He|He|  |He|He|He|He|
:--:--:--:--:--:--:--:--:--:--:
|He|He|  |He|He|Ea|He|He|  |He|
:--:--:--:--:--:--:--:--:--:--:
|He|  |He|He|He|  |He|He|  |He|
:--:--:--:--:--:--:--:--:--:--:
|He|He|He|  |He|He|Fo|He|He|  |
:--:--:--:--:--:--:--:--:--:--:
|He|He|He|He|Ea|He|  |He|Fo|He|
:--:--:--:--:--:--:--:--:--:--:
|He|He|He|He|He|He|He|He|He|He|
:--:--:--:--:--:--:--:--:--:--:
|He|He|  |He|  |He|He|He|He|He|
:--:--:--:--:--:--:--:--:--:--:

UPDATE DE LA RESERVE
------------------------------------------
Simulation - JOURS 70 DE LA SAISON primtemps
------------------------------------------
------------------RESERVE-----------------
LA RESERVE CONTIENT :
Herbe[id:169 quantite: 716]  en position (0, 0)
Eau[id:170 quantite: 178]  en position (0, 0)
Graine[id:171 quantite: 641]  en position (0, 0)
Foin[id:172 quantite: 86]  en position (0, 0)
------------------------------------------
-------------------POCHE------------------
LA POCHE CONTIENT:
Herbe[id:165 quantite: 7]  en position (0, 6)
Foin[id:166 quantite: 67]  en position (0, 6)
Eau[id:167 quantite: 26]  en position (0, 6)
Graine[id:168 quantite: 122]  en position (0, 6)
------------------------------------------
------------RAPPORT JOURNALIER------------
Le fermier dÚpose 26 Eau par terre
L'animal Vache mange Herbe[id:1101 quantite: 0]  en position (9, 7)
Pas de bÚbÚ pour Animal de la ferme: Vache en position 9 7 vie restante: 60
L'animal Poule n'a pas trouvÚ de nourriture...
Pas de bÚbÚ pour Animal de la ferme: Poule en position 1 6 vie restante: 7
L'animal Vache mange Herbe[id:1061 quantite: 0]  en position (7, 3)
Pas de bÚbÚ pour Animal de la ferme: Vache en position 7 3 vie restante: 84
L'animal Vache mange Herbe[id:980 quantite: 0]  en position (8, 3)
Pas de bÚbÚ pour Animal de la ferme: Vache en position 1 4 vie restante: 74
De l'herbe vient de pousser sur la case 0,7 !
De l'herbe commence Ó s'agrandir en 0,8 !
De l'herbe commence Ó s'agrandir en 1,0 !
De l'herbe vient de pousser sur la case 1,3 !
De l'herbe vient de pousser sur la case 1,6 !
De l'herbe vient de pousser sur la case 2,0 !
De l'herbe commence Ó s'agrandir en 2,8 !
De l'herbe vient de pousser sur la case 4,8 !
De l'herbe commence Ó s'agrandir en 5,3 !
De l'herbe commence Ó s'agrandir en 6,1 !
De l'herbe commence Ó s'agrandir en 6,2 !
De l'herbe vient de pousser sur la case 6,3 !
De l'herbe commence Ó s'agrandir en 7,7 !
De l'herbe vient de pousser sur la case 9,2 !
De l'herbe commence Ó s'agrandir en 9,5 !
De l'herbe vient de pousser sur la case 9,7 !
---------REAPPROVISIONNEMENT--------------
LE FERMIER RENTRE CHEZ LUI POUR RECUPERER 8 Herbe
LE FERMIER RENTRE CHEZ LUI POUR RECUPERER 5 Eau
LE FERMIER RENTRE CHEZ LUI POUR RECUPERER 3 Graine
LE FERMIER RENTRE CHEZ LUI POUR RECUPERER 4 Foin
-------ETAT ACTUEL DE LA FERME ET DE LA FORET-------
:--:--:--:--:--:--:--:--:--:--:
|He|He|He|He|He|He|Ea|He|He|Ea|
:--:--:--:--:--:--:--:--:--:--:
|He|He|He|He|Ea|He|He|He|He|He|
:--:--:--:--:--:--:--:--:--:--:
|He|He|He|  |  |  |He|He|He|  |
:--:--:--:--:--:--:--:--:--:--:
|He|He|He|He|He|  |He|He|He|He|
:--:--:--:--:--:--:--:--:--:--:
|He|He|  |He|He|Ea|He|He|He|He|
:--:--:--:--:--:--:--:--:--:--:
|He|  |He|He|He|  |He|He|  |He|
:--:--:--:--:--:--:--:--:--:--:
|He|He|He|He|He|He|Fo|He|He|  |
:--:--:--:--:--:--:--:--:--:--:
|He|He|He|  |Ea|He|  |He|Fo|He|
:--:--:--:--:--:--:--:--:--:--:
|He|He|He|  |He|He|He|He|He|He|
:--:--:--:--:--:--:--:--:--:--:
|He|He|He|He|  |He|He|He|He|He|
:--:--:--:--:--:--:--:--:--:--:

------------------------------------------
Simulation - JOURS 71 DE LA SAISON primtemps
------------------------------------------
------------------RESERVE-----------------
LA RESERVE CONTIENT :
Herbe[id:169 quantite: 708]  en position (0, 0)
Eau[id:170 quantite: 173]  en position (0, 0)
Graine[id:171 quantite: 638]  en position (0, 0)
Foin[id:172 quantite: 82]  en position (0, 0)
------------------------------------------
-------------------POCHE------------------
LA POCHE CONTIENT:
Herbe[id:165 quantite: 15]  en position (0, 9)
Foin[id:166 quantite: 71]  en position (0, 9)
Eau[id:167 quantite: 5]  en position (0, 9)
Graine[id:168 quantite: 125]  en position (0, 9)
------------------------------------------
------------RAPPORT JOURNALIER------------
LE FERMIER RAJOUTE Eau x5 SUR SA CASE
L'animal Vache mange Herbe[id:1181 quantite: 0]  en position (9, 7)
Pas de bÚbÚ pour Animal de la ferme: Vache en position 9 7 vie restante: 61
L'animal Poule n'a pas trouvÚ de nourriture...
Pas de bÚbÚ pour Animal de la ferme: Poule en position 1 6 vie restante: 7
L'animal Vache mange Herbe[id:1127 quantite: 0]  en position (8, 5)
Pas de bÚbÚ pour Animal de la ferme: Vache en position 4 5 vie restante: 92
L'animal Vache mange Eau[id:1080 quantite: 0]  en position (1, 4)
Pas de bÚbÚ pour Animal de la ferme: Vache en position 1 4 vie restante: 100
De l'herbe commence Ó s'agrandir en 1,0 !
De l'herbe commence Ó s'agrandir en 1,2 !
De l'herbe commence Ó s'agrandir en 1,7 !
De l'herbe commence Ó s'agrandir en 1,9 !
De l'herbe commence Ó s'agrandir en 2,1 !
De l'herbe commence Ó s'agrandir en 3,0 !
De l'herbe commence Ó s'agrandir en 3,8 !
De l'herbe commence Ó s'agrandir en 3,9 !
De l'herbe commence Ó s'agrandir en 5,2 !
De l'herbe vient de pousser sur la case 8,5 !
De l'herbe commence Ó s'agrandir en 8,8 !
De l'herbe commence Ó s'agrandir en 9,5 !
---------REAPPROVISIONNEMENT--------------
LE FERMIER RENTRE CHEZ LUI POUR RECUPERER 4 Herbe
LE FERMIER RENTRE CHEZ LUI POUR RECUPERER 3 Eau
LE FERMIER RENTRE CHEZ LUI POUR RECUPERER 4 Graine
LE FERMIER RENTRE CHEZ LUI POUR RECUPERER 2 Foin
-------ETAT ACTUEL DE LA FERME ET DE LA FORET-------
:--:--:--:--:--:--:--:--:--:--:
|He|He|He|He|He|He|Ea|He|He|Ea|
:--:--:--:--:--:--:--:--:--:--:
|He|He|He|He|  |He|  |He|He|He|
:--:--:--:--:--:--:--:--:--:--:
|He|He|He|  |  |  |He|He|He|  |
:--:--:--:--:--:--:--:--:--:--:
|He|He|He|He|He|  |He|He|He|He|
:--:--:--:--:--:--:--:--:--:--:
|He|He|  |He|He|Ea|He|He|He|He|
:--:--:--:--:--:--:--:--:--:--:
|He|  |He|He|He|  |He|He|  |He|
:--:--:--:--:--:--:--:--:--:--:
|He|He|He|He|He|He|Fo|He|He|  |
:--:--:--:--:--:--:--:--:--:--:
|He|He|He|  |Ea|He|  |He|Fo|He|
:--:--:--:--:--:--:--:--:--:--:
|He|He|He|  |He|He|He|He|He|He|
:--:--:--:--:--:--:--:--:--:--:
|He|He|He|He|  |He|He|  |He|He|
:--:--:--:--:--:--:--:--:--:--:

------------------------------------------
Simulation - JOURS 72 DE LA SAISON primtemps
------------------------------------------
------------------RESERVE-----------------
LA RESERVE CONTIENT :
Herbe[id:169 quantite: 704]  en position (0, 0)
Eau[id:170 quantite: 170]  en position (0, 0)
Graine[id:171 quantite: 634]  en position (0, 0)
Foin[id:172 quantite: 80]  en position (0, 0)
------------------------------------------
-------------------POCHE------------------
LA POCHE CONTIENT:
Herbe[id:165 quantite: 19]  en position (0, 9)
Foin[id:166 quantite: 73]  en position (0, 9)
Eau[id:167 quantite: 3]  en position (0, 9)
Graine[id:168 quantite: 129]  en position (0, 9)
------------------------------------------
------------RAPPORT JOURNALIER------------
LE FERMIER RAJOUTE Eau x3 SUR SA CASE
L'animal Vache mange Eau[id:1142 quantite: 0]  en position (4, 5)
Pas de bÚbÚ pour Animal de la ferme: Vache en position 4 5 vie restante: 100
L'animal Vache mange Herbe[id:1163 quantite: 0]  en position (4, 9)
Pas de bÚbÚ pour Animal de la ferme: Vache en position 4 9 vie restante: 100
De l'herbe commence Ó s'agrandir en 0,1 !
De l'herbe commence Ó s'agrandir en 3,6 !
De l'herbe commence Ó s'agrandir en 3,9 !
De l'herbe vient de pousser sur la case 5,1 !
De l'herbe commence Ó s'agrandir en 5,4 !
De l'herbe commence Ó s'agrandir en 8,6 !
De l'herbe commence Ó s'agrandir en 9,1 !
De l'herbe commence Ó s'agrandir en 9,2 !
De l'herbe commence Ó s'agrandir en 9,8 !
---------REAPPROVISIONNEMENT--------------
LE FERMIER RENTRE CHEZ LUI POUR RECUPERER 3 Herbe
LE FERMIER RENTRE CHEZ LUI POUR RECUPERER 5 Eau
LE FERMIER RENTRE CHEZ LUI POUR RECUPERER 10 Graine
LE FERMIER RENTRE CHEZ LUI POUR RECUPERER 9 Foin
-------ETAT ACTUEL DE LA FERME ET DE LA FORET-------
:--:--:--:--:--:--:--:--:--:--:
|He|He|He|He|He|He|Ea|He|He|Ea|
:--:--:--:--:--:--:--:--:--:--:
|He|He|He|He|  |He|  |He|He|He|
:--:--:--:--:--:--:--:--:--:--:
|He|He|He|  |  |  |He|He|He|  |
:--:--:--:--:--:--:--:--:--:--:
|He|He|He|He|He|  |He|He|He|He|
:--:--:--:--:--:--:--:--:--:--:
|He|He|  |He|He|  |He|He|He|  |
:--:--:--:--:--:--:--:--:--:--:
|He|He|He|He|He|  |He|He|  |He|
:--:--:--:--:--:--:--:--:--:--:
|He|He|He|He|He|He|Fo|He|He|  |
:--:--:--:--:--:--:--:--:--:--:
|He|He|He|  |Ea|He|  |He|Fo|He|
:--:--:--:--:--:--:--:--:--:--:
|He|He|He|  |He|He|He|He|He|He|
:--:--:--:--:--:--:--:--:--:--:
|He|He|He|He|  |He|He|  |He|He|
:--:--:--:--:--:--:--:--:--:--:

------------------------------------------
Simulation - JOURS 73 DE LA SAISON primtemps
------------------------------------------
------------------RESERVE-----------------
LA RESERVE CONTIENT :
Herbe[id:169 quantite: 701]  en position (0, 0)
Eau[id:170 quantite: 165]  en position (0, 0)
Graine[id:171 quantite: 624]  en position (0, 0)
Foin[id:172 quantite: 71]  en position (0, 0)
------------------------------------------
-------------------POCHE------------------
LA POCHE CONTIENT:
Herbe[id:165 quantite: 22]  en position (0, 9)
Foin[id:166 quantite: 82]  en position (0, 9)
Eau[id:167 quantite: 5]  en position (0, 9)
Graine[id:168 quantite: 139]  en position (0, 9)
------------------------------------------
------------RAPPORT JOURNALIER------------
LE FERMIER RAJOUTE Eau x5 SUR SA CASE
L'animal Vache mange Herbe[id:1168 quantite: 0]  en position (9, 6)
Pas de bÚbÚ pour Animal de la ferme: Vache en position 9 6 vie restante: 100
De l'herbe commence Ó s'agrandir en 1,1 !
De l'herbe commence Ó s'agrandir en 2,2 !
De l'herbe commence Ó s'agrandir en 3,1 !
De l'herbe commence Ó s'agrandir en 3,3 !
De l'herbe commence Ó s'agrandir en 4,3 !
De l'herbe commence Ó s'agrandir en 4,8 !
De l'herbe vient de pousser sur la case 4,9 !
De l'herbe commence Ó s'agrandir en 7,5 !
De l'herbe commence Ó s'agrandir en 7,7 !
De l'herbe commence Ó s'agrandir en 8,4 !
---------REAPPROVISIONNEMENT--------------
LE FERMIER RENTRE CHEZ LUI POUR RECUPERER 2 Herbe
LE FERMIER RENTRE CHEZ LUI POUR RECUPERER 3 Eau
LE FERMIER RENTRE CHEZ LUI POUR RECUPERER 11 Graine
LE FERMIER RENTRE CHEZ LUI POUR RECUPERER 6 Foin
-------ETAT ACTUEL DE LA FERME ET DE LA FORET-------
:--:--:--:--:--:--:--:--:--:--:
|He|He|He|He|He|He|Ea|He|He|Ea|
:--:--:--:--:--:--:--:--:--:--:
|He|He|He|He|  |He|  |He|He|He|
:--:--:--:--:--:--:--:--:--:--:
|He|He|He|  |  |  |He|He|He|  |
:--:--:--:--:--:--:--:--:--:--:
|He|He|He|He|He|  |He|He|He|He|
:--:--:--:--:--:--:--:--:--:--:
|He|He|  |He|He|  |He|He|He|He|
:--:--:--:--:--:--:--:--:--:--:
|He|He|He|He|He|  |He|He|  |He|
:--:--:--:--:--:--:--:--:--:--:
|He|He|He|He|He|He|Fo|He|He|  |
:--:--:--:--:--:--:--:--:--:--:
|He|He|He|  |Ea|He|  |He|Fo|He|
:--:--:--:--:--:--:--:--:--:--:
|He|He|He|  |He|He|He|He|He|He|
:--:--:--:--:--:--:--:--:--:--:
|He|He|He|He|  |He|  |  |He|He|
:--:--:--:--:--:--:--:--:--:--:

------------------------------------------
Simulation - JOURS 74 DE LA SAISON primtemps
------------------------------------------
------------------RESERVE-----------------
LA RESERVE CONTIENT :
Herbe[id:169 quantite: 699]  en position (0, 0)
Eau[id:170 quantite: 162]  en position (0, 0)
Graine[id:171 quantite: 613]  en position (0, 0)
Foin[id:172 quantite: 65]  en position (0, 0)
------------------------------------------
-------------------POCHE------------------
LA POCHE CONTIENT:
Herbe[id:165 quantite: 24]  en position (0, 9)
Foin[id:166 quantite: 88]  en position (0, 9)
Eau[id:167 quantite: 3]  en position (0, 9)
Graine[id:168 quantite: 150]  en position (0, 9)
------------------------------------------
------------RAPPORT JOURNALIER------------
LE FERMIER RAJOUTE Eau x3 SUR SA CASE
L'animal Vache mange Herbe[id:1189 quantite: 0]  en position (5, 1)
Pas de bÚbÚ pour Animal de la ferme: Vache en position 5 1 vie restante: 100
De l'herbe vient de pousser sur la case 2,9 !
De l'herbe commence Ó s'agrandir en 3,3 !
De l'herbe commence Ó s'agrandir en 5,3 !
De l'herbe commence Ó s'agrandir en 6,5 !
De l'herbe commence Ó s'agrandir en 7,5 !
De l'herbe vient de pousser sur la case 7,6 !
De l'herbe vient de pousser sur la case 8,3 !
---------REAPPROVISIONNEMENT--------------
LE FERMIER RENTRE CHEZ LUI POUR RECUPERER 5 Herbe
LE FERMIER RENTRE CHEZ LUI POUR RECUPERER 11 Eau
LE FERMIER RENTRE CHEZ LUI POUR RECUPERER 5 Graine
LE FERMIER RENTRE CHEZ LUI POUR RECUPERER 9 Foin
-------ETAT ACTUEL DE LA FERME ET DE LA FORET-------
:--:--:--:--:--:--:--:--:--:--:
|He|He|He|He|He|He|Ea|He|He|Ea|
:--:--:--:--:--:--:--:--:--:--:
|He|He|He|He|  |He|  |He|He|He|
:--:--:--:--:--:--:--:--:--:--:
|He|He|He|  |  |  |He|He|He|He|
:--:--:--:--:--:--:--:--:--:--:
|He|He|He|He|He|  |He|He|He|He|
:--:--:--:--:--:--:--:--:--:--:
|He|He|  |He|He|  |He|He|He|He|
:--:--:--:--:--:--:--:--:--:--:
|He|  |He|He|He|  |He|He|  |He|
:--:--:--:--:--:--:--:--:--:--:
|He|He|He|He|He|He|Fo|He|He|  |
:--:--:--:--:--:--:--:--:--:--:
|He|He|He|  |Ea|He|He|He|Fo|He|
:--:--:--:--:--:--:--:--:--:--:
|He|He|He|He|He|He|He|He|He|He|
:--:--:--:--:--:--:--:--:--:--:
|He|He|He|He|  |He|  |  |He|He|
:--:--:--:--:--:--:--:--:--:--:

------------------------------------------
Simulation - JOURS 75 DE LA SAISON primtemps
------------------------------------------
------------------RESERVE-----------------
LA RESERVE CONTIENT :
Herbe[id:169 quantite: 694]  en position (0, 0)
Eau[id:170 quantite: 151]  en position (0, 0)
Graine[id:171 quantite: 608]  en position (0, 0)
Foin[id:172 quantite: 56]  en position (0, 0)
------------------------------------------
-------------------POCHE------------------
LA POCHE CONTIENT:
Herbe[id:165 quantite: 29]  en position (0, 9)
Foin[id:166 quantite: 97]  en position (0, 9)
Eau[id:167 quantite: 11]  en position (0, 9)
Graine[id:168 quantite: 155]  en position (0, 9)
------------------------------------------
------------RAPPORT JOURNALIER------------
LE FERMIER RAJOUTE Eau x11 SUR SA CASE
L'animal Vache mange Herbe[id:1195 quantite: 0]  en position (8, 3)
Pas de bÚbÚ pour Animal de la ferme: Vache en position 2 5 vie restante: 69
L'animal Vache mange Herbe[id:1091 quantite: 0]  en position (0, 2)
Pas de bÚbÚ pour Animal de la ferme: Vache en position 9 5 vie restante: 100
De l'herbe commence Ó s'agrandir en 1,9 !
De l'herbe commence Ó s'agrandir en 2,1 !
De l'herbe commence Ó s'agrandir en 3,0 !
De l'herbe commence Ó s'agrandir en 3,2 !
De l'herbe commence Ó s'agrandir en 4,4 !
De l'herbe commence Ó s'agrandir en 4,6 !
De l'herbe commence Ó s'agrandir en 4,8 !
De l'herbe commence Ó s'agrandir en 6,7 !
De l'herbe commence Ó s'agrandir en 7,1 !
De l'herbe commence Ó s'agrandir en 8,1 !
De l'herbe commence Ó s'agrandir en 9,5 !
De l'herbe vient de pousser sur la case 9,6 !
---------REAPPROVISIONNEMENT--------------
LE FERMIER RENTRE CHEZ LUI POUR RECUPERER 7 Herbe
LE FERMIER RENTRE CHEZ LUI POUR RECUPERER 2 Eau
LE FERMIER RENTRE CHEZ LUI POUR RECUPERER 4 Graine
LE FERMIER RENTRE CHEZ LUI POUR RECUPERER 9 Foin
-------ETAT ACTUEL DE LA FERME ET DE LA FORET-------
:--:--:--:--:--:--:--:--:--:--:
|He|He|  |He|He|He|Ea|He|He|Ea|
:--:--:--:--:--:--:--:--:--:--:
|He|He|He|He|  |He|  |He|He|He|
:--:--:--:--:--:--:--:--:--:--:
|He|He|He|  |  |  |He|He|He|He|
:--:--:--:--:--:--:--:--:--:--:
|He|He|He|He|He|  |He|He|He|He|
:--:--:--:--:--:--:--:--:--:--:
|He|He|  |He|He|  |He|He|He|He|
:--:--:--:--:--:--:--:--:--:--:
|He|  |He|He|He|  |He|He|  |He|
:--:--:--:--:--:--:--:--:--:--:
|He|He|He|He|He|He|Fo|He|He|  |
:--:--:--:--:--:--:--:--:--:--:
|He|He|He|  |Ea|He|He|He|Fo|He|
:--:--:--:--:--:--:--:--:--:--:
|He|He|He|  |He|He|He|He|He|He|
:--:--:--:--:--:--:--:--:--:--:
|He|He|He|He|  |He|He|  |He|He|
:--:--:--:--:--:--:--:--:--:--:

------------------------------------------
Simulation - JOURS 76 DE LA SAISON primtemps
------------------------------------------
------------------RESERVE-----------------
LA RESERVE CONTIENT :
Herbe[id:169 quantite: 687]  en position (0, 0)
Eau[id:170 quantite: 149]  en position (0, 0)
Graine[id:171 quantite: 604]  en position (0, 0)
Foin[id:172 quantite: 47]  en position (0, 0)
------------------------------------------
-------------------POCHE------------------
LA POCHE CONTIENT:
Herbe[id:165 quantite: 36]  en position (0, 9)
Foin[id:166 quantite: 106]  en position (0, 9)
Eau[id:167 quantite: 2]  en position (0, 9)
Graine[id:168 quantite: 159]  en position (0, 9)
------------------------------------------
------------RAPPORT JOURNALIER------------
LE FERMIER RAJOUTE Eau x2 SUR SA CASE
L'animal Vache mange Herbe[id:1125 quantite: 0]  en position (6, 1)
Pas de bÚbÚ pour Animal de la ferme: Vache en position 9 2 vie restante: 81
L'animal Vache mange Herbe[id:1031 quantite: 0]  en position (9, 5)
Pas de bÚbÚ pour Animal de la ferme: Vache en position 7 6 vie restante: 100
De l'herbe commence Ó s'agrandir en 0,8 !
De l'herbe commence Ó s'agrandir en 1,1 !
De l'herbe commence Ó s'agrandir en 1,7 !
De l'herbe commence Ó s'agrandir en 1,8 !
De l'herbe commence Ó s'agrandir en 2,1 !
De l'herbe commence Ó s'agrandir en 2,2 !
De l'herbe commence Ó s'agrandir en 7,7 !
De l'herbe commence Ó s'agrandir en 8,2 !
---------REAPPROVISIONNEMENT--------------
LE FERMIER RENTRE CHEZ LUI POUR RECUPERER 5 Herbe
LE FERMIER RENTRE CHEZ LUI POUR RECUPERER 2 Eau
LE FERMIER RENTRE CHEZ LUI POUR RECUPERER 6 Graine
LE FERMIER RENTRE CHEZ LUI POUR RECUPERER 8 Foin
-------ETAT ACTUEL DE LA FERME ET DE LA FORET-------
:--:--:--:--:--:--:--:--:--:--:
|He|He|  |He|He|He|Ea|He|He|Ea|
:--:--:--:--:--:--:--:--:--:--:
|He|He|He|He|  |He|  |He|He|He|
:--:--:--:--:--:--:--:--:--:--:
|He|He|He|  |  |  |He|He|He|He|
:--:--:--:--:--:--:--:--:--:--:
|He|He|He|He|He|  |He|He|He|He|
:--:--:--:--:--:--:--:--:--:--:
|He|He|  |He|He|  |He|He|He|He|
:--:--:--:--:--:--:--:--:--:--:
|He|  |He|He|He|  |He|He|  |He|
:--:--:--:--:--:--:--:--:--:--:
|He|  |He|He|He|He|Fo|He|He|  |
:--:--:--:--:--:--:--:--:--:--:
|He|He|He|  |Ea|He|He|He|Fo|He|
:--:--:--:--:--:--:--:--:--:--:
|He|He|He|  |He|He|He|He|He|He|
:--:--:--:--:--:--:--:--:--:--:
|He|He|He|He|  |  |He|  |He|He|
:--:--:--:--:--:--:--:--:--:--:

------------------------------------------
Simulation - JOURS 77 DE LA SAISON primtemps
------------------------------------------
------------------RESERVE-----------------
LA RESERVE CONTIENT :
Herbe[id:169 quantite: 682]  en position (0, 0)
Eau[id:170 quantite: 147]  en position (0, 0)
Graine[id:171 quantite: 598]  en position (0, 0)
Foin[id:172 quantite: 39]  en position (0, 0)
------------------------------------------
-------------------POCHE------------------
LA POCHE CONTIENT:
Herbe[id:165 quantite: 41]  en position (0, 9)
Foin[id:166 quantite: 114]  en position (0, 9)
Eau[id:167 quantite: 2]  en position (0, 9)
Graine[id:168 quantite: 165]  en position (0, 9)
------------------------------------------
------------RAPPORT JOURNALIER------------
LE FERMIER RAJOUTE Eau x2 SUR SA CASE
L'animal Vache mange Herbe[id:1180 quantite: 0]  en position (9, 2)
Pas de bÚbÚ pour Animal de la ferme: Vache en position 9 2 vie restante: 95
L'animal Poule n'a pas trouvÚ de nourriture...
Pas de bÚbÚ pour Animal de la ferme: Poule en position 9 1 vie restante: 7
L'animal Vache mange Herbe[id:1194 quantite: 0]  en position (7, 6)
Pas de bÚbÚ pour Animal de la ferme: Vache en position 1 6 vie restante: 100
L'animal Vache mange Herbe[id:1191 quantite: 0]  en position (4, 9)
Pas de bÚbÚ pour Animal de la ferme: Vache en position 4 9 vie restante: 100
De l'herbe commence Ó s'agrandir en 1,3 !
De l'herbe commence Ó s'agrandir en 2,2 !
De l'herbe vient de pousser sur la case 4,5 !
De l'herbe commence Ó s'agrandir en 5,3 !
De l'herbe commence Ó s'agrandir en 6,8 !
De l'herbe commence Ó s'agrandir en 8,5 !
De l'herbe commence Ó s'agrandir en 8,8 !
---------REAPPROVISIONNEMENT--------------
LE FERMIER RENTRE CHEZ LUI POUR RECUPERER 10 Herbe
LE FERMIER RENTRE CHEZ LUI POUR RECUPERER 4 Eau
LE FERMIER RENTRE CHEZ LUI POUR RECUPERER 2 Graine
LE FERMIER RENTRE CHEZ LUI POUR RECUPERER 8 Foin
-------ETAT ACTUEL DE LA FERME ET DE LA FORET-------
:--:--:--:--:--:--:--:--:--:--:
|He|He|  |He|He|He|Ea|He|He|Ea|
:--:--:--:--:--:--:--:--:--:--:
|He|He|He|He|  |He|  |He|He|He|
:--:--:--:--:--:--:--:--:--:--:
|He|He|He|  |  |  |He|He|He|He|
:--:--:--:--:--:--:--:--:--:--:
|He|He|He|He|He|  |He|He|He|He|
:--:--:--:--:--:--:--:--:--:--:
|He|He|  |He|He|He|He|He|He|  |
:--:--:--:--:--:--:--:--:--:--:
|He|  |He|He|He|  |He|He|  |He|
:--:--:--:--:--:--:--:--:--:--:
|He|  |He|He|He|He|Fo|He|He|  |
:--:--:--:--:--:--:--:--:--:--:
|He|He|He|  |Ea|He|  |He|Fo|He|
:--:--:--:--:--:--:--:--:--:--:
|He|He|He|  |He|He|He|He|He|He|
:--:--:--:--:--:--:--:--:--:--:
|He|He|  |He|  |  |He|  |  |He|
:--:--:--:--:--:--:--:--:--:--:

------------------------------------------
Simulation - JOURS 78 DE LA SAISON primtemps
------------------------------------------
------------------RESERVE-----------------
LA RESERVE CONTIENT :
Herbe[id:169 quantite: 672]  en position (0, 0)
Eau[id:170 quantite: 143]  en position (0, 0)
Graine[id:171 quantite: 596]  en position (0, 0)
Foin[id:172 quantite: 31]  en position (0, 0)
------------------------------------------
-------------------POCHE------------------
LA POCHE CONTIENT:
Herbe[id:165 quantite: 51]  en position (0, 9)
Foin[id:166 quantite: 122]  en position (0, 9)
Eau[id:167 quantite: 4]  en position (0, 9)
Graine[id:168 quantite: 167]  en position (0, 9)
------------------------------------------
------------RAPPORT JOURNALIER------------
LE FERMIER RAJOUTE Eau x4 SUR SA CASE
Le fermier trait la vache !
L'animal Poule n'a pas trouvÚ de nourriture...
Pas de bÚbÚ pour Animal de la ferme: Poule en position 9 5 vie restante: 7
De l'herbe commence Ó s'agrandir en 0,4 !
De l'herbe vient de pousser sur la case 1,6 !
De l'herbe commence Ó s'agrandir en 2,0 !
De l'herbe vient de pousser sur la case 2,5 !
De l'herbe commence Ó s'agrandir en 4,0 !
De l'herbe vient de pousser sur la case 4,9 !
De l'herbe vient de pousser sur la case 6,9 !
De l'herbe commence Ó s'agrandir en 7,5 !
De l'herbe commence Ó s'agrandir en 8,0 !
De l'herbe commence Ó s'agrandir en 8,6 !
De l'herbe commence Ó s'agrandir en 8,8 !
De l'herbe commence Ó s'agrandir en 9,3 !
De l'herbe vient de pousser sur la case 9,7 !
---------REAPPROVISIONNEMENT--------------
LE FERMIER RENTRE CHEZ LUI POUR RECUPERER 11 Herbe
LE FERMIER RENTRE CHEZ LUI POUR RECUPERER 6 Eau
LE FERMIER RENTRE CHEZ LUI POUR RECUPERER 7 Graine
LE FERMIER RENTRE CHEZ LUI POUR RECUPERER 4 Foin
-------ETAT ACTUEL DE LA FERME ET DE LA FORET-------
:--:--:--:--:--:--:--:--:--:--:
|He|He|  |He|He|He|Ea|He|He|Ea|
:--:--:--:--:--:--:--:--:--:--:
|He|He|He|He|  |He|He|He|  |He|
:--:--:--:--:--:--:--:--:--:--:
|He|He|He|  |  |He|He|He|He|He|
:--:--:--:--:--:--:--:--:--:--:
|He|He|He|He|He|  |He|He|He|He|
:--:--:--:--:--:--:--:--:--:--:
|He|He|  |He|He|He|He|He|He|He|
:--:--:--:--:--:--:--:--:--:--:
|He|  |He|He|He|  |He|He|  |He|
:--:--:--:--:--:--:--:--:--:--:
|He|  |He|He|He|He|Fo|He|He|He|
:--:--:--:--:--:--:--:--:--:--:
|He|He|He|  |Ea|He|  |He|Fo|He|
:--:--:--:--:--:--:--:--:--:--:
|He|He|He|  |He|He|He|He|He|He|
:--:--:--:--:--:--:--:--:--:--:
|He|He|  |He|  |  |He|He|  |He|
:--:--:--:--:--:--:--:--:--:--:

------------------------------------------
Simulation - JOURS 79 DE LA SAISON primtemps
------------------------------------------
------------------RESERVE-----------------
LA RESERVE CONTIENT :
Herbe[id:169 quantite: 661]  en position (0, 0)
Eau[id:170 quantite: 137]  en position (0, 0)
Graine[id:171 quantite: 589]  en position (0, 0)
Foin[id:172 quantite: 27]  en position (0, 0)
------------------------------------------
-------------------POCHE------------------
LA POCHE CONTIENT:
Herbe[id:165 quantite: 62]  en position (0, 9)
Foin[id:166 quantite: 126]  en position (0, 9)
Eau[id:167 quantite: 6]  en position (0, 9)
Graine[id:168 quantite: 174]  en position (0, 9)
------------------------------------------
------------RAPPORT JOURNALIER------------
LE FERMIER RAJOUTE Eau x6 SUR SA CASE
L'animal Vache mange Herbe[id:1178 quantite: 0]  en position (4, 8)
Pas de bÚbÚ pour Animal de la ferme: Vache en position 7 5 vie restante: 98
L'animal Vache mange Herbe[id:1124 quantite: 0]  en position (5, 2)
Pas de bÚbÚ pour Animal de la ferme: Vache en position 8 5 vie restante: 100
L'animal Vache mange Herbe[id:1045 quantite: 0]  en position (7, 9)
Pas de bÚbÚ pour Animal de la ferme: Vache en position 0 2 vie restante: 100
L'animal Vache mange Herbe[id:1209 quantite: 0]  en position (4, 9)
Pas de bÚbÚ pour Animal de la ferme: Vache en position 2 0 vie restante: 100
De l'herbe commence Ó s'agrandir en 0,0 !
De l'herbe commence Ó s'agrandir en 1,3 !
De l'herbe commence Ó s'agrandir en 1,6 !
De l'herbe vient de pousser sur la case 2,3 !
De l'herbe commence Ó s'agrandir en 2,9 !
De l'herbe commence Ó s'agrandir en 5,6 !
De l'herbe commence Ó s'agrandir en 6,4 !
De l'herbe commence Ó s'agrandir en 7,0 !
---------REAPPROVISIONNEMENT--------------
LE FERMIER RENTRE CHEZ LUI POUR RECUPERER 9 Herbe
LE FERMIER RENTRE CHEZ LUI POUR RECUPERER 5 Eau
LE FERMIER RENTRE CHEZ LUI POUR RECUPERER 7 Graine
LE FERMIER RENTRE CHEZ LUI POUR RECUPERER 8 Foin
-------ETAT ACTUEL DE LA FERME ET DE LA FORET-------
:--:--:--:--:--:--:--:--:--:--:
|He|He|  |He|He|He|Ea|He|He|Ea|
:--:--:--:--:--:--:--:--:--:--:
|He|He|He|He|  |He|He|He|  |He|
:--:--:--:--:--:--:--:--:--:--:
|He|He|He|He|  |He|He|He|He|He|
:--:--:--:--:--:--:--:--:--:--:
|He|He|He|He|He|  |He|He|He|He|
:--:--:--:--:--:--:--:--:--:--:
|He|He|  |He|He|He|He|He|  |  |
:--:--:--:--:--:--:--:--:--:--:
|He|  |  |He|He|  |He|He|  |He|
:--:--:--:--:--:--:--:--:--:--:
|He|  |He|He|He|He|Fo|He|He|He|
:--:--:--:--:--:--:--:--:--:--:
|He|He|He|  |Ea|He|  |He|Fo|  |
:--:--:--:--:--:--:--:--:--:--:
|He|He|He|  |He|He|He|He|He|He|
:--:--:--:--:--:--:--:--:--:--:
|He|He|  |He|  |  |He|He|  |He|
:--:--:--:--:--:--:--:--:--:--:

UPDATE DE LA RESERVE
------------------------------------------
Simulation - JOURS 80 DE LA SAISON primtemps
------------------------------------------
------------------RESERVE-----------------
LA RESERVE CONTIENT :
Herbe[id:169 quantite: 746]  en position (0, 0)
Eau[id:170 quantite: 159]  en position (0, 0)
Graine[id:171 quantite: 600]  en position (0, 0)
Foin[id:172 quantite: 48]  en position (0, 0)
------------------------------------------
-------------------POCHE------------------
LA POCHE CONTIENT:
Herbe[id:165 quantite: 71]  en position (0, 9)
Foin[id:166 quantite: 134]  en position (0, 9)
Eau[id:167 quantite: 5]  en position (0, 9)
Graine[id:168 quantite: 181]  en position (0, 9)
------------------------------------------
------------RAPPORT JOURNALIER------------
LE FERMIER RAJOUTE Eau x5 SUR SA CASE
Le fermier trait la vache !
L'animal Vache mange Eau[id:1149 quantite: 0]  en position (0, 6)
Pas de bÚbÚ pour Animal de la ferme: Vache en position 0 6 vie restante: 91
L'animal Vache mange Herbe[id:1177 quantite: 0]  en position (2, 0)
Pas de bÚbÚ pour Animal de la ferme: Vache en position 2 0 vie restante: 100
De l'herbe commence Ó s'agrandir en 1,7 !
De l'herbe commence Ó s'agrandir en 4,4 !
De l'herbe commence Ó s'agrandir en 5,0 !
De l'herbe commence Ó s'agrandir en 6,4 !
De l'herbe commence Ó s'agrandir en 7,2 !
De l'herbe commence Ó s'agrandir en 7,7 !
De l'herbe vient de pousser sur la case 9,5 !
---------REAPPROVISIONNEMENT--------------
LE FERMIER RENTRE CHEZ LUI POUR RECUPERER 10 Herbe
LE FERMIER RENTRE CHEZ LUI POUR RECUPERER 10 Eau
LE FERMIER RENTRE CHEZ LUI POUR RECUPERER 2 Graine
LE FERMIER RENTRE CHEZ LUI POUR RECUPERER 3 Foin
-------ETAT ACTUEL DE LA FERME ET DE LA FORET-------
:--:--:--:--:--:--:--:--:--:--:
|He|He|  |He|He|He|  |He|He|Ea|
:--:--:--:--:--:--:--:--:--:--:
|He|He|He|He|  |He|He|He|  |He|
:--:--:--:--:--:--:--:--:--:--:
|  |He|He|He|  |He|He|He|He|He|
:--:--:--:--:--:--:--:--:--:--:
|He|He|He|He|He|  |He|He|He|He|
:--:--:--:--:--:--:--:--:--:--:
|He|He|  |He|He|He|He|He|  |  |
:--:--:--:--:--:--:--:--:--:--:
|He|  |  |He|He|  |He|He|  |He|
:--:--:--:--:--:--:--:--:--:--:
|He|  |He|He|He|He|Fo|He|He|He|
:--:--:--:--:--:--:--:--:--:--:
|He|He|He|  |Ea|He|  |He|Fo|  |
:--:--:--:--:--:--:--:--:--:--:
|He|He|He|  |He|He|He|He|He|He|
:--:--:--:--:--:--:--:--:--:--:
|He|He|  |He|  |He|He|He|  |He|
:--:--:--:--:--:--:--:--:--:--:

------------------------------------------
Simulation - JOURS 81 DE LA SAISON primtemps
------------------------------------------
------------------RESERVE-----------------
LA RESERVE CONTIENT :
Herbe[id:169 quantite: 736]  en position (0, 0)
Eau[id:170 quantite: 149]  en position (0, 0)
Graine[id:171 quantite: 598]  en position (0, 0)
Foin[id:172 quantite: 45]  en position (0, 0)
------------------------------------------
-------------------POCHE------------------
LA POCHE CONTIENT:
Herbe[id:165 quantite: 81]  en position (0, 9)
Foin[id:166 quantite: 137]  en position (0, 9)
Eau[id:167 quantite: 10]  en position (0, 9)
Graine[id:168 quantite: 183]  en position (0, 9)
------------------------------------------
------------RAPPORT JOURNALIER------------
LE FERMIER RAJOUTE Eau x10 SUR SA CASE
Le fermier trait la vache !
L'animal Vache mange Herbe[id:1219 quantite: 0]  en position (9, 5)
Pas de bÚbÚ pour Animal de la ferme: Vache en position 2 9 vie restante: 86
L'animal Vache mange Herbe[id:1141 quantite: 0]  en position (1, 0)
Pas de bÚbÚ pour Animal de la ferme: Vache en position 7 3 vie restante: 100
De l'herbe commence Ó s'agrandir en 1,9 !
De l'herbe commence Ó s'agrandir en 3,4 !
De l'herbe commence Ó s'agrandir en 4,0 !
De l'herbe commence Ó s'agrandir en 4,6 !
De l'herbe vient de pousser sur la case 4,9 !
De l'herbe vient de pousser sur la case 5,2 !
De l'herbe vient de pousser sur la case 6,1 !
De l'herbe commence Ó s'agrandir en 8,9 !
---------REAPPROVISIONNEMENT--------------
LE FERMIER RENTRE CHEZ LUI POUR RECUPERER 7 Herbe
LE FERMIER RENTRE CHEZ LUI POUR RECUPERER 5 Eau
LE FERMIER RENTRE CHEZ LUI POUR RECUPERER 3 Graine
LE FERMIER RENTRE CHEZ LUI POUR RECUPERER 3 Foin
-------ETAT ACTUEL DE LA FERME ET DE LA FORET-------
:--:--:--:--:--:--:--:--:--:--:
|He|He|  |He|He|He|  |He|He|Ea|
:--:--:--:--:--:--:--:--:--:--:
|  |He|He|He|  |He|He|He|  |He|
:--:--:--:--:--:--:--:--:--:--:
|  |He|He|He|  |He|He|He|He|He|
:--:--:--:--:--:--:--:--:--:--:
|He|He|He|He|He|  |He|He|He|He|
:--:--:--:--:--:--:--:--:--:--:
|He|He|  |He|He|He|He|He|  |He|
:--:--:--:--:--:--:--:--:--:--:
|He|  |He|He|He|  |He|He|  |He|
:--:--:--:--:--:--:--:--:--:--:
|He|He|He|He|He|He|Fo|He|He|He|
:--:--:--:--:--:--:--:--:--:--:
|He|He|He|  |Ea|He|  |He|Fo|  |
:--:--:--:--:--:--:--:--:--:--:
|He|He|He|  |He|He|He|He|He|He|
:--:--:--:--:--:--:--:--:--:--:
|He|He|  |He|  |  |He|He|  |He|
:--:--:--:--:--:--:--:--:--:--:

------------------------------------------
Simulation - JOURS 82 DE LA SAISON primtemps
------------------------------------------
------------------RESERVE-----------------
LA RESERVE CONTIENT :
Herbe[id:169 quantite: 729]  en position (0, 0)
Eau[id:170 quantite: 144]  en position (0, 0)
Graine[id:171 quantite: 595]  en position (0, 0)
Foin[id:172 quantite: 42]  en position (0, 0)
------------------------------------------
-------------------POCHE------------------
LA POCHE CONTIENT:
Herbe[id:165 quantite: 88]  en position (0, 9)
Foin[id:166 quantite: 140]  en position (0, 9)
Eau[id:167 quantite: 5]  en position (0, 9)
Graine[id:168 quantite: 186]  en position (0, 9)
------------------------------------------
------------RAPPORT JOURNALIER------------
LE FERMIER RAJOUTE Herbe x88 SUR SA CASE
Le fermier trait la vache !
L'animal Vache mange Herbe[id:1193 quantite: 0]  en position (2, 9)
L'animal Animal de la ferme: Vache en position 2 9 vie restante: 47 se reproduit
L'animal Vache mange Herbe[id:989 quantite: 0]  en position (7, 0)
Pas de bÚbÚ pour Animal de la ferme: Vache en position 4 9 vie restante: 56
De l'herbe commence Ó s'agrandir en 2,6 !
De l'herbe vient de pousser sur la case 2,9 !
De l'herbe commence Ó s'agrandir en 3,3 !
De l'herbe commence Ó s'agrandir en 5,3 !
De l'herbe commence Ó s'agrandir en 6,1 !
De l'herbe commence Ó s'agrandir en 6,4 !
De l'herbe commence Ó s'agrandir en 7,1 !
De l'herbe vient de pousser sur la case 7,6 !
De l'herbe commence Ó s'agrandir en 8,8 !
De l'herbe commence Ó s'agrandir en 9,9 !
---------REAPPROVISIONNEMENT--------------
LE FERMIER RENTRE CHEZ LUI POUR RECUPERER 9 Herbe
LE FERMIER RENTRE CHEZ LUI POUR RECUPERER 3 Eau
LE FERMIER RENTRE CHEZ LUI POUR RECUPERER 4 Graine
LE FERMIER RENTRE CHEZ LUI POUR RECUPERER 11 Foin
-------ETAT ACTUEL DE LA FERME ET DE LA FORET-------
:--:--:--:--:--:--:--:--:--:--:
|He|He|  |He|He|He|  |He|He|Ea|
:--:--:--:--:--:--:--:--:--:--:
|  |He|He|He|  |He|He|He|  |He|
:--:--:--:--:--:--:--:--:--:--:
|  |He|He|He|  |He|He|He|He|He|
:--:--:--:--:--:--:--:--:--:--:
|He|He|He|He|He|  |He|He|He|He|
:--:--:--:--:--:--:--:--:--:--:
|He|He|  |He|He|He|He|He|  |He|
:--:--:--:--:--:--:--:--:--:--:
|He|  |He|He|He|  |He|He|  |He|
:--:--:--:--:--:--:--:--:--:--:
|He|He|He|He|He|He|Fo|He|He|He|
:--:--:--:--:--:--:--:--:--:--:
|  |He|He|  |Ea|He|He|He|Fo|  |
:--:--:--:--:--:--:--:--:--:--:
|He|He|He|  |He|He|He|He|He|He|
:--:--:--:--:--:--:--:--:--:--:
|He|He|  |He|  |  |He|He|  |He|
:--:--:--:--:--:--:--:--:--:--:

------------------------------------------
Simulation - JOURS 83 DE LA SAISON primtemps
------------------------------------------
------------------RESERVE-----------------
LA RESERVE CONTIENT :
Herbe[id:169 quantite: 720]  en position (0, 0)
Eau[id:170 quantite: 141]  en position (0, 0)
Graine[id:171 quantite: 591]  en position (0, 0)
Foin[id:172 quantite: 31]  en position (0, 0)
------------------------------------------
-------------------POCHE------------------
LA POCHE CONTIENT:
Herbe[id:165 quantite: 9]  en position (0, 9)
Foin[id:166 quantite: 151]  en position (0, 9)
Eau[id:167 quantite: 8]  en position (0, 9)
Graine[id:168 quantite: 190]  en position (0, 9)
------------------------------------------
------------RAPPORT JOURNALIER------------
LE FERMIER RAJOUTE Herbe x9 SUR SA CASE
L'animal Vache mange Herbe[id:1227 quantite: 0]  en position (2, 9)
Pas de bÚbÚ pour Animal de la ferme: Vache en position 1 3 vie restante: 54
L'animal Vache mange Herbe[id:1222 quantite: 0]  en position (4, 9)
L'animal Animal de la ferme: Vache en position 4 9 vie restante: 32 se reproduit
De l'herbe commence Ó s'agrandir en 0,1 !
De l'herbe commence Ó s'agrandir en 1,6 !
De l'herbe vient de pousser sur la case 1,8 !
De l'herbe commence Ó s'agrandir en 4,3 !
De l'herbe commence Ó s'agrandir en 6,5 !
De l'herbe commence Ó s'agrandir en 6,8 !
De l'herbe commence Ó s'agrandir en 8,6 !
De l'herbe commence Ó s'agrandir en 8,9 !
---------REAPPROVISIONNEMENT--------------
LE FERMIER RENTRE CHEZ LUI POUR RECUPERER 6 Herbe
LE FERMIER RENTRE CHEZ LUI POUR RECUPERER 9 Eau
LE FERMIER RENTRE CHEZ LUI POUR RECUPERER 3 Graine
LE FERMIER RENTRE CHEZ LUI POUR RECUPERER 3 Foin
-------ETAT ACTUEL DE LA FERME ET DE LA FORET-------
:--:--:--:--:--:--:--:--:--:--:
|He|He|  |He|He|He|  |He|He|Ea|
:--:--:--:--:--:--:--:--:--:--:
|  |He|He|He|  |He|He|He|He|He|
:--:--:--:--:--:--:--:--:--:--:
|  |He|He|He|  |He|He|He|He|  |
:--:--:--:--:--:--:--:--:--:--:
|He|He|He|He|He|  |He|He|He|He|
:--:--:--:--:--:--:--:--:--:--:
|He|He|  |He|He|He|He|He|  |  |
:--:--:--:--:--:--:--:--:--:--:
|He|  |He|He|He|  |He|He|  |He|
:--:--:--:--:--:--:--:--:--:--:
|He|He|He|He|He|He|Fo|He|He|He|
:--:--:--:--:--:--:--:--:--:--:
|  |He|He|  |Ea|He|He|He|Fo|  |
:--:--:--:--:--:--:--:--:--:--:
|He|He|He|  |He|He|He|He|He|He|
:--:--:--:--:--:--:--:--:--:--:
|He|He|  |He|  |  |He|He|  |He|
:--:--:--:--:--:--:--:--:--:--:

------------------------------------------
Simulation - JOURS 84 DE LA SAISON primtemps
------------------------------------------
------------------RESERVE-----------------
LA RESERVE CONTIENT :
Herbe[id:169 quantite: 714]  en position (0, 0)
Eau[id:170 quantite: 132]  en position (0, 0)
Graine[id:171 quantite: 588]  en position (0, 0)
Foin[id:172 quantite: 28]  en position (0, 0)
------------------------------------------
-------------------POCHE------------------
LA POCHE CONTIENT:
Herbe[id:165 quantite: 6]  en position (0, 9)
Foin[id:166 quantite: 154]  en position (0, 9)
Eau[id:167 quantite: 17]  en position (0, 9)
Graine[id:168 quantite: 193]  en position (0, 9)
------------------------------------------
------------RAPPORT JOURNALIER------------
LE FERMIER RAJOUTE Herbe x6 SUR SA CASE
Le fermier trait la vache !
Le fermier trait la vache !
Le fermier trait la vache !
L'animal Vache mange Herbe[id:1175 quantite: 0]  en position (1, 3)
Pas de bÚbÚ pour Animal de la ferme: Vache en position 1 3 vie restante: 42
L'animal Vache mange Herbe[id:1231 quantite: 0]  en position (1, 8)
Pas de bÚbÚ pour Animal de la ferme: Vache en position 7 6 vie restante: 86
De l'herbe vient de pousser sur la case 0,2 !
De l'herbe commence Ó s'agrandir en 0,4 !
De l'herbe vient de pousser sur la case 1,8 !
De l'herbe vient de pousser sur la case 2,9 !
De l'herbe commence Ó s'agrandir en 3,2 !
De l'herbe commence Ó s'agrandir en 3,6 !
De l'herbe vient de pousser sur la case 4,2 !
De l'herbe commence Ó s'agrandir en 4,3 !
De l'herbe commence Ó s'agrandir en 4,4 !
De l'herbe commence Ó s'agrandir en 4,6 !
De l'herbe vient de pousser sur la case 4,8 !
De l'herbe vient de pousser sur la case 5,1 !
De l'herbe vient de pousser sur la case 8,3 !
De l'herbe commence Ó s'agrandir en 9,0 !
De l'herbe commence Ó s'agrandir en 9,7 !
De l'herbe vient de pousser sur la case 9,8 !
---------REAPPROVISIONNEMENT--------------
LE FERMIER RENTRE CHEZ LUI POUR RECUPERER 9 Herbe
LE FERMIER RENTRE CHEZ LUI POUR RECUPERER 10 Eau
LE FERMIER RENTRE CHEZ LUI POUR RECUPERER 7 Graine
LE FERMIER RENTRE CHEZ LUI POUR RECUPERER 2 Foin
-------ETAT ACTUEL DE LA FERME ET DE LA FORET-------
:--:--:--:--:--:--:--:--:--:--:
|He|He|He|He|He|He|  |He|He|Ea|
:--:--:--:--:--:--:--:--:--:--:
|  |He|He|  |  |He|He|He|He|He|
:--:--:--:--:--:--:--:--:--:--:
|  |He|He|He|  |He|He|He|He|He|
:--:--:--:--:--:--:--:--:--:--:
|He|He|He|He|He|  |He|He|He|He|
:--:--:--:--:--:--:--:--:--:--:
|He|He|He|He|He|He|He|He|He|  |
:--:--:--:--:--:--:--:--:--:--:
|He|He|He|He|He|  |He|He|  |He|
:--:--:--:--:--:--:--:--:--:--:
|He|He|He|He|He|He|Fo|He|He|He|
:--:--:--:--:--:--:--:--:--:--:
|  |He|He|  |Ea|He|He|He|Fo|  |
:--:--:--:--:--:--:--:--:--:--:
|He|He|He|He|He|He|He|He|He|He|
:--:--:--:--:--:--:--:--:--:--:
|He|He|  |He|  |  |He|He|He|He|
:--:--:--:--:--:--:--:--:--:--:

------------------------------------------
Simulation - JOURS 85 DE LA SAISON primtemps
------------------------------------------
------------------RESERVE-----------------
LA RESERVE CONTIENT :
Herbe[id:169 quantite: 705]  en position (0, 0)
Eau[id:170 quantite: 122]  en position (0, 0)
Graine[id:171 quantite: 581]  en position (0, 0)
Foin[id:172 quantite: 26]  en position (0, 0)
------------------------------------------
-------------------POCHE------------------
LA POCHE CONTIENT:
Herbe[id:165 quantite: 9]  en position (0, 9)
Foin[id:166 quantite: 156]  en position (0, 9)
Eau[id:167 quantite: 27]  en position (0, 9)
Graine[id:168 quantite: 200]  en position (0, 9)
------------------------------------------
------------RAPPORT JOURNALIER------------
LE FERMIER RAJOUTE Herbe x9 SUR SA CASE
Le fermier trait la vache !
Le fermier trait la vache !
Le fermier trait la vache !
L'animal Poule n'a pas trouvÚ de nourriture...
Pas de bÚbÚ pour Animal de la ferme: Poule en position 7 6 vie restante: 7
L'animal Vache mange Herbe[id:1236 quantite: 0]  en position (2, 9)
Pas de bÚbÚ pour Animal de la ferme: Vache en position 2 9 vie restante: 87
L'animal prÚdateur mange Animal de la ferme: Vache en position 4 9 vie restante: 32
L'animal prÚdateur mange Animal de la ferme: Vache en position 2 0 vie restante: 32
De l'herbe commence Ó s'agrandir en 0,5 !
De l'herbe vient de pousser sur la case 1,0 !
De l'herbe commence Ó s'agrandir en 1,7 !
De l'herbe commence Ó s'agrandir en 6,9 !
De l'herbe commence Ó s'agrandir en 8,3 !
De l'herbe commence Ó s'agrandir en 9,3 !
---------REAPPROVISIONNEMENT--------------
LE FERMIER RENTRE CHEZ LUI POUR RECUPERER 10 Herbe
LE FERMIER RENTRE CHEZ LUI POUR RECUPERER 8 Eau
LE FERMIER RENTRE CHEZ LUI POUR RECUPERER 3 Graine
LE FERMIER RENTRE CHEZ LUI POUR RECUPERER 11 Foin
-------ETAT ACTUEL DE LA FERME ET DE LA FORET-------
:--:--:--:--:--:--:--:--:--:--:
|He|He|He|He|He|He|  |He|He|Ea|
:--:--:--:--:--:--:--:--:--:--:
|He|He|He|  |  |He|He|He|He|He|
:--:--:--:--:--:--:--:--:--:--:
|  |He|He|He|  |He|He|He|He|  |
:--:--:--:--:--:--:--:--:--:--:
|He|He|He|He|He|  |He|He|He|He|
:--:--:--:--:--:--:--:--:--:--:
|He|He|He|He|He|He|He|He|He|  |
:--:--:--:--:--:--:--:--:--:--:
|He|He|He|He|He|  |He|He|  |He|
:--:--:--:--:--:--:--:--:--:--:
|He|He|He|He|He|He|Fo|He|He|He|
:--:--:--:--:--:--:--:--:--:--:
|  |He|He|  |Ea|He|He|He|Fo|  |
:--:--:--:--:--:--:--:--:--:--:
|He|He|He|He|He|He|He|He|He|He|
:--:--:--:--:--:--:--:--:--:--:
|He|He|  |He|  |  |He|He|  |He|
:--:--:--:--:--:--:--:--:--:--:

------------------------------------------
Simulation - JOURS 86 DE LA SAISON primtemps
------------------------------------------
------------------RESERVE-----------------
LA RESERVE CONTIENT :
Herbe[id:169 quantite: 695]  en position (0, 0)
Eau[id:170 quantite: 114]  en position (0, 0)
Graine[id:171 quantite: 578]  en position (0, 0)
Foin[id:172 quantite: 15]  en position (0, 0)
------------------------------------------
-------------------POCHE------------------
LA POCHE CONTIENT:
Herbe[id:165 quantite: 10]  en position (0, 9)
Foin[id:166 quantite: 167]  en position (0, 9)
Eau[id:167 quantite: 35]  en position (0, 9)
Graine[id:168 quantite: 203]  en position (0, 9)
------------------------------------------
------------RAPPORT JOURNALIER------------
LE FERMIER RAJOUTE Herbe x10 SUR SA CASE
Le fermier trait la vache !
L'animal Vache mange Herbe[id:1244 quantite: 0]  en position (1, 0)
Pas de bÚbÚ pour Animal de la ferme: Vache en position 0 9 vie restante: 56
L'animal Poule n'a pas trouvÚ de nourriture...
Pas de bÚbÚ pour Animal de la ferme: Poule en position 7 6 vie restante: 7
L'animal Vache mange Herbe[id:1205 quantite: 0]  en position (4, 5)
Pas de bÚbÚ pour Animal de la ferme: Vache en position 7 3 vie restante: 49
L'animal Vache mange Herbe[id:1006 quantite: 0]  en position (7, 1)
Pas de bÚbÚ pour Animal de la ferme: Vache en position 5 5 vie restante: 96
De l'herbe commence Ó s'agrandir en 0,1 !
De l'herbe commence Ó s'agrandir en 0,4 !
De l'herbe vient de pousser sur la case 1,0 !
De l'herbe vient de pousser sur la case 1,4 !
De l'herbe commence Ó s'agrandir en 1,7 !
De l'herbe vient de pousser sur la case 2,0 !
De l'herbe commence Ó s'agrandir en 2,8 !
De l'herbe vient de pousser sur la case 2,9 !
De l'herbe commence Ó s'agrandir en 4,8 !
De l'herbe commence Ó s'agrandir en 6,8 !
De l'herbe vient de pousser sur la case 7,6 !
De l'herbe commence Ó s'agrandir en 8,1 !
De l'herbe commence Ó s'agrandir en 8,2 !
De l'herbe commence Ó s'agrandir en 9,3 !
De l'herbe commence Ó s'agrandir en 9,9 !
---------REAPPROVISIONNEMENT--------------
LE FERMIER RENTRE CHEZ LUI POUR RECUPERER 5 Herbe
LE FERMIER RENTRE CHEZ LUI POUR RECUPERER 2 Eau
LE FERMIER RENTRE CHEZ LUI POUR RECUPERER 6 Graine
LE FERMIER RENTRE CHEZ LUI POUR RECUPERER 3 Foin
-------ETAT ACTUEL DE LA FERME ET DE LA FORET-------
:--:--:--:--:--:--:--:--:--:--:
|He|He|He|He|He|He|  |He|He|Ea|
:--:--:--:--:--:--:--:--:--:--:
|He|He|He|  |He|He|He|He|He|He|
:--:--:--:--:--:--:--:--:--:--:
|He|He|He|He|  |He|He|He|He|He|
:--:--:--:--:--:--:--:--:--:--:
|He|He|He|He|He|  |He|He|He|He|
:--:--:--:--:--:--:--:--:--:--:
|He|He|He|He|He|  |He|He|He|  |
:--:--:--:--:--:--:--:--:--:--:
|He|He|He|He|He|  |He|He|  |He|
:--:--:--:--:--:--:--:--:--:--:
|He|He|He|He|He|He|Fo|He|He|He|
:--:--:--:--:--:--:--:--:--:--:
|  |  |He|  |Ea|He|He|He|Fo|  |
:--:--:--:--:--:--:--:--:--:--:
|He|He|He|He|He|He|He|He|He|He|
:--:--:--:--:--:--:--:--:--:--:
|He|He|  |He|  |  |He|He|  |He|
:--:--:--:--:--:--:--:--:--:--:

------------------------------------------
Simulation - JOURS 87 DE LA SAISON primtemps
------------------------------------------
------------------RESERVE-----------------
LA RESERVE CONTIENT :
Herbe[id:169 quantite: 690]  en position (0, 0)
Eau[id:170 quantite: 112]  en position (0, 0)
Graine[id:171 quantite: 572]  en position (0, 0)
Foin[id:172 quantite: 12]  en position (0, 0)
------------------------------------------
-------------------POCHE------------------
LA POCHE CONTIENT:
Herbe[id:165 quantite: 5]  en position (0, 9)
Foin[id:166 quantite: 170]  en position (0, 9)
Eau[id:167 quantite: 37]  en position (0, 9)
Graine[id:168 quantite: 209]  en position (0, 9)
------------------------------------------
------------RAPPORT JOURNALIER------------
LE FERMIER RAJOUTE Herbe x5 SUR SA CASE
Le fermier trait la vache !
Le fermier trait la vache !
Le fermier trait la vache !
L'animal Vache mange Eau[id:1169 quantite: 0]  en position (0, 9)
Pas de bÚbÚ pour Animal de la ferme: Vache en position 0 9 vie restante: 100
L'animal Poule n'a pas trouvÚ de nourriture...
Pas de bÚbÚ pour Animal de la ferme: Poule en position 7 8 vie restante: 7
De l'herbe commence Ó s'agrandir en 1,0 !
De l'herbe commence Ó s'agrandir en 1,5 !
De l'herbe commence Ó s'agrandir en 1,6 !
De l'herbe commence Ó s'agrandir en 1,7 !
De l'herbe commence Ó s'agrandir en 2,6 !
De l'herbe vient de pousser sur la case 7,1 !
De l'herbe commence Ó s'agrandir en 7,2 !
De l'herbe vient de pousser sur la case 7,3 !
De l'herbe vient de pousser sur la case 7,9 !
De l'herbe commence Ó s'agrandir en 8,0 !
De l'herbe commence Ó s'agrandir en 8,1 !
De l'herbe commence Ó s'agrandir en 8,7 !
De l'herbe vient de pousser sur la case 9,5 !
---------REAPPROVISIONNEMENT--------------
LE FERMIER RENTRE CHEZ LUI POUR RECUPERER 9 Herbe
LE FERMIER RENTRE CHEZ LUI POUR RECUPERER 7 Eau
LE FERMIER RENTRE CHEZ LUI POUR RECUPERER 4 Graine
LE FERMIER RENTRE CHEZ LUI POUR RECUPERER 7 Foin
-------ETAT ACTUEL DE LA FERME ET DE LA FORET-------
:--:--:--:--:--:--:--:--:--:--:
|He|He|He|He|He|He|  |He|He|  |
:--:--:--:--:--:--:--:--:--:--:
|He|He|He|  |He|He|He|He|He|He|
:--:--:--:--:--:--:--:--:--:--:
|He|He|He|He|  |He|He|He|He|He|
:--:--:--:--:--:--:--:--:--:--:
|He|He|He|He|He|  |He|He|He|He|
:--:--:--:--:--:--:--:--:--:--:
|He|He|He|He|He|  |He|He|He|  |
:--:--:--:--:--:--:--:--:--:--:
|He|He|He|He|He|  |He|He|  |He|
:--:--:--:--:--:--:--:--:--:--:
|He|He|He|He|He|He|Fo|He|He|He|
:--:--:--:--:--:--:--:--:--:--:
|  |He|He|He|Ea|He|He|He|  |He|
:--:--:--:--:--:--:--:--:--:--:
|He|He|He|He|He|He|He|He|He|He|
:--:--:--:--:--:--:--:--:--:--:
|He|He|  |He|  |He|He|He|  |He|
:--:--:--:--:--:--:--:--:--:--:

------------------------------------------
Simulation - JOURS 88 DE LA SAISON primtemps
------------------------------------------
------------------RESERVE-----------------
LA RESERVE CONTIENT :
Herbe[id:169 quantite: 681]  en position (0, 0)
Eau[id:170 quantite: 105]  en position (0, 0)
Graine[id:171 quantite: 568]  en position (0, 0)
Foin[id:172 quantite: 5]  en position (0, 0)
------------------------------------------
-------------------POCHE------------------
LA POCHE CONTIENT:
Herbe[id:165 quantite: 9]  en position (0, 9)
Foin[id:166 quantite: 177]  en position (0, 9)
Eau[id:167 quantite: 44]  en position (0, 9)
Graine[id:168 quantite: 213]  en position (0, 9)
------------------------------------------
------------RAPPORT JOURNALIER------------
LE FERMIER RAJOUTE Herbe x9 SUR SA CASE
Le fermier trait la vache !
Le fermier trait la vache !
L'animal Vache mange Herbe[id:1174 quantite: 0]  en position (0, 7)
Pas de bÚbÚ pour Animal de la ferme: Vache en position 0 7 vie restante: 100
L'animal Vache mange Herbe[id:1207 quantite: 0]  en position (1, 6)
L'animal Animal de la ferme: Vache en position 1 6 vie restante: 33 se reproduit
L'animal Vache mange Herbe[id:1186 quantite: 0]  en position (8, 5)
Pas de bÚbÚ pour Animal de la ferme: Vache en position 8 5 vie restante: 61
L'animal Vache mange Herbe[id:1167 quantite: 0]  en position (8, 0)
Pas de bÚbÚ pour Animal de la ferme: Vache en position 8 0 vie restante: 48
De l'herbe commence Ó s'agrandir en 1,5 !
De l'herbe commence Ó s'agrandir en 1,7 !
De l'herbe commence Ó s'agrandir en 3,4 !
De l'herbe commence Ó s'agrandir en 4,6 !
De l'herbe vient de pousser sur la case 4,9 !
De l'herbe commence Ó s'agrandir en 5,6 !
De l'herbe commence Ó s'agrandir en 6,3 !
De l'herbe commence Ó s'agrandir en 6,4 !
De l'herbe commence Ó s'agrandir en 6,7 !
De l'herbe vient de pousser sur la case 8,5 !
De l'herbe commence Ó s'agrandir en 9,7 !
De l'herbe vient de pousser sur la case 9,8 !
---------REAPPROVISIONNEMENT--------------
LE FERMIER RENTRE CHEZ LUI POUR RECUPERER 5 Herbe
LE FERMIER RENTRE CHEZ LUI POUR RECUPERER 3 Eau
LE FERMIER RENTRE CHEZ LUI POUR RECUPERER 5 Graine
LE FERMIER RENTRE CHEZ LUI POUR RECUPERER 3 Foin
-------ETAT ACTUEL DE LA FERME ET DE LA FORET-------
:--:--:--:--:--:--:--:--:--:--:
|He|He|He|He|He|He|  |  |He|  |
:--:--:--:--:--:--:--:--:--:--:
|He|He|He|  |He|He|  |He|He|He|
:--:--:--:--:--:--:--:--:--:--:
|He|He|He|He|  |He|He|He|He|He|
:--:--:--:--:--:--:--:--:--:--:
|He|He|He|He|He|  |He|He|He|He|
:--:--:--:--:--:--:--:--:--:--:
|He|He|He|He|He|  |He|He|He|He|
:--:--:--:--:--:--:--:--:--:--:
|He|He|He|He|He|  |He|He|  |He|
:--:--:--:--:--:--:--:--:--:--:
|He|He|He|He|He|He|Fo|He|He|He|
:--:--:--:--:--:--:--:--:--:--:
|  |He|He|He|Ea|He|He|He|  |He|
:--:--:--:--:--:--:--:--:--:--:
|  |He|He|He|He|He|He|He|He|He|
:--:--:--:--:--:--:--:--:--:--:
|He|He|  |He|  |He|He|He|He|He|
:--:--:--:--:--:--:--:--:--:--:

------------------------------------------
Simulation - JOURS 89 DE LA SAISON primtemps
------------------------------------------
------------------RESERVE-----------------
LA RESERVE CONTIENT :
Herbe[id:169 quantite: 676]  en position (0, 0)
Eau[id:170 quantite: 102]  en position (0, 0)
Graine[id:171 quantite: 563]  en position (0, 0)
Foin[id:172 quantite: 2]  en position (0, 0)
------------------------------------------
-------------------POCHE------------------
LA POCHE CONTIENT:
Herbe[id:165 quantite: 5]  en position (0, 9)
Foin[id:166 quantite: 180]  en position (0, 9)
Eau[id:167 quantite: 47]  en position (0, 9)
Graine[id:168 quantite: 218]  en position (0, 9)
------------------------------------------
------------RAPPORT JOURNALIER------------
LE FERMIER RAJOUTE Herbe x5 SUR SA CASE
Le fermier trait la vache !
L'animal Vache mange Herbe[id:936 quantite: 0]  en position (4, 7)
Pas de bÚbÚ pour Animal de la ferme: Vache en position 4 7 vie restante: 78
L'animal Vache mange Herbe[id:1224 quantite: 0]  en position (6, 1)
Pas de bÚbÚ pour Animal de la ferme: Vache en position 9 2 vie restante: 54
De l'herbe vient de pousser sur la case 0,6 !
De l'herbe commence Ó s'agrandir en 1,2 !
De l'herbe commence Ó s'agrandir en 2,8 !
De l'herbe commence Ó s'agrandir en 4,4 !
De l'herbe commence Ó s'agrandir en 4,6 !
De l'herbe commence Ó s'agrandir en 5,7 !
De l'herbe commence Ó s'agrandir en 6,4 !
De l'herbe commence Ó s'agrandir en 8,2 !
De l'herbe commence Ó s'agrandir en 8,4 !
De l'herbe commence Ó s'agrandir en 8,5 !
---------REAPPROVISIONNEMENT--------------
LE FERMIER RENTRE CHEZ LUI POUR RECUPERER 9 Herbe
LE FERMIER RENTRE CHEZ LUI POUR RECUPERER 8 Eau
LE FERMIER RENTRE CHEZ LUI POUR RECUPERER 7 Graine
LE FERMIER N'A PLUS DE Foin DANS SA RESERVE !
-------ETAT ACTUEL DE LA FERME ET DE LA FORET-------
:--:--:--:--:--:--:--:--:--:--:
|He|He|He|He|He|He|He|  |He|  |
:--:--:--:--:--:--:--:--:--:--:
|He|He|He|  |He|He|  |He|He|He|
:--:--:--:--:--:--:--:--:--:--:
|He|He|He|He|  |He|He|He|He|He|
:--:--:--:--:--:--:--:--:--:--:
|He|He|He|He|He|  |He|He|He|He|
:--:--:--:--:--:--:--:--:--:--:
|He|He|He|He|He|  |He|  |He|He|
:--:--:--:--:--:--:--:--:--:--:
|He|He|He|He|He|  |He|He|  |He|
:--:--:--:--:--:--:--:--:--:--:
|He|  |He|He|He|He|Fo|He|He|He|
:--:--:--:--:--:--:--:--:--:--:
|  |He|He|He|Ea|He|He|He|  |He|
:--:--:--:--:--:--:--:--:--:--:
|  |He|He|He|He|He|He|He|He|He|
:--:--:--:--:--:--:--:--:--:--:
|He|He|  |He|  |He|He|He|He|He|
:--:--:--:--:--:--:--:--:--:--:

UPDATE DE LA RESERVE
------------------------------------------
Simulation - JOURS 0 DE LA SAISON ete
------------------------------------------
------------------RESERVE-----------------
LA RESERVE CONTIENT :
Herbe[id:169 quantite: 697]  en position (0, 0)
Eau[id:170 quantite: 141]  en position (0, 0)
Graine[id:171 quantite: 590]  en position (0, 0)
Foin[id:172 quantite: 61]  en position (0, 0)
------------------------------------------
-------------------POCHE------------------
LA POCHE CONTIENT:
Herbe[id:165 quantite: 9]  en position (0, 9)
Foin[id:166 quantite: 180]  en position (0, 9)
Eau[id:167 quantite: 55]  en position (0, 9)
Graine[id:168 quantite: 225]  en position (0, 9)
------------------------------------------
------------RAPPORT JOURNALIER------------
LE FERMIER RAJOUTE Herbe x9 SUR SA CASE
Le fermier trait la vache !
L'animal Vache mange Herbe[id:1269 quantite: 0]  en position (0, 6)
Pas de bÚbÚ pour Animal de la ferme: Vache en position 0 6 vie restante: 100
L'animal Vache mange Herbe[id:1210 quantite: 0]  en position (6, 9)
Pas de bÚbÚ pour Animal de la ferme: Vache en position 6 9 vie restante: 81
L'animal Vache mange Herbe[id:1116 quantite: 0]  en position (7, 5)
Pas de bÚbÚ pour Animal de la ferme: Vache en position 7 9 vie restante: 100
De l'herbe vient de pousser sur la case 0,7 !
De l'herbe commence Ó s'agrandir en 1,8 !
De l'herbe commence Ó s'agrandir en 2,5 !
De l'herbe commence Ó s'agrandir en 4,4 !
De l'herbe commence Ó s'agrandir en 4,6 !
De l'herbe vient de pousser sur la case 5,8 !
De l'herbe commence Ó s'agrandir en 5,9 !
De l'herbe commence Ó s'agrandir en 7,3 !
De l'herbe commence Ó s'agrandir en 8,4 !
De l'herbe commence Ó s'agrandir en 9,7 !
De l'herbe commence Ó s'agrandir en 9,9 !
---------REAPPROVISIONNEMENT--------------
LE FERMIER RENTRE CHEZ LUI POUR RECUPERER 10 Herbe
LE FERMIER RENTRE CHEZ LUI POUR RECUPERER 6 Eau
LE FERMIER RENTRE CHEZ LUI POUR RECUPERER 4 Graine
LE FERMIER RENTRE CHEZ LUI POUR RECUPERER 7 Foin
-------ETAT ACTUEL DE LA FERME ET DE LA FORET-------
:--:--:--:--:--:--:--:--:--:--:
|He|He|He|He|He|He|  |He|He|  |
:--:--:--:--:--:--:--:--:--:--:
|He|He|He|  |He|He|  |He|He|He|
:--:--:--:--:--:--:--:--:--:--:
|He|He|He|He|  |He|He|He|He|He|
:--:--:--:--:--:--:--:--:--:--:
|He|He|He|He|He|  |He|He|He|He|
:--:--:--:--:--:--:--:--:--:--:
|He|He|He|He|He|  |He|  |He|He|
:--:--:--:--:--:--:--:--:--:--:
|He|He|He|He|He|  |He|He|He|He|
:--:--:--:--:--:--:--:--:--:--:
|He|  |He|He|He|He|Fo|He|He|  |
:--:--:--:--:--:--:--:--:--:--:
|  |He|He|He|Ea|  |He|He|  |He|
:--:--:--:--:--:--:--:--:--:--:
|  |He|He|He|He|He|He|He|He|He|
:--:--:--:--:--:--:--:--:--:--:
|He|He|  |He|  |He|He|He|He|He|
:--:--:--:--:--:--:--:--:--:--:

------------------------------------------
Simulation - JOURS 1 DE LA SAISON ete
------------------------------------------
------------------RESERVE-----------------
LA RESERVE CONTIENT :
Herbe[id:169 quantite: 687]  en position (0, 0)
Eau[id:170 quantite: 135]  en position (0, 0)
Graine[id:171 quantite: 586]  en position (0, 0)
Foin[id:172 quantite: 54]  en position (0, 0)
------------------------------------------
-------------------POCHE------------------
LA POCHE CONTIENT:
Herbe[id:165 quantite: 10]  en position (0, 9)
Foin[id:166 quantite: 187]  en position (0, 9)
Eau[id:167 quantite: 61]  en position (0, 9)
Graine[id:168 quantite: 229]  en position (0, 9)
------------------------------------------
------------RAPPORT JOURNALIER------------
LE FERMIER RAJOUTE Herbe x10 SUR SA CASE
Le fermier trait la vache !
L'animal Poule n'a pas trouvÚ de nourriture...
Pas de bÚbÚ pour Animal de la ferme: Poule en position 9 5 vie restante: 7
L'animal Vache mange Herbe[id:1253 quantite: 0]  en position (7, 6)
Pas de bÚbÚ pour Animal de la ferme: Vache en position 1 6 vie restante: 35
L'animal Vache mange Herbe[id:1258 quantite: 0]  en position (7, 9)
Pas de bÚbÚ pour Animal de la ferme: Vache en position 7 9 vie restante: 100
De l'herbe vient de pousser sur la case 1,6 !
De l'herbe commence Ó s'agrandir en 1,8 !
De l'herbe commence Ó s'agrandir en 2,8 !
De l'herbe commence Ó s'agrandir en 3,0 !
De l'herbe commence Ó s'agrandir en 5,3 !
De l'herbe commence Ó s'agrandir en 6,5 !
De l'herbe commence Ó s'agrandir en 6,7 !
De l'herbe vient de pousser sur la case 7,8 !
De l'herbe commence Ó s'agrandir en 8,1 !
De l'herbe commence Ó s'agrandir en 8,8 !
---------REAPPROVISIONNEMENT--------------
LE FERMIER RENTRE CHEZ LUI POUR RECUPERER 9 Herbe
LE FERMIER RENTRE CHEZ LUI POUR RECUPERER 2 Eau
LE FERMIER RENTRE CHEZ LUI POUR RECUPERER 2 Graine
LE FERMIER RENTRE CHEZ LUI POUR RECUPERER 11 Foin
-------ETAT ACTUEL DE LA FERME ET DE LA FORET-------
:--:--:--:--:--:--:--:--:--:--:
|He|He|He|He|He|He|  |He|He|  |
:--:--:--:--:--:--:--:--:--:--:
|He|He|He|  |He|He|He|He|He|He|
:--:--:--:--:--:--:--:--:--:--:
|He|He|He|He|  |He|He|He|He|He|
:--:--:--:--:--:--:--:--:--:--:
|He|He|He|He|He|  |He|He|He|He|
:--:--:--:--:--:--:--:--:--:--:
|He|He|He|He|He|  |He|  |He|He|
:--:--:--:--:--:--:--:--:--:--:
|He|He|He|He|He|  |He|He|He|He|
:--:--:--:--:--:--:--:--:--:--:
|He|  |He|He|He|He|Fo|He|He|  |
:--:--:--:--:--:--:--:--:--:--:
|  |He|He|He|Ea|  |  |He|He|  |
:--:--:--:--:--:--:--:--:--:--:
|  |He|He|He|He|He|He|He|He|He|
:--:--:--:--:--:--:--:--:--:--:
|He|He|  |He|  |  |He|He|He|He|
:--:--:--:--:--:--:--:--:--:--:

------------------------------------------
Simulation - JOURS 2 DE LA SAISON ete
------------------------------------------
------------------RESERVE-----------------
LA RESERVE CONTIENT :
Herbe[id:169 quantite: 678]  en position (0, 0)
Eau[id:170 quantite: 133]  en position (0, 0)
Graine[id:171 quantite: 584]  en position (0, 0)
Foin[id:172 quantite: 43]  en position (0, 0)
------------------------------------------
-------------------POCHE------------------
LA POCHE CONTIENT:
Herbe[id:165 quantite: 9]  en position (0, 9)
Foin[id:166 quantite: 198]  en position (0, 9)
Eau[id:167 quantite: 63]  en position (0, 9)
Graine[id:168 quantite: 231]  en position (0, 9)
------------------------------------------
------------RAPPORT JOURNALIER------------
LE FERMIER RAJOUTE Herbe x9 SUR SA CASE
De l'herbe commence Ó s'agrandir en 3,0 !
De l'herbe commence Ó s'agrandir en 3,2 !
De l'herbe commence Ó s'agrandir en 5,7 !
De l'herbe commence Ó s'agrandir en 5,9 !
De l'herbe commence Ó s'agrandir en 6,5 !
De l'herbe vient de pousser sur la case 6,9 !
De l'herbe commence Ó s'agrandir en 8,2 !
---------REAPPROVISIONNEMENT--------------
LE FERMIER RENTRE CHEZ LUI POUR RECUPERER 5 Herbe
LE FERMIER RENTRE CHEZ LUI POUR RECUPERER 7 Eau
LE FERMIER RENTRE CHEZ LUI POUR RECUPERER 3 Graine
LE FERMIER RENTRE CHEZ LUI POUR RECUPERER 6 Foin
-------ETAT ACTUEL DE LA FERME ET DE LA FORET-------
:--:--:--:--:--:--:--:--:--:--:
|He|He|He|He|He|He|  |He|He|  |
:--:--:--:--:--:--:--:--:--:--:
|He|He|He|  |He|He|He|He|He|He|
:--:--:--:--:--:--:--:--:--:--:
|He|He|He|He|  |He|He|He|He|He|
:--:--:--:--:--:--:--:--:--:--:
|He|He|He|He|He|  |He|He|He|He|
:--:--:--:--:--:--:--:--:--:--:
|He|He|He|He|He|  |He|  |He|He|
:--:--:--:--:--:--:--:--:--:--:
|He|He|He|He|He|  |He|He|He|He|
:--:--:--:--:--:--:--:--:--:--:
|He|  |He|He|He|He|Fo|He|He|He|
:--:--:--:--:--:--:--:--:--:--:
|  |He|He|He|Ea|  |  |He|He|  |
:--:--:--:--:--:--:--:--:--:--:
|  |He|He|He|He|He|He|He|He|He|
:--:--:--:--:--:--:--:--:--:--:
|He|He|  |He|  |  |He|He|He|He|
:--:--:--:--:--:--:--:--:--:--:

------------------------------------------
Simulation - JOURS 3 DE LA SAISON ete
------------------------------------------
------------------RESERVE-----------------
LA RESERVE CONTIENT :
Herbe[id:169 quantite: 673]  en position (0, 0)
Eau[id:170 quantite: 126]  en position (0, 0)
Graine[id:171 quantite: 581]  en position (0, 0)
Foin[id:172 quantite: 37]  en position (0, 0)
------------------------------------------
-------------------POCHE------------------
LA POCHE CONTIENT:
Herbe[id:165 quantite: 5]  en position (0, 9)
Foin[id:166 quantite: 204]  en position (0, 9)
Eau[id:167 quantite: 70]  en position (0, 9)
Graine[id:168 quantite: 234]  en position (0, 9)
------------------------------------------
------------RAPPORT JOURNALIER------------
LE FERMIER RAJOUTE Herbe x5 SUR SA CASE
Le fermier trait la vache !
Le fermier trait la vache !
Le fermier trait la vache !
L'animal Vache mange Herbe[id:1235 quantite: 0]  en position (1, 8)
Pas de bÚbÚ pour Animal de la ferme: Vache en position 6 3 vie restante: 97
L'animal Vache mange Herbe[id:1273 quantite: 0]  en position (0, 7)
Pas de bÚbÚ pour Animal de la ferme: Vache en position 0 7 vie restante: 43
De l'herbe commence Ó s'agrandir en 0,3 !
De l'herbe commence Ó s'agrandir en 1,5 !
De l'herbe commence Ó s'agrandir en 2,6 !
De l'herbe commence Ó s'agrandir en 2,9 !
De l'herbe commence Ó s'agrandir en 3,7 !
De l'herbe commence Ó s'agrandir en 6,5 !
De l'herbe commence Ó s'agrandir en 7,1 !
De l'herbe commence Ó s'agrandir en 8,9 !
De l'herbe commence Ó s'agrandir en 9,7 !
De l'herbe commence Ó s'agrandir en 9,8 !
---------REAPPROVISIONNEMENT--------------
LE FERMIER RENTRE CHEZ LUI POUR RECUPERER 3 Herbe
LE FERMIER RENTRE CHEZ LUI POUR RECUPERER 5 Eau
LE FERMIER RENTRE CHEZ LUI POUR RECUPERER 2 Graine
LE FERMIER RENTRE CHEZ LUI POUR RECUPERER 3 Foin
-------ETAT ACTUEL DE LA FERME ET DE LA FORET-------
:--:--:--:--:--:--:--:--:--:--:
|He|He|He|He|He|He|  |  |He|  |
:--:--:--:--:--:--:--:--:--:--:
|He|He|He|  |He|He|He|He|  |He|
:--:--:--:--:--:--:--:--:--:--:
|He|He|He|He|  |He|He|He|He|He|
:--:--:--:--:--:--:--:--:--:--:
|He|He|He|He|He|  |He|He|He|He|
:--:--:--:--:--:--:--:--:--:--:
|He|He|He|He|He|  |He|  |He|He|
:--:--:--:--:--:--:--:--:--:--:
|He|He|He|He|He|  |He|He|He|He|
:--:--:--:--:--:--:--:--:--:--:
|He|  |He|He|He|He|Fo|He|He|He|
:--:--:--:--:--:--:--:--:--:--:
|  |He|He|He|Ea|  |  |He|He|  |
:--:--:--:--:--:--:--:--:--:--:
|  |He|He|He|He|He|He|He|He|He|
:--:--:--:--:--:--:--:--:--:--:
|He|He|  |He|  |  |He|He|He|He|
:--:--:--:--:--:--:--:--:--:--:

------------------------------------------
Simulation - JOURS 4 DE LA SAISON ete
------------------------------------------
------------------RESERVE-----------------
LA RESERVE CONTIENT :
Herbe[id:169 quantite: 670]  en position (0, 0)
Eau[id:170 quantite: 121]  en position (0, 0)
Graine[id:171 quantite: 579]  en position (0, 0)
Foin[id:172 quantite: 34]  en position (0, 0)
------------------------------------------
-------------------POCHE------------------
LA POCHE CONTIENT:
Herbe[id:165 quantite: 3]  en position (0, 9)
Foin[id:166 quantite: 207]  en position (0, 9)
Eau[id:167 quantite: 75]  en position (0, 9)
Graine[id:168 quantite: 236]  en position (0, 9)
------------------------------------------
------------RAPPORT JOURNALIER------------
Le fermier dÚpose 3 Herbe par terre
Le fermier trait la vache !
Le fermier trait la vache !
L'animal Vache mange Herbe[id:1250 quantite: 0]  en position (1, 4)
Pas de bÚbÚ pour Animal de la ferme: Vache en position 9 4 vie restante: 83
L'animal Vache mange Herbe[id:1238 quantite: 0]  en position (4, 8)
Pas de bÚbÚ pour Animal de la ferme: Vache en position 4 8 vie restante: 52
L'animal Vache mange Herbe[id:1147 quantite: 0]  en position (9, 3)
Pas de bÚbÚ pour Animal de la ferme: Vache en position 9 3 vie restante: 85
L'animal Vache mange Herbe[id:1198 quantite: 0]  en position (9, 6)
Pas de bÚbÚ pour Animal de la ferme: Vache en position 9 6 vie restante: 100
De l'herbe commence Ó s'agrandir en 1,2 !
De l'herbe vient de pousser sur la case 1,4 !
De l'herbe commence Ó s'agrandir en 1,5 !
De l'herbe commence Ó s'agrandir en 2,0 !
De l'herbe commence Ó s'agrandir en 2,1 !
De l'herbe commence Ó s'agrandir en 2,9 !
De l'herbe commence Ó s'agrandir en 3,5 !
De l'herbe commence Ó s'agrandir en 3,8 !
De l'herbe commence Ó s'agrandir en 4,2 !
De l'herbe vient de pousser sur la case 5,5 !
De l'herbe commence Ó s'agrandir en 5,9 !
De l'herbe vient de pousser sur la case 7,5 !
De l'herbe commence Ó s'agrandir en 8,4 !
De l'herbe commence Ó s'agrandir en 9,9 !
---------REAPPROVISIONNEMENT--------------
LE FERMIER RENTRE CHEZ LUI POUR RECUPERER 7 Herbe
LE FERMIER RENTRE CHEZ LUI POUR RECUPERER 3 Eau
LE FERMIER RENTRE CHEZ LUI POUR RECUPERER 4 Graine
LE FERMIER RENTRE CHEZ LUI POUR RECUPERER 7 Foin
-------ETAT ACTUEL DE LA FERME ET DE LA FORET-------
:--:--:--:--:--:--:--:--:--:--:
|He|He|He|He|He|He|  |  |He|  |
:--:--:--:--:--:--:--:--:--:--:
|He|He|He|  |He|He|He|He|  |He|
:--:--:--:--:--:--:--:--:--:--:
|He|He|He|He|  |He|He|He|He|He|
:--:--:--:--:--:--:--:--:--:--:
|He|He|He|He|He|He|He|He|He|He|
:--:--:--:--:--:--:--:--:--:--:
|He|He|He|He|He|  |He|  |  |He|
:--:--:--:--:--:--:--:--:--:--:
|He|He|He|He|He|He|He|He|He|He|
:--:--:--:--:--:--:--:--:--:--:
|He|  |He|He|He|He|Fo|He|He|He|
:--:--:--:--:--:--:--:--:--:--:
|  |He|He|He|Ea|He|  |He|He|  |
:--:--:--:--:--:--:--:--:--:--:
|  |He|He|He|He|He|He|He|He|He|
:--:--:--:--:--:--:--:--:--:--:
|He|He|  |  |  |  |  |He|He|He|
:--:--:--:--:--:--:--:--:--:--:

------------------------------------------
Simulation - JOURS 5 DE LA SAISON ete
------------------------------------------
------------------RESERVE-----------------
LA RESERVE CONTIENT :
Herbe[id:169 quantite: 663]  en position (0, 0)
Eau[id:170 quantite: 118]  en position (0, 0)
Graine[id:171 quantite: 575]  en position (0, 0)
Foin[id:172 quantite: 27]  en position (0, 0)
------------------------------------------
-------------------POCHE------------------
LA POCHE CONTIENT:
Herbe[id:165 quantite: 7]  en position (3, 5)
Foin[id:166 quantite: 214]  en position (3, 5)
Eau[id:167 quantite: 78]  en position (3, 5)
Graine[id:168 quantite: 240]  en position (3, 5)
------------------------------------------
------------RAPPORT JOURNALIER------------
LE FERMIER RAJOUTE Herbe x7 SUR SA CASE
L'animal Poule n'a pas trouvÚ de nourriture...
Pas de bÚbÚ pour Animal de la ferme: Poule en position 1 6 vie restante: 7
L'animal Vache mange Herbe[id:1279 quantite: 0]  en position (7, 8)
Pas de bÚbÚ pour Animal de la ferme: Vache en position 7 8 vie restante: 54
De l'herbe commence Ó s'agrandir en 0,1 !
De l'herbe commence Ó s'agrandir en 1,2 !
De l'herbe vient de pousser sur la case 1,8 !
De l'herbe vient de pousser sur la case 2,4 !
De l'herbe commence Ó s'agrandir en 3,0 !
De l'herbe commence Ó s'agrandir en 3,3 !
De l'herbe commence Ó s'agrandir en 4,1 !
De l'herbe commence Ó s'agrandir en 8,6 !
De l'herbe commence Ó s'agrandir en 9,0 !
De l'herbe commence Ó s'agrandir en 9,8 !
De l'herbe commence Ó s'agrandir en 9,9 !
---------REAPPROVISIONNEMENT--------------
LE FERMIER RENTRE CHEZ LUI POUR RECUPERER 6 Herbe
LE FERMIER RENTRE CHEZ LUI POUR RECUPERER 8 Eau
LE FERMIER RENTRE CHEZ LUI POUR RECUPERER 6 Graine
LE FERMIER RENTRE CHEZ LUI POUR RECUPERER 11 Foin
-------ETAT ACTUEL DE LA FERME ET DE LA FORET-------
:--:--:--:--:--:--:--:--:--:--:
|He|He|He|He|He|He|  |  |He|  |
:--:--:--:--:--:--:--:--:--:--:
|He|He|He|  |He|He|  |He|He|He|
:--:--:--:--:--:--:--:--:--:--:
|He|He|He|He|He|He|He|He|He|He|
:--:--:--:--:--:--:--:--:--:--:
|He|He|He|He|He|He|He|He|He|He|
:--:--:--:--:--:--:--:--:--:--:
|He|He|He|He|He|  |He|  |  |He|
:--:--:--:--:--:--:--:--:--:--:
|He|He|He|He|He|He|He|He|He|He|
:--:--:--:--:--:--:--:--:--:--:
|He|  |He|He|He|He|Fo|He|He|He|
:--:--:--:--:--:--:--:--:--:--:
|  |He|He|He|Ea|He|  |He|  |  |
:--:--:--:--:--:--:--:--:--:--:
|  |He|He|He|He|He|He|He|He|He|
:--:--:--:--:--:--:--:--:--:--:
|He|He|  |  |  |  |  |He|He|He|
:--:--:--:--:--:--:--:--:--:--:

------------------------------------------
Simulation - JOURS 6 DE LA SAISON ete
------------------------------------------
------------------RESERVE-----------------
LA RESERVE CONTIENT :
Herbe[id:169 quantite: 657]  en position (0, 0)
Eau[id:170 quantite: 110]  en position (0, 0)
Graine[id:171 quantite: 569]  en position (0, 0)
Foin[id:172 quantite: 16]  en position (0, 0)
------------------------------------------
-------------------POCHE------------------
LA POCHE CONTIENT:
Herbe[id:165 quantite: 6]  en position (3, 5)
Foin[id:166 quantite: 225]  en position (3, 5)
Eau[id:167 quantite: 86]  en position (3, 5)
Graine[id:168 quantite: 246]  en position (3, 5)
------------------------------------------
------------RAPPORT JOURNALIER------------
LE FERMIER RAJOUTE Herbe x6 SUR SA CASE
L'animal Vache mange Herbe[id:1290 quantite: 0]  en position (7, 5)
Pas de bÚbÚ pour Animal de la ferme: Vache en position 7 5 vie restante: 60
L'animal Vache mange Herbe[id:1249 quantite: 0]  en position (1, 0)
Pas de bÚbÚ pour Animal de la ferme: Vache en position 1 0 vie restante: 96
L'animal Vache mange Herbe[id:1257 quantite: 0]  en position (7, 3)
Pas de bÚbÚ pour Animal de la ferme: Vache en position 7 3 vie restante: 100
De l'herbe commence Ó s'agrandir en 0,0 !
De l'herbe commence Ó s'agrandir en 1,1 !
De l'herbe commence Ó s'agrandir en 1,4 !
De l'herbe commence Ó s'agrandir en 2,3 !
De l'herbe commence Ó s'agrandir en 3,0 !
De l'herbe commence Ó s'agrandir en 4,1 !
De l'herbe commence Ó s'agrandir en 4,4 !
De l'herbe commence Ó s'agrandir en 5,7 !
De l'herbe commence Ó s'agrandir en 6,0 !
De l'herbe vient de pousser sur la case 6,1 !
De l'herbe commence Ó s'agrandir en 6,2 !
De l'herbe vient de pousser sur la case 7,5 !
De l'herbe commence Ó s'agrandir en 8,6 !
De l'herbe commence Ó s'agrandir en 9,1 !
---------REAPPROVISIONNEMENT--------------
LE FERMIER RENTRE CHEZ LUI POUR RECUPERER 4 Herbe
LE FERMIER RENTRE CHEZ LUI POUR RECUPERER 10 Eau
LE FERMIER RENTRE CHEZ LUI POUR RECUPERER 6 Graine
LE FERMIER RENTRE CHEZ LUI POUR RECUPERER 3 Foin
-------ETAT ACTUEL DE LA FERME ET DE LA FORET-------
:--:--:--:--:--:--:--:--:--:--:
|He|He|He|He|He|He|  |  |He|  |
:--:--:--:--:--:--:--:--:--:--:
|  |He|He|  |He|He|  |He|He|He|
:--:--:--:--:--:--:--:--:--:--:
|He|He|He|He|He|He|He|He|He|He|
:--:--:--:--:--:--:--:--:--:--:
|He|He|He|He|He|He|He|He|He|He|
:--:--:--:--:--:--:--:--:--:--:
|He|He|He|He|He|  |He|  |  |He|
:--:--:--:--:--:--:--:--:--:--:
|He|He|He|He|He|He|He|He|He|He|
:--:--:--:--:--:--:--:--:--:--:
|He|He|He|He|He|He|Fo|He|He|He|
:--:--:--:--:--:--:--:--:--:--:
|  |He|He|  |Ea|He|  |He|  |  |
:--:--:--:--:--:--:--:--:--:--:
|  |He|He|He|He|He|He|He|He|He|
:--:--:--:--:--:--:--:--:--:--:
|He|He|  |  |  |  |  |He|He|He|
:--:--:--:--:--:--:--:--:--:--:

------------------------------------------
Simulation - JOURS 7 DE LA SAISON ete
------------------------------------------
------------------RESERVE-----------------
LA RESERVE CONTIENT :
Herbe[id:169 quantite: 653]  en position (0, 0)
Eau[id:170 quantite: 100]  en position (0, 0)
Graine[id:171 quantite: 563]  en position (0, 0)
Foin[id:172 quantite: 13]  en position (0, 0)
------------------------------------------
-------------------POCHE------------------
LA POCHE CONTIENT:
Herbe[id:165 quantite: 4]  en position (3, 5)
Foin[id:166 quantite: 228]  en position (3, 5)
Eau[id:167 quantite: 96]  en position (3, 5)
Graine[id:168 quantite: 252]  en position (3, 5)
------------------------------------------
------------RAPPORT JOURNALIER------------
LE FERMIER RAJOUTE Herbe x4 SUR SA CASE
Le fermier trait la vache !
Le fermier trait la vache !
Le fermier trait la vache !
L'animal Vache mange Herbe[id:1289 quantite: 0]  en position (5, 5)
Pas de bÚbÚ pour Animal de la ferme: Vache en position 5 5 vie restante: 66
L'animal Vache mange Herbe[id:1294 quantite: 0]  en position (2, 4)
Pas de bÚbÚ pour Animal de la ferme: Vache en position 2 4 vie restante: 49
De l'herbe vient de pousser sur la case 0,6 !
De l'herbe commence Ó s'agrandir en 2,2 !
De l'herbe vient de pousser sur la case 4,5 !
De l'herbe vient de pousser sur la case 4,8 !
De l'herbe commence Ó s'agrandir en 5,8 !
De l'herbe commence Ó s'agrandir en 5,9 !
De l'herbe commence Ó s'agrandir en 6,2 !
De l'herbe commence Ó s'agrandir en 8,2 !
De l'herbe commence Ó s'agrandir en 8,4 !
De l'herbe commence Ó s'agrandir en 8,9 !
De l'herbe commence Ó s'agrandir en 9,1 !
De l'herbe vient de pousser sur la case 9,4 !
---------REAPPROVISIONNEMENT--------------
LE FERMIER RENTRE CHEZ LUI POUR RECUPERER 6 Herbe
LE FERMIER RENTRE CHEZ LUI POUR RECUPERER 7 Eau
LE FERMIER RENTRE CHEZ LUI POUR RECUPERER 11 Graine
LE FERMIER RENTRE CHEZ LUI POUR RECUPERER 3 Foin
-------ETAT ACTUEL DE LA FERME ET DE LA FORET-------
:--:--:--:--:--:--:--:--:--:--:
|He|He|He|He|He|He|He|  |He|  |
:--:--:--:--:--:--:--:--:--:--:
|  |He|He|  |He|He|  |He|He|He|
:--:--:--:--:--:--:--:--:--:--:
|He|He|He|He|  |He|He|He|He|He|
:--:--:--:--:--:--:--:--:--:--:
|He|He|He|He|He|He|He|He|He|He|
:--:--:--:--:--:--:--:--:--:--:
|He|He|He|He|He|He|He|  |He|He|
:--:--:--:--:--:--:--:--:--:--:
|He|He|He|He|He|  |He|He|He|He|
:--:--:--:--:--:--:--:--:--:--:
|He|He|He|He|He|He|Fo|He|He|He|
:--:--:--:--:--:--:--:--:--:--:
|  |He|He|  |Ea|He|  |He|  |  |
:--:--:--:--:--:--:--:--:--:--:
|  |He|He|He|He|He|He|He|He|He|
:--:--:--:--:--:--:--:--:--:--:
|He|He|  |  |He|  |  |He|He|He|
:--:--:--:--:--:--:--:--:--:--:

------------------------------------------
Simulation - JOURS 8 DE LA SAISON ete
------------------------------------------
------------------RESERVE-----------------
LA RESERVE CONTIENT :
Herbe[id:169 quantite: 647]  en position (0, 0)
Eau[id:170 quantite: 93]  en position (0, 0)
Graine[id:171 quantite: 552]  en position (0, 0)
Foin[id:172 quantite: 10]  en position (0, 0)
------------------------------------------
-------------------POCHE------------------
LA POCHE CONTIENT:
Herbe[id:165 quantite: 6]  en position (3, 5)
Foin[id:166 quantite: 231]  en position (3, 5)
Eau[id:167 quantite: 103]  en position (3, 5)
Graine[id:168 quantite: 263]  en position (3, 5)
------------------------------------------
------------RAPPORT JOURNALIER------------
LE FERMIER RAJOUTE Herbe x6 SUR SA CASE
Le fermier trait la vache !
L'animal Vache mange Herbe[id:1160 quantite: 0]  en position (9, 1)
Pas de bÚbÚ pour Animal de la ferme: Vache en position 9 1 vie restante: 86
L'animal prÚdateur mange Animal de la ferme: Vache en position 9 6 vie restante: 100
De l'herbe commence Ó s'agrandir en 1,2 !
De l'herbe commence Ó s'agrandir en 1,7 !
De l'herbe commence Ó s'agrandir en 2,1 !
De l'herbe vient de pousser sur la case 2,4 !
De l'herbe commence Ó s'agrandir en 3,1 !
De l'herbe commence Ó s'agrandir en 4,2 !
De l'herbe commence Ó s'agrandir en 5,3 !
De l'herbe commence Ó s'agrandir en 5,4 !
De l'herbe commence Ó s'agrandir en 7,2 !
De l'herbe commence Ó s'agrandir en 9,7 !
---------REAPPROVISIONNEMENT--------------
LE FERMIER RENTRE CHEZ LUI POUR RECUPERER 6 Herbe
LE FERMIER RENTRE CHEZ LUI POUR RECUPERER 9 Eau
LE FERMIER RENTRE CHEZ LUI POUR RECUPERER 3 Graine
LE FERMIER RENTRE CHEZ LUI POUR RECUPERER 9 Foin
-------ETAT ACTUEL DE LA FERME ET DE LA FORET-------
:--:--:--:--:--:--:--:--:--:--:
|He|He|He|He|He|He|He|  |He|  |
:--:--:--:--:--:--:--:--:--:--:
|  |He|He|  |He|He|  |He|He|He|
:--:--:--:--:--:--:--:--:--:--:
|He|He|He|He|He|He|He|He|He|He|
:--:--:--:--:--:--:--:--:--:--:
|He|He|He|He|He|He|He|He|He|He|
:--:--:--:--:--:--:--:--:--:--:
|He|He|He|He|He|He|He|  |He|He|
:--:--:--:--:--:--:--:--:--:--:
|He|He|He|He|He|  |He|He|He|He|
:--:--:--:--:--:--:--:--:--:--:
|He|He|He|He|He|He|Fo|He|He|He|
:--:--:--:--:--:--:--:--:--:--:
|  |He|He|  |Ea|He|  |He|  |  |
:--:--:--:--:--:--:--:--:--:--:
|  |He|He|He|He|He|He|He|He|He|
:--:--:--:--:--:--:--:--:--:--:
|He|  |  |  |He|  |  |He|He|He|
:--:--:--:--:--:--:--:--:--:--:

------------------------------------------
Simulation - JOURS 9 DE LA SAISON ete
------------------------------------------
------------------RESERVE-----------------
LA RESERVE CONTIENT :
Herbe[id:169 quantite: 641]  en position (0, 0)
Eau[id:170 quantite: 84]  en position (0, 0)
Graine[id:171 quantite: 549]  en position (0, 0)
Foin[id:172 quantite: 1]  en position (0, 0)
------------------------------------------
-------------------POCHE------------------
LA POCHE CONTIENT:
Herbe[id:165 quantite: 6]  en position (3, 5)
Foin[id:166 quantite: 240]  en position (3, 5)
Eau[id:167 quantite: 112]  en position (3, 5)
Graine[id:168 quantite: 266]  en position (3, 5)
------------------------------------------
------------RAPPORT JOURNALIER------------
LE FERMIER RAJOUTE Herbe x6 SUR SA CASE
L'animal Vache mange Herbe[id:1252 quantite: 0]  en position (2, 9)
Pas de bÚbÚ pour Animal de la ferme: Vache en position 2 9 vie restante: 100
De l'herbe commence Ó s'agrandir en 0,2 !
De l'herbe commence Ó s'agrandir en 0,4 !
De l'herbe commence Ó s'agrandir en 0,6 !
De l'herbe commence Ó s'agrandir en 1,7 !
De l'herbe commence Ó s'agrandir en 3,4 !
De l'herbe commence Ó s'agrandir en 3,9 !
De l'herbe commence Ó s'agrandir en 4,3 !
De l'herbe commence Ó s'agrandir en 4,5 !
De l'herbe vient de pousser sur la case 4,7 !
De l'herbe commence Ó s'agrandir en 4,9 !
De l'herbe commence Ó s'agrandir en 5,3 !
De l'herbe commence Ó s'agrandir en 5,9 !
De l'herbe vient de pousser sur la case 7,0 !
---------REAPPROVISIONNEMENT--------------
LE FERMIER RENTRE CHEZ LUI POUR RECUPERER 8 Herbe
LE FERMIER RENTRE CHEZ LUI POUR RECUPERER 7 Eau
LE FERMIER RENTRE CHEZ LUI POUR RECUPERER 9 Graine
LE FERMIER N'A PLUS DE Foin DANS SA RESERVE !
-------ETAT ACTUEL DE LA FERME ET DE LA FORET-------
:--:--:--:--:--:--:--:--:--:--:
|He|He|He|He|He|He|He|  |He|  |
:--:--:--:--:--:--:--:--:--:--:
|  |He|He|  |He|He|  |He|He|He|
:--:--:--:--:--:--:--:--:--:--:
|He|He|He|He|He|He|He|He|He|  |
:--:--:--:--:--:--:--:--:--:--:
|He|He|He|He|He|He|He|He|He|He|
:--:--:--:--:--:--:--:--:--:--:
|He|He|He|He|He|He|He|He|He|He|
:--:--:--:--:--:--:--:--:--:--:
|He|He|He|He|He|  |He|He|He|He|
:--:--:--:--:--:--:--:--:--:--:
|He|He|He|He|He|He|Fo|He|He|He|
:--:--:--:--:--:--:--:--:--:--:
|He|He|He|  |Ea|He|  |He|  |  |
:--:--:--:--:--:--:--:--:--:--:
|  |He|He|He|He|He|He|He|He|He|
:--:--:--:--:--:--:--:--:--:--:
|He|  |  |  |He|  |  |He|He|He|
:--:--:--:--:--:--:--:--:--:--:

UPDATE DE LA RESERVE
------------------------------------------
Simulation - JOURS 10 DE LA SAISON ete
------------------------------------------
------------------RESERVE-----------------
LA RESERVE CONTIENT :
Herbe[id:169 quantite: 712]  en position (0, 0)
Eau[id:170 quantite: 177]  en position (0, 0)
Graine[id:171 quantite: 575]  en position (0, 0)
Foin[id:172 quantite: 75]  en position (0, 0)
------------------------------------------
-------------------POCHE------------------
LA POCHE CONTIENT:
Herbe[id:165 quantite: 8]  en position (3, 5)
Foin[id:166 quantite: 240]  en position (3, 5)
Eau[id:167 quantite: 119]  en position (3, 5)
Graine[id:168 quantite: 275]  en position (3, 5)
------------------------------------------
------------RAPPORT JOURNALIER------------
LE FERMIER RAJOUTE Herbe x8 SUR SA CASE
Le fermier trait la vache !
Le fermier trait la vache !
L'animal Vache mange Herbe[id:1302 quantite: 0]  en position (0, 6)
Pas de bÚbÚ pour Animal de la ferme: Vache en position 0 6 vie restante: 72
De l'herbe commence Ó s'agrandir en 0,0 !
De l'herbe commence Ó s'agrandir en 3,9 !
De l'herbe commence Ó s'agrandir en 4,2 !
De l'herbe commence Ó s'agrandir en 7,5 !
De l'herbe vient de pousser sur la case 7,6 !
De l'herbe vient de pousser sur la case 7,8 !
De l'herbe commence Ó s'agrandir en 9,7 !
De l'herbe commence Ó s'agrandir en 9,9 !
---------REAPPROVISIONNEMENT--------------
LE FERMIER RENTRE CHEZ LUI POUR RECUPERER 4 Herbe
LE FERMIER RENTRE CHEZ LUI POUR RECUPERER 11 Eau
LE FERMIER RENTRE CHEZ LUI POUR RECUPERER 3 Graine
LE FERMIER RENTRE CHEZ LUI POUR RECUPERER 9 Foin
-------ETAT ACTUEL DE LA FERME ET DE LA FORET-------
:--:--:--:--:--:--:--:--:--:--:
|He|He|He|He|He|He|  |  |He|  |
:--:--:--:--:--:--:--:--:--:--:
|  |He|He|  |He|He|  |He|He|He|
:--:--:--:--:--:--:--:--:--:--:
|He|He|He|He|He|He|He|He|He|  |
:--:--:--:--:--:--:--:--:--:--:
|He|He|He|He|He|He|He|He|He|He|
:--:--:--:--:--:--:--:--:--:--:
|He|He|He|He|He|He|He|He|He|He|
:--:--:--:--:--:--:--:--:--:--:
|He|He|He|He|He|  |He|He|He|He|
:--:--:--:--:--:--:--:--:--:--:
|He|He|He|He|He|He|Fo|He|He|He|
:--:--:--:--:--:--:--:--:--:--:
|He|He|He|  |Ea|He|He|He|He|  |
:--:--:--:--:--:--:--:--:--:--:
|  |He|He|He|He|He|He|He|He|He|
:--:--:--:--:--:--:--:--:--:--:
|He|  |  |  |He|  |  |He|He|He|
:--:--:--:--:--:--:--:--:--:--:

------------------------------------------
Simulation - JOURS 11 DE LA SAISON ete
------------------------------------------
------------------RESERVE-----------------
LA RESERVE CONTIENT :
Herbe[id:169 quantite: 708]  en position (0, 0)
Eau[id:170 quantite: 166]  en position (0, 0)
Graine[id:171 quantite: 572]  en position (0, 0)
Foin[id:172 quantite: 66]  en position (0, 0)
------------------------------------------
-------------------POCHE------------------
LA POCHE CONTIENT:
Herbe[id:165 quantite: 4]  en position (3, 5)
Foin[id:166 quantite: 249]  en position (3, 5)
Eau[id:167 quantite: 130]  en position (3, 5)
Graine[id:168 quantite: 278]  en position (3, 5)
------------------------------------------
------------RAPPORT JOURNALIER------------
LE FERMIER RAJOUTE Herbe x4 SUR SA CASE
Le fermier trait la vache !
Le fermier trait la vache !
L'animal Poule n'a pas trouvÚ de nourriture...
Pas de bÚbÚ pour Animal de la ferme: Poule en position 6 1 vie restante: 7
L'animal Vache mange Herbe[id:1305 quantite: 0]  en position (9, 4)
Pas de bÚbÚ pour Animal de la ferme: Vache en position 2 3 vie restante: 93
De l'herbe commence Ó s'agrandir en 0,1 !
De l'herbe commence Ó s'agrandir en 0,8 !
De l'herbe commence Ó s'agrandir en 2,6 !
De l'herbe commence Ó s'agrandir en 5,3 !
De l'herbe commence Ó s'agrandir en 5,6 !
De l'herbe commence Ó s'agrandir en 6,0 !
De l'herbe commence Ó s'agrandir en 6,9 !
De l'herbe vient de pousser sur la case 7,3 !
De l'herbe commence Ó s'agrandir en 8,1 !
De l'herbe vient de pousser sur la case 9,1 !
De l'herbe vient de pousser sur la case 9,2 !
---------REAPPROVISIONNEMENT--------------
LE FERMIER RENTRE CHEZ LUI POUR RECUPERER 10 Herbe
LE FERMIER RENTRE CHEZ LUI POUR RECUPERER 5 Eau
LE FERMIER RENTRE CHEZ LUI POUR RECUPERER 2 Graine
LE FERMIER RENTRE CHEZ LUI POUR RECUPERER 4 Foin
-------ETAT ACTUEL DE LA FERME ET DE LA FORET-------
:--:--:--:--:--:--:--:--:--:--:
|He|He|He|He|He|He|  |  |He|  |
:--:--:--:--:--:--:--:--:--:--:
|  |He|He|  |He|He|  |He|He|He|
:--:--:--:--:--:--:--:--:--:--:
|He|He|He|He|He|He|He|He|He|  |
:--:--:--:--:--:--:--:--:--:--:
|He|He|He|He|He|He|He|He|He|He|
:--:--:--:--:--:--:--:--:--:--:
|He|He|He|He|He|He|He|He|  |He|
:--:--:--:--:--:--:--:--:--:--:
|He|He|He|He|He|  |He|He|He|He|
:--:--:--:--:--:--:--:--:--:--:
|He|He|He|He|He|He|Fo|He|He|He|
:--:--:--:--:--:--:--:--:--:--:
|He|He|He|He|Ea|He|He|He|He|  |
:--:--:--:--:--:--:--:--:--:--:
|  |He|He|He|He|He|He|He|He|He|
:--:--:--:--:--:--:--:--:--:--:
|He|He|He|  |  |  |  |He|He|He|
:--:--:--:--:--:--:--:--:--:--:

------------------------------------------
Simulation - JOURS 12 DE LA SAISON ete
------------------------------------------
------------------RESERVE-----------------
LA RESERVE CONTIENT :
Herbe[id:169 quantite: 698]  en position (0, 0)
Eau[id:170 quantite: 161]  en position (0, 0)
Graine[id:171 quantite: 570]  en position (0, 0)
Foin[id:172 quantite: 62]  en position (0, 0)
------------------------------------------
-------------------POCHE------------------
LA POCHE CONTIENT:
Herbe[id:165 quantite: 10]  en position (3, 5)
Foin[id:166 quantite: 253]  en position (3, 5)
Eau[id:167 quantite: 135]  en position (3, 5)
Graine[id:168 quantite: 280]  en position (3, 5)
------------------------------------------
------------RAPPORT JOURNALIER------------
Le fermier dÚpose 253 Foin par terre
Le fermier trait la vache !
Le fermier trait la vache !
L'animal Poule n'a pas trouvÚ de nourriture...
Pas de bÚbÚ pour Animal de la ferme: Poule en position 6 1 vie restante: 7
L'animal Vache mange Herbe[id:1216 quantite: 0]  en position (2, 3)
Pas de bÚbÚ pour Animal de la ferme: Vache en position 2 3 vie restante: 99
De l'herbe commence Ó s'agrandir en 0,0 !
De l'herbe vient de pousser sur la case 1,0 !
De l'herbe commence Ó s'agrandir en 2,4 !
De l'herbe vient de pousser sur la case 4,8 !
De l'herbe commence Ó s'agrandir en 4,9 !
De l'herbe commence Ó s'agrandir en 5,6 !
De l'herbe commence Ó s'agrandir en 7,2 !
De l'herbe commence Ó s'agrandir en 7,3 !
De l'herbe commence Ó s'agrandir en 7,7 !
De l'herbe commence Ó s'agrandir en 8,6 !
De l'herbe commence Ó s'agrandir en 8,8 !
---------REAPPROVISIONNEMENT--------------
LE FERMIER RENTRE CHEZ LUI POUR RECUPERER 5 Herbe
LE FERMIER RENTRE CHEZ LUI POUR RECUPERER 2 Eau
LE FERMIER RENTRE CHEZ LUI POUR RECUPERER 7 Graine
LE FERMIER RENTRE CHEZ LUI POUR RECUPERER 7 Foin
-------ETAT ACTUEL DE LA FERME ET DE LA FORET-------
:--:--:--:--:--:--:--:--:--:--:
|He|He|He|He|He|He|  |  |He|Fo|
:--:--:--:--:--:--:--:--:--:--:
|He|He|He|  |He|He|  |He|He|He|
:--:--:--:--:--:--:--:--:--:--:
|He|He|He|  |He|He|He|He|He|  |
:--:--:--:--:--:--:--:--:--:--:
|He|He|He|He|He|He|He|He|He|He|
:--:--:--:--:--:--:--:--:--:--:
|He|He|He|He|He|He|He|He|He|He|
:--:--:--:--:--:--:--:--:--:--:
|He|He|He|He|He|  |He|He|He|He|
:--:--:--:--:--:--:--:--:--:--:
|He|  |He|He|He|He|Fo|He|He|He|
:--:--:--:--:--:--:--:--:--:--:
|He|He|He|He|Ea|He|He|He|He|  |
:--:--:--:--:--:--:--:--:--:--:
|  |He|He|He|He|He|He|He|He|He|
:--:--:--:--:--:--:--:--:--:--:
|He|He|He|  |  |  |  |He|He|He|
:--:--:--:--:--:--:--:--:--:--:

------------------------------------------
Simulation - JOURS 13 DE LA SAISON ete
------------------------------------------
------------------RESERVE-----------------
LA RESERVE CONTIENT :
Herbe[id:169 quantite: 693]  en position (0, 0)
Eau[id:170 quantite: 159]  en position (0, 0)
Graine[id:171 quantite: 563]  en position (0, 0)
Foin[id:172 quantite: 55]  en position (0, 0)
------------------------------------------
-------------------POCHE------------------
LA POCHE CONTIENT:
Herbe[id:165 quantite: 15]  en position (0, 9)
Foin[id:166 quantite: 7]  en position (0, 9)
Eau[id:167 quantite: 137]  en position (0, 9)
Graine[id:168 quantite: 287]  en position (0, 9)
------------------------------------------
------------RAPPORT JOURNALIER------------
LE FERMIER RAJOUTE Foin x7 SUR SA CASE
Le fermier trait la vache !
L'animal Poule n'a pas trouvÚ de nourriture...
Pas de bÚbÚ pour Animal de la ferme: Poule en position 7 8 vie restante: 7
L'animal Vache mange Herbe[id:1154 quantite: 0]  en position (5, 3)
Pas de bÚbÚ pour Animal de la ferme: Vache en position 5 8 vie restante: 94
De l'herbe commence Ó s'agrandir en 1,5 !
De l'herbe commence Ó s'agrandir en 1,8 !
De l'herbe commence Ó s'agrandir en 3,4 !
De l'herbe commence Ó s'agrandir en 3,9 !
De l'herbe commence Ó s'agrandir en 4,5 !
De l'herbe commence Ó s'agrandir en 4,9 !
De l'herbe commence Ó s'agrandir en 5,0 !
De l'herbe commence Ó s'agrandir en 5,1 !
De l'herbe commence Ó s'agrandir en 6,8 !
De l'herbe commence Ó s'agrandir en 8,4 !
De l'herbe commence Ó s'agrandir en 9,1 !
---------REAPPROVISIONNEMENT--------------
LE FERMIER RENTRE CHEZ LUI POUR RECUPERER 3 Herbe
LE FERMIER RENTRE CHEZ LUI POUR RECUPERER 5 Eau
LE FERMIER RENTRE CHEZ LUI POUR RECUPERER 3 Graine
LE FERMIER RENTRE CHEZ LUI POUR RECUPERER 7 Foin
-------ETAT ACTUEL DE LA FERME ET DE LA FORET-------
:--:--:--:--:--:--:--:--:--:--:
|He|He|He|He|He|He|  |  |He|Fo|
:--:--:--:--:--:--:--:--:--:--:
|He|He|He|  |He|He|  |He|He|He|
:--:--:--:--:--:--:--:--:--:--:
|He|He|He|  |He|He|He|He|He|  |
:--:--:--:--:--:--:--:--:--:--:
|He|He|He|He|He|He|He|He|He|He|
:--:--:--:--:--:--:--:--:--:--:
|He|He|He|He|He|He|He|He|He|He|
:--:--:--:--:--:--:--:--:--:--:
|He|He|He|  |He|  |He|He|He|He|
:--:--:--:--:--:--:--:--:--:--:
|He|  |He|He|He|He|Fo|He|He|He|
:--:--:--:--:--:--:--:--:--:--:
|He|He|He|He|Ea|He|He|He|  |  |
:--:--:--:--:--:--:--:--:--:--:
|  |He|He|He|He|He|He|He|He|He|
:--:--:--:--:--:--:--:--:--:--:
|He|He|He|  |  |  |  |He|He|He|
:--:--:--:--:--:--:--:--:--:--:

------------------------------------------
Simulation - JOURS 14 DE LA SAISON ete
------------------------------------------
------------------RESERVE-----------------
LA RESERVE CONTIENT :
Herbe[id:169 quantite: 690]  en position (0, 0)
Eau[id:170 quantite: 154]  en position (0, 0)
Graine[id:171 quantite: 560]  en position (0, 0)
Foin[id:172 quantite: 48]  en position (0, 0)
------------------------------------------
-------------------POCHE------------------
LA POCHE CONTIENT:
Herbe[id:165 quantite: 18]  en position (0, 9)
Foin[id:166 quantite: 7]  en position (0, 9)
Eau[id:167 quantite: 142]  en position (0, 9)
Graine[id:168 quantite: 290]  en position (0, 9)
------------------------------------------
------------RAPPORT JOURNALIER------------
LE FERMIER RAJOUTE Herbe x18 SUR SA CASE
L'animal Poule n'a pas trouvÚ de nourriture...
Pas de bÚbÚ pour Animal de la ferme: Poule en position 4 7 vie restante: 7
L'animal Vache mange Herbe[id:1004 quantite: 0]  en position (1, 7)
Pas de bÚbÚ pour Animal de la ferme: Vache en position 4 6 vie restante: 100
De l'herbe commence Ó s'agrandir en 0,8 !
De l'herbe commence Ó s'agrandir en 1,0 !
De l'herbe vient de pousser sur la case 1,7 !
De l'herbe vient de pousser sur la case 2,9 !
De l'herbe commence Ó s'agrandir en 5,6 !
De l'herbe commence Ó s'agrandir en 5,8 !
De l'herbe commence Ó s'agrandir en 6,9 !
De l'herbe commence Ó s'agrandir en 7,6 !
De l'herbe vient de pousser sur la case 7,9 !
De l'herbe commence Ó s'agrandir en 8,1 !
De l'herbe commence Ó s'agrandir en 8,8 !
De l'herbe vient de pousser sur la case 9,3 !
---------REAPPROVISIONNEMENT--------------
LE FERMIER RENTRE CHEZ LUI POUR RECUPERER 2 Herbe
LE FERMIER RENTRE CHEZ LUI POUR RECUPERER 3 Eau
LE FERMIER RENTRE CHEZ LUI POUR RECUPERER 10 Graine
LE FERMIER RENTRE CHEZ LUI POUR RECUPERER 8 Foin
-------ETAT ACTUEL DE LA FERME ET DE LA FORET-------
:--:--:--:--:--:--:--:--:--:--:
|He|He|He|He|He|He|  |  |He|Fo|
:--:--:--:--:--:--:--:--:--:--:
|He|He|He|  |He|He|  |He|He|He|
:--:--:--:--:--:--:--:--:--:--:
|He|He|He|  |He|He|He|He|He|He|
:--:--:--:--:--:--:--:--:--:--:
|He|He|He|He|He|He|He|He|He|He|
:--:--:--:--:--:--:--:--:--:--:
|He|He|He|He|He|He|He|  |He|He|
:--:--:--:--:--:--:--:--:--:--:
|He|He|He|  |He|  |He|He|He|He|
:--:--:--:--:--:--:--:--:--:--:
|He|  |He|He|He|He|Fo|He|He|He|
:--:--:--:--:--:--:--:--:--:--:
|He|He|He|He|Ea|He|He|He|  |He|
:--:--:--:--:--:--:--:--:--:--:
|  |He|He|He|He|He|He|He|He|He|
:--:--:--:--:--:--:--:--:--:--:
|He|He|He|He|  |  |  |He|He|He|
:--:--:--:--:--:--:--:--:--:--:

------------------------------------------
Simulation - JOURS 15 DE LA SAISON ete
------------------------------------------
------------------RESERVE-----------------
LA RESERVE CONTIENT :
Herbe[id:169 quantite: 688]  en position (0, 0)
Eau[id:170 quantite: 151]  en position (0, 0)
Graine[id:171 quantite: 550]  en position (0, 0)
Foin[id:172 quantite: 40]  en position (0, 0)
------------------------------------------
-------------------POCHE------------------
LA POCHE CONTIENT:
Herbe[id:165 quantite: 2]  en position (0, 9)
Foin[id:166 quantite: 15]  en position (0, 9)
Eau[id:167 quantite: 145]  en position (0, 9)
Graine[id:168 quantite: 300]  en position (0, 9)
------------------------------------------
------------RAPPORT JOURNALIER------------
LE FERMIER RAJOUTE Herbe x2 SUR SA CASE
Le fermier trait la vache !
L'animal Vache mange Herbe[id:1293 quantite: 0]  en position (1, 8)
Pas de bÚbÚ pour Animal de la ferme: Vache en position 1 0 vie restante: 100
L'animal Vache mange Herbe[id:1099 quantite: 0]  en position (4, 6)
Pas de bÚbÚ pour Animal de la ferme: Vache en position 4 6 vie restante: 100
L'animal Vache mange Herbe[id:1329 quantite: 0]  en position (2, 9)
Pas de bÚbÚ pour Animal de la ferme: Vache en position 2 9 vie restante: 68
De l'herbe vient de pousser sur la case 0,6 !
De l'herbe commence Ó s'agrandir en 1,7 !
De l'herbe commence Ó s'agrandir en 2,1 !
De l'herbe commence Ó s'agrandir en 2,6 !
De l'herbe commence Ó s'agrandir en 4,0 !
De l'herbe commence Ó s'agrandir en 5,0 !
De l'herbe commence Ó s'agrandir en 5,2 !
De l'herbe commence Ó s'agrandir en 6,7 !
De l'herbe commence Ó s'agrandir en 6,9 !
De l'herbe commence Ó s'agrandir en 7,0 !
De l'herbe commence Ó s'agrandir en 8,8 !
De l'herbe commence Ó s'agrandir en 9,8 !
---------REAPPROVISIONNEMENT--------------
LE FERMIER RENTRE CHEZ LUI POUR RECUPERER 3 Herbe
LE FERMIER RENTRE CHEZ LUI POUR RECUPERER 2 Eau
LE FERMIER RENTRE CHEZ LUI POUR RECUPERER 6 Graine
LE FERMIER RENTRE CHEZ LUI POUR RECUPERER 10 Foin
-------ETAT ACTUEL DE LA FERME ET DE LA FORET-------
:--:--:--:--:--:--:--:--:--:--:
|He|He|He|He|He|He|He|  |He|Fo|
:--:--:--:--:--:--:--:--:--:--:
|He|He|He|  |He|He|  |He|  |He|
:--:--:--:--:--:--:--:--:--:--:
|He|He|He|  |He|He|He|He|He|  |
:--:--:--:--:--:--:--:--:--:--:
|He|He|He|He|He|He|He|He|He|He|
:--:--:--:--:--:--:--:--:--:--:
|He|He|He|He|He|He|  |  |He|He|
:--:--:--:--:--:--:--:--:--:--:
|He|He|He|  |He|  |He|He|He|He|
:--:--:--:--:--:--:--:--:--:--:
|He|  |He|He|He|He|Fo|He|He|He|
:--:--:--:--:--:--:--:--:--:--:
|He|He|He|He|Ea|He|He|He|  |He|
:--:--:--:--:--:--:--:--:--:--:
|  |He|He|He|He|He|He|He|He|He|
:--:--:--:--:--:--:--:--:--:--:
|He|He|He|He|  |  |  |He|He|He|
:--:--:--:--:--:--:--:--:--:--:

------------------------------------------
Simulation - JOURS 16 DE LA SAISON ete
------------------------------------------
------------------RESERVE-----------------
LA RESERVE CONTIENT :
Herbe[id:169 quantite: 685]  en position (0, 0)
Eau[id:170 quantite: 149]  en position (0, 0)
Graine[id:171 quantite: 544]  en position (0, 0)
Foin[id:172 quantite: 30]  en position (0, 0)
------------------------------------------
-------------------POCHE------------------
LA POCHE CONTIENT:
Herbe[id:165 quantite: 3]  en position (0, 9)
Foin[id:166 quantite: 25]  en position (0, 9)
Eau[id:167 quantite: 147]  en position (0, 9)
Graine[id:168 quantite: 306]  en position (0, 9)
------------------------------------------
------------RAPPORT JOURNALIER------------
LE FERMIER RAJOUTE Herbe x3 SUR SA CASE
Le fermier trait la vache !
Le fermier trait la vache !
L'animal Vache mange Herbe[id:1322 quantite: 0]  en position (1, 0)
Pas de bÚbÚ pour Animal de la ferme: Vache en position 1 0 vie restante: 91
L'animal Vache mange Herbe[id:1331 quantite: 0]  en position (9, 3)
Pas de bÚbÚ pour Animal de la ferme: Vache en position 3 5 vie restante: 68
De l'herbe vient de pousser sur la case 1,0 !
De l'herbe commence Ó s'agrandir en 1,2 !
De l'herbe vient de pousser sur la case 1,6 !
De l'herbe commence Ó s'agrandir en 1,7 !
De l'herbe commence Ó s'agrandir en 2,0 !
De l'herbe commence Ó s'agrandir en 3,5 !
De l'herbe commence Ó s'agrandir en 3,7 !
De l'herbe commence Ó s'agrandir en 5,8 !
De l'herbe vient de pousser sur la case 6,1 !
De l'herbe commence Ó s'agrandir en 6,4 !
De l'herbe commence Ó s'agrandir en 6,9 !
De l'herbe commence Ó s'agrandir en 7,2 !
De l'herbe commence Ó s'agrandir en 7,3 !
De l'herbe commence Ó s'agrandir en 7,5 !
De l'herbe vient de pousser sur la case 9,4 !
De l'herbe vient de pousser sur la case 9,6 !
---------REAPPROVISIONNEMENT--------------
LE FERMIER RENTRE CHEZ LUI POUR RECUPERER 7 Herbe
LE FERMIER RENTRE CHEZ LUI POUR RECUPERER 2 Eau
LE FERMIER RENTRE CHEZ LUI POUR RECUPERER 8 Graine
LE FERMIER RENTRE CHEZ LUI POUR RECUPERER 10 Foin
-------ETAT ACTUEL DE LA FERME ET DE LA FORET-------
:--:--:--:--:--:--:--:--:--:--:
|He|He|He|He|He|He|He|  |He|Fo|
:--:--:--:--:--:--:--:--:--:--:
|He|He|He|  |He|He|He|He|  |He|
:--:--:--:--:--:--:--:--:--:--:
|He|He|He|  |He|He|He|He|He|  |
:--:--:--:--:--:--:--:--:--:--:
|He|He|He|He|He|He|He|He|He|He|
:--:--:--:--:--:--:--:--:--:--:
|He|He|He|He|He|He|  |  |He|He|
:--:--:--:--:--:--:--:--:--:--:
|He|He|He|  |He|  |He|He|He|He|
:--:--:--:--:--:--:--:--:--:--:
|He|He|He|He|He|He|Fo|He|He|He|
:--:--:--:--:--:--:--:--:--:--:
|He|He|He|He|Ea|He|He|He|  |He|
:--:--:--:--:--:--:--:--:--:--:
|  |He|He|He|He|He|He|He|He|He|
:--:--:--:--:--:--:--:--:--:--:
|He|He|He|  |He|  |He|He|He|He|
:--:--:--:--:--:--:--:--:--:--:

------------------------------------------
Simulation - JOURS 17 DE LA SAISON ete
------------------------------------------
------------------RESERVE-----------------
LA RESERVE CONTIENT :
Herbe[id:169 quantite: 678]  en position (0, 0)
Eau[id:170 quantite: 147]  en position (0, 0)
Graine[id:171 quantite: 536]  en position (0, 0)
Foin[id:172 quantite: 20]  en position (0, 0)
------------------------------------------
-------------------POCHE------------------
LA POCHE CONTIENT:
Herbe[id:165 quantite: 7]  en position (0, 9)
Foin[id:166 quantite: 35]  en position (0, 9)
Eau[id:167 quantite: 149]  en position (0, 9)
Graine[id:168 quantite: 314]  en position (0, 9)
------------------------------------------
------------RAPPORT JOURNALIER------------
LE FERMIER RAJOUTE Herbe x7 SUR SA CASE
Le fermier trait la vache !
Le fermier trait la vache !
L'animal Vache mange Herbe[id:1338 quantite: 0]  en position (1, 0)
Pas de bÚbÚ pour Animal de la ferme: Vache en position 1 0 vie restante: 76
L'animal Vache mange Herbe[id:1283 quantite: 0]  en position (3, 5)
Pas de bÚbÚ pour Animal de la ferme: Vache en position 3 5 vie restante: 100
De l'herbe vient de pousser sur la case 1,3 !
De l'herbe commence Ó s'agrandir en 2,1 !
De l'herbe commence Ó s'agrandir en 3,3 !
De l'herbe commence Ó s'agrandir en 3,4 !
De l'herbe commence Ó s'agrandir en 3,6 !
De l'herbe commence Ó s'agrandir en 3,8 !
De l'herbe commence Ó s'agrandir en 6,0 !
De l'herbe commence Ó s'agrandir en 7,1 !
De l'herbe commence Ó s'agrandir en 7,6 !
De l'herbe commence Ó s'agrandir en 9,4 !
De l'herbe commence Ó s'agrandir en 9,6 !
---------REAPPROVISIONNEMENT--------------
LE FERMIER RENTRE CHEZ LUI POUR RECUPERER 5 Herbe
LE FERMIER RENTRE CHEZ LUI POUR RECUPERER 2 Eau
LE FERMIER RENTRE CHEZ LUI POUR RECUPERER 6 Graine
LE FERMIER RENTRE CHEZ LUI POUR RECUPERER 6 Foin
-------ETAT ACTUEL DE LA FERME ET DE LA FORET-------
:--:--:--:--:--:--:--:--:--:--:
|He|He|He|He|He|He|He|  |He|Fo|
:--:--:--:--:--:--:--:--:--:--:
|  |He|He|He|He|He|He|He|  |He|
:--:--:--:--:--:--:--:--:--:--:
|He|He|He|  |He|He|He|He|He|  |
:--:--:--:--:--:--:--:--:--:--:
|He|He|He|He|He|  |He|He|He|He|
:--:--:--:--:--:--:--:--:--:--:
|He|He|He|He|He|He|  |  |He|He|
:--:--:--:--:--:--:--:--:--:--:
|He|He|He|  |He|  |He|He|He|He|
:--:--:--:--:--:--:--:--:--:--:
|He|He|He|He|He|He|Fo|He|He|He|
:--:--:--:--:--:--:--:--:--:--:
|He|He|He|He|Ea|He|He|He|  |He|
:--:--:--:--:--:--:--:--:--:--:
|  |He|He|He|He|He|He|He|He|He|
:--:--:--:--:--:--:--:--:--:--:
|He|He|He|  |He|  |He|He|He|He|
:--:--:--:--:--:--:--:--:--:--:

------------------------------------------
Simulation - JOURS 18 DE LA SAISON ete
------------------------------------------
------------------RESERVE-----------------
LA RESERVE CONTIENT :
Herbe[id:169 quantite: 673]  en position (0, 0)
Eau[id:170 quantite: 145]  en position (0, 0)
Graine[id:171 quantite: 530]  en position (0, 0)
Foin[id:172 quantite: 14]  en position (0, 0)
------------------------------------------
-------------------POCHE------------------
LA POCHE CONTIENT:
Herbe[id:165 quantite: 5]  en position (0, 9)
Foin[id:166 quantite: 41]  en position (0, 9)
Eau[id:167 quantite: 151]  en position (0, 9)
Graine[id:168 quantite: 320]  en position (0, 9)
------------------------------------------
------------RAPPORT JOURNALIER------------
LE FERMIER RAJOUTE Herbe x5 SUR SA CASE
Le fermier trait la vache !
Le fermier trait la vache !
Le fermier trait la vache !
L'animal Vache mange Herbe[id:1345 quantite: 0]  en position (1, 3)
Pas de bÚbÚ pour Animal de la ferme: Vache en position 1 3 vie restante: 50
L'animal Vache mange Herbe[id:1317 quantite: 0]  en position (9, 1)
Pas de bÚbÚ pour Animal de la ferme: Vache en position 9 5 vie restante: 100
L'animal Vache mange Herbe[id:1307 quantite: 0]  en position (2, 4)
Pas de bÚbÚ pour Animal de la ferme: Vache en position 5 2 vie restante: 91
De l'herbe commence Ó s'agrandir en 1,2 !
De l'herbe commence Ó s'agrandir en 1,5 !
De l'herbe commence Ó s'agrandir en 1,6 !
De l'herbe commence Ó s'agrandir en 2,5 !
De l'herbe commence Ó s'agrandir en 3,0 !
De l'herbe commence Ó s'agrandir en 3,8 !
De l'herbe commence Ó s'agrandir en 6,5 !
De l'herbe commence Ó s'agrandir en 6,8 !
De l'herbe vient de pousser sur la case 8,0 !
De l'herbe commence Ó s'agrandir en 8,2 !
De l'herbe vient de pousser sur la case 9,5 !
---------REAPPROVISIONNEMENT--------------
LE FERMIER RENTRE CHEZ LUI POUR RECUPERER 4 Herbe
LE FERMIER RENTRE CHEZ LUI POUR RECUPERER 3 Eau
LE FERMIER RENTRE CHEZ LUI POUR RECUPERER 8 Graine
LE FERMIER RENTRE CHEZ LUI POUR RECUPERER 2 Foin
-------ETAT ACTUEL DE LA FERME ET DE LA FORET-------
:--:--:--:--:--:--:--:--:--:--:
|He|He|He|He|He|He|He|  |He|Fo|
:--:--:--:--:--:--:--:--:--:--:
|  |He|He|  |He|He|He|He|  |He|
:--:--:--:--:--:--:--:--:--:--:
|He|He|He|  |  |He|He|He|He|  |
:--:--:--:--:--:--:--:--:--:--:
|He|He|He|He|He|  |He|He|He|He|
:--:--:--:--:--:--:--:--:--:--:
|He|He|He|He|He|He|  |  |He|He|
:--:--:--:--:--:--:--:--:--:--:
|He|He|He|  |He|  |He|He|He|He|
:--:--:--:--:--:--:--:--:--:--:
|He|He|He|He|He|He|Fo|He|He|He|
:--:--:--:--:--:--:--:--:--:--:
|He|He|He|He|Ea|He|He|He|  |He|
:--:--:--:--:--:--:--:--:--:--:
|He|He|He|He|He|He|He|He|He|He|
:--:--:--:--:--:--:--:--:--:--:
|He|  |He|  |He|He|He|He|He|He|
:--:--:--:--:--:--:--:--:--:--:

------------------------------------------
Simulation - JOURS 19 DE LA SAISON ete
------------------------------------------
------------------RESERVE-----------------
LA RESERVE CONTIENT :
Herbe[id:169 quantite: 669]  en position (0, 0)
Eau[id:170 quantite: 142]  en position (0, 0)
Graine[id:171 quantite: 522]  en position (0, 0)
Foin[id:172 quantite: 12]  en position (0, 0)
------------------------------------------
-------------------POCHE------------------
LA POCHE CONTIENT:
Herbe[id:165 quantite: 4]  en position (0, 9)
Foin[id:166 quantite: 43]  en position (0, 9)
Eau[id:167 quantite: 154]  en position (0, 9)
Graine[id:168 quantite: 328]  en position (0, 9)
------------------------------------------
------------RAPPORT JOURNALIER------------
LE FERMIER RAJOUTE Herbe x4 SUR SA CASE
Le fermier trait la vache !
L'animal Vache mange Herbe[id:1316 quantite: 0]  en position (7, 3)
Pas de bÚbÚ pour Animal de la ferme: Vache en position 7 1 vie restante: 72
L'animal Poule n'a pas trouvÚ de nourriture...
Pas de bÚbÚ pour Animal de la ferme: Poule en position 0 9 vie restante: 7
L'animal Vache mange Herbe[id:1350 quantite: 0]  en position (9, 5)
Pas de bÚbÚ pour Animal de la ferme: Vache en position 9 5 vie restante: 100
De l'herbe commence Ó s'agrandir en 0,3 !
De l'herbe vient de pousser sur la case 1,8 !
De l'herbe commence Ó s'agrandir en 2,0 !
De l'herbe commence Ó s'agrandir en 3,1 !
De l'herbe commence Ó s'agrandir en 8,3 !
De l'herbe commence Ó s'agrandir en 8,8 !
De l'herbe commence Ó s'agrandir en 9,2 !
De l'herbe vient de pousser sur la case 9,3 !
---------REAPPROVISIONNEMENT--------------
LE FERMIER RENTRE CHEZ LUI POUR RECUPERER 3 Herbe
LE FERMIER RENTRE CHEZ LUI POUR RECUPERER 10 Eau
LE FERMIER RENTRE CHEZ LUI POUR RECUPERER 8 Graine
LE FERMIER RENTRE CHEZ LUI POUR RECUPERER 6 Foin
-------ETAT ACTUEL DE LA FERME ET DE LA FORET-------
:--:--:--:--:--:--:--:--:--:--:
|He|He|He|He|He|He|He|  |He|  |
:--:--:--:--:--:--:--:--:--:--:
|  |He|He|  |He|He|He|He|He|He|
:--:--:--:--:--:--:--:--:--:--:
|He|He|He|  |  |He|He|He|He|  |
:--:--:--:--:--:--:--:--:--:--:
|He|He|He|He|He|  |He|He|He|He|
:--:--:--:--:--:--:--:--:--:--:
|He|He|He|He|He|He|  |  |He|He|
:--:--:--:--:--:--:--:--:--:--:
|He|He|He|  |He|  |He|He|He|He|
:--:--:--:--:--:--:--:--:--:--:
|He|He|He|He|He|He|Fo|He|He|He|
:--:--:--:--:--:--:--:--:--:--:
|He|He|He|  |Ea|He|He|He|  |He|
:--:--:--:--:--:--:--:--:--:--:
|He|He|He|He|He|He|He|He|He|He|
:--:--:--:--:--:--:--:--:--:--:
|He|  |He|He|He|  |He|He|He|He|
:--:--:--:--:--:--:--:--:--:--:

UPDATE DE LA RESERVE
------------------------------------------
Simulation - JOURS 20 DE LA SAISON ete
------------------------------------------
------------------RESERVE-----------------
LA RESERVE CONTIENT :
Herbe[id:169 quantite: 692]  en position (0, 0)
Eau[id:170 quantite: 154]  en position (0, 0)
Graine[id:171 quantite: 539]  en position (0, 0)
Foin[id:172 quantite: 50]  en position (0, 0)
------------------------------------------
-------------------POCHE------------------
LA POCHE CONTIENT:
Herbe[id:165 quantite: 3]  en position (0, 9)
Foin[id:166 quantite: 49]  en position (0, 9)
Eau[id:167 quantite: 164]  en position (0, 9)
Graine[id:168 quantite: 336]  en position (0, 9)
------------------------------------------
------------RAPPORT JOURNALIER------------
Le fermier dÚpose 3 Herbe par terre
Le fermier trait la vache !
L'animal Vache mange Herbe[id:1256 quantite: 0]  en position (7, 1)
Pas de bÚbÚ pour Animal de la ferme: Vache en position 2 4 vie restante: 89
L'animal Poule n'a pas trouvÚ de nourriture...
Pas de bÚbÚ pour Animal de la ferme: Poule en position 1 6 vie restante: 7
L'animal Vache mange Herbe[id:1355 quantite: 0]  en position (9, 3)
Pas de bÚbÚ pour Animal de la ferme: Vache en position 6 1 vie restante: 95
De l'herbe vient de pousser sur la case 2,4 !
De l'herbe commence Ó s'agrandir en 3,0 !
De l'herbe commence Ó s'agrandir en 3,3 !
De l'herbe vient de pousser sur la case 4,7 !
De l'herbe commence Ó s'agrandir en 5,0 !
De l'herbe commence Ó s'agrandir en 8,9 !
De l'herbe vient de pousser sur la case 9,5 !
De l'herbe commence Ó s'agrandir en 9,7 !
---------REAPPROVISIONNEMENT--------------
LE FERMIER RENTRE CHEZ LUI POUR RECUPERER 3 Herbe
LE FERMIER RENTRE CHEZ LUI POUR RECUPERER 5 Eau
LE FERMIER RENTRE CHEZ LUI POUR RECUPERER 4 Graine
LE FERMIER RENTRE CHEZ LUI POUR RECUPERER 6 Foin
-------ETAT ACTUEL DE LA FERME ET DE LA FORET-------
:--:--:--:--:--:--:--:--:--:--:
|He|He|He|He|He|He|He|  |He|  |
:--:--:--:--:--:--:--:--:--:--:
|  |He|He|  |He|He|  |He|He|He|
:--:--:--:--:--:--:--:--:--:--:
|He|He|He|He|He|He|He|He|He|  |
:--:--:--:--:--:--:--:--:--:--:
|He|He|He|He|He|  |He|He|He|He|
:--:--:--:--:--:--:--:--:--:--:
|He|He|He|He|He|He|  |He|He|He|
:--:--:--:--:--:--:--:--:--:--:
|He|He|He|  |He|  |He|He|He|He|
:--:--:--:--:--:--:--:--:--:--:
|He|He|He|He|He|He|Fo|He|He|He|
:--:--:--:--:--:--:--:--:--:--:
|He|  |He|  |Ea|He|He|He|  |He|
:--:--:--:--:--:--:--:--:--:--:
|He|He|He|He|He|He|He|He|He|He|
:--:--:--:--:--:--:--:--:--:--:
|He|  |He|  |He|He|He|He|He|He|
:--:--:--:--:--:--:--:--:--:--:

------------------------------------------
Simulation - JOURS 21 DE LA SAISON ete
------------------------------------------
------------------RESERVE-----------------
LA RESERVE CONTIENT :
Herbe[id:169 quantite: 689]  en position (0, 0)
Eau[id:170 quantite: 149]  en position (0, 0)
Graine[id:171 quantite: 535]  en position (0, 0)
Foin[id:172 quantite: 44]  en position (0, 0)
------------------------------------------
-------------------POCHE------------------
LA POCHE CONTIENT:
Herbe[id:165 quantite: 3]  en position (2, 3)
Foin[id:166 quantite: 55]  en position (2, 3)
Eau[id:167 quantite: 169]  en position (2, 3)
Graine[id:168 quantite: 340]  en position (2, 3)
------------------------------------------
------------RAPPORT JOURNALIER------------
LE FERMIER RAJOUTE Herbe x3 SUR SA CASE
L'animal Vache mange Herbe[id:1362 quantite: 0]  en position (9, 5)
Pas de bÚbÚ pour Animal de la ferme: Vache en position 1 4 vie restante: 100
L'animal Vache mange Herbe[id:1340 quantite: 0]  en position (6, 1)
Pas de bÚbÚ pour Animal de la ferme: Vache en position 6 1 vie restante: 95
De l'herbe commence Ó s'agrandir en 0,1 !
De l'herbe commence Ó s'agrandir en 0,4 !
De l'herbe commence Ó s'agrandir en 0,8 !
De l'herbe commence Ó s'agrandir en 1,8 !
De l'herbe commence Ó s'agrandir en 2,3 !
De l'herbe commence Ó s'agrandir en 3,0 !
De l'herbe commence Ó s'agrandir en 3,6 !
De l'herbe commence Ó s'agrandir en 3,8 !
De l'herbe commence Ó s'agrandir en 4,1 !
De l'herbe commence Ó s'agrandir en 4,4 !
De l'herbe commence Ó s'agrandir en 4,5 !
De l'herbe commence Ó s'agrandir en 5,6 !
De l'herbe commence Ó s'agrandir en 7,0 !
De l'herbe commence Ó s'agrandir en 8,9 !
De l'herbe vient de pousser sur la case 9,3 !
De l'herbe commence Ó s'agrandir en 9,7 !
---------REAPPROVISIONNEMENT--------------
LE FERMIER RENTRE CHEZ LUI POUR RECUPERER 11 Herbe
LE FERMIER RENTRE CHEZ LUI POUR RECUPERER 7 Eau
LE FERMIER RENTRE CHEZ LUI POUR RECUPERER 5 Graine
LE FERMIER RENTRE CHEZ LUI POUR RECUPERER 6 Foin
-------ETAT ACTUEL DE LA FERME ET DE LA FORET-------
:--:--:--:--:--:--:--:--:--:--:
|He|He|He|He|He|He|He|  |He|  |
:--:--:--:--:--:--:--:--:--:--:
|  |He|He|  |He|He|  |He|He|He|
:--:--:--:--:--:--:--:--:--:--:
|He|He|He|He|He|He|He|He|He|  |
:--:--:--:--:--:--:--:--:--:--:
|He|He|He|He|He|  |He|He|He|He|
:--:--:--:--:--:--:--:--:--:--:
|He|He|He|He|He|He|  |He|He|He|
:--:--:--:--:--:--:--:--:--:--:
|He|He|He|  |He|  |He|He|He|He|
:--:--:--:--:--:--:--:--:--:--:
|He|  |He|He|He|He|Fo|He|He|He|
:--:--:--:--:--:--:--:--:--:--:
|He|  |He|  |Ea|He|He|He|  |He|
:--:--:--:--:--:--:--:--:--:--:
|He|He|He|He|He|He|He|He|He|He|
:--:--:--:--:--:--:--:--:--:--:
|He|  |He|He|He|  |He|He|He|He|
:--:--:--:--:--:--:--:--:--:--:

------------------------------------------
Simulation - JOURS 22 DE LA SAISON ete
------------------------------------------
------------------RESERVE-----------------
LA RESERVE CONTIENT :
Herbe[id:169 quantite: 678]  en position (0, 0)
Eau[id:170 quantite: 142]  en position (0, 0)
Graine[id:171 quantite: 530]  en position (0, 0)
Foin[id:172 quantite: 38]  en position (0, 0)
------------------------------------------
-------------------POCHE------------------
LA POCHE CONTIENT:
Herbe[id:165 quantite: 11]  en position (2, 3)
Foin[id:166 quantite: 61]  en position (2, 3)
Eau[id:167 quantite: 176]  en position (2, 3)
Graine[id:168 quantite: 345]  en position (2, 3)
------------------------------------------
------------RAPPORT JOURNALIER------------
LE FERMIER RAJOUTE Herbe x11 SUR SA CASE
L'animal Poule n'a pas trouvÚ de nourriture...
Pas de bÚbÚ pour Animal de la ferme: Poule en position 9 2 vie restante: 7
L'animal Vache mange Herbe[id:1288 quantite: 0]  en position (1, 4)
Pas de bÚbÚ pour Animal de la ferme: Vache en position 1 4 vie restante: 100
De l'herbe commence Ó s'agrandir en 0,2 !
De l'herbe commence Ó s'agrandir en 3,4 !
De l'herbe vient de pousser sur la case 3,5 !
De l'herbe commence Ó s'agrandir en 3,6 !
De l'herbe commence Ó s'agrandir en 5,0 !
De l'herbe commence Ó s'agrandir en 5,1 !
De l'herbe commence Ó s'agrandir en 6,0 !
De l'herbe vient de pousser sur la case 6,1 !
De l'herbe commence Ó s'agrandir en 6,3 !
De l'herbe commence Ó s'agrandir en 9,8 !
---------REAPPROVISIONNEMENT--------------
LE FERMIER RENTRE CHEZ LUI POUR RECUPERER 10 Herbe
LE FERMIER RENTRE CHEZ LUI POUR RECUPERER 11 Eau
LE FERMIER RENTRE CHEZ LUI POUR RECUPERER 2 Graine
LE FERMIER RENTRE CHEZ LUI POUR RECUPERER 11 Foin
-------ETAT ACTUEL DE LA FERME ET DE LA FORET-------
:--:--:--:--:--:--:--:--:--:--:
|He|He|He|He|He|He|He|  |He|  |
:--:--:--:--:--:--:--:--:--:--:
|  |He|He|  |  |He|  |He|He|He|
:--:--:--:--:--:--:--:--:--:--:
|He|He|He|He|He|He|He|He|He|  |
:--:--:--:--:--:--:--:--:--:--:
|He|He|He|He|He|He|He|He|He|He|
:--:--:--:--:--:--:--:--:--:--:
|He|He|He|He|He|He|  |He|He|He|
:--:--:--:--:--:--:--:--:--:--:
|He|He|He|  |He|  |He|He|He|He|
:--:--:--:--:--:--:--:--:--:--:
|He|He|He|He|He|He|Fo|He|He|He|
:--:--:--:--:--:--:--:--:--:--:
|He|  |He|  |Ea|He|He|He|  |He|
:--:--:--:--:--:--:--:--:--:--:
|He|He|He|He|He|He|He|He|He|He|
:--:--:--:--:--:--:--:--:--:--:
|He|  |  |He|He|  |He|He|He|He|
:--:--:--:--:--:--:--:--:--:--:

------------------------------------------
Simulation - JOURS 23 DE LA SAISON ete
------------------------------------------
------------------RESERVE-----------------
LA RESERVE CONTIENT :
Herbe[id:169 quantite: 668]  en position (0, 0)
Eau[id:170 quantite: 131]  en position (0, 0)
Graine[id:171 quantite: 528]  en position (0, 0)
Foin[id:172 quantite: 27]  en position (0, 0)
------------------------------------------
-------------------POCHE------------------
LA POCHE CONTIENT:
Herbe[id:165 quantite: 10]  en position (2, 3)
Foin[id:166 quantite: 72]  en position (2, 3)
Eau[id:167 quantite: 187]  en position (2, 3)
Graine[id:168 quantite: 347]  en position (2, 3)
------------------------------------------
------------RAPPORT JOURNALIER------------
LE FERMIER RAJOUTE Herbe x10 SUR SA CASE
Le fermier trait la vache !
Le fermier trait la vache !
Le fermier trait la vache !
De l'herbe commence Ó s'agrandir en 0,0 !
De l'herbe commence Ó s'agrandir en 1,7 !
De l'herbe commence Ó s'agrandir en 1,8 !
De l'herbe commence Ó s'agrandir en 3,2 !
De l'herbe commence Ó s'agrandir en 7,2 !
De l'herbe commence Ó s'agrandir en 7,7 !
De l'herbe commence Ó s'agrandir en 8,1 !
De l'herbe commence Ó s'agrandir en 9,9 !
---------REAPPROVISIONNEMENT--------------
LE FERMIER RENTRE CHEZ LUI POUR RECUPERER 3 Herbe
LE FERMIER RENTRE CHEZ LUI POUR RECUPERER 4 Eau
LE FERMIER RENTRE CHEZ LUI POUR RECUPERER 5 Graine
LE FERMIER RENTRE CHEZ LUI POUR RECUPERER 4 Foin
-------ETAT ACTUEL DE LA FERME ET DE LA FORET-------
:--:--:--:--:--:--:--:--:--:--:
|He|He|He|He|He|He|He|  |He|  |
:--:--:--:--:--:--:--:--:--:--:
|  |He|He|  |  |He|  |He|He|He|
:--:--:--:--:--:--:--:--:--:--:
|He|He|He|He|He|He|He|He|He|  |
:--:--:--:--:--:--:--:--:--:--:
|He|He|He|He|He|He|He|He|He|He|
:--:--:--:--:--:--:--:--:--:--:
|He|He|He|He|He|He|  |He|He|He|
:--:--:--:--:--:--:--:--:--:--:
|He|He|He|  |He|  |He|He|He|He|
:--:--:--:--:--:--:--:--:--:--:
|He|He|He|He|He|He|Fo|He|He|He|
:--:--:--:--:--:--:--:--:--:--:
|He|  |He|  |Ea|He|He|He|  |He|
:--:--:--:--:--:--:--:--:--:--:
|He|He|He|He|He|He|He|He|He|He|
:--:--:--:--:--:--:--:--:--:--:
|He|  |  |He|He|  |He|He|He|He|
:--:--:--:--:--:--:--:--:--:--:

------------------------------------------
Simulation - JOURS 24 DE LA SAISON ete
------------------------------------------
------------------RESERVE-----------------
LA RESERVE CONTIENT :
Herbe[id:169 quantite: 665]  en position (0, 0)
Eau[id:170 quantite: 127]  en position (0, 0)
Graine[id:171 quantite: 523]  en position (0, 0)
Foin[id:172 quantite: 23]  en position (0, 0)
------------------------------------------
-------------------POCHE------------------
LA POCHE CONTIENT:
Herbe[id:165 quantite: 3]  en position (2, 3)
Foin[id:166 quantite: 76]  en position (2, 3)
Eau[id:167 quantite: 191]  en position (2, 3)
Graine[id:168 quantite: 352]  en position (2, 3)
------------------------------------------
------------RAPPORT JOURNALIER------------
Le fermier dÚpose 76 Foin par terre
Le fermier trait la vache !
Le fermier trait la vache !
L'animal Vache mange Herbe[id:1266 quantite: 0]  en position (9, 8)
Pas de bÚbÚ pour Animal de la ferme: Vache en position 9 8 vie restante: 62
De l'herbe commence Ó s'agrandir en 0,1 !
De l'herbe commence Ó s'agrandir en 0,5 !
De l'herbe commence Ó s'agrandir en 2,5 !
De l'herbe commence Ó s'agrandir en 3,1 !
De l'herbe commence Ó s'agrandir en 3,4 !
De l'herbe commence Ó s'agrandir en 5,8 !
De l'herbe commence Ó s'agrandir en 8,0 !
De l'herbe commence Ó s'agrandir en 8,1 !
De l'herbe commence Ó s'agrandir en 8,4 !
De l'herbe vient de pousser sur la case 9,5 !
De l'herbe vient de pousser sur la case 9,8 !
De l'herbe commence Ó s'agrandir en 9,9 !
---------REAPPROVISIONNEMENT--------------
LE FERMIER RENTRE CHEZ LUI POUR RECUPERER 4 Herbe
LE FERMIER RENTRE CHEZ LUI POUR RECUPERER 10 Eau
LE FERMIER RENTRE CHEZ LUI POUR RECUPERER 9 Graine
LE FERMIER RENTRE CHEZ LUI POUR RECUPERER 8 Foin
-------ETAT ACTUEL DE LA FERME ET DE LA FORET-------
:--:--:--:--:--:--:--:--:--:--:
|He|He|He|He|He|He|He|  |He|  |
:--:--:--:--:--:--:--:--:--:--:
|  |He|He|  |  |He|  |He|He|He|
:--:--:--:--:--:--:--:--:--:--:
|He|He|He|He|He|He|He|He|He|  |
:--:--:--:--:--:--:--:--:--:--:
|He|He|He|He|He|He|He|He|He|He|
:--:--:--:--:--:--:--:--:--:--:
|He|He|He|He|He|He|Fo|He|He|He|
:--:--:--:--:--:--:--:--:--:--:
|He|He|He|  |He|  |He|He|He|He|
:--:--:--:--:--:--:--:--:--:--:
|He|He|He|He|He|He|Fo|He|He|He|
:--:--:--:--:--:--:--:--:--:--:
|He|  |He|  |Ea|He|He|He|  |He|
:--:--:--:--:--:--:--:--:--:--:
|He|He|He|He|He|He|He|He|He|He|
:--:--:--:--:--:--:--:--:--:--:
|He|  |  |He|He|He|He|He|He|He|
:--:--:--:--:--:--:--:--:--:--:

------------------------------------------
Simulation - JOURS 25 DE LA SAISON ete
------------------------------------------
------------------RESERVE-----------------
LA RESERVE CONTIENT :
Herbe[id:169 quantite: 661]  en position (0, 0)
Eau[id:170 quantite: 117]  en position (0, 0)
Graine[id:171 quantite: 514]  en position (0, 0)
Foin[id:172 quantite: 15]  en position (0, 0)
------------------------------------------
-------------------POCHE------------------
LA POCHE CONTIENT:
Herbe[id:165 quantite: 7]  en position (4, 6)
Foin[id:166 quantite: 8]  en position (4, 6)
Eau[id:167 quantite: 201]  en position (4, 6)
Graine[id:168 quantite: 361]  en position (4, 6)
------------------------------------------
------------RAPPORT JOURNALIER------------
LE FERMIER RAJOUTE Foin x8 SUR SA CASE
Le fermier trait la vache !
Le fermier trait la vache !
Le fermier trait la vache !
L'animal Vache mange Herbe[id:1361 quantite: 0]  en position (4, 7)
Pas de bÚbÚ pour Animal de la ferme: Vache en position 4 7 vie restante: 50
L'animal Vache mange Herbe[id:1372 quantite: 0]  en position (9, 5)
Pas de bÚbÚ pour Animal de la ferme: Vache en position 1 8 vie restante: 78
De l'herbe commence Ó s'agrandir en 0,3 !
De l'herbe commence Ó s'agrandir en 0,8 !
De l'herbe commence Ó s'agrandir en 3,9 !
De l'herbe commence Ó s'agrandir en 5,2 !
De l'herbe commence Ó s'agrandir en 6,7 !
De l'herbe vient de pousser sur la case 7,8 !
De l'herbe commence Ó s'agrandir en 7,9 !
De l'herbe commence Ó s'agrandir en 8,8 !
De l'herbe commence Ó s'agrandir en 9,0 !
De l'herbe vient de pousser sur la case 9,5 !
---------REAPPROVISIONNEMENT--------------
LE FERMIER RENTRE CHEZ LUI POUR RECUPERER 11 Herbe
LE FERMIER RENTRE CHEZ LUI POUR RECUPERER 5 Eau
LE FERMIER RENTRE CHEZ LUI POUR RECUPERER 6 Graine
LE FERMIER RENTRE CHEZ LUI POUR RECUPERER 10 Foin
-------ETAT ACTUEL DE LA FERME ET DE LA FORET-------
:--:--:--:--:--:--:--:--:--:--:
|He|He|He|He|He|He|He|  |He|  |
:--:--:--:--:--:--:--:--:--:--:
|  |He|He|  |  |He|  |He|He|He|
:--:--:--:--:--:--:--:--:--:--:
|He|He|He|He|He|He|He|He|He|  |
:--:--:--:--:--:--:--:--:--:--:
|He|He|He|He|He|He|He|He|He|He|
:--:--:--:--:--:--:--:--:--:--:
|He|He|He|He|He|He|Fo|  |He|He|
:--:--:--:--:--:--:--:--:--:--:
|He|He|He|  |He|  |He|He|He|He|
:--:--:--:--:--:--:--:--:--:--:
|He|He|He|He|He|He|Fo|He|He|He|
:--:--:--:--:--:--:--:--:--:--:
|He|  |He|  |Ea|He|He|He|He|He|
:--:--:--:--:--:--:--:--:--:--:
|He|He|He|He|He|He|He|He|He|He|
:--:--:--:--:--:--:--:--:--:--:
|He|  |  |He|He|He|He|He|He|He|
:--:--:--:--:--:--:--:--:--:--:

------------------------------------------
Simulation - JOURS 26 DE LA SAISON ete
------------------------------------------
------------------RESERVE-----------------
LA RESERVE CONTIENT :
Herbe[id:169 quantite: 650]  en position (0, 0)
Eau[id:170 quantite: 112]  en position (0, 0)
Graine[id:171 quantite: 508]  en position (0, 0)
Foin[id:172 quantite: 5]  en position (0, 0)
------------------------------------------
-------------------POCHE------------------
LA POCHE CONTIENT:
Herbe[id:165 quantite: 18]  en position (4, 6)
Foin[id:166 quantite: 10]  en position (4, 6)
Eau[id:167 quantite: 206]  en position (4, 6)
Graine[id:168 quantite: 367]  en position (4, 6)
------------------------------------------
------------RAPPORT JOURNALIER------------
LE FERMIER RAJOUTE Foin x10 SUR SA CASE
Le fermier trait la vache !
Le fermier trait la vache !
De l'herbe commence Ó s'agrandir en 1,7 !
De l'herbe commence Ó s'agrandir en 2,3 !
De l'herbe commence Ó s'agrandir en 2,6 !
De l'herbe commence Ó s'agrandir en 3,9 !
De l'herbe commence Ó s'agrandir en 4,3 !
De l'herbe commence Ó s'agrandir en 5,0 !
De l'herbe commence Ó s'agrandir en 5,7 !
De l'herbe commence Ó s'agrandir en 5,8 !
De l'herbe commence Ó s'agrandir en 6,1 !
De l'herbe commence Ó s'agrandir en 6,4 !
De l'herbe commence Ó s'agrandir en 6,5 !
De l'herbe commence Ó s'agrandir en 7,0 !
De l'herbe commence Ó s'agrandir en 7,5 !
De l'herbe commence Ó s'agrandir en 8,1 !
---------REAPPROVISIONNEMENT--------------
LE FERMIER RENTRE CHEZ LUI POUR RECUPERER 7 Herbe
LE FERMIER RENTRE CHEZ LUI POUR RECUPERER 5 Eau
LE FERMIER RENTRE CHEZ LUI POUR RECUPERER 7 Graine
LE FERMIER N'A PLUS DE Foin DANS SA RESERVE !
-------ETAT ACTUEL DE LA FERME ET DE LA FORET-------
:--:--:--:--:--:--:--:--:--:--:
|He|He|He|He|He|He|He|  |He|  |
:--:--:--:--:--:--:--:--:--:--:
|  |He|He|  |  |He|  |He|He|He|
:--:--:--:--:--:--:--:--:--:--:
|He|He|He|He|He|He|He|He|He|  |
:--:--:--:--:--:--:--:--:--:--:
|He|He|He|He|He|He|He|He|He|He|
:--:--:--:--:--:--:--:--:--:--:
|He|He|He|He|He|He|Fo|  |He|He|
:--:--:--:--:--:--:--:--:--:--:
|He|He|He|  |He|  |He|He|He|He|
:--:--:--:--:--:--:--:--:--:--:
|He|He|He|He|He|He|Fo|He|He|He|
:--:--:--:--:--:--:--:--:--:--:
|He|  |He|  |Ea|He|He|He|He|He|
:--:--:--:--:--:--:--:--:--:--:
|He|He|He|He|He|He|He|He|He|He|
:--:--:--:--:--:--:--:--:--:--:
|He|  |  |He|He|He|He|He|He|He|
:--:--:--:--:--:--:--:--:--:--:

------------------------------------------
Simulation - JOURS 27 DE LA SAISON ete
------------------------------------------
------------------RESERVE-----------------
LA RESERVE CONTIENT :
Herbe[id:169 quantite: 643]  en position (0, 0)
Eau[id:170 quantite: 107]  en position (0, 0)
Graine[id:171 quantite: 501]  en position (0, 0)
Foin[id:172 quantite: 5]  en position (0, 0)
------------------------------------------
-------------------POCHE------------------
LA POCHE CONTIENT:
Herbe[id:165 quantite: 25]  en position (4, 6)
Foin[id:166 quantite: 0]  en position (4, 6)
Eau[id:167 quantite: 211]  en position (4, 6)
Graine[id:168 quantite: 374]  en position (4, 6)
------------------------------------------
------------RAPPORT JOURNALIER------------
LE FERMIER RAJOUTE Herbe x25 SUR SA CASE
Le fermier trait la vache !
Le fermier trait la vache !
De l'herbe commence Ó s'agrandir en 0,3 !
De l'herbe commence Ó s'agrandir en 2,0 !
De l'herbe commence Ó s'agrandir en 7,9 !
De l'herbe commence Ó s'agrandir en 9,5 !
---------REAPPROVISIONNEMENT--------------
LE FERMIER RENTRE CHEZ LUI POUR RECUPERER 10 Herbe
LE FERMIER RENTRE CHEZ LUI POUR RECUPERER 5 Eau
LE FERMIER RENTRE CHEZ LUI POUR RECUPERER 11 Graine
LE FERMIER N'A PLUS DE Foin DANS SA RESERVE !
-------ETAT ACTUEL DE LA FERME ET DE LA FORET-------
:--:--:--:--:--:--:--:--:--:--:
|He|He|He|He|He|He|He|  |He|  |
:--:--:--:--:--:--:--:--:--:--:
|  |He|He|  |  |He|  |He|He|He|
:--:--:--:--:--:--:--:--:--:--:
|He|He|He|He|He|He|He|He|He|  |
:--:--:--:--:--:--:--:--:--:--:
|He|He|He|He|He|He|He|He|He|He|
:--:--:--:--:--:--:--:--:--:--:
|He|He|He|He|He|He|Fo|  |He|He|
:--:--:--:--:--:--:--:--:--:--:
|He|He|He|  |He|  |He|He|He|He|
:--:--:--:--:--:--:--:--:--:--:
|He|He|He|He|He|He|Fo|He|He|He|
:--:--:--:--:--:--:--:--:--:--:
|He|  |He|  |Ea|He|He|He|He|He|
:--:--:--:--:--:--:--:--:--:--:
|He|He|He|He|He|He|He|He|He|He|
:--:--:--:--:--:--:--:--:--:--:
|He|  |  |He|He|He|He|He|He|He|
:--:--:--:--:--:--:--:--:--:--:

------------------------------------------
Simulation - JOURS 28 DE LA SAISON ete
------------------------------------------
------------------RESERVE-----------------
LA RESERVE CONTIENT :
Herbe[id:169 quantite: 633]  en position (0, 0)
Eau[id:170 quantite: 102]  en position (0, 0)
Graine[id:171 quantite: 490]  en position (0, 0)
Foin[id:172 quantite: 5]  en position (0, 0)
------------------------------------------
-------------------POCHE------------------
LA POCHE CONTIENT:
Herbe[id:165 quantite: 10]  en position (4, 6)
Foin[id:166 quantite: 0]  en position (4, 6)
Eau[id:167 quantite: 216]  en position (4, 6)
Graine[id:168 quantite: 385]  en position (4, 6)
------------------------------------------
------------RAPPORT JOURNALIER------------
LE FERMIER RAJOUTE Herbe x10 SUR SA CASE
Le fermier trait la vache !
Le fermier trait la vache !
L'animal Vache mange Herbe[id:1376 quantite: 0]  en position (7, 8)
L'animal Animal de la ferme: Vache en position 1 7 vie restante: 24 se reproduit
L'animal Vache mange Herbe[id:1251 quantite: 0]  en position (2, 0)
Pas de bÚbÚ pour Animal de la ferme: Vache en position 2 0 vie restante: 43
De l'herbe commence Ó s'agrandir en 0,4 !
De l'herbe commence Ó s'agrandir en 0,6 !
De l'herbe vient de pousser sur la case 0,9 !
De l'herbe commence Ó s'agrandir en 3,2 !
De l'herbe commence Ó s'agrandir en 3,7 !
De l'herbe commence Ó s'agrandir en 3,8 !
De l'herbe vient de pousser sur la case 5,5 !
De l'herbe commence Ó s'agrandir en 5,7 !
De l'herbe commence Ó s'agrandir en 6,8 !
De l'herbe commence Ó s'agrandir en 6,9 !
De l'herbe commence Ó s'agrandir en 8,8 !
De l'herbe commence Ó s'agrandir en 9,5 !
De l'herbe commence Ó s'agrandir en 9,6 !
---------REAPPROVISIONNEMENT--------------
LE FERMIER RENTRE CHEZ LUI POUR RECUPERER 9 Herbe
LE FERMIER RENTRE CHEZ LUI POUR RECUPERER 2 Eau
LE FERMIER RENTRE CHEZ LUI POUR RECUPERER 2 Graine
LE FERMIER RENTRE CHEZ LUI POUR RECUPERER 4 Foin
-------ETAT ACTUEL DE LA FERME ET DE LA FORET-------
:--:--:--:--:--:--:--:--:--:--:
|He|He|He|He|He|He|He|  |He|He|
:--:--:--:--:--:--:--:--:--:--:
|  |He|He|  |  |He|  |He|He|He|
:--:--:--:--:--:--:--:--:--:--:
|  |He|He|He|He|He|He|He|He|  |
:--:--:--:--:--:--:--:--:--:--:
|He|He|He|He|He|He|He|He|He|He|
:--:--:--:--:--:--:--:--:--:--:
|He|He|He|He|He|He|Fo|  |He|He|
:--:--:--:--:--:--:--:--:--:--:
|He|He|He|  |He|He|He|He|He|He|
:--:--:--:--:--:--:--:--:--:--:
|He|He|He|He|He|He|Fo|He|He|He|
:--:--:--:--:--:--:--:--:--:--:
|He|  |He|  |Ea|He|He|He|  |He|
:--:--:--:--:--:--:--:--:--:--:
|He|He|He|He|He|He|He|He|He|He|
:--:--:--:--:--:--:--:--:--:--:
|He|  |  |He|He|He|He|He|He|He|
:--:--:--:--:--:--:--:--:--:--:

------------------------------------------
Simulation - JOURS 29 DE LA SAISON ete
------------------------------------------
------------------RESERVE-----------------
LA RESERVE CONTIENT :
Herbe[id:169 quantite: 624]  en position (0, 0)
Eau[id:170 quantite: 100]  en position (0, 0)
Graine[id:171 quantite: 488]  en position (0, 0)
Foin[id:172 quantite: 1]  en position (0, 0)
------------------------------------------
-------------------POCHE------------------
LA POCHE CONTIENT:
Herbe[id:165 quantite: 9]  en position (4, 6)
Foin[id:166 quantite: 4]  en position (4, 6)
Eau[id:167 quantite: 218]  en position (4, 6)
Graine[id:168 quantite: 387]  en position (4, 6)
------------------------------------------
------------RAPPORT JOURNALIER------------
LE FERMIER RAJOUTE Herbe x9 SUR SA CASE
Le fermier trait la vache !
Le fermier trait la vache !
L'animal Vache mange Herbe[id:1365 quantite: 0]  en position (9, 3)
Pas de bÚbÚ pour Animal de la ferme: Vache en position 9 3 vie restante: 54
L'animal Poule n'a pas trouvÚ de nourriture...
Pas de bÚbÚ pour Animal de la ferme: Poule en position 7 9 vie restante: 7
L'animal Vache mange Herbe[id:1208 quantite: 0]  en position (2, 5)
Pas de bÚbÚ pour Animal de la ferme: Vache en position 5 5 vie restante: 84
L'animal Vache mange Herbe[id:1328 quantite: 0]  en position (1, 7)
L'animal Animal de la ferme: Vache en position 1 7 vie restante: 25 se reproduit
L'animal prÚdateur mange Animal de la ferme: Vache en position 2 0 vie restante: 43
L'animal Vache mange Herbe[id:1066 quantite: 0]  en position (9, 0)
Pas de bÚbÚ pour Animal de la ferme: Vache en position 1 6 vie restante: 46
De l'herbe commence Ó s'agrandir en 1,1 !
De l'herbe commence Ó s'agrandir en 2,4 !
De l'herbe commence Ó s'agrandir en 3,7 !
De l'herbe commence Ó s'agrandir en 4,3 !
De l'herbe commence Ó s'agrandir en 4,4 !
De l'herbe commence Ó s'agrandir en 4,8 !
De l'herbe commence Ó s'agrandir en 6,8 !
De l'herbe commence Ó s'agrandir en 8,6 !
---------REAPPROVISIONNEMENT--------------
LE FERMIER RENTRE CHEZ LUI POUR RECUPERER 5 Herbe
LE FERMIER RENTRE CHEZ LUI POUR RECUPERER 4 Eau
LE FERMIER RENTRE CHEZ LUI POUR RECUPERER 8 Graine
LE FERMIER N'A PLUS DE Foin DANS SA RESERVE !
-------ETAT ACTUEL DE LA FERME ET DE LA FORET-------
:--:--:--:--:--:--:--:--:--:--:
|He|He|He|He|He|He|He|  |He|  |
:--:--:--:--:--:--:--:--:--:--:
|  |He|He|  |  |He|  |  |He|He|
:--:--:--:--:--:--:--:--:--:--:
|  |He|He|He|He|  |He|He|He|  |
:--:--:--:--:--:--:--:--:--:--:
|He|He|He|He|He|He|He|He|He|He|
:--:--:--:--:--:--:--:--:--:--:
|He|He|He|He|He|He|Fo|  |He|He|
:--:--:--:--:--:--:--:--:--:--:
|He|He|He|  |He|He|He|He|He|He|
:--:--:--:--:--:--:--:--:--:--:
|He|He|He|He|He|He|Fo|He|He|He|
:--:--:--:--:--:--:--:--:--:--:
|He|  |He|  |Ea|He|He|He|  |He|
:--:--:--:--:--:--:--:--:--:--:
|He|He|He|He|He|He|He|He|He|He|
:--:--:--:--:--:--:--:--:--:--:
|  |  |  |  |He|He|He|He|He|He|
:--:--:--:--:--:--:--:--:--:--:

UPDATE DE LA RESERVE
------------------------------------------
Simulation - JOURS 30 DE LA SAISON ete
------------------------------------------
------------------RESERVE-----------------
LA RESERVE CONTIENT :
Herbe[id:169 quantite: 695]  en position (0, 0)
Eau[id:170 quantite: 131]  en position (0, 0)
Graine[id:171 quantite: 486]  en position (0, 0)
Foin[id:172 quantite: 62]  en position (0, 0)
------------------------------------------
-------------------POCHE------------------
LA POCHE CONTIENT:
Herbe[id:165 quantite: 5]  en position (4, 6)
Foin[id:166 quantite: 4]  en position (4, 6)
Eau[id:167 quantite: 222]  en position (4, 6)
Graine[id:168 quantite: 395]  en position (4, 6)
------------------------------------------
------------RAPPORT JOURNALIER------------
LE FERMIER RAJOUTE Herbe x5 SUR SA CASE
Le fermier trait la vache !
Le fermier trait la vache !
L'animal Poule n'a pas trouvÚ de nourriture...
Pas de bÚbÚ pour Animal de la ferme: Poule en position 7 9 vie restante: 7
L'animal Vache mange Herbe[id:1381 quantite: 0]  en position (5, 5)
Pas de bÚbÚ pour Animal de la ferme: Vache en position 9 2 vie restante: 69
L'animal Vache mange Herbe[id:1265 quantite: 0]  en position (8, 5)
Pas de bÚbÚ pour Animal de la ferme: Vache en position 7 8 vie restante: 48
De l'herbe commence Ó s'agrandir en 1,2 !
De l'herbe vient de pousser sur la case 1,6 !
De l'herbe commence Ó s'agrandir en 2,6 !
De l'herbe vient de pousser sur la case 4,7 !
De l'herbe commence Ó s'agrandir en 5,6 !
De l'herbe commence Ó s'agrandir en 6,2 !
De l'herbe commence Ó s'agrandir en 7,0 !
De l'herbe vient de pousser sur la case 7,3 !
De l'herbe commence Ó s'agrandir en 8,9 !
---------REAPPROVISIONNEMENT--------------
LE FERMIER RENTRE CHEZ LUI POUR RECUPERER 8 Herbe
LE FERMIER RENTRE CHEZ LUI POUR RECUPERER 10 Eau
LE FERMIER RENTRE CHEZ LUI POUR RECUPERER 5 Graine
LE FERMIER RENTRE CHEZ LUI POUR RECUPERER 5 Foin
-------ETAT ACTUEL DE LA FERME ET DE LA FORET-------
:--:--:--:--:--:--:--:--:--:--:
|He|He|He|He|He|He|He|  |He|  |
:--:--:--:--:--:--:--:--:--:--:
|  |He|He|  |  |He|He|  |He|He|
:--:--:--:--:--:--:--:--:--:--:
|  |He|He|He|He|  |He|He|He|  |
:--:--:--:--:--:--:--:--:--:--:
|He|He|He|He|He|He|He|He|He|He|
:--:--:--:--:--:--:--:--:--:--:
|He|He|He|He|He|He|Fo|He|He|He|
:--:--:--:--:--:--:--:--:--:--:
|He|He|He|  |He|  |He|He|He|He|
:--:--:--:--:--:--:--:--:--:--:
|He|He|He|He|He|He|Fo|He|He|He|
:--:--:--:--:--:--:--:--:--:--:
|He|  |He|He|Ea|He|He|He|  |  |
:--:--:--:--:--:--:--:--:--:--:
|He|He|He|He|He|  |He|He|He|He|
:--:--:--:--:--:--:--:--:--:--:
|  |  |  |  |He|He|He|He|He|He|
:--:--:--:--:--:--:--:--:--:--:

------------------------------------------
Simulation - JOURS 31 DE LA SAISON ete
------------------------------------------
------------------RESERVE-----------------
LA RESERVE CONTIENT :
Herbe[id:169 quantite: 687]  en position (0, 0)
Eau[id:170 quantite: 121]  en position (0, 0)
Graine[id:171 quantite: 481]  en position (0, 0)
Foin[id:172 quantite: 57]  en position (0, 0)
------------------------------------------
-------------------POCHE------------------
LA POCHE CONTIENT:
Herbe[id:165 quantite: 8]  en position (4, 6)
Foin[id:166 quantite: 9]  en position (4, 6)
Eau[id:167 quantite: 232]  en position (4, 6)
Graine[id:168 quantite: 400]  en position (4, 6)
------------------------------------------
------------RAPPORT JOURNALIER------------
LE FERMIER RAJOUTE Foin x9 SUR SA CASE
Le fermier trait la vache !
L'animal Vache mange Herbe[id:1341 quantite: 0]  en position (9, 4)
Pas de bÚbÚ pour Animal de la ferme: Vache en position 2 2 vie restante: 30
L'animal Vache mange Herbe[id:1390 quantite: 0]  en position (1, 6)
Pas de bÚbÚ pour Animal de la ferme: Vache en position 1 7 vie restante: 51
De l'herbe commence Ó s'agrandir en 0,6 !
De l'herbe commence Ó s'agrandir en 1,5 !
De l'herbe commence Ó s'agrandir en 2,4 !
De l'herbe commence Ó s'agrandir en 2,6 !
De l'herbe commence Ó s'agrandir en 3,2 !
De l'herbe commence Ó s'agrandir en 3,9 !
De l'herbe commence Ó s'agrandir en 4,4 !
De l'herbe commence Ó s'agrandir en 4,8 !
De l'herbe commence Ó s'agrandir en 6,7 !
De l'herbe commence Ó s'agrandir en 8,7 !
De l'herbe commence Ó s'agrandir en 9,9 !
---------REAPPROVISIONNEMENT--------------
LE FERMIER RENTRE CHEZ LUI POUR RECUPERER 5 Herbe
LE FERMIER RENTRE CHEZ LUI POUR RECUPERER 4 Eau
LE FERMIER RENTRE CHEZ LUI POUR RECUPERER 3 Graine
LE FERMIER RENTRE CHEZ LUI POUR RECUPERER 8 Foin
-------ETAT ACTUEL DE LA FERME ET DE LA FORET-------
:--:--:--:--:--:--:--:--:--:--:
|He|He|He|He|He|He|He|  |He|  |
:--:--:--:--:--:--:--:--:--:--:
|  |He|He|  |  |He|  |  |He|He|
:--:--:--:--:--:--:--:--:--:--:
|  |He|He|He|He|  |He|He|He|  |
:--:--:--:--:--:--:--:--:--:--:
|He|He|He|He|He|He|He|He|He|He|
:--:--:--:--:--:--:--:--:--:--:
|He|He|He|He|He|He|Fo|He|He|He|
:--:--:--:--:--:--:--:--:--:--:
|He|He|He|  |He|  |He|He|He|He|
:--:--:--:--:--:--:--:--:--:--:
|He|He|He|He|He|He|Fo|He|He|He|
:--:--:--:--:--:--:--:--:--:--:
|He|  |He|He|Ea|He|He|He|  |  |
:--:--:--:--:--:--:--:--:--:--:
|He|He|He|He|He|  |He|He|He|He|
:--:--:--:--:--:--:--:--:--:--:
|  |  |  |  |  |He|He|He|He|He|
:--:--:--:--:--:--:--:--:--:--:

------------------------------------------
Simulation - JOURS 32 DE LA SAISON ete
------------------------------------------
------------------RESERVE-----------------
LA RESERVE CONTIENT :
Herbe[id:169 quantite: 682]  en position (0, 0)
Eau[id:170 quantite: 117]  en position (0, 0)
Graine[id:171 quantite: 478]  en position (0, 0)
Foin[id:172 quantite: 49]  en position (0, 0)
------------------------------------------
-------------------POCHE------------------
LA POCHE CONTIENT:
Herbe[id:165 quantite: 13]  en position (4, 6)
Foin[id:166 quantite: 8]  en position (4, 6)
Eau[id:167 quantite: 236]  en position (4, 6)
Graine[id:168 quantite: 403]  en position (4, 6)
------------------------------------------
------------RAPPORT JOURNALIER------------
LE FERMIER RAJOUTE Herbe x13 SUR SA CASE
Le fermier trait la vache !
L'animal Poule n'a pas trouvÚ de nourriture...
Pas de bÚbÚ pour Animal de la ferme: Poule en position 2 4 vie restante: 7
De l'herbe commence Ó s'agrandir en 1,1 !
De l'herbe commence Ó s'agrandir en 1,5 !
De l'herbe commence Ó s'agrandir en 1,8 !
De l'herbe commence Ó s'agrandir en 3,0 !
De l'herbe commence Ó s'agrandir en 4,8 !
De l'herbe commence Ó s'agrandir en 6,1 !
De l'herbe commence Ó s'agrandir en 6,8 !
De l'herbe commence Ó s'agrandir en 8,6 !
---------REAPPROVISIONNEMENT--------------
LE FERMIER RENTRE CHEZ LUI POUR RECUPERER 11 Herbe
LE FERMIER RENTRE CHEZ LUI POUR RECUPERER 3 Eau
LE FERMIER RENTRE CHEZ LUI POUR RECUPERER 6 Graine
LE FERMIER RENTRE CHEZ LUI POUR RECUPERER 7 Foin
-------ETAT ACTUEL DE LA FERME ET DE LA FORET-------
:--:--:--:--:--:--:--:--:--:--:
|He|He|He|He|He|He|He|  |He|  |
:--:--:--:--:--:--:--:--:--:--:
|  |He|He|  |  |He|  |  |He|He|
:--:--:--:--:--:--:--:--:--:--:
|  |He|He|He|  |  |He|He|He|  |
:--:--:--:--:--:--:--:--:--:--:
|He|He|He|He|He|He|He|He|He|He|
:--:--:--:--:--:--:--:--:--:--:
|He|He|He|He|He|He|Fo|He|He|He|
:--:--:--:--:--:--:--:--:--:--:
|He|He|He|  |He|  |He|He|He|He|
:--:--:--:--:--:--:--:--:--:--:
|He|He|He|He|He|He|Fo|He|He|He|
:--:--:--:--:--:--:--:--:--:--:
|He|  |He|He|Ea|He|He|He|  |  |
:--:--:--:--:--:--:--:--:--:--:
|He|He|He|He|He|  |He|He|He|He|
:--:--:--:--:--:--:--:--:--:--:
|  |  |  |  |  |He|He|He|He|He|
:--:--:--:--:--:--:--:--:--:--:

------------------------------------------
Simulation - JOURS 33 DE LA SAISON ete
------------------------------------------
------------------RESERVE-----------------
LA RESERVE CONTIENT :
Herbe[id:169 quantite: 671]  en position (0, 0)
Eau[id:170 quantite: 114]  en position (0, 0)
Graine[id:171 quantite: 472]  en position (0, 0)
Foin[id:172 quantite: 42]  en position (0, 0)
------------------------------------------
-------------------POCHE------------------
LA POCHE CONTIENT:
Herbe[id:165 quantite: 11]  en position (4, 6)
Foin[id:166 quantite: 15]  en position (4, 6)
Eau[id:167 quantite: 239]  en position (4, 6)
Graine[id:168 quantite: 409]  en position (4, 6)
------------------------------------------
------------RAPPORT JOURNALIER------------
LE FERMIER RAJOUTE Herbe x11 SUR SA CASE
Le fermier trait la vache !
Le fermier trait la vache !
L'animal Vache mange Herbe[id:1237 quantite: 0]  en position (4, 2)
Pas de bÚbÚ pour Animal de la ferme: Vache en position 9 8 vie restante: 100
De l'herbe vient de pousser sur la case 0,7 !
De l'herbe vient de pousser sur la case 1,3 !
De l'herbe vient de pousser sur la case 2,0 !
De l'herbe vient de pousser sur la case 2,4 !
De l'herbe commence Ó s'agrandir en 3,8 !
De l'herbe commence Ó s'agrandir en 4,3 !
De l'herbe commence Ó s'agrandir en 4,8 !
De l'herbe commence Ó s'agrandir en 5,1 !
De l'herbe commence Ó s'agrandir en 6,1 !
De l'herbe commence Ó s'agrandir en 8,1 !
De l'herbe commence Ó s'agrandir en 8,7 !
---------REAPPROVISIONNEMENT--------------
LE FERMIER RENTRE CHEZ LUI POUR RECUPERER 2 Herbe
LE FERMIER RENTRE CHEZ LUI POUR RECUPERER 8 Eau
LE FERMIER RENTRE CHEZ LUI POUR RECUPERER 8 Graine
LE FERMIER RENTRE CHEZ LUI POUR RECUPERER 4 Foin
-------ETAT ACTUEL DE LA FERME ET DE LA FORET-------
:--:--:--:--:--:--:--:--:--:--:
|He|He|He|He|He|He|He|He|He|  |
:--:--:--:--:--:--:--:--:--:--:
|  |He|He|He|  |He|  |  |He|He|
:--:--:--:--:--:--:--:--:--:--:
|He|He|He|He|He|  |He|He|He|  |
:--:--:--:--:--:--:--:--:--:--:
|He|He|He|He|He|He|He|He|He|He|
:--:--:--:--:--:--:--:--:--:--:
|He|He|  |He|He|He|Fo|He|He|He|
:--:--:--:--:--:--:--:--:--:--:
|He|He|He|  |He|  |He|He|He|He|
:--:--:--:--:--:--:--:--:--:--:
|He|He|He|He|He|He|Fo|He|He|He|
:--:--:--:--:--:--:--:--:--:--:
|He|  |He|He|Ea|He|He|He|  |  |
:--:--:--:--:--:--:--:--:--:--:
|He|He|He|He|He|  |He|He|He|He|
:--:--:--:--:--:--:--:--:--:--:
|  |  |  |  |  |He|He|He|He|He|
:--:--:--:--:--:--:--:--:--:--:

------------------------------------------
Simulation - JOURS 34 DE LA SAISON ete
------------------------------------------
------------------RESERVE-----------------
LA RESERVE CONTIENT :
Herbe[id:169 quantite: 669]  en position (0, 0)
Eau[id:170 quantite: 106]  en position (0, 0)
Graine[id:171 quantite: 464]  en position (0, 0)
Foin[id:172 quantite: 38]  en position (0, 0)
------------------------------------------
-------------------POCHE------------------
LA POCHE CONTIENT:
Herbe[id:165 quantite: 2]  en position (4, 6)
Foin[id:166 quantite: 19]  en position (4, 6)
Eau[id:167 quantite: 247]  en position (4, 6)
Graine[id:168 quantite: 417]  en position (4, 6)
------------------------------------------
------------RAPPORT JOURNALIER------------
LE FERMIER RAJOUTE Herbe x2 SUR SA CASE
Le fermier trait la vache !
L'animal Vache mange Herbe[id:1373 quantite: 0]  en position (9, 8)
Pas de bÚbÚ pour Animal de la ferme: Vache en position 9 8 vie restante: 100
De l'herbe commence Ó s'agrandir en 0,4 !
De l'herbe commence Ó s'agrandir en 1,5 !
De l'herbe commence Ó s'agrandir en 3,8 !
De l'herbe commence Ó s'agrandir en 3,9 !
De l'herbe commence Ó s'agrandir en 4,7 !
De l'herbe commence Ó s'agrandir en 4,9 !
De l'herbe commence Ó s'agrandir en 5,2 !
De l'herbe vient de pousser sur la case 5,3 !
De l'herbe commence Ó s'agrandir en 5,9 !
De l'herbe commence Ó s'agrandir en 6,0 !
De l'herbe commence Ó s'agrandir en 6,7 !
De l'herbe commence Ó s'agrandir en 7,7 !
---------REAPPROVISIONNEMENT--------------
LE FERMIER RENTRE CHEZ LUI POUR RECUPERER 10 Herbe
LE FERMIER RENTRE CHEZ LUI POUR RECUPERER 10 Eau
LE FERMIER RENTRE CHEZ LUI POUR RECUPERER 6 Graine
LE FERMIER RENTRE CHEZ LUI POUR RECUPERER 8 Foin
-------ETAT ACTUEL DE LA FERME ET DE LA FORET-------
:--:--:--:--:--:--:--:--:--:--:
|He|He|He|He|He|He|He|He|He|  |
:--:--:--:--:--:--:--:--:--:--:
|  |He|He|He|  |He|  |  |He|He|
:--:--:--:--:--:--:--:--:--:--:
|He|He|He|He|He|  |He|He|He|  |
:--:--:--:--:--:--:--:--:--:--:
|He|He|He|He|He|He|He|He|He|He|
:--:--:--:--:--:--:--:--:--:--:
|He|He|  |He|He|He|Fo|He|He|He|
:--:--:--:--:--:--:--:--:--:--:
|He|He|He|He|He|  |He|He|He|He|
:--:--:--:--:--:--:--:--:--:--:
|He|He|He|He|He|He|Fo|He|He|He|
:--:--:--:--:--:--:--:--:--:--:
|He|  |He|He|Ea|He|He|He|  |  |
:--:--:--:--:--:--:--:--:--:--:
|He|He|He|He|He|  |He|He|He|He|
:--:--:--:--:--:--:--:--:--:--:
|  |  |  |  |  |He|He|He|  |He|
:--:--:--:--:--:--:--:--:--:--:

------------------------------------------
Simulation - JOURS 35 DE LA SAISON ete
------------------------------------------
------------------RESERVE-----------------
LA RESERVE CONTIENT :
Herbe[id:169 quantite: 659]  en position (0, 0)
Eau[id:170 quantite: 96]  en position (0, 0)
Graine[id:171 quantite: 458]  en position (0, 0)
Foin[id:172 quantite: 30]  en position (0, 0)
------------------------------------------
-------------------POCHE------------------
LA POCHE CONTIENT:
Herbe[id:165 quantite: 10]  en position (4, 6)
Foin[id:166 quantite: 27]  en position (4, 6)
Eau[id:167 quantite: 257]  en position (4, 6)
Graine[id:168 quantite: 423]  en position (4, 6)
------------------------------------------
------------RAPPORT JOURNALIER------------
LE FERMIER RAJOUTE Herbe x10 SUR SA CASE
Le fermier trait la vache !
L'animal Vache mange Herbe[id:1402 quantite: 0]  en position (5, 3)
Pas de bÚbÚ pour Animal de la ferme: Vache en position 5 1 vie restante: 85
De l'herbe commence Ó s'agrandir en 0,5 !
De l'herbe vient de pousser sur la case 1,7 !
De l'herbe commence Ó s'agrandir en 3,2 !
De l'herbe commence Ó s'agrandir en 3,3 !
De l'herbe commence Ó s'agrandir en 4,3 !
De l'herbe commence Ó s'agrandir en 5,4 !
De l'herbe commence Ó s'agrandir en 6,0 !
De l'herbe commence Ó s'agrandir en 6,3 !
De l'herbe commence Ó s'agrandir en 6,4 !
De l'herbe commence Ó s'agrandir en 6,9 !
De l'herbe vient de pousser sur la case 8,5 !
De l'herbe commence Ó s'agrandir en 8,7 !
---------REAPPROVISIONNEMENT--------------
LE FERMIER RENTRE CHEZ LUI POUR RECUPERER 10 Herbe
LE FERMIER RENTRE CHEZ LUI POUR RECUPERER 5 Eau
LE FERMIER RENTRE CHEZ LUI POUR RECUPERER 7 Graine
LE FERMIER RENTRE CHEZ LUI POUR RECUPERER 11 Foin
-------ETAT ACTUEL DE LA FERME ET DE LA FORET-------
:--:--:--:--:--:--:--:--:--:--:
|He|He|He|He|He|He|He|He|He|  |
:--:--:--:--:--:--:--:--:--:--:
|  |He|He|He|  |He|  |He|He|He|
:--:--:--:--:--:--:--:--:--:--:
|He|He|He|He|He|  |He|He|He|  |
:--:--:--:--:--:--:--:--:--:--:
|He|He|He|He|He|He|He|He|He|He|
:--:--:--:--:--:--:--:--:--:--:
|He|He|  |He|He|He|Fo|He|He|He|
:--:--:--:--:--:--:--:--:--:--:
|He|He|He|  |He|  |He|He|He|He|
:--:--:--:--:--:--:--:--:--:--:
|He|He|He|He|He|He|Fo|He|He|He|
:--:--:--:--:--:--:--:--:--:--:
|He|  |He|He|Ea|He|He|He|  |  |
:--:--:--:--:--:--:--:--:--:--:
|He|He|He|He|He|He|He|He|He|He|
:--:--:--:--:--:--:--:--:--:--:
|  |  |  |  |  |He|He|He|  |He|
:--:--:--:--:--:--:--:--:--:--:

------------------------------------------
Simulation - JOURS 36 DE LA SAISON ete
------------------------------------------
------------------RESERVE-----------------
LA RESERVE CONTIENT :
Herbe[id:169 quantite: 649]  en position (0, 0)
Eau[id:170 quantite: 91]  en position (0, 0)
Graine[id:171 quantite: 451]  en position (0, 0)
Foin[id:172 quantite: 19]  en position (0, 0)
------------------------------------------
-------------------POCHE------------------
LA POCHE CONTIENT:
Herbe[id:165 quantite: 10]  en position (4, 6)
Foin[id:166 quantite: 38]  en position (4, 6)
Eau[id:167 quantite: 262]  en position (4, 6)
Graine[id:168 quantite: 430]  en position (4, 6)
------------------------------------------
------------RAPPORT JOURNALIER------------
LE FERMIER RAJOUTE Herbe x10 SUR SA CASE
Le fermier trait la vache !
L'animal Vache mange Herbe[id:1239 quantite: 0]  en position (5, 1)
Pas de bÚbÚ pour Animal de la ferme: Vache en position 5 1 vie restante: 100
L'animal Vache mange Herbe[id:1303 quantite: 0]  en position (4, 5)
Pas de bÚbÚ pour Animal de la ferme: Vache en position 4 5 vie restante: 100
L'animal Vache mange Herbe[id:1397 quantite: 0]  en position (0, 7)
Pas de bÚbÚ pour Animal de la ferme: Vache en position 0 7 vie restante: 55
De l'herbe vient de pousser sur la case 1,4 !
De l'herbe commence Ó s'agrandir en 3,4 !
De l'herbe commence Ó s'agrandir en 3,6 !
De l'herbe commence Ó s'agrandir en 4,0 !
De l'herbe commence Ó s'agrandir en 5,6 !
De l'herbe commence Ó s'agrandir en 5,7 !
De l'herbe commence Ó s'agrandir en 6,0 !
De l'herbe commence Ó s'agrandir en 6,8 !
De l'herbe commence Ó s'agrandir en 7,3 !
De l'herbe commence Ó s'agrandir en 7,7 !
De l'herbe commence Ó s'agrandir en 8,1 !
De l'herbe commence Ó s'agrandir en 8,9 !
---------REAPPROVISIONNEMENT--------------
LE FERMIER RENTRE CHEZ LUI POUR RECUPERER 7 Herbe
LE FERMIER RENTRE CHEZ LUI POUR RECUPERER 4 Eau
LE FERMIER RENTRE CHEZ LUI POUR RECUPERER 6 Graine
LE FERMIER RENTRE CHEZ LUI POUR RECUPERER 10 Foin
-------ETAT ACTUEL DE LA FERME ET DE LA FORET-------
:--:--:--:--:--:--:--:--:--:--:
|He|He|He|He|He|He|He|  |He|  |
:--:--:--:--:--:--:--:--:--:--:
|  |He|He|He|He|He|  |He|He|He|
:--:--:--:--:--:--:--:--:--:--:
|He|He|He|He|He|  |He|He|He|  |
:--:--:--:--:--:--:--:--:--:--:
|He|He|He|He|He|He|He|He|He|He|
:--:--:--:--:--:--:--:--:--:--:
|He|He|  |He|He|  |Fo|He|He|He|
:--:--:--:--:--:--:--:--:--:--:
|He|  |He|  |He|  |He|He|He|He|
:--:--:--:--:--:--:--:--:--:--:
|He|He|He|He|He|He|Fo|He|He|He|
:--:--:--:--:--:--:--:--:--:--:
|He|  |He|He|Ea|He|He|He|  |  |
:--:--:--:--:--:--:--:--:--:--:
|He|He|He|He|He|He|He|He|He|He|
:--:--:--:--:--:--:--:--:--:--:
|  |  |  |  |  |He|He|He|  |He|
:--:--:--:--:--:--:--:--:--:--:

------------------------------------------
Simulation - JOURS 37 DE LA SAISON ete
------------------------------------------
------------------RESERVE-----------------
LA RESERVE CONTIENT :
Herbe[id:169 quantite: 642]  en position (0, 0)
Eau[id:170 quantite: 87]  en position (0, 0)
Graine[id:171 quantite: 445]  en position (0, 0)
Foin[id:172 quantite: 9]  en position (0, 0)
------------------------------------------
-------------------POCHE------------------
LA POCHE CONTIENT:
Herbe[id:165 quantite: 7]  en position (4, 6)
Foin[id:166 quantite: 48]  en position (4, 6)
Eau[id:167 quantite: 266]  en position (4, 6)
Graine[id:168 quantite: 436]  en position (4, 6)
------------------------------------------
------------RAPPORT JOURNALIER------------
LE FERMIER RAJOUTE Herbe x7 SUR SA CASE
L'animal Vache mange Herbe[id:1356 quantite: 0]  en position (2, 3)
Pas de bÚbÚ pour Animal de la ferme: Vache en position 4 5 vie restante: 58
L'animal Vache mange Herbe[id:1234 quantite: 0]  en position (0, 2)
L'animal Animal de la ferme: Vache en position 4 8 vie restante: 50 se reproduit
L'animal prÚdateur mange Animal de la ferme: Vache en position 0 7 vie restante: 55
L'animal Vache mange Herbe[id:1399 quantite: 0]  en position (2, 0)
Pas de bÚbÚ pour Animal de la ferme: Vache en position 6 1 vie restante: 59
De l'herbe commence Ó s'agrandir en 0,1 !
De l'herbe commence Ó s'agrandir en 1,2 !
De l'herbe commence Ó s'agrandir en 1,9 !
De l'herbe vient de pousser sur la case 2,0 !
De l'herbe commence Ó s'agrandir en 3,6 !
---------REAPPROVISIONNEMENT--------------
LE FERMIER RENTRE CHEZ LUI POUR RECUPERER 10 Herbe
LE FERMIER RENTRE CHEZ LUI POUR RECUPERER 2 Eau
LE FERMIER RENTRE CHEZ LUI POUR RECUPERER 10 Graine
LE FERMIER RENTRE CHEZ LUI POUR RECUPERER 7 Foin
-------ETAT ACTUEL DE LA FERME ET DE LA FORET-------
:--:--:--:--:--:--:--:--:--:--:
|He|He|  |He|He|He|He|  |He|  |
:--:--:--:--:--:--:--:--:--:--:
|  |He|He|He|He|He|  |He|He|He|
:--:--:--:--:--:--:--:--:--:--:
|He|He|He|  |He|  |He|He|He|  |
:--:--:--:--:--:--:--:--:--:--:
|He|He|He|He|He|He|He|He|He|He|
:--:--:--:--:--:--:--:--:--:--:
|He|He|  |He|He|  |Fo|He|He|He|
:--:--:--:--:--:--:--:--:--:--:
|He|  |He|  |He|  |He|He|He|He|
:--:--:--:--:--:--:--:--:--:--:
|He|He|He|He|He|He|Fo|He|He|He|
:--:--:--:--:--:--:--:--:--:--:
|He|  |He|He|Ea|He|He|He|  |  |
:--:--:--:--:--:--:--:--:--:--:
|He|He|He|He|He|He|He|He|He|He|
:--:--:--:--:--:--:--:--:--:--:
|  |  |  |  |  |He|He|He|  |He|
:--:--:--:--:--:--:--:--:--:--:

------------------------------------------
Simulation - JOURS 38 DE LA SAISON ete
------------------------------------------
------------------RESERVE-----------------
LA RESERVE CONTIENT :
Herbe[id:169 quantite: 632]  en position (0, 0)
Eau[id:170 quantite: 85]  en position (0, 0)
Graine[id:171 quantite: 435]  en position (0, 0)
Foin[id:172 quantite: 2]  en position (0, 0)
------------------------------------------
-------------------POCHE------------------
LA POCHE CONTIENT:
Herbe[id:165 quantite: 10]  en position (4, 6)
Foin[id:166 quantite: 55]  en position (4, 6)
Eau[id:167 quantite: 268]  en position (4, 6)
Graine[id:168 quantite: 446]  en position (4, 6)
------------------------------------------
------------RAPPORT JOURNALIER------------
LE FERMIER RAJOUTE Herbe x10 SUR SA CASE
Le fermier trait la vache !
L'animal Vache mange Herbe[id:1404 quantite: 0]  en position (1, 7)
Pas de bÚbÚ pour Animal de la ferme: Vache en position 1 7 vie restante: 61
L'animal Vache mange Herbe[id:1398 quantite: 0]  en position (1, 3)
Pas de bÚbÚ pour Animal de la ferme: Vache en position 1 3 vie restante: 36
L'animal Vache mange Herbe[id:1323 quantite: 0]  en position (4, 8)
L'animal Animal de la ferme: Vache en position 4 8 vie restante: 34 se reproduit
L'animal Vache mange Herbe[id:1369 quantite: 0]  en position (6, 1)
Pas de bÚbÚ pour Animal de la ferme: Vache en position 6 1 vie restante: 73
L'animal Vache mange Herbe[id:1310 quantite: 0]  en position (7, 0)
Pas de bÚbÚ pour Animal de la ferme: Vache en position 7 0 vie restante: 51
De l'herbe commence Ó s'agrandir en 0,5 !
De l'herbe commence Ó s'agrandir en 5,8 !
De l'herbe commence Ó s'agrandir en 6,2 !
De l'herbe commence Ó s'agrandir en 7,5 !
De l'herbe commence Ó s'agrandir en 8,0 !
---------REAPPROVISIONNEMENT--------------
LE FERMIER RENTRE CHEZ LUI POUR RECUPERER 10 Herbe
LE FERMIER RENTRE CHEZ LUI POUR RECUPERER 11 Eau
LE FERMIER RENTRE CHEZ LUI POUR RECUPERER 2 Graine
LE FERMIER N'A PLUS DE Foin DANS SA RESERVE !
-------ETAT ACTUEL DE LA FERME ET DE LA FORET-------
:--:--:--:--:--:--:--:--:--:--:
|He|He|  |He|He|He|He|  |He|  |
:--:--:--:--:--:--:--:--:--:--:
|  |He|He|  |He|He|  |  |He|He|
:--:--:--:--:--:--:--:--:--:--:
|He|He|He|  |He|  |He|He|He|  |
:--:--:--:--:--:--:--:--:--:--:
|He|He|He|He|He|He|He|He|He|He|
:--:--:--:--:--:--:--:--:--:--:
|He|He|  |He|He|  |Fo|He|  |He|
:--:--:--:--:--:--:--:--:--:--:
|He|  |He|  |He|  |He|He|He|He|
:--:--:--:--:--:--:--:--:--:--:
|He|  |He|He|He|He|Fo|He|He|He|
:--:--:--:--:--:--:--:--:--:--:
|  |  |He|He|Ea|He|He|He|  |  |
:--:--:--:--:--:--:--:--:--:--:
|He|He|He|He|He|He|He|He|He|He|
:--:--:--:--:--:--:--:--:--:--:
|  |  |  |  |  |He|He|He|  |He|
:--:--:--:--:--:--:--:--:--:--:

------------------------------------------
Simulation - JOURS 39 DE LA SAISON ete
------------------------------------------
------------------RESERVE-----------------
LA RESERVE CONTIENT :
Herbe[id:169 quantite: 622]  en position (0, 0)
Eau[id:170 quantite: 74]  en position (0, 0)
Graine[id:171 quantite: 433]  en position (0, 0)
Foin[id:172 quantite: 2]  en position (0, 0)
------------------------------------------
-------------------POCHE------------------
LA POCHE CONTIENT:
Herbe[id:165 quantite: 10]  en position (4, 6)
Foin[id:166 quantite: 55]  en position (4, 6)
Eau[id:167 quantite: 279]  en position (4, 6)
Graine[id:168 quantite: 448]  en position (4, 6)
------------------------------------------
------------RAPPORT JOURNALIER------------
LE FERMIER RAJOUTE Herbe x10 SUR SA CASE
L'animal Vache mange Herbe[id:1377 quantite: 0]  en position (9, 5)
Pas de bÚbÚ pour Animal de la ferme: Vache en position 5 1 vie restante: 45
De l'herbe commence Ó s'agrandir en 0,3 !
De l'herbe commence Ó s'agrandir en 2,2 !
De l'herbe commence Ó s'agrandir en 3,5 !
De l'herbe commence Ó s'agrandir en 3,6 !
De l'herbe commence Ó s'agrandir en 4,1 !
De l'herbe vient de pousser sur la case 5,1 !
De l'herbe vient de pousser sur la case 5,3 !
De l'herbe commence Ó s'agrandir en 5,7 !
De l'herbe commence Ó s'agrandir en 8,8 !
---------REAPPROVISIONNEMENT--------------
LE FERMIER RENTRE CHEZ LUI POUR RECUPERER 10 Herbe
LE FERMIER RENTRE CHEZ LUI POUR RECUPERER 3 Eau
LE FERMIER RENTRE CHEZ LUI POUR RECUPERER 7 Graine
LE FERMIER N'A PLUS DE Foin DANS SA RESERVE !
-------ETAT ACTUEL DE LA FERME ET DE LA FORET-------
:--:--:--:--:--:--:--:--:--:--:
|He|He|  |He|He|He|He|  |He|  |
:--:--:--:--:--:--:--:--:--:--:
|  |He|He|  |He|He|  |  |He|He|
:--:--:--:--:--:--:--:--:--:--:
|He|He|He|  |He|  |He|He|He|  |
:--:--:--:--:--:--:--:--:--:--:
|He|He|He|He|He|He|He|He|He|He|
:--:--:--:--:--:--:--:--:--:--:
|He|He|  |He|He|  |Fo|He|  |He|
:--:--:--:--:--:--:--:--:--:--:
|He|He|He|He|He|  |He|He|He|He|
:--:--:--:--:--:--:--:--:--:--:
|He|  |He|He|He|He|Fo|He|He|He|
:--:--:--:--:--:--:--:--:--:--:
|  |  |He|He|Ea|He|He|He|  |  |
:--:--:--:--:--:--:--:--:--:--:
|He|He|He|He|He|He|He|He|He|He|
:--:--:--:--:--:--:--:--:--:--:
|  |  |  |  |  |  |He|He|  |He|
:--:--:--:--:--:--:--:--:--:--:

UPDATE DE LA RESERVE
------------------------------------------
Simulation - JOURS 40 DE LA SAISON ete
------------------------------------------
------------------RESERVE-----------------
LA RESERVE CONTIENT :
Herbe[id:169 quantite: 699]  en position (0, 0)
Eau[id:170 quantite: 109]  en position (0, 0)
Graine[id:171 quantite: 462]  en position (0, 0)
Foin[id:172 quantite: 68]  en position (0, 0)
------------------------------------------
-------------------POCHE------------------
LA POCHE CONTIENT:
Herbe[id:165 quantite: 10]  en position (4, 6)
Foin[id:166 quantite: 55]  en position (4, 6)
Eau[id:167 quantite: 282]  en position (4, 6)
Graine[id:168 quantite: 455]  en position (4, 6)
------------------------------------------
------------RAPPORT JOURNALIER------------
LE FERMIER RAJOUTE Herbe x10 SUR SA CASE
L'animal Vache mange Herbe[id:1420 quantite: 0]  en position (5, 1)
Pas de bÚbÚ pour Animal de la ferme: Vache en position 5 1 vie restante: 51
De l'herbe commence Ó s'agrandir en 3,5 !
De l'herbe commence Ó s'agrandir en 3,7 !
De l'herbe commence Ó s'agrandir en 3,8 !
De l'herbe commence Ó s'agrandir en 4,1 !
De l'herbe commence Ó s'agrandir en 5,3 !
De l'herbe commence Ó s'agrandir en 5,9 !
De l'herbe commence Ó s'agrandir en 6,4 !
De l'herbe commence Ó s'agrandir en 7,3 !
De l'herbe commence Ó s'agrandir en 8,6 !
De l'herbe commence Ó s'agrandir en 8,8 !
De l'herbe vient de pousser sur la case 9,4 !
---------REAPPROVISIONNEMENT--------------
LE FERMIER RENTRE CHEZ LUI POUR RECUPERER 5 Herbe
LE FERMIER RENTRE CHEZ LUI POUR RECUPERER 11 Eau
LE FERMIER RENTRE CHEZ LUI POUR RECUPERER 8 Graine
LE FERMIER RENTRE CHEZ LUI POUR RECUPERER 5 Foin
-------ETAT ACTUEL DE LA FERME ET DE LA FORET-------
:--:--:--:--:--:--:--:--:--:--:
|He|He|  |He|He|He|He|  |He|  |
:--:--:--:--:--:--:--:--:--:--:
|  |He|He|  |He|He|  |  |He|He|
:--:--:--:--:--:--:--:--:--:--:
|He|He|He|  |He|  |He|He|He|  |
:--:--:--:--:--:--:--:--:--:--:
|He|He|He|He|He|He|He|He|He|He|
:--:--:--:--:--:--:--:--:--:--:
|He|He|  |He|He|  |Fo|He|  |He|
:--:--:--:--:--:--:--:--:--:--:
|He|  |He|He|He|  |He|He|He|He|
:--:--:--:--:--:--:--:--:--:--:
|He|  |He|He|He|He|Fo|He|He|He|
:--:--:--:--:--:--:--:--:--:--:
|  |  |He|He|Ea|He|He|He|  |  |
:--:--:--:--:--:--:--:--:--:--:
|He|He|He|He|He|He|He|He|He|He|
:--:--:--:--:--:--:--:--:--:--:
|  |  |  |  |He|  |He|He|  |He|
:--:--:--:--:--:--:--:--:--:--:

------------------------------------------
Simulation - JOURS 41 DE LA SAISON ete
------------------------------------------
------------------RESERVE-----------------
LA RESERVE CONTIENT :
Herbe[id:169 quantite: 694]  en position (0, 0)
Eau[id:170 quantite: 98]  en position (0, 0)
Graine[id:171 quantite: 454]  en position (0, 0)
Foin[id:172 quantite: 63]  en position (0, 0)
------------------------------------------
-------------------POCHE------------------
LA POCHE CONTIENT:
Herbe[id:165 quantite: 5]  en position (4, 6)
Foin[id:166 quantite: 60]  en position (4, 6)
Eau[id:167 quantite: 293]  en position (4, 6)
Graine[id:168 quantite: 463]  en position (4, 6)
------------------------------------------
------------RAPPORT JOURNALIER------------
LE FERMIER RAJOUTE Herbe x5 SUR SA CASE
L'animal Vache mange Herbe[id:1421 quantite: 0]  en position (5, 3)
Pas de bÚbÚ pour Animal de la ferme: Vache en position 5 3 vie restante: 48
L'animal prÚdateur mange Animal de la ferme: Vache en position 1 6 vie restante: 51
L'animal Vache mange Herbe[id:1423 quantite: 0]  en position (9, 4)
Pas de bÚbÚ pour Animal de la ferme: Vache en position 5 5 vie restante: 73
De l'herbe commence Ó s'agrandir en 4,0 !
De l'herbe commence Ó s'agrandir en 5,2 !
De l'herbe vient de pousser sur la case 5,3 !
De l'herbe commence Ó s'agrandir en 6,0 !
De l'herbe commence Ó s'agrandir en 7,3 !
De l'herbe commence Ó s'agrandir en 8,2 !
De l'herbe vient de pousser sur la case 9,3 !
De l'herbe vient de pousser sur la case 9,8 !
---------REAPPROVISIONNEMENT--------------
LE FERMIER RENTRE CHEZ LUI POUR RECUPERER 2 Herbe
LE FERMIER RENTRE CHEZ LUI POUR RECUPERER 11 Eau
LE FERMIER RENTRE CHEZ LUI POUR RECUPERER 7 Graine
LE FERMIER RENTRE CHEZ LUI POUR RECUPERER 11 Foin
-------ETAT ACTUEL DE LA FERME ET DE LA FORET-------
:--:--:--:--:--:--:--:--:--:--:
|He|He|  |He|He|He|He|  |He|  |
:--:--:--:--:--:--:--:--:--:--:
|  |He|He|  |He|He|  |  |He|He|
:--:--:--:--:--:--:--:--:--:--:
|He|He|He|  |He|  |He|He|He|  |
:--:--:--:--:--:--:--:--:--:--:
|He|He|He|He|He|He|He|He|He|He|
:--:--:--:--:--:--:--:--:--:--:
|He|He|  |He|He|  |Fo|He|  |He|
:--:--:--:--:--:--:--:--:--:--:
|He|  |He|He|He|  |He|He|He|He|
:--:--:--:--:--:--:--:--:--:--:
|He|  |He|He|He|He|Fo|He|He|He|
:--:--:--:--:--:--:--:--:--:--:
|  |  |He|He|Ea|He|He|He|  |  |
:--:--:--:--:--:--:--:--:--:--:
|He|He|He|He|He|He|He|He|He|He|
:--:--:--:--:--:--:--:--:--:--:
|  |  |  |He|  |  |He|He|He|He|
:--:--:--:--:--:--:--:--:--:--:

------------------------------------------
Simulation - JOURS 42 DE LA SAISON ete
------------------------------------------
------------------RESERVE-----------------
LA RESERVE CONTIENT :
Herbe[id:169 quantite: 692]  en position (0, 0)
Eau[id:170 quantite: 87]  en position (0, 0)
Graine[id:171 quantite: 447]  en position (0, 0)
Foin[id:172 quantite: 52]  en position (0, 0)
------------------------------------------
-------------------POCHE------------------
LA POCHE CONTIENT:
Herbe[id:165 quantite: 2]  en position (4, 6)
Foin[id:166 quantite: 71]  en position (4, 6)
Eau[id:167 quantite: 304]  en position (4, 6)
Graine[id:168 quantite: 470]  en position (4, 6)
------------------------------------------
------------RAPPORT JOURNALIER------------
LE FERMIER RAJOUTE Herbe x2 SUR SA CASE
Le fermier trait la vache !
L'animal Vache mange Herbe[id:1426 quantite: 0]  en position (5, 3)
Pas de bÚbÚ pour Animal de la ferme: Vache en position 5 3 vie restante: 55
L'animal prÚdateur mange Animal de la ferme: Vache en position 5 5 vie restante: 73
De l'herbe commence Ó s'agrandir en 0,4 !
De l'herbe commence Ó s'agrandir en 0,6 !
De l'herbe commence Ó s'agrandir en 1,8 !
De l'herbe commence Ó s'agrandir en 4,3 !
De l'herbe commence Ó s'agrandir en 4,4 !
De l'herbe commence Ó s'agrandir en 5,8 !
De l'herbe commence Ó s'agrandir en 8,7 !
---------REAPPROVISIONNEMENT--------------
LE FERMIER RENTRE CHEZ LUI POUR RECUPERER 5 Herbe
LE FERMIER RENTRE CHEZ LUI POUR RECUPERER 10 Eau
LE FERMIER RENTRE CHEZ LUI POUR RECUPERER 10 Graine
LE FERMIER RENTRE CHEZ LUI POUR RECUPERER 11 Foin
-------ETAT ACTUEL DE LA FERME ET DE LA FORET-------
:--:--:--:--:--:--:--:--:--:--:
|He|He|  |He|He|He|He|  |He|  |
:--:--:--:--:--:--:--:--:--:--:
|  |He|He|  |He|He|  |  |He|He|
:--:--:--:--:--:--:--:--:--:--:
|He|He|He|  |He|  |He|He|He|  |
:--:--:--:--:--:--:--:--:--:--:
|He|He|He|He|He|He|He|He|He|He|
:--:--:--:--:--:--:--:--:--:--:
|He|He|  |He|He|  |Fo|He|  |He|
:--:--:--:--:--:--:--:--:--:--:
|He|  |He|  |He|  |He|He|He|He|
:--:--:--:--:--:--:--:--:--:--:
|He|  |He|He|He|He|Fo|He|He|He|
:--:--:--:--:--:--:--:--:--:--:
|  |  |He|He|Ea|He|He|He|  |  |
:--:--:--:--:--:--:--:--:--:--:
|He|He|He|He|He|He|He|He|He|He|
:--:--:--:--:--:--:--:--:--:--:
|  |  |  |He|  |  |He|He|He|He|
:--:--:--:--:--:--:--:--:--:--:

------------------------------------------
Simulation - JOURS 43 DE LA SAISON ete
------------------------------------------
------------------RESERVE-----------------
LA RESERVE CONTIENT :
Herbe[id:169 quantite: 687]  en position (0, 0)
Eau[id:170 quantite: 77]  en position (0, 0)
Graine[id:171 quantite: 437]  en position (0, 0)
Foin[id:172 quantite: 41]  en position (0, 0)
------------------------------------------
-------------------POCHE------------------
LA POCHE CONTIENT:
Herbe[id:165 quantite: 5]  en position (4, 6)
Foin[id:166 quantite: 82]  en position (4, 6)
Eau[id:167 quantite: 314]  en position (4, 6)
Graine[id:168 quantite: 480]  en position (4, 6)
------------------------------------------
------------RAPPORT JOURNALIER------------
LE FERMIER RAJOUTE Herbe x5 SUR SA CASE
Le fermier trait la vache !
De l'herbe vient de pousser sur la case 2,5 !
De l'herbe vient de pousser sur la case 4,8 !
De l'herbe commence Ó s'agrandir en 6,9 !
De l'herbe commence Ó s'agrandir en 7,2 !
De l'herbe commence Ó s'agrandir en 8,0 !
De l'herbe vient de pousser sur la case 9,5 !
---------REAPPROVISIONNEMENT--------------
LE FERMIER RENTRE CHEZ LUI POUR RECUPERER 8 Herbe
LE FERMIER RENTRE CHEZ LUI POUR RECUPERER 6 Eau
LE FERMIER RENTRE CHEZ LUI POUR RECUPERER 3 Graine
LE FERMIER RENTRE CHEZ LUI POUR RECUPERER 11 Foin
-------ETAT ACTUEL DE LA FERME ET DE LA FORET-------
:--:--:--:--:--:--:--:--:--:--:
|He|He|  |He|He|He|He|  |He|  |
:--:--:--:--:--:--:--:--:--:--:
|  |He|He|  |He|He|  |  |He|He|
:--:--:--:--:--:--:--:--:--:--:
|He|He|He|  |He|He|He|He|He|  |
:--:--:--:--:--:--:--:--:--:--:
|He|He|He|He|He|He|He|He|He|He|
:--:--:--:--:--:--:--:--:--:--:
|He|He|  |He|He|  |Fo|He|He|He|
:--:--:--:--:--:--:--:--:--:--:
|He|  |He|  |He|  |He|He|He|He|
:--:--:--:--:--:--:--:--:--:--:
|He|  |He|He|He|He|Fo|He|He|He|
:--:--:--:--:--:--:--:--:--:--:
|  |  |He|He|Ea|He|He|He|  |  |
:--:--:--:--:--:--:--:--:--:--:
|He|He|He|He|He|He|He|He|He|He|
:--:--:--:--:--:--:--:--:--:--:
|  |  |  |He|  |He|He|He|He|He|
:--:--:--:--:--:--:--:--:--:--:

------------------------------------------
Simulation - JOURS 44 DE LA SAISON ete
------------------------------------------
------------------RESERVE-----------------
LA RESERVE CONTIENT :
Herbe[id:169 quantite: 679]  en position (0, 0)
Eau[id:170 quantite: 71]  en position (0, 0)
Graine[id:171 quantite: 434]  en position (0, 0)
Foin[id:172 quantite: 30]  en position (0, 0)
------------------------------------------
-------------------POCHE------------------
LA POCHE CONTIENT:
Herbe[id:165 quantite: 8]  en position (4, 6)
Foin[id:166 quantite: 93]  en position (4, 6)
Eau[id:167 quantite: 320]  en position (4, 6)
Graine[id:168 quantite: 483]  en position (4, 6)
------------------------------------------
------------RAPPORT JOURNALIER------------
LE FERMIER RAJOUTE Herbe x8 SUR SA CASE
Le fermier trait la vache !
De l'herbe commence Ó s'agrandir en 0,5 !
De l'herbe vient de pousser sur la case 1,3 !
De l'herbe commence Ó s'agrandir en 2,1 !
De l'herbe commence Ó s'agrandir en 2,2 !
De l'herbe vient de pousser sur la case 2,9 !
De l'herbe vient de pousser sur la case 4,5 !
De l'herbe commence Ó s'agrandir en 5,6 !
De l'herbe commence Ó s'agrandir en 5,8 !
De l'herbe commence Ó s'agrandir en 7,3 !
De l'herbe commence Ó s'agrandir en 8,0 !
De l'herbe commence Ó s'agrandir en 8,1 !
---------REAPPROVISIONNEMENT--------------
LE FERMIER RENTRE CHEZ LUI POUR RECUPERER 6 Herbe
LE FERMIER RENTRE CHEZ LUI POUR RECUPERER 2 Eau
LE FERMIER RENTRE CHEZ LUI POUR RECUPERER 2 Graine
LE FERMIER RENTRE CHEZ LUI POUR RECUPERER 10 Foin
-------ETAT ACTUEL DE LA FERME ET DE LA FORET-------
:--:--:--:--:--:--:--:--:--:--:
|He|He|  |He|He|He|He|  |He|  |
:--:--:--:--:--:--:--:--:--:--:
|  |He|He|He|He|He|  |  |He|He|
:--:--:--:--:--:--:--:--:--:--:
|He|He|He|  |He|He|He|He|He|He|
:--:--:--:--:--:--:--:--:--:--:
|He|He|He|He|He|He|He|He|He|He|
:--:--:--:--:--:--:--:--:--:--:
|He|He|  |He|He|He|Fo|He|He|He|
:--:--:--:--:--:--:--:--:--:--:
|He|  |He|  |He|  |He|He|He|He|
:--:--:--:--:--:--:--:--:--:--:
|He|  |He|He|He|He|Fo|He|He|He|
:--:--:--:--:--:--:--:--:--:--:
|  |  |He|He|Ea|He|He|He|  |  |
:--:--:--:--:--:--:--:--:--:--:
|He|He|He|He|He|He|He|He|He|He|
:--:--:--:--:--:--:--:--:--:--:
|  |  |  |He|  |He|He|He|He|He|
:--:--:--:--:--:--:--:--:--:--:

------------------------------------------
Simulation - JOURS 45 DE LA SAISON ete
------------------------------------------
------------------RESERVE-----------------
LA RESERVE CONTIENT :
Herbe[id:169 quantite: 673]  en position (0, 0)
Eau[id:170 quantite: 69]  en position (0, 0)
Graine[id:171 quantite: 432]  en position (0, 0)
Foin[id:172 quantite: 20]  en position (0, 0)
------------------------------------------
-------------------POCHE------------------
LA POCHE CONTIENT:
Herbe[id:165 quantite: 6]  en position (4, 6)
Foin[id:166 quantite: 103]  en position (4, 6)
Eau[id:167 quantite: 322]  en position (4, 6)
Graine[id:168 quantite: 485]  en position (4, 6)
------------------------------------------
------------RAPPORT JOURNALIER------------
LE FERMIER RAJOUTE Herbe x6 SUR SA CASE
Le fermier trait la vache !
L'animal Vache mange Herbe[id:1312 quantite: 0]  en position (7, 6)
Pas de bÚbÚ pour Animal de la ferme: Vache en position 9 3 vie restante: 57
L'animal Poule n'a pas trouvÚ de nourriture...
L'animal Animal de la ferme: Poule en position 4 6 vie restante: 3 se reproduit
L'animal Poule n'a pas trouvÚ de nourriture...
Pas de bÚbÚ pour Animal de la ferme: Poule en position 7 6 vie restante: 3
De l'herbe commence Ó s'agrandir en 0,6 !
De l'herbe commence Ó s'agrandir en 1,3 !
De l'herbe commence Ó s'agrandir en 1,4 !
De l'herbe commence Ó s'agrandir en 2,7 !
De l'herbe commence Ó s'agrandir en 3,0 !
De l'herbe commence Ó s'agrandir en 3,7 !
De l'herbe commence Ó s'agrandir en 4,3 !
De l'herbe commence Ó s'agrandir en 4,4 !
De l'herbe vient de pousser sur la case 4,6 !
De l'herbe commence Ó s'agrandir en 6,2 !
De l'herbe commence Ó s'agrandir en 6,9 !
De l'herbe vient de pousser sur la case 7,1 !
---------REAPPROVISIONNEMENT--------------
LE FERMIER RENTRE CHEZ LUI POUR RECUPERER 10 Herbe
LE FERMIER RENTRE CHEZ LUI POUR RECUPERER 3 Eau
LE FERMIER RENTRE CHEZ LUI POUR RECUPERER 7 Graine
LE FERMIER RENTRE CHEZ LUI POUR RECUPERER 5 Foin
-------ETAT ACTUEL DE LA FERME ET DE LA FORET-------
:--:--:--:--:--:--:--:--:--:--:
|He|He|  |He|He|He|He|  |He|  |
:--:--:--:--:--:--:--:--:--:--:
|  |He|He|He|He|He|  |  |He|He|
:--:--:--:--:--:--:--:--:--:--:
|  |He|He|  |He|He|He|He|He|He|
:--:--:--:--:--:--:--:--:--:--:
|He|He|He|He|He|He|He|He|He|He|
:--:--:--:--:--:--:--:--:--:--:
|He|He|  |He|He|He|He|He|He|He|
:--:--:--:--:--:--:--:--:--:--:
|He|  |He|  |He|  |He|He|He|He|
:--:--:--:--:--:--:--:--:--:--:
|He|  |He|He|He|He|Fo|He|He|He|
:--:--:--:--:--:--:--:--:--:--:
|  |He|He|He|Ea|He|  |He|  |  |
:--:--:--:--:--:--:--:--:--:--:
|He|He|He|He|He|He|He|He|He|He|
:--:--:--:--:--:--:--:--:--:--:
|  |  |  |He|  |He|He|He|He|He|
:--:--:--:--:--:--:--:--:--:--:

------------------------------------------
Simulation - JOURS 46 DE LA SAISON ete
------------------------------------------
------------------RESERVE-----------------
LA RESERVE CONTIENT :
Herbe[id:169 quantite: 663]  en position (0, 0)
Eau[id:170 quantite: 66]  en position (0, 0)
Graine[id:171 quantite: 425]  en position (0, 0)
Foin[id:172 quantite: 15]  en position (0, 0)
------------------------------------------
-------------------POCHE------------------
LA POCHE CONTIENT:
Herbe[id:165 quantite: 10]  en position (4, 6)
Foin[id:166 quantite: 108]  en position (4, 6)
Eau[id:167 quantite: 325]  en position (4, 6)
Graine[id:168 quantite: 492]  en position (4, 6)
------------------------------------------
------------RAPPORT JOURNALIER------------
LE FERMIER RAJOUTE Herbe x10 SUR SA CASE
Le fermier trait la vache !
Le fermier trait la vache !
L'animal Vache mange Herbe[id:1427 quantite: 0]  en position (9, 3)
L'animal Animal de la ferme: Vache en position 2 9 vie restante: 31 se reproduit
L'animal Poule n'a pas trouvÚ de nourriture...
Pas de bÚbÚ pour Animal de la ferme: Poule en position 9 7 vie restante: 3
L'animal Vache mange Herbe[id:1430 quantite: 0]  en position (2, 5)
Pas de bÚbÚ pour Animal de la ferme: Vache en position 2 5 vie restante: 42
L'animal Vache mange Herbe[id:1400 quantite: 0]  en position (2, 4)
L'animal Animal de la ferme: Vache en position 2 4 vie restante: 15 se reproduit
De l'herbe commence Ó s'agrandir en 0,3 !
De l'herbe commence Ó s'agrandir en 1,4 !
De l'herbe commence Ó s'agrandir en 1,9 !
De l'herbe vient de pousser sur la case 2,3 !
De l'herbe vient de pousser sur la case 4,2 !
De l'herbe commence Ó s'agrandir en 4,3 !
De l'herbe vient de pousser sur la case 9,2 !
---------REAPPROVISIONNEMENT--------------
LE FERMIER RENTRE CHEZ LUI POUR RECUPERER 9 Herbe
LE FERMIER RENTRE CHEZ LUI POUR RECUPERER 6 Eau
LE FERMIER RENTRE CHEZ LUI POUR RECUPERER 5 Graine
LE FERMIER RENTRE CHEZ LUI POUR RECUPERER 4 Foin
-------ETAT ACTUEL DE LA FERME ET DE LA FORET-------
:--:--:--:--:--:--:--:--:--:--:
|He|He|  |He|He|He|He|  |He|  |
:--:--:--:--:--:--:--:--:--:--:
|  |He|He|He|He|He|  |  |He|He|
:--:--:--:--:--:--:--:--:--:--:
|  |He|He|He|  |  |He|He|He|He|
:--:--:--:--:--:--:--:--:--:--:
|He|He|He|He|He|He|He|He|He|He|
:--:--:--:--:--:--:--:--:--:--:
|He|He|He|He|He|He|  |He|He|He|
:--:--:--:--:--:--:--:--:--:--:
|He|  |He|  |He|  |He|He|He|He|
:--:--:--:--:--:--:--:--:--:--:
|He|  |He|He|He|He|Fo|He|He|He|
:--:--:--:--:--:--:--:--:--:--:
|  |He|He|He|Ea|He|  |He|  |  |
:--:--:--:--:--:--:--:--:--:--:
|He|He|He|He|He|He|He|He|He|He|
:--:--:--:--:--:--:--:--:--:--:
|  |  |He|  |  |He|He|He|He|He|
:--:--:--:--:--:--:--:--:--:--:

------------------------------------------
Simulation - JOURS 47 DE LA SAISON ete
------------------------------------------
------------------RESERVE-----------------
LA RESERVE CONTIENT :
Herbe[id:169 quantite: 654]  en position (0, 0)
Eau[id:170 quantite: 60]  en position (0, 0)
Graine[id:171 quantite: 420]  en position (0, 0)
Foin[id:172 quantite: 11]  en position (0, 0)
------------------------------------------
-------------------POCHE------------------
LA POCHE CONTIENT:
Herbe[id:165 quantite: 9]  en position (4, 6)
Foin[id:166 quantite: 112]  en position (4, 6)
Eau[id:167 quantite: 331]  en position (4, 6)
Graine[id:168 quantite: 497]  en position (4, 6)
------------------------------------------
------------RAPPORT JOURNALIER------------
LE FERMIER RAJOUTE Herbe x9 SUR SA CASE
Le fermier trait la vache !
Le fermier trait la vache !
Le fermier trait la vache !
L'animal Vache mange Herbe[id:1434 quantite: 0]  en position (2, 9)
Pas de bÚbÚ pour Animal de la ferme: Vache en position 2 9 vie restante: 31
L'animal Poule n'a pas trouvÚ de nourriture...
Pas de bÚbÚ pour Animal de la ferme: Poule en position 9 7 vie restante: 3
L'animal Vache mange Herbe[id:1433 quantite: 0]  en position (1, 3)
Pas de bÚbÚ pour Animal de la ferme: Vache en position 3 5 vie restante: 73
L'animal prÚdateur mange Animal de la ferme: Poule en position 7 6 vie restante: 3
De l'herbe commence Ó s'agrandir en 2,3 !
De l'herbe commence Ó s'agrandir en 2,6 !
De l'herbe commence Ó s'agrandir en 3,7 !
De l'herbe commence Ó s'agrandir en 3,9 !
De l'herbe commence Ó s'agrandir en 4,5 !
De l'herbe commence Ó s'agrandir en 6,3 !
De l'herbe commence Ó s'agrandir en 6,7 !
De l'herbe vient de pousser sur la case 7,0 !
De l'herbe commence Ó s'agrandir en 8,5 !
---------REAPPROVISIONNEMENT--------------
LE FERMIER RENTRE CHEZ LUI POUR RECUPERER 6 Herbe
LE FERMIER RENTRE CHEZ LUI POUR RECUPERER 5 Eau
LE FERMIER RENTRE CHEZ LUI POUR RECUPERER 3 Graine
LE FERMIER RENTRE CHEZ LUI POUR RECUPERER 10 Foin
-------ETAT ACTUEL DE LA FERME ET DE LA FORET-------
:--:--:--:--:--:--:--:--:--:--:
|He|He|  |He|He|He|He|  |He|  |
:--:--:--:--:--:--:--:--:--:--:
|  |He|He|  |He|He|  |  |He|He|
:--:--:--:--:--:--:--:--:--:--:
|  |He|He|He|  |  |He|He|He|  |
:--:--:--:--:--:--:--:--:--:--:
|He|He|He|He|He|He|He|He|He|He|
:--:--:--:--:--:--:--:--:--:--:
|He|He|He|He|He|He|  |He|He|He|
:--:--:--:--:--:--:--:--:--:--:
|He|  |He|  |He|  |He|He|He|He|
:--:--:--:--:--:--:--:--:--:--:
|He|  |He|He|He|He|Fo|He|He|He|
:--:--:--:--:--:--:--:--:--:--:
|He|He|He|He|Ea|He|  |He|  |  |
:--:--:--:--:--:--:--:--:--:--:
|He|He|He|He|He|He|He|He|He|He|
:--:--:--:--:--:--:--:--:--:--:
|  |  |He|  |  |He|He|  |He|He|
:--:--:--:--:--:--:--:--:--:--:

------------------------------------------
Simulation - JOURS 48 DE LA SAISON ete
------------------------------------------
------------------RESERVE-----------------
LA RESERVE CONTIENT :
Herbe[id:169 quantite: 648]  en position (0, 0)
Eau[id:170 quantite: 55]  en position (0, 0)
Graine[id:171 quantite: 417]  en position (0, 0)
Foin[id:172 quantite: 1]  en position (0, 0)
------------------------------------------
-------------------POCHE------------------
LA POCHE CONTIENT:
Herbe[id:165 quantite: 6]  en position (4, 6)
Foin[id:166 quantite: 122]  en position (4, 6)
Eau[id:167 quantite: 336]  en position (4, 6)
Graine[id:168 quantite: 500]  en position (4, 6)
------------------------------------------
------------RAPPORT JOURNALIER------------
LE FERMIER RAJOUTE Herbe x6 SUR SA CASE
Le fermier trait la vache !
L'animal Vache mange Herbe[id:1447 quantite: 0]  en position (9, 2)
Pas de bÚbÚ pour Animal de la ferme: Vache en position 2 3 vie restante: 80
L'animal Vache mange Herbe[id:1432 quantite: 0]  en position (9, 5)
Pas de bÚbÚ pour Animal de la ferme: Vache en position 9 5 vie restante: 47
L'animal Vache mange Herbe[id:1451 quantite: 0]  en position (7, 0)
Pas de bÚbÚ pour Animal de la ferme: Vache en position 7 0 vie restante: 34
De l'herbe commence Ó s'agrandir en 0,3 !
De l'herbe vient de pousser sur la case 0,7 !
De l'herbe commence Ó s'agrandir en 0,8 !
De l'herbe vient de pousser sur la case 1,3 !
De l'herbe vient de pousser sur la case 2,0 !
De l'herbe commence Ó s'agrandir en 4,5 !
De l'herbe commence Ó s'agrandir en 5,0 !
De l'herbe commence Ó s'agrandir en 5,2 !
De l'herbe commence Ó s'agrandir en 6,3 !
De l'herbe commence Ó s'agrandir en 8,1 !
De l'herbe commence Ó s'agrandir en 8,4 !
---------REAPPROVISIONNEMENT--------------
LE FERMIER RENTRE CHEZ LUI POUR RECUPERER 7 Herbe
LE FERMIER RENTRE CHEZ LUI POUR RECUPERER 8 Eau
LE FERMIER RENTRE CHEZ LUI POUR RECUPERER 8 Graine
LE FERMIER N'A PLUS DE Foin DANS SA RESERVE !
-------ETAT ACTUEL DE LA FERME ET DE LA FORET-------
:--:--:--:--:--:--:--:--:--:--:
|He|He|  |He|He|He|He|He|He|  |
:--:--:--:--:--:--:--:--:--:--:
|  |He|He|He|He|He|  |  |He|He|
:--:--:--:--:--:--:--:--:--:--:
|He|He|He|He|  |  |He|He|He|  |
:--:--:--:--:--:--:--:--:--:--:
|He|He|He|He|He|He|He|He|He|He|
:--:--:--:--:--:--:--:--:--:--:
|He|He|He|He|He|He|  |He|He|He|
:--:--:--:--:--:--:--:--:--:--:
|He|  |He|  |He|  |He|He|He|He|
:--:--:--:--:--:--:--:--:--:--:
|He|  |He|He|He|He|Fo|He|He|He|
:--:--:--:--:--:--:--:--:--:--:
|  |He|He|He|Ea|He|  |He|  |  |
:--:--:--:--:--:--:--:--:--:--:
|He|He|He|He|He|He|He|He|He|He|
:--:--:--:--:--:--:--:--:--:--:
|  |  |  |  |  |  |He|  |He|He|
:--:--:--:--:--:--:--:--:--:--:

------------------------------------------
Simulation - JOURS 49 DE LA SAISON ete
------------------------------------------
------------------RESERVE-----------------
LA RESERVE CONTIENT :
Herbe[id:169 quantite: 641]  en position (0, 0)
Eau[id:170 quantite: 47]  en position (0, 0)
Graine[id:171 quantite: 409]  en position (0, 0)
Foin[id:172 quantite: 1]  en position (0, 0)
------------------------------------------
-------------------POCHE------------------
LA POCHE CONTIENT:
Herbe[id:165 quantite: 7]  en position (4, 6)
Foin[id:166 quantite: 122]  en position (4, 6)
Eau[id:167 quantite: 344]  en position (4, 6)
Graine[id:168 quantite: 508]  en position (4, 6)
------------------------------------------
------------RAPPORT JOURNALIER------------
LE FERMIER RAJOUTE Herbe x7 SUR SA CASE
Le fermier trait la vache !
Le fermier trait la vache !
L'animal Vache mange Herbe[id:1445 quantite: 0]  en position (2, 3)
L'animal Animal de la ferme: Vache en position 2 3 vie restante: 9 se reproduit
L'animal Vache mange Herbe[id:1446 quantite: 0]  en position (4, 2)
Pas de bÚbÚ pour Animal de la ferme: Vache en position 4 7 vie restante: 42
De l'herbe commence Ó s'agrandir en 1,9 !
De l'herbe commence Ó s'agrandir en 3,1 !
De l'herbe commence Ó s'agrandir en 3,8 !
De l'herbe commence Ó s'agrandir en 4,0 !
De l'herbe commence Ó s'agrandir en 4,5 !
De l'herbe commence Ó s'agrandir en 4,8 !
De l'herbe commence Ó s'agrandir en 4,9 !
De l'herbe vient de pousser sur la case 5,1 !
De l'herbe commence Ó s'agrandir en 5,8 !
De l'herbe commence Ó s'agrandir en 6,3 !
De l'herbe commence Ó s'agrandir en 8,4 !
De l'herbe commence Ó s'agrandir en 8,5 !
De l'herbe vient de pousser sur la case 9,0 !
De l'herbe vient de pousser sur la case 9,3 !
---------REAPPROVISIONNEMENT--------------
LE FERMIER RENTRE CHEZ LUI POUR RECUPERER 10 Herbe
LE FERMIER RENTRE CHEZ LUI POUR RECUPERER 2 Eau
LE FERMIER RENTRE CHEZ LUI POUR RECUPERER 4 Graine
LE FERMIER N'A PLUS DE Foin DANS SA RESERVE !
-------ETAT ACTUEL DE LA FERME ET DE LA FORET-------
:--:--:--:--:--:--:--:--:--:--:
|He|He|  |He|He|He|He|He|He|  |
:--:--:--:--:--:--:--:--:--:--:
|  |He|He|He|He|He|  |  |He|He|
:--:--:--:--:--:--:--:--:--:--:
|He|He|He|  |  |  |He|He|He|  |
:--:--:--:--:--:--:--:--:--:--:
|He|He|He|He|He|He|He|He|He|He|
:--:--:--:--:--:--:--:--:--:--:
|He|He|  |He|He|He|  |He|He|He|
:--:--:--:--:--:--:--:--:--:--:
|He|He|He|  |He|  |He|He|He|He|
:--:--:--:--:--:--:--:--:--:--:
|He|  |He|He|He|He|Fo|He|He|He|
:--:--:--:--:--:--:--:--:--:--:
|  |He|He|He|Ea|He|  |He|  |  |
:--:--:--:--:--:--:--:--:--:--:
|He|He|He|He|He|He|He|He|He|He|
:--:--:--:--:--:--:--:--:--:--:
|He|  |  |He|  |  |He|  |He|He|
:--:--:--:--:--:--:--:--:--:--:

UPDATE DE LA RESERVE
------------------------------------------
Simulation - JOURS 50 DE LA SAISON ete
------------------------------------------
------------------RESERVE-----------------
LA RESERVE CONTIENT :
Herbe[id:169 quantite: 701]  en position (0, 0)
Eau[id:170 quantite: 56]  en position (0, 0)
Graine[id:171 quantite: 427]  en position (0, 0)
Foin[id:172 quantite: 60]  en position (0, 0)
------------------------------------------
-------------------POCHE------------------
LA POCHE CONTIENT:
Herbe[id:165 quantite: 10]  en position (4, 6)
Foin[id:166 quantite: 122]  en position (4, 6)
Eau[id:167 quantite: 346]  en position (4, 6)
Graine[id:168 quantite: 512]  en position (4, 6)
------------------------------------------
------------RAPPORT JOURNALIER------------
LE FERMIER RAJOUTE Herbe x10 SUR SA CASE
Le fermier trait la vache !
L'animal Vache mange Herbe[id:1460 quantite: 0]  en position (5, 1)
Pas de bÚbÚ pour Animal de la ferme: Vache en position 5 1 vie restante: 34
L'animal prÚdateur mange Animal de la ferme: Vache en position 4 7 vie restante: 42
L'animal Vache mange Herbe[id:1461 quantite: 0]  en position (9, 0)
Pas de bÚbÚ pour Animal de la ferme: Vache en position 9 0 vie restante: 19
De l'herbe commence Ó s'agrandir en 0,0 !
De l'herbe vient de pousser sur la case 1,0 !
De l'herbe commence Ó s'agrandir en 1,9 !
De l'herbe commence Ó s'agrandir en 2,1 !
De l'herbe vient de pousser sur la case 2,4 !
De l'herbe commence Ó s'agrandir en 4,4 !
De l'herbe vient de pousser sur la case 5,3 !
De l'herbe commence Ó s'agrandir en 6,2 !
De l'herbe commence Ó s'agrandir en 6,9 !
De l'herbe commence Ó s'agrandir en 8,3 !
De l'herbe vient de pousser sur la case 9,2 !
De l'herbe commence Ó s'agrandir en 9,9 !
---------REAPPROVISIONNEMENT--------------
LE FERMIER RENTRE CHEZ LUI POUR RECUPERER 3 Herbe
LE FERMIER RENTRE CHEZ LUI POUR RECUPERER 7 Eau
LE FERMIER RENTRE CHEZ LUI POUR RECUPERER 9 Graine
LE FERMIER RENTRE CHEZ LUI POUR RECUPERER 8 Foin
-------ETAT ACTUEL DE LA FERME ET DE LA FORET-------
:--:--:--:--:--:--:--:--:--:--:
|He|He|  |He|He|He|He|He|He|  |
:--:--:--:--:--:--:--:--:--:--:
|He|He|He|He|He|He|  |  |He|He|
:--:--:--:--:--:--:--:--:--:--:
|He|He|He|  |He|  |He|He|He|  |
:--:--:--:--:--:--:--:--:--:--:
|He|He|He|He|He|He|He|He|He|He|
:--:--:--:--:--:--:--:--:--:--:
|He|He|  |He|He|He|  |He|He|He|
:--:--:--:--:--:--:--:--:--:--:
|He|  |He|He|He|  |He|He|He|He|
:--:--:--:--:--:--:--:--:--:--:
|He|  |He|He|He|He|Fo|He|He|He|
:--:--:--:--:--:--:--:--:--:--:
|  |He|He|He|Ea|He|  |He|  |  |
:--:--:--:--:--:--:--:--:--:--:
|He|He|He|He|He|He|He|He|He|He|
:--:--:--:--:--:--:--:--:--:--:
|  |  |He|He|  |  |He|  |He|He|
:--:--:--:--:--:--:--:--:--:--:

------------------------------------------
Simulation - JOURS 51 DE LA SAISON ete
------------------------------------------
------------------RESERVE-----------------
LA RESERVE CONTIENT :
Herbe[id:169 quantite: 698]  en position (0, 0)
Eau[id:170 quantite: 49]  en position (0, 0)
Graine[id:171 quantite: 418]  en position (0, 0)
Foin[id:172 quantite: 52]  en position (0, 0)
------------------------------------------
-------------------POCHE------------------
LA POCHE CONTIENT:
Herbe[id:165 quantite: 3]  en position (4, 6)
Foin[id:166 quantite: 130]  en position (4, 6)
Eau[id:167 quantite: 353]  en position (4, 6)
Graine[id:168 quantite: 521]  en position (4, 6)
------------------------------------------
------------RAPPORT JOURNALIER------------
LE FERMIER RAJOUTE Herbe x3 SUR SA CASE
Le fermier trait la vache !
Le fermier trait la vache !
L'animal Poule n'a pas trouvÚ de nourriture...
Pas de bÚbÚ pour Animal de la ferme: Poule en position 5 9 vie restante: 3
L'animal Vache mange Herbe[id:1354 quantite: 0]  en position (1, 8)
Pas de bÚbÚ pour Animal de la ferme: Vache en position 7 9 vie restante: 78
L'animal Vache mange Herbe[id:1465 quantite: 0]  en position (1, 0)
L'animal Animal de la ferme: Vache en position 1 0 vie restante: 6 se reproduit
L'animal Vache mange Herbe[id:912 quantite: 0]  en position (0, 0)
Pas de bÚbÚ pour Animal de la ferme: Vache en position 1 8 vie restante: 50
De l'herbe vient de pousser sur la case 0,0 !
De l'herbe commence Ó s'agrandir en 0,7 !
De l'herbe vient de pousser sur la case 1,7 !
De l'herbe vient de pousser sur la case 2,3 !
De l'herbe commence Ó s'agrandir en 2,4 !
De l'herbe commence Ó s'agrandir en 3,0 !
De l'herbe commence Ó s'agrandir en 3,1 !
De l'herbe commence Ó s'agrandir en 3,3 !
De l'herbe commence Ó s'agrandir en 3,7 !
De l'herbe commence Ó s'agrandir en 5,6 !
De l'herbe commence Ó s'agrandir en 6,5 !
De l'herbe commence Ó s'agrandir en 6,8 !
De l'herbe commence Ó s'agrandir en 6,9 !
De l'herbe vient de pousser sur la case 7,0 !
De l'herbe commence Ó s'agrandir en 8,6 !
De l'herbe vient de pousser sur la case 9,1 !
De l'herbe vient de pousser sur la case 9,3 !
---------REAPPROVISIONNEMENT--------------
LE FERMIER RENTRE CHEZ LUI POUR RECUPERER 7 Herbe
LE FERMIER RENTRE CHEZ LUI POUR RECUPERER 6 Eau
LE FERMIER RENTRE CHEZ LUI POUR RECUPERER 4 Graine
LE FERMIER RENTRE CHEZ LUI POUR RECUPERER 2 Foin
-------ETAT ACTUEL DE LA FERME ET DE LA FORET-------
:--:--:--:--:--:--:--:--:--:--:
|He|He|  |He|He|He|He|He|He|  |
:--:--:--:--:--:--:--:--:--:--:
|  |He|He|He|He|He|  |He|  |He|
:--:--:--:--:--:--:--:--:--:--:
|He|He|He|He|He|  |He|He|He|  |
:--:--:--:--:--:--:--:--:--:--:
|He|He|He|He|He|He|He|He|He|He|
:--:--:--:--:--:--:--:--:--:--:
|He|He|  |He|He|He|  |He|He|He|
:--:--:--:--:--:--:--:--:--:--:
|He|  |He|He|He|  |He|He|He|He|
:--:--:--:--:--:--:--:--:--:--:
|He|  |He|He|He|He|Fo|He|He|He|
:--:--:--:--:--:--:--:--:--:--:
|He|He|He|He|Ea|He|  |He|  |  |
:--:--:--:--:--:--:--:--:--:--:
|He|He|He|He|He|He|He|He|He|He|
:--:--:--:--:--:--:--:--:--:--:
|  |He|He|He|  |  |He|  |He|He|
:--:--:--:--:--:--:--:--:--:--:

------------------------------------------
Simulation - JOURS 52 DE LA SAISON ete
------------------------------------------
------------------RESERVE-----------------
LA RESERVE CONTIENT :
Herbe[id:169 quantite: 691]  en position (0, 0)
Eau[id:170 quantite: 43]  en position (0, 0)
Graine[id:171 quantite: 414]  en position (0, 0)
Foin[id:172 quantite: 50]  en position (0, 0)
------------------------------------------
-------------------POCHE------------------
LA POCHE CONTIENT:
Herbe[id:165 quantite: 7]  en position (4, 6)
Foin[id:166 quantite: 132]  en position (4, 6)
Eau[id:167 quantite: 359]  en position (4, 6)
Graine[id:168 quantite: 525]  en position (4, 6)
------------------------------------------
------------RAPPORT JOURNALIER------------
LE FERMIER RAJOUTE Herbe x7 SUR SA CASE
Le fermier trait la vache !
L'animal Poule n'a pas trouvÚ de nourriture...
Pas de bÚbÚ pour Animal de la ferme: Poule en position 5 9 vie restante: 3
L'animal Vache mange Herbe[id:1475 quantite: 0]  en position (2, 3)
Pas de bÚbÚ pour Animal de la ferme: Vache en position 3 5 vie restante: 14
De l'herbe commence Ó s'agrandir en 1,3 !
De l'herbe commence Ó s'agrandir en 1,9 !
De l'herbe vient de pousser sur la case 2,3 !
De l'herbe commence Ó s'agrandir en 4,1 !
De l'herbe commence Ó s'agrandir en 8,4 !
De l'herbe commence Ó s'agrandir en 9,3 !
De l'herbe vient de pousser sur la case 9,4 !
---------REAPPROVISIONNEMENT--------------
LE FERMIER RENTRE CHEZ LUI POUR RECUPERER 11 Herbe
LE FERMIER RENTRE CHEZ LUI POUR RECUPERER 3 Eau
LE FERMIER RENTRE CHEZ LUI POUR RECUPERER 8 Graine
LE FERMIER RENTRE CHEZ LUI POUR RECUPERER 7 Foin
-------ETAT ACTUEL DE LA FERME ET DE LA FORET-------
:--:--:--:--:--:--:--:--:--:--:
|He|He|  |He|He|He|He|He|He|  |
:--:--:--:--:--:--:--:--:--:--:
|  |He|He|He|He|He|  |He|  |He|
:--:--:--:--:--:--:--:--:--:--:
|He|He|He|He|He|  |He|He|He|  |
:--:--:--:--:--:--:--:--:--:--:
|He|He|He|He|He|He|He|He|He|He|
:--:--:--:--:--:--:--:--:--:--:
|He|He|  |He|He|He|  |He|He|He|
:--:--:--:--:--:--:--:--:--:--:
|He|  |He|He|He|  |He|He|He|  |
:--:--:--:--:--:--:--:--:--:--:
|He|  |He|He|He|He|Fo|He|He|He|
:--:--:--:--:--:--:--:--:--:--:
|He|He|He|He|Ea|He|  |He|  |  |
:--:--:--:--:--:--:--:--:--:--:
|He|He|He|He|He|He|He|He|He|He|
:--:--:--:--:--:--:--:--:--:--:
|  |He|He|He|He|  |He|  |He|He|
:--:--:--:--:--:--:--:--:--:--:

------------------------------------------
Simulation - JOURS 53 DE LA SAISON ete
------------------------------------------
------------------RESERVE-----------------
LA RESERVE CONTIENT :
Herbe[id:169 quantite: 680]  en position (0, 0)
Eau[id:170 quantite: 40]  en position (0, 0)
Graine[id:171 quantite: 406]  en position (0, 0)
Foin[id:172 quantite: 43]  en position (0, 0)
------------------------------------------
-------------------POCHE------------------
LA POCHE CONTIENT:
Herbe[id:165 quantite: 11]  en position (4, 6)
Foin[id:166 quantite: 139]  en position (4, 6)
Eau[id:167 quantite: 362]  en position (4, 6)
Graine[id:168 quantite: 533]  en position (4, 6)
------------------------------------------
------------RAPPORT JOURNALIER------------
LE FERMIER RAJOUTE Herbe x11 SUR SA CASE
L'animal Vache mange Herbe[id:1428 quantite: 0]  en position (9, 8)
Pas de bÚbÚ pour Animal de la ferme: Vache en position 9 8 vie restante: 34
L'animal Vache mange Herbe[id:1274 quantite: 0]  en position (5, 8)
Pas de bÚbÚ pour Animal de la ferme: Vache en position 5 8 vie restante: 100
De l'herbe commence Ó s'agrandir en 3,9 !
De l'herbe vient de pousser sur la case 5,1 !
De l'herbe commence Ó s'agrandir en 5,4 !
De l'herbe commence Ó s'agrandir en 6,4 !
De l'herbe vient de pousser sur la case 7,6 !
De l'herbe vient de pousser sur la case 9,7 !
---------REAPPROVISIONNEMENT--------------
LE FERMIER RENTRE CHEZ LUI POUR RECUPERER 7 Herbe
LE FERMIER RENTRE CHEZ LUI POUR RECUPERER 4 Eau
LE FERMIER RENTRE CHEZ LUI POUR RECUPERER 2 Graine
LE FERMIER RENTRE CHEZ LUI POUR RECUPERER 5 Foin
-------ETAT ACTUEL DE LA FERME ET DE LA FORET-------
:--:--:--:--:--:--:--:--:--:--:
|He|He|  |He|He|He|He|He|He|  |
:--:--:--:--:--:--:--:--:--:--:
|  |He|He|He|He|He|  |He|  |He|
:--:--:--:--:--:--:--:--:--:--:
|He|He|He|He|He|  |He|He|He|  |
:--:--:--:--:--:--:--:--:--:--:
|He|He|He|He|He|He|He|He|He|He|
:--:--:--:--:--:--:--:--:--:--:
|He|He|  |He|He|He|  |He|He|He|
:--:--:--:--:--:--:--:--:--:--:
|He|He|He|He|He|  |He|He|  |  |
:--:--:--:--:--:--:--:--:--:--:
|He|  |He|He|He|He|Fo|He|He|He|
:--:--:--:--:--:--:--:--:--:--:
|He|He|He|He|Ea|He|He|He|  |  |
:--:--:--:--:--:--:--:--:--:--:
|He|He|He|He|He|He|He|He|He|He|
:--:--:--:--:--:--:--:--:--:--:
|  |He|He|He|He|  |He|He|  |He|
:--:--:--:--:--:--:--:--:--:--:

------------------------------------------
Simulation - JOURS 54 DE LA SAISON ete
------------------------------------------
------------------RESERVE-----------------
LA RESERVE CONTIENT :
Herbe[id:169 quantite: 673]  en position (0, 0)
Eau[id:170 quantite: 36]  en position (0, 0)
Graine[id:171 quantite: 404]  en position (0, 0)
Foin[id:172 quantite: 38]  en position (0, 0)
------------------------------------------
-------------------POCHE------------------
LA POCHE CONTIENT:
Herbe[id:165 quantite: 7]  en position (4, 6)
Foin[id:166 quantite: 144]  en position (4, 6)
Eau[id:167 quantite: 366]  en position (4, 6)
Graine[id:168 quantite: 535]  en position (4, 6)
------------------------------------------
------------RAPPORT JOURNALIER------------
LE FERMIER RAJOUTE Herbe x7 SUR SA CASE
L'animal Vache mange Herbe[id:1468 quantite: 0]  en position (9, 2)
Pas de bÚbÚ pour Animal de la ferme: Vache en position 9 2 vie restante: 21
De l'herbe commence Ó s'agrandir en 1,1 !
De l'herbe commence Ó s'agrandir en 1,3 !
De l'herbe commence Ó s'agrandir en 2,3 !
De l'herbe commence Ó s'agrandir en 3,5 !
De l'herbe commence Ó s'agrandir en 3,7 !
De l'herbe commence Ó s'agrandir en 4,0 !
De l'herbe commence Ó s'agrandir en 5,4 !
De l'herbe commence Ó s'agrandir en 5,6 !
De l'herbe commence Ó s'agrandir en 5,7 !
De l'herbe vient de pousser sur la case 5,9 !
De l'herbe commence Ó s'agrandir en 7,0 !
De l'herbe commence Ó s'agrandir en 8,4 !
---------REAPPROVISIONNEMENT--------------
LE FERMIER RENTRE CHEZ LUI POUR RECUPERER 10 Herbe
LE FERMIER RENTRE CHEZ LUI POUR RECUPERER 6 Eau
LE FERMIER RENTRE CHEZ LUI POUR RECUPERER 7 Graine
LE FERMIER RENTRE CHEZ LUI POUR RECUPERER 7 Foin
-------ETAT ACTUEL DE LA FERME ET DE LA FORET-------
:--:--:--:--:--:--:--:--:--:--:
|He|He|  |He|He|He|He|He|He|  |
:--:--:--:--:--:--:--:--:--:--:
|  |He|He|He|He|He|  |He|  |He|
:--:--:--:--:--:--:--:--:--:--:
|He|He|He|He|He|  |He|He|He|  |
:--:--:--:--:--:--:--:--:--:--:
|He|He|He|He|He|He|He|He|He|He|
:--:--:--:--:--:--:--:--:--:--:
|He|He|  |He|He|He|  |He|He|He|
:--:--:--:--:--:--:--:--:--:--:
|He|He|He|He|He|  |He|He|  |He|
:--:--:--:--:--:--:--:--:--:--:
|He|  |He|He|He|He|Fo|He|He|He|
:--:--:--:--:--:--:--:--:--:--:
|He|He|He|He|Ea|He|He|He|  |  |
:--:--:--:--:--:--:--:--:--:--:
|He|He|He|He|He|He|He|He|He|He|
:--:--:--:--:--:--:--:--:--:--:
|  |He|  |He|He|  |He|He|  |He|
:--:--:--:--:--:--:--:--:--:--:

------------------------------------------
Simulation - JOURS 55 DE LA SAISON ete
------------------------------------------
------------------RESERVE-----------------
LA RESERVE CONTIENT :
Herbe[id:169 quantite: 663]  en position (0, 0)
Eau[id:170 quantite: 30]  en position (0, 0)
Graine[id:171 quantite: 397]  en position (0, 0)
Foin[id:172 quantite: 31]  en position (0, 0)
------------------------------------------
-------------------POCHE------------------
LA POCHE CONTIENT:
Herbe[id:165 quantite: 10]  en position (4, 6)
Foin[id:166 quantite: 151]  en position (4, 6)
Eau[id:167 quantite: 372]  en position (4, 6)
Graine[id:168 quantite: 542]  en position (4, 6)
------------------------------------------
------------RAPPORT JOURNALIER------------
LE FERMIER RAJOUTE Herbe x10 SUR SA CASE
Le fermier trait la vache !
L'animal Poule n'a pas trouvÚ de nourriture...
Pas de bÚbÚ pour Animal de la ferme: Poule en position 5 1 vie restante: 3
L'animal Vache mange Herbe[id:1481 quantite: 0]  en position (2, 3)
Pas de bÚbÚ pour Animal de la ferme: Vache en position 2 3 vie restante: 92
L'animal Vache mange Herbe[id:1440 quantite: 0]  en position (7, 1)
Pas de bÚbÚ pour Animal de la ferme: Vache en position 7 1 vie restante: 21
L'animal prÚdateur mange Animal de la ferme: Vache en position 7 3 vie restante: 19
L'animal prÚdateur mange Animal de la ferme: Vache en position 1 0 vie restante: 6
De l'herbe commence Ó s'agrandir en 2,8 !
De l'herbe commence Ó s'agrandir en 4,1 !
De l'herbe commence Ó s'agrandir en 8,4 !
De l'herbe vient de pousser sur la case 9,5 !
---------REAPPROVISIONNEMENT--------------
LE FERMIER RENTRE CHEZ LUI POUR RECUPERER 7 Herbe
LE FERMIER RENTRE CHEZ LUI POUR RECUPERER 7 Eau
LE FERMIER RENTRE CHEZ LUI POUR RECUPERER 3 Graine
LE FERMIER RENTRE CHEZ LUI POUR RECUPERER 4 Foin
-------ETAT ACTUEL DE LA FERME ET DE LA FORET-------
:--:--:--:--:--:--:--:--:--:--:
|He|He|  |He|He|He|He|He|He|  |
:--:--:--:--:--:--:--:--:--:--:
|  |He|He|He|He|He|  |He|  |He|
:--:--:--:--:--:--:--:--:--:--:
|He|He|He|  |He|  |He|He|He|  |
:--:--:--:--:--:--:--:--:--:--:
|He|He|He|He|He|He|He|He|He|He|
:--:--:--:--:--:--:--:--:--:--:
|He|He|  |He|He|He|  |He|He|He|
:--:--:--:--:--:--:--:--:--:--:
|He|He|He|He|He|  |He|He|  |  |
:--:--:--:--:--:--:--:--:--:--:
|He|  |He|He|He|He|Fo|He|He|He|
:--:--:--:--:--:--:--:--:--:--:
|He|  |He|He|Ea|He|He|He|  |  |
:--:--:--:--:--:--:--:--:--:--:
|He|He|He|He|He|He|He|He|He|He|
:--:--:--:--:--:--:--:--:--:--:
|  |He|  |He|He|He|He|He|  |He|
:--:--:--:--:--:--:--:--:--:--:

------------------------------------------
Simulation - JOURS 56 DE LA SAISON ete
------------------------------------------
------------------RESERVE-----------------
LA RESERVE CONTIENT :
Herbe[id:169 quantite: 656]  en position (0, 0)
Eau[id:170 quantite: 23]  en position (0, 0)
Graine[id:171 quantite: 394]  en position (0, 0)
Foin[id:172 quantite: 27]  en position (0, 0)
------------------------------------------
-------------------POCHE------------------
LA POCHE CONTIENT:
Herbe[id:165 quantite: 7]  en position (4, 6)
Foin[id:166 quantite: 155]  en position (4, 6)
Eau[id:167 quantite: 379]  en position (4, 6)
Graine[id:168 quantite: 545]  en position (4, 6)
------------------------------------------
------------RAPPORT JOURNALIER------------
LE FERMIER RAJOUTE Herbe x7 SUR SA CASE
Le fermier trait la vache !
L'animal Poule n'a pas trouvÚ de nourriture...
Pas de bÚbÚ pour Animal de la ferme: Poule en position 5 1 vie restante: 3
De l'herbe commence Ó s'agrandir en 0,6 !
De l'herbe vient de pousser sur la case 1,6 !
De l'herbe commence Ó s'agrandir en 2,2 !
De l'herbe vient de pousser sur la case 2,3 !
De l'herbe commence Ó s'agrandir en 2,7 !
De l'herbe vient de pousser sur la case 4,2 !
De l'herbe vient de pousser sur la case 5,5 !
De l'herbe vient de pousser sur la case 6,1 !
De l'herbe commence Ó s'agrandir en 6,9 !
De l'herbe vient de pousser sur la case 7,9 !
De l'herbe commence Ó s'agrandir en 8,2 !
De l'herbe commence Ó s'agrandir en 8,3 !
De l'herbe commence Ó s'agrandir en 9,7 !
---------REAPPROVISIONNEMENT--------------
LE FERMIER RENTRE CHEZ LUI POUR RECUPERER 2 Herbe
LE FERMIER RENTRE CHEZ LUI POUR RECUPERER 4 Eau
LE FERMIER RENTRE CHEZ LUI POUR RECUPERER 2 Graine
LE FERMIER RENTRE CHEZ LUI POUR RECUPERER 11 Foin
-------ETAT ACTUEL DE LA FERME ET DE LA FORET-------
:--:--:--:--:--:--:--:--:--:--:
|He|He|  |He|He|He|He|He|He|  |
:--:--:--:--:--:--:--:--:--:--:
|  |He|He|He|He|He|He|He|  |He|
:--:--:--:--:--:--:--:--:--:--:
|He|He|He|He|He|  |He|He|He|  |
:--:--:--:--:--:--:--:--:--:--:
|He|He|He|He|He|He|He|He|He|He|
:--:--:--:--:--:--:--:--:--:--:
|He|He|He|He|He|He|  |He|He|He|
:--:--:--:--:--:--:--:--:--:--:
|He|  |He|He|He|He|He|He|  |  |
:--:--:--:--:--:--:--:--:--:--:
|He|He|He|He|He|He|Fo|He|He|He|
:--:--:--:--:--:--:--:--:--:--:
|He|  |He|He|Ea|He|He|He|  |He|
:--:--:--:--:--:--:--:--:--:--:
|He|He|He|He|He|He|He|He|He|He|
:--:--:--:--:--:--:--:--:--:--:
|  |He|  |He|He|He|He|He|  |He|
:--:--:--:--:--:--:--:--:--:--:

------------------------------------------
Simulation - JOURS 57 DE LA SAISON ete
------------------------------------------
------------------RESERVE-----------------
LA RESERVE CONTIENT :
Herbe[id:169 quantite: 654]  en position (0, 0)
Eau[id:170 quantite: 19]  en position (0, 0)
Graine[id:171 quantite: 392]  en position (0, 0)
Foin[id:172 quantite: 16]  en position (0, 0)
------------------------------------------
-------------------POCHE------------------
LA POCHE CONTIENT:
Herbe[id:165 quantite: 2]  en position (4, 6)
Foin[id:166 quantite: 166]  en position (4, 6)
Eau[id:167 quantite: 383]  en position (4, 6)
Graine[id:168 quantite: 547]  en position (4, 6)
------------------------------------------
------------RAPPORT JOURNALIER------------
LE FERMIER RAJOUTE Herbe x2 SUR SA CASE
Le fermier trait la vache !
L'animal Vache mange Herbe[id:1496 quantite: 0]  en position (2, 3)
Pas de bÚbÚ pour Animal de la ferme: Vache en position 2 3 vie restante: 52
L'animal Vache mange Herbe[id:1435 quantite: 0]  en position (4, 5)
Pas de bÚbÚ pour Animal de la ferme: Vache en position 4 5 vie restante: 59
De l'herbe vient de pousser sur la case 0,2 !
De l'herbe commence Ó s'agrandir en 0,7 !
De l'herbe commence Ó s'agrandir en 2,0 !
De l'herbe commence Ó s'agrandir en 2,4 !
De l'herbe commence Ó s'agrandir en 3,8 !
De l'herbe vient de pousser sur la case 4,6 !
De l'herbe commence Ó s'agrandir en 5,5 !
De l'herbe commence Ó s'agrandir en 5,6 !
De l'herbe vient de pousser sur la case 7,1 !
---------REAPPROVISIONNEMENT--------------
LE FERMIER RENTRE CHEZ LUI POUR RECUPERER 6 Herbe
LE FERMIER RENTRE CHEZ LUI POUR RECUPERER 3 Eau
LE FERMIER RENTRE CHEZ LUI POUR RECUPERER 7 Graine
LE FERMIER RENTRE CHEZ LUI POUR RECUPERER 11 Foin
-------ETAT ACTUEL DE LA FERME ET DE LA FORET-------
:--:--:--:--:--:--:--:--:--:--:
|He|He|He|He|He|He|He|He|He|  |
:--:--:--:--:--:--:--:--:--:--:
|  |He|He|He|He|He|He|He|  |He|
:--:--:--:--:--:--:--:--:--:--:
|He|He|He|  |He|  |He|He|He|  |
:--:--:--:--:--:--:--:--:--:--:
|He|He|He|He|He|He|He|He|He|He|
:--:--:--:--:--:--:--:--:--:--:
|He|He|He|He|He|  |He|He|He|He|
:--:--:--:--:--:--:--:--:--:--:
|He|  |He|He|He|He|He|He|  |  |
:--:--:--:--:--:--:--:--:--:--:
|He|He|He|He|He|He|Fo|He|He|He|
:--:--:--:--:--:--:--:--:--:--:
|He|He|He|He|Ea|He|He|He|  |He|
:--:--:--:--:--:--:--:--:--:--:
|He|He|He|He|He|He|He|He|He|He|
:--:--:--:--:--:--:--:--:--:--:
|  |He|  |He|He|He|He|He|  |He|
:--:--:--:--:--:--:--:--:--:--:

------------------------------------------
Simulation - JOURS 58 DE LA SAISON ete
------------------------------------------
------------------RESERVE-----------------
LA RESERVE CONTIENT :
Herbe[id:169 quantite: 648]  en position (0, 0)
Eau[id:170 quantite: 16]  en position (0, 0)
Graine[id:171 quantite: 385]  en position (0, 0)
Foin[id:172 quantite: 5]  en position (0, 0)
------------------------------------------
-------------------POCHE------------------
LA POCHE CONTIENT:
Herbe[id:165 quantite: 6]  en position (4, 6)
Foin[id:166 quantite: 177]  en position (4, 6)
Eau[id:167 quantite: 386]  en position (4, 6)
Graine[id:168 quantite: 554]  en position (4, 6)
------------------------------------------
------------RAPPORT JOURNALIER------------
LE FERMIER RAJOUTE Herbe x6 SUR SA CASE
Le fermier trait la vache !
L'animal Vache mange Herbe[id:1503 quantite: 0]  en position (0, 2)
Pas de bÚbÚ pour Animal de la ferme: Vache en position 6 9 vie restante: 35
L'animal Vache mange Herbe[id:1505 quantite: 0]  en position (7, 1)
Pas de bÚbÚ pour Animal de la ferme: Vache en position 7 5 vie restante: 23
De l'herbe commence Ó s'agrandir en 0,7 !
De l'herbe vient de pousser sur la case 0,9 !
De l'herbe commence Ó s'agrandir en 1,4 !
De l'herbe vient de pousser sur la case 2,5 !
De l'herbe commence Ó s'agrandir en 3,1 !
De l'herbe commence Ó s'agrandir en 3,3 !
De l'herbe commence Ó s'agrandir en 3,4 !
De l'herbe commence Ó s'agrandir en 4,4 !
De l'herbe vient de pousser sur la case 4,5 !
De l'herbe vient de pousser sur la case 5,8 !
De l'herbe commence Ó s'agrandir en 8,3 !
De l'herbe vient de pousser sur la case 9,0 !
De l'herbe commence Ó s'agrandir en 9,6 !
---------REAPPROVISIONNEMENT--------------
LE FERMIER RENTRE CHEZ LUI POUR RECUPERER 6 Herbe
LE FERMIER RENTRE CHEZ LUI POUR RECUPERER 4 Eau
LE FERMIER RENTRE CHEZ LUI POUR RECUPERER 8 Graine
LE FERMIER N'A PLUS DE Foin DANS SA RESERVE !
-------ETAT ACTUEL DE LA FERME ET DE LA FORET-------
:--:--:--:--:--:--:--:--:--:--:
|He|He|  |He|He|He|He|He|He|He|
:--:--:--:--:--:--:--:--:--:--:
|  |He|He|He|He|He|He|He|  |He|
:--:--:--:--:--:--:--:--:--:--:
|He|He|He|  |He|He|He|He|He|  |
:--:--:--:--:--:--:--:--:--:--:
|He|He|He|He|He|He|He|He|He|He|
:--:--:--:--:--:--:--:--:--:--:
|He|He|He|He|He|He|He|He|He|He|
:--:--:--:--:--:--:--:--:--:--:
|He|  |He|He|He|He|He|He|He|  |
:--:--:--:--:--:--:--:--:--:--:
|He|He|He|He|He|He|Fo|He|He|He|
:--:--:--:--:--:--:--:--:--:--:
|He|  |He|He|Ea|He|He|He|  |He|
:--:--:--:--:--:--:--:--:--:--:
|He|He|He|He|He|He|He|He|He|He|
:--:--:--:--:--:--:--:--:--:--:
|He|He|  |He|He|He|He|He|  |He|
:--:--:--:--:--:--:--:--:--:--:

------------------------------------------
Simulation - JOURS 59 DE LA SAISON ete
------------------------------------------
------------------RESERVE-----------------
LA RESERVE CONTIENT :
Herbe[id:169 quantite: 642]  en position (0, 0)
Eau[id:170 quantite: 12]  en position (0, 0)
Graine[id:171 quantite: 377]  en position (0, 0)
Foin[id:172 quantite: 5]  en position (0, 0)
------------------------------------------
-------------------POCHE------------------
LA POCHE CONTIENT:
Herbe[id:165 quantite: 6]  en position (4, 6)
Foin[id:166 quantite: 177]  en position (4, 6)
Eau[id:167 quantite: 390]  en position (4, 6)
Graine[id:168 quantite: 562]  en position (4, 6)
------------------------------------------
------------RAPPORT JOURNALIER------------
LE FERMIER RAJOUTE Herbe x6 SUR SA CASE
Le fermier trait la vache !
L'animal Vache mange Herbe[id:1467 quantite: 0]  en position (5, 3)
Pas de bÚbÚ pour Animal de la ferme: Vache en position 5 3 vie restante: 39
L'animal Vache mange Herbe[id:1223 quantite: 0]  en position (5, 2)
Pas de bÚbÚ pour Animal de la ferme: Vache en position 5 2 vie restante: 83
L'animal Vache mange Herbe[id:1299 quantite: 0]  en position (7, 5)
Pas de bÚbÚ pour Animal de la ferme: Vache en position 7 5 vie restante: 82
L'animal Vache mange Herbe[id:1510 quantite: 0]  en position (4, 5)
Pas de bÚbÚ pour Animal de la ferme: Vache en position 8 3 vie restante: 64
De l'herbe commence Ó s'agrandir en 0,8 !
De l'herbe commence Ó s'agrandir en 1,5 !
De l'herbe commence Ó s'agrandir en 1,6 !
De l'herbe commence Ó s'agrandir en 2,4 !
De l'herbe vient de pousser sur la case 5,1 !
De l'herbe commence Ó s'agrandir en 7,6 !
---------REAPPROVISIONNEMENT--------------
LE FERMIER RENTRE CHEZ LUI POUR RECUPERER 9 Herbe
LE FERMIER RENTRE CHEZ LUI POUR RECUPERER 9 Eau
LE FERMIER RENTRE CHEZ LUI POUR RECUPERER 4 Graine
LE FERMIER RENTRE CHEZ LUI POUR RECUPERER 4 Foin
-------ETAT ACTUEL DE LA FERME ET DE LA FORET-------
:--:--:--:--:--:--:--:--:--:--:
|He|He|  |He|He|He|He|He|He|He|
:--:--:--:--:--:--:--:--:--:--:
|  |He|He|He|He|He|He|He|  |He|
:--:--:--:--:--:--:--:--:--:--:
|He|He|He|  |He|He|He|He|He|  |
:--:--:--:--:--:--:--:--:--:--:
|He|He|He|He|He|He|He|He|He|He|
:--:--:--:--:--:--:--:--:--:--:
|He|He|He|He|He|  |He|He|He|He|
:--:--:--:--:--:--:--:--:--:--:
|He|He|  |  |He|He|He|He|He|  |
:--:--:--:--:--:--:--:--:--:--:
|He|He|He|He|He|He|Fo|He|He|He|
:--:--:--:--:--:--:--:--:--:--:
|He|  |He|He|Ea|  |He|He|  |He|
:--:--:--:--:--:--:--:--:--:--:
|He|He|He|He|He|He|He|He|He|He|
:--:--:--:--:--:--:--:--:--:--:
|He|He|  |He|He|He|He|He|  |He|
:--:--:--:--:--:--:--:--:--:--:

UPDATE DE LA RESERVE
------------------------------------------
Simulation - JOURS 60 DE LA SAISON ete
------------------------------------------
------------------RESERVE-----------------
LA RESERVE CONTIENT :
Herbe[id:169 quantite: 685]  en position (0, 0)
Eau[id:170 quantite: 21]  en position (0, 0)
Graine[id:171 quantite: 391]  en position (0, 0)
Foin[id:172 quantite: 6]  en position (0, 0)
------------------------------------------
-------------------POCHE------------------
LA POCHE CONTIENT:
Herbe[id:165 quantite: 9]  en position (4, 6)
Foin[id:166 quantite: 181]  en position (4, 6)
Eau[id:167 quantite: 399]  en position (4, 6)
Graine[id:168 quantite: 566]  en position (4, 6)
------------------------------------------
------------RAPPORT JOURNALIER------------
LE FERMIER RAJOUTE Herbe x9 SUR SA CASE
Le fermier trait la vache !
Le fermier trait la vache !
L'animal Poule n'a pas trouvÚ de nourriture...
Pas de bÚbÚ pour Animal de la ferme: Poule en position 5 1 vie restante: 3
L'animal Vache mange Herbe[id:1280 quantite: 0]  en position (6, 9)
Pas de bÚbÚ pour Animal de la ferme: Vache en position 6 9 vie restante: 100
L'animal Vache mange Herbe[id:1368 quantite: 0]  en position (3, 5)
Pas de bÚbÚ pour Animal de la ferme: Vache en position 1 7 vie restante: 82
L'animal prÚdateur mange Animal de la ferme: Vache en position 8 3 vie restante: 64
De l'herbe commence Ó s'agrandir en 1,2 !
De l'herbe commence Ó s'agrandir en 1,3 !
De l'herbe commence Ó s'agrandir en 2,2 !
De l'herbe commence Ó s'agrandir en 4,8 !
De l'herbe vient de pousser sur la case 5,9 !
De l'herbe commence Ó s'agrandir en 6,1 !
De l'herbe vient de pousser sur la case 6,9 !
De l'herbe commence Ó s'agrandir en 7,0 !
De l'herbe commence Ó s'agrandir en 7,3 !
De l'herbe commence Ó s'agrandir en 7,7 !
De l'herbe commence Ó s'agrandir en 9,6 !
---------REAPPROVISIONNEMENT--------------
LE FERMIER RENTRE CHEZ LUI POUR RECUPERER 2 Herbe
LE FERMIER RENTRE CHEZ LUI POUR RECUPERER 8 Eau
LE FERMIER RENTRE CHEZ LUI POUR RECUPERER 8 Graine
LE FERMIER RENTRE CHEZ LUI POUR RECUPERER 5 Foin
-------ETAT ACTUEL DE LA FERME ET DE LA FORET-------
:--:--:--:--:--:--:--:--:--:--:
|He|He|  |He|He|He|He|He|He|He|
:--:--:--:--:--:--:--:--:--:--:
|  |He|He|He|He|He|He|He|  |He|
:--:--:--:--:--:--:--:--:--:--:
|He|He|He|  |He|He|He|He|He|  |
:--:--:--:--:--:--:--:--:--:--:
|He|He|He|He|He|  |He|He|He|He|
:--:--:--:--:--:--:--:--:--:--:
|He|He|He|He|He|  |He|He|He|He|
:--:--:--:--:--:--:--:--:--:--:
|He|  |  |  |He|He|He|He|He|He|
:--:--:--:--:--:--:--:--:--:--:
|He|He|He|He|He|He|Fo|He|He|He|
:--:--:--:--:--:--:--:--:--:--:
|He|  |He|He|Ea|  |He|He|  |He|
:--:--:--:--:--:--:--:--:--:--:
|He|He|He|He|He|He|He|He|He|He|
:--:--:--:--:--:--:--:--:--:--:
|He|He|  |He|He|He|He|He|  |He|
:--:--:--:--:--:--:--:--:--:--:

------------------------------------------
Simulation - JOURS 61 DE LA SAISON ete
------------------------------------------
------------------RESERVE-----------------
LA RESERVE CONTIENT :
Herbe[id:169 quantite: 683]  en position (0, 0)
Eau[id:170 quantite: 13]  en position (0, 0)
Graine[id:171 quantite: 383]  en position (0, 0)
Foin[id:172 quantite: 1]  en position (0, 0)
------------------------------------------
-------------------POCHE------------------
LA POCHE CONTIENT:
Herbe[id:165 quantite: 2]  en position (4, 6)
Foin[id:166 quantite: 186]  en position (4, 6)
Eau[id:167 quantite: 407]  en position (4, 6)
Graine[id:168 quantite: 574]  en position (4, 6)
------------------------------------------
------------RAPPORT JOURNALIER------------
LE FERMIER RAJOUTE Herbe x2 SUR SA CASE
Le fermier trait la vache !
Le fermier trait la vache !
L'animal Vache mange Herbe[id:1522 quantite: 0]  en position (6, 9)
Pas de bÚbÚ pour Animal de la ferme: Vache en position 6 9 vie restante: 87
L'animal Vache mange Herbe[id:1474 quantite: 0]  en position (1, 7)
Pas de bÚbÚ pour Animal de la ferme: Vache en position 1 7 vie restante: 68
De l'herbe commence Ó s'agrandir en 0,5 !
De l'herbe commence Ó s'agrandir en 1,2 !
De l'herbe commence Ó s'agrandir en 2,0 !
De l'herbe vient de pousser sur la case 2,3 !
De l'herbe commence Ó s'agrandir en 2,4 !
De l'herbe vient de pousser sur la case 2,9 !
De l'herbe commence Ó s'agrandir en 4,0 !
De l'herbe commence Ó s'agrandir en 4,6 !
De l'herbe commence Ó s'agrandir en 7,6 !
De l'herbe vient de pousser sur la case 7,8 !
De l'herbe commence Ó s'agrandir en 8,3 !
De l'herbe vient de pousser sur la case 9,8 !
---------REAPPROVISIONNEMENT--------------
LE FERMIER RENTRE CHEZ LUI POUR RECUPERER 8 Herbe
LE FERMIER RENTRE CHEZ LUI POUR RECUPERER 7 Eau
LE FERMIER RENTRE CHEZ LUI POUR RECUPERER 4 Graine
LE FERMIER N'A PLUS DE Foin DANS SA RESERVE !
-------ETAT ACTUEL DE LA FERME ET DE LA FORET-------
:--:--:--:--:--:--:--:--:--:--:
|He|He|  |He|He|He|He|He|He|He|
:--:--:--:--:--:--:--:--:--:--:
|  |He|He|He|He|He|He|  |  |He|
:--:--:--:--:--:--:--:--:--:--:
|He|He|He|He|He|He|He|He|He|He|
:--:--:--:--:--:--:--:--:--:--:
|He|He|He|He|He|  |He|He|He|He|
:--:--:--:--:--:--:--:--:--:--:
|He|He|He|He|He|  |He|He|He|He|
:--:--:--:--:--:--:--:--:--:--:
|He|  |  |  |He|He|He|He|He|He|
:--:--:--:--:--:--:--:--:--:--:
|He|He|He|He|He|He|Fo|He|He|  |
:--:--:--:--:--:--:--:--:--:--:
|He|  |He|He|Ea|  |He|He|He|He|
:--:--:--:--:--:--:--:--:--:--:
|He|He|He|He|He|He|He|He|He|He|
:--:--:--:--:--:--:--:--:--:--:
|He|He|  |He|He|He|He|He|He|He|
:--:--:--:--:--:--:--:--:--:--:

------------------------------------------
Simulation - JOURS 62 DE LA SAISON ete
------------------------------------------
------------------RESERVE-----------------
LA RESERVE CONTIENT :
Herbe[id:169 quantite: 675]  en position (0, 0)
Eau[id:170 quantite: 6]  en position (0, 0)
Graine[id:171 quantite: 379]  en position (0, 0)
Foin[id:172 quantite: 1]  en position (0, 0)
------------------------------------------
-------------------POCHE------------------
LA POCHE CONTIENT:
Herbe[id:165 quantite: 8]  en position (4, 6)
Foin[id:166 quantite: 186]  en position (4, 6)
Eau[id:167 quantite: 414]  en position (4, 6)
Graine[id:168 quantite: 578]  en position (4, 6)
------------------------------------------
------------RAPPORT JOURNALIER------------
LE FERMIER RAJOUTE Herbe x8 SUR SA CASE
Le fermier trait la vache !
Le fermier trait la vache !
L'animal Vache mange Herbe[id:1409 quantite: 0]  en position (1, 4)
Pas de bÚbÚ pour Animal de la ferme: Vache en position 7 8 vie restante: 58
De l'herbe commence Ó s'agrandir en 0,0 !
De l'herbe vient de pousser sur la case 0,2 !
De l'herbe commence Ó s'agrandir en 0,6 !
De l'herbe vient de pousser sur la case 1,0 !
De l'herbe commence Ó s'agrandir en 2,1 !
De l'herbe commence Ó s'agrandir en 3,0 !
De l'herbe commence Ó s'agrandir en 3,2 !
De l'herbe commence Ó s'agrandir en 3,4 !
De l'herbe vient de pousser sur la case 3,5 !
De l'herbe commence Ó s'agrandir en 3,7 !
De l'herbe vient de pousser sur la case 5,1 !
De l'herbe vient de pousser sur la case 5,3 !
De l'herbe commence Ó s'agrandir en 5,8 !
De l'herbe commence Ó s'agrandir en 6,2 !
De l'herbe commence Ó s'agrandir en 6,3 !
De l'herbe commence Ó s'agrandir en 6,4 !
De l'herbe vient de pousser sur la case 6,9 !
De l'herbe commence Ó s'agrandir en 7,0 !
De l'herbe commence Ó s'agrandir en 8,3 !
---------REAPPROVISIONNEMENT--------------
LE FERMIER RENTRE CHEZ LUI POUR RECUPERER 8 Herbe
LE FERMIER N'A PLUS DE Eau DANS SA RESERVE !
LE FERMIER RENTRE CHEZ LUI POUR RECUPERER 5 Graine
LE FERMIER N'A PLUS DE Foin DANS SA RESERVE !
-------ETAT ACTUEL DE LA FERME ET DE LA FORET-------
:--:--:--:--:--:--:--:--:--:--:
|He|He|He|He|He|He|He|He|He|He|
:--:--:--:--:--:--:--:--:--:--:
|He|He|He|He|  |He|He|  |  |He|
:--:--:--:--:--:--:--:--:--:--:
|He|He|He|He|He|He|He|He|He|He|
:--:--:--:--:--:--:--:--:--:--:
|He|He|He|He|He|He|He|He|He|He|
:--:--:--:--:--:--:--:--:--:--:
|He|He|He|He|He|  |He|He|He|He|
:--:--:--:--:--:--:--:--:--:--:
|He|He|  |He|He|He|He|He|He|He|
:--:--:--:--:--:--:--:--:--:--:
|He|He|He|He|He|He|Fo|He|He|He|
:--:--:--:--:--:--:--:--:--:--:
|He|  |He|He|Ea|  |He|He|He|He|
:--:--:--:--:--:--:--:--:--:--:
|He|He|He|He|He|He|He|He|He|He|
:--:--:--:--:--:--:--:--:--:--:
|He|He|  |He|He|He|He|He|He|He|
:--:--:--:--:--:--:--:--:--:--:

------------------------------------------
Simulation - JOURS 63 DE LA SAISON ete
------------------------------------------
------------------RESERVE-----------------
LA RESERVE CONTIENT :
Herbe[id:169 quantite: 667]  en position (0, 0)
Eau[id:170 quantite: 6]  en position (0, 0)
Graine[id:171 quantite: 374]  en position (0, 0)
Foin[id:172 quantite: 1]  en position (0, 0)
------------------------------------------
-------------------POCHE------------------
LA POCHE CONTIENT:
Herbe[id:165 quantite: 8]  en position (4, 6)
Foin[id:166 quantite: 186]  en position (4, 6)
Eau[id:167 quantite: 414]  en position (4, 6)
Graine[id:168 quantite: 583]  en position (4, 6)
------------------------------------------
------------RAPPORT JOURNALIER------------
LE FERMIER RAJOUTE Herbe x8 SUR SA CASE
L'animal Vache mange Herbe[id:1527 quantite: 0]  en position (7, 8)
Pas de bÚbÚ pour Animal de la ferme: Vache en position 7 8 vie restante: 59
L'animal Poule n'a pas trouvÚ de nourriture...
Pas de bÚbÚ pour Animal de la ferme: Poule en position 5 1 vie restante: 3
L'animal Vache mange Herbe[id:1535 quantite: 0]  en position (6, 9)
Pas de bÚbÚ pour Animal de la ferme: Vache en position 9 2 vie restante: 75
L'animal Vache mange Herbe[id:1532 quantite: 0]  en position (3, 5)
Pas de bÚbÚ pour Animal de la ferme: Vache en position 3 5 vie restante: 91
De l'herbe commence Ó s'agrandir en 1,0 !
De l'herbe commence Ó s'agrandir en 1,9 !
De l'herbe commence Ó s'agrandir en 2,4 !
De l'herbe commence Ó s'agrandir en 2,8 !
De l'herbe commence Ó s'agrandir en 4,1 !
De l'herbe vient de pousser sur la case 4,5 !
De l'herbe commence Ó s'agrandir en 5,3 !
De l'herbe commence Ó s'agrandir en 5,5 !
De l'herbe commence Ó s'agrandir en 5,6 !
De l'herbe commence Ó s'agrandir en 6,2 !
De l'herbe commence Ó s'agrandir en 7,0 !
De l'herbe vient de pousser sur la case 7,8 !
De l'herbe commence Ó s'agrandir en 8,1 !
De l'herbe commence Ó s'agrandir en 8,6 !
De l'herbe commence Ó s'agrandir en 8,7 !
De l'herbe commence Ó s'agrandir en 9,7 !
---------REAPPROVISIONNEMENT--------------
LE FERMIER RENTRE CHEZ LUI POUR RECUPERER 7 Herbe
LE FERMIER RENTRE CHEZ LUI POUR RECUPERER 4 Eau
LE FERMIER RENTRE CHEZ LUI POUR RECUPERER 5 Graine
LE FERMIER N'A PLUS DE Foin DANS SA RESERVE !
-------ETAT ACTUEL DE LA FERME ET DE LA FORET-------
:--:--:--:--:--:--:--:--:--:--:
|He|He|He|He|He|He|He|He|He|He|
:--:--:--:--:--:--:--:--:--:--:
|He|He|He|He|  |He|He|  |  |He|
:--:--:--:--:--:--:--:--:--:--:
|He|He|He|He|He|He|He|He|He|He|
:--:--:--:--:--:--:--:--:--:--:
|He|He|He|He|He|  |He|He|He|He|
:--:--:--:--:--:--:--:--:--:--:
|He|He|He|He|He|He|He|He|He|He|
:--:--:--:--:--:--:--:--:--:--:
|He|  |  |He|He|He|He|He|He|He|
:--:--:--:--:--:--:--:--:--:--:
|He|He|He|He|He|He|Fo|He|He|  |
:--:--:--:--:--:--:--:--:--:--:
|He|  |He|He|Ea|  |He|He|He|He|
:--:--:--:--:--:--:--:--:--:--:
|He|He|He|He|He|He|He|He|He|He|
:--:--:--:--:--:--:--:--:--:--:
|He|He|  |He|He|He|He|He|He|He|
:--:--:--:--:--:--:--:--:--:--:

------------------------------------------
Simulation - JOURS 64 DE LA SAISON ete
------------------------------------------
------------------RESERVE-----------------
LA RESERVE CONTIENT :
Herbe[id:169 quantite: 660]  en position (0, 0)
Eau[id:170 quantite: 2]  en position (0, 0)
Graine[id:171 quantite: 369]  en position (0, 0)
Foin[id:172 quantite: 1]  en position (0, 0)
------------------------------------------
-------------------POCHE------------------
LA POCHE CONTIENT:
Herbe[id:165 quantite: 7]  en position (4, 6)
Foin[id:166 quantite: 186]  en position (4, 6)
Eau[id:167 quantite: 418]  en position (4, 6)
Graine[id:168 quantite: 588]  en position (4, 6)
------------------------------------------
------------RAPPORT JOURNALIER------------
LE FERMIER RAJOUTE Herbe x7 SUR SA CASE
Le fermier trait la vache !
L'animal Vache mange Herbe[id:1541 quantite: 0]  en position (7, 8)
Pas de bÚbÚ pour Animal de la ferme: Vache en position 0 6 vie restante: 62
L'animal Poule n'a pas trouvÚ de nourriture...
Pas de bÚbÚ pour Animal de la ferme: Poule en position 5 8 vie restante: 3
De l'herbe commence Ó s'agrandir en 0,3 !
De l'herbe commence Ó s'agrandir en 0,4 !
De l'herbe commence Ó s'agrandir en 0,6 !
De l'herbe commence Ó s'agrandir en 1,9 !
De l'herbe commence Ó s'agrandir en 3,0 !
De l'herbe commence Ó s'agrandir en 3,8 !
De l'herbe commence Ó s'agrandir en 4,6 !
De l'herbe commence Ó s'agrandir en 4,7 !
De l'herbe commence Ó s'agrandir en 5,4 !
De l'herbe commence Ó s'agrandir en 9,0 !
---------REAPPROVISIONNEMENT--------------
LE FERMIER RENTRE CHEZ LUI POUR RECUPERER 9 Herbe
LE FERMIER N'A PLUS DE Eau DANS SA RESERVE !
LE FERMIER RENTRE CHEZ LUI POUR RECUPERER 3 Graine
LE FERMIER N'A PLUS DE Foin DANS SA RESERVE !
-------ETAT ACTUEL DE LA FERME ET DE LA FORET-------
:--:--:--:--:--:--:--:--:--:--:
|He|He|He|He|He|He|He|He|He|He|
:--:--:--:--:--:--:--:--:--:--:
|He|He|He|He|  |He|He|  |  |He|
:--:--:--:--:--:--:--:--:--:--:
|He|He|He|He|He|He|He|He|He|He|
:--:--:--:--:--:--:--:--:--:--:
|He|He|He|He|He|  |He|He|He|He|
:--:--:--:--:--:--:--:--:--:--:
|He|He|He|He|He|He|He|He|He|He|
:--:--:--:--:--:--:--:--:--:--:
|He|  |  |He|He|He|He|He|  |He|
:--:--:--:--:--:--:--:--:--:--:
|He|He|He|He|He|He|Fo|He|He|  |
:--:--:--:--:--:--:--:--:--:--:
|He|  |He|He|Ea|  |He|He|  |He|
:--:--:--:--:--:--:--:--:--:--:
|He|He|He|He|He|He|He|He|He|He|
:--:--:--:--:--:--:--:--:--:--:
|He|He|  |He|He|He|He|He|He|He|
:--:--:--:--:--:--:--:--:--:--:

------------------------------------------
Simulation - JOURS 65 DE LA SAISON ete
------------------------------------------
------------------RESERVE-----------------
LA RESERVE CONTIENT :
Herbe[id:169 quantite: 651]  en position (0, 0)
Eau[id:170 quantite: 2]  en position (0, 0)
Graine[id:171 quantite: 366]  en position (0, 0)
Foin[id:172 quantite: 1]  en position (0, 0)
------------------------------------------
-------------------POCHE------------------
LA POCHE CONTIENT:
Herbe[id:165 quantite: 9]  en position (4, 6)
Foin[id:166 quantite: 186]  en position (4, 6)
Eau[id:167 quantite: 418]  en position (4, 6)
Graine[id:168 quantite: 591]  en position (4, 6)
------------------------------------------
------------RAPPORT JOURNALIER------------
LE FERMIER RAJOUTE Herbe x9 SUR SA CASE
Le fermier trait la vache !
L'animal Vache mange Herbe[id:1335 quantite: 0]  en position (0, 6)
Pas de bÚbÚ pour Animal de la ferme: Vache en position 0 6 vie restante: 100
L'animal Vache mange Herbe[id:1493 quantite: 0]  en position (9, 5)
Pas de bÚbÚ pour Animal de la ferme: Vache en position 5 3 vie restante: 50
De l'herbe commence Ó s'agrandir en 0,8 !
De l'herbe commence Ó s'agrandir en 0,9 !
De l'herbe vient de pousser sur la case 1,4 !
De l'herbe commence Ó s'agrandir en 4,2 !
De l'herbe commence Ó s'agrandir en 4,5 !
De l'herbe commence Ó s'agrandir en 4,6 !
De l'herbe commence Ó s'agrandir en 5,0 !
De l'herbe commence Ó s'agrandir en 5,4 !
De l'herbe commence Ó s'agrandir en 7,0 !
De l'herbe commence Ó s'agrandir en 8,0 !
De l'herbe commence Ó s'agrandir en 8,5 !
De l'herbe commence Ó s'agrandir en 9,3 !
---------REAPPROVISIONNEMENT--------------
LE FERMIER RENTRE CHEZ LUI POUR RECUPERER 5 Herbe
LE FERMIER N'A PLUS DE Eau DANS SA RESERVE !
LE FERMIER RENTRE CHEZ LUI POUR RECUPERER 4 Graine
LE FERMIER N'A PLUS DE Foin DANS SA RESERVE !
-------ETAT ACTUEL DE LA FERME ET DE LA FORET-------
:--:--:--:--:--:--:--:--:--:--:
|He|He|He|He|He|He|  |He|He|He|
:--:--:--:--:--:--:--:--:--:--:
|He|He|He|He|He|He|He|  |  |He|
:--:--:--:--:--:--:--:--:--:--:
|He|He|He|He|He|He|He|He|He|He|
:--:--:--:--:--:--:--:--:--:--:
|He|He|He|He|He|  |He|He|He|He|
:--:--:--:--:--:--:--:--:--:--:
|He|He|He|He|He|He|He|He|He|He|
:--:--:--:--:--:--:--:--:--:--:
|He|  |  |He|He|He|He|He|  |He|
:--:--:--:--:--:--:--:--:--:--:
|He|He|He|He|He|He|Fo|He|He|  |
:--:--:--:--:--:--:--:--:--:--:
|He|  |He|He|Ea|  |He|He|  |He|
:--:--:--:--:--:--:--:--:--:--:
|He|He|He|He|He|He|He|He|He|He|
:--:--:--:--:--:--:--:--:--:--:
|He|He|  |He|He|  |He|He|He|He|
:--:--:--:--:--:--:--:--:--:--:

------------------------------------------
Simulation - JOURS 66 DE LA SAISON ete
------------------------------------------
------------------RESERVE-----------------
LA RESERVE CONTIENT :
Herbe[id:169 quantite: 646]  en position (0, 0)
Eau[id:170 quantite: 2]  en position (0, 0)
Graine[id:171 quantite: 362]  en position (0, 0)
Foin[id:172 quantite: 1]  en position (0, 0)
------------------------------------------
-------------------POCHE------------------
LA POCHE CONTIENT:
Herbe[id:165 quantite: 5]  en position (4, 6)
Foin[id:166 quantite: 186]  en position (4, 6)
Eau[id:167 quantite: 418]  en position (4, 6)
Graine[id:168 quantite: 595]  en position (4, 6)
------------------------------------------
------------RAPPORT JOURNALIER------------
LE FERMIER RAJOUTE Herbe x5 SUR SA CASE
L'animal Vache mange Herbe[id:1504 quantite: 0]  en position (4, 6)
Pas de bÚbÚ pour Animal de la ferme: Vache en position 2 5 vie restante: 100
L'animal Vache mange Herbe[id:1534 quantite: 0]  en position (5, 3)
Pas de bÚbÚ pour Animal de la ferme: Vache en position 5 3 vie restante: 60
L'animal Vache mange Herbe[id:1431 quantite: 0]  en position (4, 8)
Pas de bÚbÚ pour Animal de la ferme: Vache en position 4 8 vie restante: 100
De l'herbe commence Ó s'agrandir en 0,5 !
De l'herbe commence Ó s'agrandir en 0,7 !
De l'herbe commence Ó s'agrandir en 0,8 !
De l'herbe commence Ó s'agrandir en 0,9 !
De l'herbe vient de pousser sur la case 1,8 !
De l'herbe commence Ó s'agrandir en 2,2 !
De l'herbe commence Ó s'agrandir en 2,5 !
De l'herbe vient de pousser sur la case 3,5 !
De l'herbe commence Ó s'agrandir en 4,5 !
De l'herbe commence Ó s'agrandir en 6,1 !
De l'herbe commence Ó s'agrandir en 7,6 !
De l'herbe commence Ó s'agrandir en 9,3 !
De l'herbe commence Ó s'agrandir en 9,7 !
---------REAPPROVISIONNEMENT--------------
LE FERMIER RENTRE CHEZ LUI POUR RECUPERER 5 Herbe
LE FERMIER N'A PLUS DE Eau DANS SA RESERVE !
LE FERMIER RENTRE CHEZ LUI POUR RECUPERER 7 Graine
LE FERMIER N'A PLUS DE Foin DANS SA RESERVE !
-------ETAT ACTUEL DE LA FERME ET DE LA FORET-------
:--:--:--:--:--:--:--:--:--:--:
|He|He|He|He|He|He|  |He|He|He|
:--:--:--:--:--:--:--:--:--:--:
|He|He|He|He|He|He|He|  |He|He|
:--:--:--:--:--:--:--:--:--:--:
|He|He|He|He|He|He|He|He|He|He|
:--:--:--:--:--:--:--:--:--:--:
|He|He|He|He|He|He|He|He|He|He|
:--:--:--:--:--:--:--:--:--:--:
|He|He|He|He|He|He|  |He|  |He|
:--:--:--:--:--:--:--:--:--:--:
|He|  |  |  |He|He|He|He|  |He|
:--:--:--:--:--:--:--:--:--:--:
|He|He|He|He|He|He|Fo|He|He|  |
:--:--:--:--:--:--:--:--:--:--:
|He|  |He|He|Ea|  |He|He|  |He|
:--:--:--:--:--:--:--:--:--:--:
|He|He|He|He|He|He|He|He|He|He|
:--:--:--:--:--:--:--:--:--:--:
|He|He|  |He|He|  |He|He|He|He|
:--:--:--:--:--:--:--:--:--:--:

------------------------------------------
Simulation - JOURS 67 DE LA SAISON ete
------------------------------------------
------------------RESERVE-----------------
LA RESERVE CONTIENT :
Herbe[id:169 quantite: 641]  en position (0, 0)
Eau[id:170 quantite: 2]  en position (0, 0)
Graine[id:171 quantite: 355]  en position (0, 0)
Foin[id:172 quantite: 1]  en position (0, 0)
------------------------------------------
-------------------POCHE------------------
LA POCHE CONTIENT:
Herbe[id:165 quantite: 5]  en position (4, 6)
Foin[id:166 quantite: 186]  en position (4, 6)
Eau[id:167 quantite: 418]  en position (4, 6)
Graine[id:168 quantite: 602]  en position (4, 6)
------------------------------------------
------------RAPPORT JOURNALIER------------
LE FERMIER RAJOUTE Herbe x5 SUR SA CASE
L'animal Vache mange Herbe[id:1509 quantite: 0]  en position (2, 5)
Pas de bÚbÚ pour Animal de la ferme: Vache en position 6 1 vie restante: 100
De l'herbe commence Ó s'agrandir en 1,2 !
De l'herbe commence Ó s'agrandir en 1,3 !
De l'herbe commence Ó s'agrandir en 1,4 !
De l'herbe commence Ó s'agrandir en 1,5 !
De l'herbe commence Ó s'agrandir en 1,6 !
De l'herbe commence Ó s'agrandir en 2,3 !
De l'herbe vient de pousser sur la case 2,5 !
De l'herbe commence Ó s'agrandir en 2,9 !
De l'herbe commence Ó s'agrandir en 3,6 !
De l'herbe commence Ó s'agrandir en 4,9 !
De l'herbe commence Ó s'agrandir en 5,5 !
De l'herbe commence Ó s'agrandir en 5,6 !
De l'herbe vient de pousser sur la case 5,8 !
De l'herbe commence Ó s'agrandir en 6,7 !
De l'herbe commence Ó s'agrandir en 8,6 !
---------REAPPROVISIONNEMENT--------------
LE FERMIER RENTRE CHEZ LUI POUR RECUPERER 10 Herbe
LE FERMIER N'A PLUS DE Eau DANS SA RESERVE !
LE FERMIER RENTRE CHEZ LUI POUR RECUPERER 6 Graine
LE FERMIER N'A PLUS DE Foin DANS SA RESERVE !
-------ETAT ACTUEL DE LA FERME ET DE LA FORET-------
:--:--:--:--:--:--:--:--:--:--:
|He|He|He|He|He|He|  |He|He|He|
:--:--:--:--:--:--:--:--:--:--:
|He|He|He|He|He|He|He|  |He|He|
:--:--:--:--:--:--:--:--:--:--:
|He|He|He|He|He|He|He|He|He|He|
:--:--:--:--:--:--:--:--:--:--:
|He|He|He|He|He|He|He|He|He|He|
:--:--:--:--:--:--:--:--:--:--:
|He|He|He|He|He|He|  |He|  |He|
:--:--:--:--:--:--:--:--:--:--:
|He|  |  |  |He|He|He|He|He|He|
:--:--:--:--:--:--:--:--:--:--:
|He|He|He|He|He|He|Fo|He|He|  |
:--:--:--:--:--:--:--:--:--:--:
|He|  |He|He|Ea|  |He|He|  |He|
:--:--:--:--:--:--:--:--:--:--:
|He|He|He|He|He|He|He|He|He|He|
:--:--:--:--:--:--:--:--:--:--:
|He|He|  |He|He|  |He|He|He|He|
:--:--:--:--:--:--:--:--:--:--:

------------------------------------------
Simulation - JOURS 68 DE LA SAISON ete
------------------------------------------
------------------RESERVE-----------------
LA RESERVE CONTIENT :
Herbe[id:169 quantite: 631]  en position (0, 0)
Eau[id:170 quantite: 2]  en position (0, 0)
Graine[id:171 quantite: 349]  en position (0, 0)
Foin[id:172 quantite: 1]  en position (0, 0)
------------------------------------------
-------------------POCHE------------------
LA POCHE CONTIENT:
Herbe[id:165 quantite: 10]  en position (4, 6)
Foin[id:166 quantite: 186]  en position (4, 6)
Eau[id:167 quantite: 418]  en position (4, 6)
Graine[id:168 quantite: 608]  en position (4, 6)
------------------------------------------
------------RAPPORT JOURNALIER------------
LE FERMIER RAJOUTE Herbe x10 SUR SA CASE
Le fermier trait la vache !
Le fermier trait la vache !
L'animal Vache mange Herbe[id:1499 quantite: 0]  en position (6, 1)
Pas de bÚbÚ pour Animal de la ferme: Vache en position 6 1 vie restante: 100
L'animal Poule n'a pas trouvÚ de nourriture...
Pas de bÚbÚ pour Animal de la ferme: Poule en position 5 8 vie restante: 3
De l'herbe commence Ó s'agrandir en 0,1 !
De l'herbe commence Ó s'agrandir en 0,3 !
De l'herbe commence Ó s'agrandir en 0,5 !
De l'herbe commence Ó s'agrandir en 1,0 !
De l'herbe commence Ó s'agrandir en 2,1 !
De l'herbe commence Ó s'agrandir en 3,7 !
De l'herbe commence Ó s'agrandir en 4,0 !
De l'herbe commence Ó s'agrandir en 4,3 !
De l'herbe vient de pousser sur la case 5,8 !
De l'herbe commence Ó s'agrandir en 6,7 !
De l'herbe commence Ó s'agrandir en 7,2 !
De l'herbe commence Ó s'agrandir en 8,1 !
De l'herbe commence Ó s'agrandir en 9,1 !
De l'herbe commence Ó s'agrandir en 9,3 !
---------REAPPROVISIONNEMENT--------------
LE FERMIER RENTRE CHEZ LUI POUR RECUPERER 7 Herbe
LE FERMIER N'A PLUS DE Eau DANS SA RESERVE !
LE FERMIER RENTRE CHEZ LUI POUR RECUPERER 5 Graine
LE FERMIER N'A PLUS DE Foin DANS SA RESERVE !
-------ETAT ACTUEL DE LA FERME ET DE LA FORET-------
:--:--:--:--:--:--:--:--:--:--:
|He|He|He|He|He|He|  |He|He|He|
:--:--:--:--:--:--:--:--:--:--:
|He|He|He|He|He|He|He|  |He|He|
:--:--:--:--:--:--:--:--:--:--:
|He|He|He|He|He|He|He|He|He|He|
:--:--:--:--:--:--:--:--:--:--:
|He|He|He|He|He|He|He|He|He|He|
:--:--:--:--:--:--:--:--:--:--:
|He|He|He|He|He|He|  |He|  |He|
:--:--:--:--:--:--:--:--:--:--:
|He|  |  |  |He|He|He|He|He|He|
:--:--:--:--:--:--:--:--:--:--:
|He|  |He|He|He|He|Fo|He|He|  |
:--:--:--:--:--:--:--:--:--:--:
|He|  |He|He|Ea|  |He|He|  |He|
:--:--:--:--:--:--:--:--:--:--:
|He|He|He|He|He|He|He|He|He|He|
:--:--:--:--:--:--:--:--:--:--:
|He|He|  |He|He|  |He|He|He|He|
:--:--:--:--:--:--:--:--:--:--:

------------------------------------------
Simulation - JOURS 69 DE LA SAISON ete
------------------------------------------
------------------RESERVE-----------------
LA RESERVE CONTIENT :
Herbe[id:169 quantite: 624]  en position (0, 0)
Eau[id:170 quantite: 2]  en position (0, 0)
Graine[id:171 quantite: 344]  en position (0, 0)
Foin[id:172 quantite: 1]  en position (0, 0)
------------------------------------------
-------------------POCHE------------------
LA POCHE CONTIENT:
Herbe[id:165 quantite: 7]  en position (4, 6)
Foin[id:166 quantite: 186]  en position (4, 6)
Eau[id:167 quantite: 418]  en position (4, 6)
Graine[id:168 quantite: 613]  en position (4, 6)
------------------------------------------
------------RAPPORT JOURNALIER------------
LE FERMIER RAJOUTE Herbe x7 SUR SA CASE
Le fermier trait la vache !
Le fermier trait la vache !
L'animal Poule n'a pas trouvÚ de nourriture...
Pas de bÚbÚ pour Animal de la ferme: Poule en position 0 9 vie restante: 3
L'animal Vache mange Herbe[id:1557 quantite: 0]  en position (5, 8)
Pas de bÚbÚ pour Animal de la ferme: Vache en position 5 8 vie restante: 44
De l'herbe commence Ó s'agrandir en 0,7 !
De l'herbe commence Ó s'agrandir en 4,4 !
De l'herbe commence Ó s'agrandir en 4,5 !
De l'herbe commence Ó s'agrandir en 6,8 !
De l'herbe commence Ó s'agrandir en 8,9 !
De l'herbe commence Ó s'agrandir en 9,1 !
De l'herbe commence Ó s'agrandir en 9,6 !
---------REAPPROVISIONNEMENT--------------
LE FERMIER RENTRE CHEZ LUI POUR RECUPERER 2 Herbe
LE FERMIER N'A PLUS DE Eau DANS SA RESERVE !
LE FERMIER RENTRE CHEZ LUI POUR RECUPERER 7 Graine
LE FERMIER N'A PLUS DE Foin DANS SA RESERVE !
-------ETAT ACTUEL DE LA FERME ET DE LA FORET-------
:--:--:--:--:--:--:--:--:--:--:
|He|He|He|He|He|He|  |He|He|  |
:--:--:--:--:--:--:--:--:--:--:
|He|He|He|He|He|He|He|  |He|He|
:--:--:--:--:--:--:--:--:--:--:
|He|He|He|He|He|He|He|He|He|He|
:--:--:--:--:--:--:--:--:--:--:
|He|He|He|He|He|He|He|He|He|He|
:--:--:--:--:--:--:--:--:--:--:
|He|He|He|He|He|He|  |He|  |He|
:--:--:--:--:--:--:--:--:--:--:
|He|  |  |  |He|He|He|He|  |He|
:--:--:--:--:--:--:--:--:--:--:
|He|  |He|He|He|He|Fo|He|He|  |
:--:--:--:--:--:--:--:--:--:--:
|He|  |He|He|Ea|  |He|He|  |He|
:--:--:--:--:--:--:--:--:--:--:
|He|He|He|He|He|He|He|He|He|He|
:--:--:--:--:--:--:--:--:--:--:
|He|He|  |He|He|  |He|He|He|He|
:--:--:--:--:--:--:--:--:--:--:

UPDATE DE LA RESERVE
------------------------------------------
Simulation - JOURS 70 DE LA SAISON ete
------------------------------------------
------------------RESERVE-----------------
LA RESERVE CONTIENT :
Herbe[id:169 quantite: 628]  en position (0, 0)
Eau[id:170 quantite: 64]  en position (0, 0)
Graine[id:171 quantite: 429]  en position (0, 0)
Foin[id:172 quantite: 15]  en position (0, 0)
------------------------------------------
-------------------POCHE------------------
LA POCHE CONTIENT:
Herbe[id:165 quantite: 2]  en position (4, 6)
Foin[id:166 quantite: 186]  en position (4, 6)
Eau[id:167 quantite: 418]  en position (4, 6)
Graine[id:168 quantite: 620]  en position (4, 6)
------------------------------------------
------------RAPPORT JOURNALIER------------
LE FERMIER RAJOUTE Herbe x2 SUR SA CASE
Le fermier trait la vache !
Le fermier trait la vache !
L'animal Vache mange Herbe[id:1526 quantite: 0]  en position (2, 9)
Pas de bÚbÚ pour Animal de la ferme: Vache en position 2 9 vie restante: 41
De l'herbe commence Ó s'agrandir en 3,0 !
De l'herbe commence Ó s'agrandir en 3,2 !
De l'herbe commence Ó s'agrandir en 3,7 !
De l'herbe vient de pousser sur la case 5,3 !
De l'herbe vient de pousser sur la case 5,8 !
De l'herbe vient de pousser sur la case 6,9 !
De l'herbe commence Ó s'agrandir en 8,4 !
---------REAPPROVISIONNEMENT--------------
LE FERMIER RENTRE CHEZ LUI POUR RECUPERER 2 Herbe
LE FERMIER RENTRE CHEZ LUI POUR RECUPERER 6 Eau
LE FERMIER RENTRE CHEZ LUI POUR RECUPERER 9 Graine
LE FERMIER RENTRE CHEZ LUI POUR RECUPERER 5 Foin
-------ETAT ACTUEL DE LA FERME ET DE LA FORET-------
:--:--:--:--:--:--:--:--:--:--:
|He|He|He|He|He|He|  |He|He|  |
:--:--:--:--:--:--:--:--:--:--:
|He|He|He|He|He|He|He|  |He|He|
:--:--:--:--:--:--:--:--:--:--:
|He|He|He|He|He|He|He|He|He|  |
:--:--:--:--:--:--:--:--:--:--:
|He|He|He|He|He|He|He|He|He|He|
:--:--:--:--:--:--:--:--:--:--:
|He|He|He|He|He|He|  |He|  |He|
:--:--:--:--:--:--:--:--:--:--:
|He|  |  |He|He|He|He|He|He|He|
:--:--:--:--:--:--:--:--:--:--:
|He|  |He|He|He|He|Fo|He|He|He|
:--:--:--:--:--:--:--:--:--:--:
|He|  |He|He|Ea|  |He|He|  |He|
:--:--:--:--:--:--:--:--:--:--:
|He|He|He|He|He|He|He|He|He|He|
:--:--:--:--:--:--:--:--:--:--:
|He|He|  |He|He|  |He|He|He|He|
:--:--:--:--:--:--:--:--:--:--:

------------------------------------------
Simulation - JOURS 71 DE LA SAISON ete
------------------------------------------
------------------RESERVE-----------------
LA RESERVE CONTIENT :
Herbe[id:169 quantite: 626]  en position (0, 0)
Eau[id:170 quantite: 58]  en position (0, 0)
Graine[id:171 quantite: 420]  en position (0, 0)
Foin[id:172 quantite: 10]  en position (0, 0)
------------------------------------------
-------------------POCHE------------------
LA POCHE CONTIENT:
Herbe[id:165 quantite: 2]  en position (4, 6)
Foin[id:166 quantite: 191]  en position (4, 6)
Eau[id:167 quantite: 424]  en position (4, 6)
Graine[id:168 quantite: 629]  en position (4, 6)
------------------------------------------
------------RAPPORT JOURNALIER------------
LE FERMIER RAJOUTE Herbe x2 SUR SA CASE
Le fermier trait la vache !
Le fermier trait la vache !
L'animal Vache mange Herbe[id:1530 quantite: 0]  en position (0, 2)
Pas de bÚbÚ pour Animal de la ferme: Vache en position 0 2 vie restante: 100
L'animal Vache mange Herbe[id:1562 quantite: 0]  en position (5, 8)
Pas de bÚbÚ pour Animal de la ferme: Vache en position 5 8 vie restante: 48
De l'herbe vient de pousser sur la case 1,7 !
De l'herbe commence Ó s'agrandir en 2,6 !
De l'herbe commence Ó s'agrandir en 3,2 !
De l'herbe commence Ó s'agrandir en 3,6 !
De l'herbe commence Ó s'agrandir en 4,3 !
De l'herbe commence Ó s'agrandir en 4,5 !
De l'herbe commence Ó s'agrandir en 4,7 !
De l'herbe vient de pousser sur la case 5,8 !
De l'herbe commence Ó s'agrandir en 6,9 !
De l'herbe commence Ó s'agrandir en 7,6 !
De l'herbe commence Ó s'agrandir en 8,2 !
De l'herbe commence Ó s'agrandir en 8,6 !
De l'herbe vient de pousser sur la case 9,5 !
---------REAPPROVISIONNEMENT--------------
LE FERMIER RENTRE CHEZ LUI POUR RECUPERER 4 Herbe
LE FERMIER RENTRE CHEZ LUI POUR RECUPERER 11 Eau
LE FERMIER RENTRE CHEZ LUI POUR RECUPERER 3 Graine
LE FERMIER N'A PLUS DE Foin DANS SA RESERVE !
-------ETAT ACTUEL DE LA FERME ET DE LA FORET-------
:--:--:--:--:--:--:--:--:--:--:
|He|He|  |He|He|He|  |He|He|  |
:--:--:--:--:--:--:--:--:--:--:
|He|He|He|He|He|He|He|He|He|He|
:--:--:--:--:--:--:--:--:--:--:
|He|He|He|He|He|He|He|He|He|  |
:--:--:--:--:--:--:--:--:--:--:
|He|He|He|He|He|He|He|He|He|He|
:--:--:--:--:--:--:--:--:--:--:
|He|He|He|He|He|He|  |He|  |He|
:--:--:--:--:--:--:--:--:--:--:
|He|  |  |He|He|He|He|He|He|He|
:--:--:--:--:--:--:--:--:--:--:
|He|  |He|He|He|He|Fo|He|He|He|
:--:--:--:--:--:--:--:--:--:--:
|He|  |He|He|Ea|  |He|He|  |He|
:--:--:--:--:--:--:--:--:--:--:
|He|He|He|He|He|He|He|He|He|He|
:--:--:--:--:--:--:--:--:--:--:
|He|He|  |He|He|He|He|He|He|He|
:--:--:--:--:--:--:--:--:--:--:

------------------------------------------
Simulation - JOURS 72 DE LA SAISON ete
------------------------------------------
------------------RESERVE-----------------
LA RESERVE CONTIENT :
Herbe[id:169 quantite: 622]  en position (0, 0)
Eau[id:170 quantite: 47]  en position (0, 0)
Graine[id:171 quantite: 417]  en position (0, 0)
Foin[id:172 quantite: 10]  en position (0, 0)
------------------------------------------
-------------------POCHE------------------
LA POCHE CONTIENT:
Herbe[id:165 quantite: 4]  en position (4, 6)
Foin[id:166 quantite: 191]  en position (4, 6)
Eau[id:167 quantite: 435]  en position (4, 6)
Graine[id:168 quantite: 632]  en position (4, 6)
------------------------------------------
------------RAPPORT JOURNALIER------------
LE FERMIER RAJOUTE Herbe x4 SUR SA CASE
Le fermier trait la vache !
L'animal Vache mange Herbe[id:1563 quantite: 0]  en position (6, 9)
Pas de bÚbÚ pour Animal de la ferme: Vache en position 9 8 vie restante: 57
L'animal Vache mange Herbe[id:1568 quantite: 0]  en position (9, 5)
Pas de bÚbÚ pour Animal de la ferme: Vache en position 4 2 vie restante: 86
De l'herbe commence Ó s'agrandir en 0,5 !
De l'herbe commence Ó s'agrandir en 1,2 !
De l'herbe commence Ó s'agrandir en 1,3 !
De l'herbe commence Ó s'agrandir en 2,7 !
De l'herbe commence Ó s'agrandir en 3,7 !
De l'herbe vient de pousser sur la case 4,6 !
De l'herbe commence Ó s'agrandir en 5,0 !
De l'herbe commence Ó s'agrandir en 6,4 !
De l'herbe commence Ó s'agrandir en 6,8 !
De l'herbe vient de pousser sur la case 7,1 !
De l'herbe commence Ó s'agrandir en 7,2 !
De l'herbe commence Ó s'agrandir en 7,7 !
---------REAPPROVISIONNEMENT--------------
LE FERMIER RENTRE CHEZ LUI POUR RECUPERER 11 Herbe
LE FERMIER RENTRE CHEZ LUI POUR RECUPERER 9 Eau
LE FERMIER RENTRE CHEZ LUI POUR RECUPERER 3 Graine
LE FERMIER RENTRE CHEZ LUI POUR RECUPERER 8 Foin
-------ETAT ACTUEL DE LA FERME ET DE LA FORET-------
:--:--:--:--:--:--:--:--:--:--:
|He|He|  |He|He|He|  |He|He|  |
:--:--:--:--:--:--:--:--:--:--:
|He|He|He|He|He|He|He|He|He|He|
:--:--:--:--:--:--:--:--:--:--:
|He|He|He|He|He|He|He|He|He|  |
:--:--:--:--:--:--:--:--:--:--:
|He|He|He|He|He|He|He|He|He|He|
:--:--:--:--:--:--:--:--:--:--:
|He|He|He|He|He|He|He|He|  |He|
:--:--:--:--:--:--:--:--:--:--:
|He|  |  |He|He|He|He|He|He|He|
:--:--:--:--:--:--:--:--:--:--:
|He|  |He|He|He|He|Fo|He|He|  |
:--:--:--:--:--:--:--:--:--:--:
|He|He|He|He|Ea|  |He|He|  |He|
:--:--:--:--:--:--:--:--:--:--:
|He|He|He|He|He|He|He|He|He|He|
:--:--:--:--:--:--:--:--:--:--:
|He|He|  |He|He|  |He|He|He|He|
:--:--:--:--:--:--:--:--:--:--:

------------------------------------------
Simulation - JOURS 73 DE LA SAISON ete
------------------------------------------
------------------RESERVE-----------------
LA RESERVE CONTIENT :
Herbe[id:169 quantite: 611]  en position (0, 0)
Eau[id:170 quantite: 38]  en position (0, 0)
Graine[id:171 quantite: 414]  en position (0, 0)
Foin[id:172 quantite: 2]  en position (0, 0)
------------------------------------------
-------------------POCHE------------------
LA POCHE CONTIENT:
Herbe[id:165 quantite: 11]  en position (4, 6)
Foin[id:166 quantite: 199]  en position (4, 6)
Eau[id:167 quantite: 444]  en position (4, 6)
Graine[id:168 quantite: 635]  en position (4, 6)
------------------------------------------
------------RAPPORT JOURNALIER------------
LE FERMIER RAJOUTE Herbe x11 SUR SA CASE
Le fermier trait la vache !
Le fermier trait la vache !
L'animal Vache mange Herbe[id:1567 quantite: 0]  en position (5, 8)
Pas de bÚbÚ pour Animal de la ferme: Vache en position 5 8 vie restante: 83
L'animal Vache mange Herbe[id:1525 quantite: 0]  en position (2, 3)
L'animal Animal de la ferme: Vache en position 8 5 vie restante: 28 se reproduit
L'animal Vache mange Herbe[id:1528 quantite: 0]  en position (9, 8)
Pas de bÚbÚ pour Animal de la ferme: Vache en position 9 8 vie restante: 58
L'animal Vache mange Herbe[id:1497 quantite: 0]  en position (4, 2)
Pas de bÚbÚ pour Animal de la ferme: Vache en position 9 2 vie restante: 78
L'animal prÚdateur mange Animal de la ferme: Vache en position 4 0 vie restante: 28
De l'herbe commence Ó s'agrandir en 0,1 !
De l'herbe commence Ó s'agrandir en 4,1 !
De l'herbe vient de pousser sur la case 5,2 !
De l'herbe commence Ó s'agrandir en 5,9 !
De l'herbe commence Ó s'agrandir en 7,3 !
De l'herbe commence Ó s'agrandir en 8,1 !
De l'herbe commence Ó s'agrandir en 9,1 !
De l'herbe commence Ó s'agrandir en 9,4 !
De l'herbe commence Ó s'agrandir en 9,6 !
---------REAPPROVISIONNEMENT--------------
LE FERMIER RENTRE CHEZ LUI POUR RECUPERER 8 Herbe
LE FERMIER RENTRE CHEZ LUI POUR RECUPERER 2 Eau
LE FERMIER RENTRE CHEZ LUI POUR RECUPERER 9 Graine
LE FERMIER N'A PLUS DE Foin DANS SA RESERVE !
-------ETAT ACTUEL DE LA FERME ET DE LA FORET-------
:--:--:--:--:--:--:--:--:--:--:
|He|He|  |He|He|He|  |He|He|  |
:--:--:--:--:--:--:--:--:--:--:
|He|He|He|He|He|He|He|He|He|He|
:--:--:--:--:--:--:--:--:--:--:
|He|He|He|  |He|He|He|He|He|  |
:--:--:--:--:--:--:--:--:--:--:
|He|He|He|He|He|He|He|He|He|He|
:--:--:--:--:--:--:--:--:--:--:
|He|He|  |He|He|He|He|He|  |He|
:--:--:--:--:--:--:--:--:--:--:
|He|  |He|He|He|He|He|He|  |He|
:--:--:--:--:--:--:--:--:--:--:
|He|  |He|He|He|He|Fo|He|He|  |
:--:--:--:--:--:--:--:--:--:--:
|He|He|He|He|Ea|  |He|He|  |He|
:--:--:--:--:--:--:--:--:--:--:
|He|He|He|He|He|He|He|He|He|He|
:--:--:--:--:--:--:--:--:--:--:
|He|He|  |He|He|  |He|He|  |He|
:--:--:--:--:--:--:--:--:--:--:

------------------------------------------
Simulation - JOURS 74 DE LA SAISON ete
------------------------------------------
------------------RESERVE-----------------
LA RESERVE CONTIENT :
Herbe[id:169 quantite: 603]  en position (0, 0)
Eau[id:170 quantite: 36]  en position (0, 0)
Graine[id:171 quantite: 405]  en position (0, 0)
Foin[id:172 quantite: 2]  en position (0, 0)
------------------------------------------
-------------------POCHE------------------
LA POCHE CONTIENT:
Herbe[id:165 quantite: 8]  en position (4, 6)
Foin[id:166 quantite: 199]  en position (4, 6)
Eau[id:167 quantite: 446]  en position (4, 6)
Graine[id:168 quantite: 644]  en position (4, 6)
------------------------------------------
------------RAPPORT JOURNALIER------------
LE FERMIER RAJOUTE Herbe x8 SUR SA CASE
L'animal Vache mange Herbe[id:1405 quantite: 0]  en position (8, 5)
L'animal Animal de la ferme: Vache en position 5 2 vie restante: 22 se reproduit
L'animal Vache mange Herbe[id:1512 quantite: 0]  en position (9, 0)
Pas de bÚbÚ pour Animal de la ferme: Vache en position 9 0 vie restante: 34
De l'herbe vient de pousser sur la case 0,9 !
De l'herbe commence Ó s'agrandir en 1,0 !
De l'herbe commence Ó s'agrandir en 3,8 !
De l'herbe commence Ó s'agrandir en 4,1 !
De l'herbe commence Ó s'agrandir en 7,0 !
De l'herbe commence Ó s'agrandir en 7,7 !
De l'herbe commence Ó s'agrandir en 8,0 !
De l'herbe commence Ó s'agrandir en 8,8 !
---------REAPPROVISIONNEMENT--------------
LE FERMIER RENTRE CHEZ LUI POUR RECUPERER 5 Herbe
LE FERMIER RENTRE CHEZ LUI POUR RECUPERER 5 Eau
LE FERMIER RENTRE CHEZ LUI POUR RECUPERER 6 Graine
LE FERMIER N'A PLUS DE Foin DANS SA RESERVE !
-------ETAT ACTUEL DE LA FERME ET DE LA FORET-------
:--:--:--:--:--:--:--:--:--:--:
|He|He|  |He|He|He|  |He|He|He|
:--:--:--:--:--:--:--:--:--:--:
|He|He|He|He|He|He|He|He|He|He|
:--:--:--:--:--:--:--:--:--:--:
|He|He|He|  |He|He|He|He|He|  |
:--:--:--:--:--:--:--:--:--:--:
|He|He|He|He|He|He|He|He|He|He|
:--:--:--:--:--:--:--:--:--:--:
|He|He|  |He|He|He|He|He|  |He|
:--:--:--:--:--:--:--:--:--:--:
|He|  |He|He|He|He|He|He|  |He|
:--:--:--:--:--:--:--:--:--:--:
|He|  |He|He|He|He|Fo|He|He|  |
:--:--:--:--:--:--:--:--:--:--:
|He|He|He|He|Ea|  |He|He|  |He|
:--:--:--:--:--:--:--:--:--:--:
|He|He|He|He|He|  |He|He|He|He|
:--:--:--:--:--:--:--:--:--:--:
|  |He|  |He|He|  |He|He|  |He|
:--:--:--:--:--:--:--:--:--:--:

------------------------------------------
Simulation - JOURS 75 DE LA SAISON ete
------------------------------------------
------------------RESERVE-----------------
LA RESERVE CONTIENT :
Herbe[id:169 quantite: 598]  en position (0, 0)
Eau[id:170 quantite: 31]  en position (0, 0)
Graine[id:171 quantite: 399]  en position (0, 0)
Foin[id:172 quantite: 2]  en position (0, 0)
------------------------------------------
-------------------POCHE------------------
LA POCHE CONTIENT:
Herbe[id:165 quantite: 5]  en position (4, 6)
Foin[id:166 quantite: 199]  en position (4, 6)
Eau[id:167 quantite: 451]  en position (4, 6)
Graine[id:168 quantite: 650]  en position (4, 6)
------------------------------------------
------------RAPPORT JOURNALIER------------
LE FERMIER RAJOUTE Herbe x5 SUR SA CASE
Le fermier trait la vache !
L'animal Vache mange Herbe[id:1456 quantite: 0]  en position (1, 3)
Pas de bÚbÚ pour Animal de la ferme: Vache en position 1 3 vie restante: 42
L'animal Vache mange Herbe[id:1478 quantite: 0]  en position (9, 3)
Pas de bÚbÚ pour Animal de la ferme: Vache en position 5 1 vie restante: 53
De l'herbe commence Ó s'agrandir en 0,8 !
De l'herbe commence Ó s'agrandir en 1,8 !
De l'herbe commence Ó s'agrandir en 3,2 !
De l'herbe commence Ó s'agrandir en 3,7 !
De l'herbe commence Ó s'agrandir en 6,3 !
De l'herbe commence Ó s'agrandir en 6,4 !
De l'herbe commence Ó s'agrandir en 6,5 !
De l'herbe vient de pousser sur la case 6,9 !
De l'herbe commence Ó s'agrandir en 7,2 !
De l'herbe vient de pousser sur la case 7,8 !
---------REAPPROVISIONNEMENT--------------
LE FERMIER RENTRE CHEZ LUI POUR RECUPERER 10 Herbe
LE FERMIER RENTRE CHEZ LUI POUR RECUPERER 3 Eau
LE FERMIER RENTRE CHEZ LUI POUR RECUPERER 6 Graine
LE FERMIER N'A PLUS DE Foin DANS SA RESERVE !
-------ETAT ACTUEL DE LA FERME ET DE LA FORET-------
:--:--:--:--:--:--:--:--:--:--:
|He|He|  |He|He|He|  |He|He|He|
:--:--:--:--:--:--:--:--:--:--:
|He|He|He|  |He|He|He|He|He|He|
:--:--:--:--:--:--:--:--:--:--:
|He|He|He|  |He|He|He|He|He|  |
:--:--:--:--:--:--:--:--:--:--:
|He|He|He|He|He|He|He|He|He|He|
:--:--:--:--:--:--:--:--:--:--:
|He|He|  |He|He|He|He|He|  |He|
:--:--:--:--:--:--:--:--:--:--:
|He|  |He|He|He|He|He|He|  |He|
:--:--:--:--:--:--:--:--:--:--:
|He|  |He|He|He|He|Fo|He|He|He|
:--:--:--:--:--:--:--:--:--:--:
|He|He|He|He|Ea|  |He|He|He|He|
:--:--:--:--:--:--:--:--:--:--:
|He|He|He|He|He|  |He|He|He|He|
:--:--:--:--:--:--:--:--:--:--:
|  |He|  |  |He|  |He|He|  |He|
:--:--:--:--:--:--:--:--:--:--:

------------------------------------------
Simulation - JOURS 76 DE LA SAISON ete
------------------------------------------
------------------RESERVE-----------------
LA RESERVE CONTIENT :
Herbe[id:169 quantite: 588]  en position (0, 0)
Eau[id:170 quantite: 28]  en position (0, 0)
Graine[id:171 quantite: 393]  en position (0, 0)
Foin[id:172 quantite: 2]  en position (0, 0)
------------------------------------------
-------------------POCHE------------------
LA POCHE CONTIENT:
Herbe[id:165 quantite: 10]  en position (4, 6)
Foin[id:166 quantite: 199]  en position (4, 6)
Eau[id:167 quantite: 454]  en position (4, 6)
Graine[id:168 quantite: 656]  en position (4, 6)
------------------------------------------
------------RAPPORT JOURNALIER------------
LE FERMIER RAJOUTE Herbe x10 SUR SA CASE
Le fermier trait la vache !
Le fermier trait la vache !
L'animal Vache mange Herbe[id:1466 quantite: 0]  en position (2, 4)
Pas de bÚbÚ pour Animal de la ferme: Vache en position 2 4 vie restante: 88
L'animal prÚdateur mange Animal de la ferme: Vache en position 5 2 vie restante: 53
De l'herbe vient de pousser sur la case 1,3 !
De l'herbe commence Ó s'agrandir en 2,6 !
De l'herbe commence Ó s'agrandir en 3,6 !
De l'herbe commence Ó s'agrandir en 4,0 !
De l'herbe commence Ó s'agrandir en 4,3 !
De l'herbe commence Ó s'agrandir en 4,4 !
De l'herbe commence Ó s'agrandir en 5,3 !
De l'herbe commence Ó s'agrandir en 5,6 !
De l'herbe commence Ó s'agrandir en 5,9 !
De l'herbe commence Ó s'agrandir en 6,9 !
De l'herbe commence Ó s'agrandir en 7,1 !
De l'herbe commence Ó s'agrandir en 7,8 !
De l'herbe commence Ó s'agrandir en 9,4 !
De l'herbe commence Ó s'agrandir en 9,7 !
---------REAPPROVISIONNEMENT--------------
LE FERMIER RENTRE CHEZ LUI POUR RECUPERER 8 Herbe
LE FERMIER RENTRE CHEZ LUI POUR RECUPERER 5 Eau
LE FERMIER RENTRE CHEZ LUI POUR RECUPERER 10 Graine
LE FERMIER N'A PLUS DE Foin DANS SA RESERVE !
-------ETAT ACTUEL DE LA FERME ET DE LA FORET-------
:--:--:--:--:--:--:--:--:--:--:
|He|He|  |He|He|He|  |He|He|He|
:--:--:--:--:--:--:--:--:--:--:
|He|He|He|He|He|He|He|He|He|He|
:--:--:--:--:--:--:--:--:--:--:
|He|He|He|  |  |He|He|He|He|  |
:--:--:--:--:--:--:--:--:--:--:
|He|He|He|He|He|He|He|He|He|He|
:--:--:--:--:--:--:--:--:--:--:
|He|He|  |He|He|He|He|He|  |He|
:--:--:--:--:--:--:--:--:--:--:
|He|  |He|He|He|He|He|He|  |He|
:--:--:--:--:--:--:--:--:--:--:
|He|  |He|He|He|He|Fo|He|He|He|
:--:--:--:--:--:--:--:--:--:--:
|He|He|He|He|Ea|  |He|He|He|He|
:--:--:--:--:--:--:--:--:--:--:
|He|He|He|He|He|  |He|He|He|He|
:--:--:--:--:--:--:--:--:--:--:
|  |He|  |  |He|  |He|He|  |He|
:--:--:--:--:--:--:--:--:--:--:

------------------------------------------
Simulation - JOURS 77 DE LA SAISON ete
------------------------------------------
------------------RESERVE-----------------
LA RESERVE CONTIENT :
Herbe[id:169 quantite: 580]  en position (0, 0)
Eau[id:170 quantite: 23]  en position (0, 0)
Graine[id:171 quantite: 383]  en position (0, 0)
Foin[id:172 quantite: 2]  en position (0, 0)
------------------------------------------
-------------------POCHE------------------
LA POCHE CONTIENT:
Herbe[id:165 quantite: 8]  en position (4, 6)
Foin[id:166 quantite: 199]  en position (4, 6)
Eau[id:167 quantite: 459]  en position (4, 6)
Graine[id:168 quantite: 666]  en position (4, 6)
------------------------------------------
------------RAPPORT JOURNALIER------------
LE FERMIER RAJOUTE Herbe x8 SUR SA CASE
Le fermier trait la vache !
Le fermier trait la vache !
L'animal Vache mange Herbe[id:1586 quantite: 0]  en position (1, 3)
Pas de bÚbÚ pour Animal de la ferme: Vache en position 2 3 vie restante: 45
De l'herbe commence Ó s'agrandir en 0,0 !
De l'herbe vient de pousser sur la case 0,2 !
De l'herbe commence Ó s'agrandir en 0,4 !
De l'herbe commence Ó s'agrandir en 1,7 !
De l'herbe commence Ó s'agrandir en 3,4 !
De l'herbe commence Ó s'agrandir en 5,2 !
De l'herbe commence Ó s'agrandir en 6,5 !
De l'herbe commence Ó s'agrandir en 6,7 !
De l'herbe commence Ó s'agrandir en 6,9 !
De l'herbe commence Ó s'agrandir en 7,1 !
De l'herbe commence Ó s'agrandir en 7,9 !
De l'herbe commence Ó s'agrandir en 8,1 !
De l'herbe commence Ó s'agrandir en 8,2 !
De l'herbe commence Ó s'agrandir en 8,8 !
De l'herbe vient de pousser sur la case 9,2 !
---------REAPPROVISIONNEMENT--------------
LE FERMIER RENTRE CHEZ LUI POUR RECUPERER 4 Herbe
LE FERMIER RENTRE CHEZ LUI POUR RECUPERER 4 Eau
LE FERMIER RENTRE CHEZ LUI POUR RECUPERER 3 Graine
LE FERMIER N'A PLUS DE Foin DANS SA RESERVE !
-------ETAT ACTUEL DE LA FERME ET DE LA FORET-------
:--:--:--:--:--:--:--:--:--:--:
|He|He|He|He|He|He|  |He|He|He|
:--:--:--:--:--:--:--:--:--:--:
|He|He|He|  |He|He|He|He|He|He|
:--:--:--:--:--:--:--:--:--:--:
|He|He|He|  |  |He|He|He|He|  |
:--:--:--:--:--:--:--:--:--:--:
|He|He|He|He|He|He|He|He|He|He|
:--:--:--:--:--:--:--:--:--:--:
|He|He|  |He|He|He|He|He|  |He|
:--:--:--:--:--:--:--:--:--:--:
|He|  |He|He|He|He|He|He|  |He|
:--:--:--:--:--:--:--:--:--:--:
|He|  |He|He|He|He|Fo|He|He|He|
:--:--:--:--:--:--:--:--:--:--:
|He|He|He|He|Ea|  |He|He|He|He|
:--:--:--:--:--:--:--:--:--:--:
|He|He|He|He|He|  |He|He|He|He|
:--:--:--:--:--:--:--:--:--:--:
|  |He|He|  |He|  |He|He|  |He|
:--:--:--:--:--:--:--:--:--:--:

------------------------------------------
Simulation - JOURS 78 DE LA SAISON ete
------------------------------------------
------------------RESERVE-----------------
LA RESERVE CONTIENT :
Herbe[id:169 quantite: 576]  en position (0, 0)
Eau[id:170 quantite: 19]  en position (0, 0)
Graine[id:171 quantite: 380]  en position (0, 0)
Foin[id:172 quantite: 2]  en position (0, 0)
------------------------------------------
-------------------POCHE------------------
LA POCHE CONTIENT:
Herbe[id:165 quantite: 4]  en position (4, 6)
Foin[id:166 quantite: 199]  en position (4, 6)
Eau[id:167 quantite: 463]  en position (4, 6)
Graine[id:168 quantite: 669]  en position (4, 6)
------------------------------------------
------------RAPPORT JOURNALIER------------
LE FERMIER RAJOUTE Herbe x4 SUR SA CASE
Le fermier trait la vache !
Le fermier trait la vache !
Le fermier trait la vache !
L'animal Vache mange Herbe[id:1571 quantite: 0]  en position (4, 6)
Pas de bÚbÚ pour Animal de la ferme: Vache en position 4 6 vie restante: 64
De l'herbe commence Ó s'agrandir en 0,1 !
De l'herbe commence Ó s'agrandir en 0,7 !
De l'herbe commence Ó s'agrandir en 1,9 !
De l'herbe commence Ó s'agrandir en 2,2 !
De l'herbe commence Ó s'agrandir en 4,7 !
De l'herbe vient de pousser sur la case 4,8 !
De l'herbe commence Ó s'agrandir en 6,3 !
De l'herbe commence Ó s'agrandir en 8,8 !
De l'herbe vient de pousser sur la case 9,0 !
De l'herbe commence Ó s'agrandir en 9,1 !
De l'herbe commence Ó s'agrandir en 9,4 !
De l'herbe vient de pousser sur la case 9,8 !
---------REAPPROVISIONNEMENT--------------
LE FERMIER RENTRE CHEZ LUI POUR RECUPERER 2 Herbe
LE FERMIER RENTRE CHEZ LUI POUR RECUPERER 7 Eau
LE FERMIER RENTRE CHEZ LUI POUR RECUPERER 4 Graine
LE FERMIER N'A PLUS DE Foin DANS SA RESERVE !
-------ETAT ACTUEL DE LA FERME ET DE LA FORET-------
:--:--:--:--:--:--:--:--:--:--:
|He|He|He|He|He|He|  |He|He|He|
:--:--:--:--:--:--:--:--:--:--:
|He|He|He|  |He|He|He|He|He|He|
:--:--:--:--:--:--:--:--:--:--:
|He|He|He|  |  |He|He|He|He|  |
:--:--:--:--:--:--:--:--:--:--:
|He|He|He|He|He|He|He|He|He|He|
:--:--:--:--:--:--:--:--:--:--:
|He|He|  |He|He|He|  |He|He|He|
:--:--:--:--:--:--:--:--:--:--:
|He|  |He|He|He|He|He|He|  |He|
:--:--:--:--:--:--:--:--:--:--:
|He|  |He|He|He|He|Fo|He|He|He|
:--:--:--:--:--:--:--:--:--:--:
|He|He|He|He|Ea|  |He|He|He|He|
:--:--:--:--:--:--:--:--:--:--:
|He|He|He|He|He|  |He|He|He|He|
:--:--:--:--:--:--:--:--:--:--:
|He|He|He|  |He|  |He|He|He|He|
:--:--:--:--:--:--:--:--:--:--:

------------------------------------------
Simulation - JOURS 79 DE LA SAISON ete
------------------------------------------
------------------RESERVE-----------------
LA RESERVE CONTIENT :
Herbe[id:169 quantite: 574]  en position (0, 0)
Eau[id:170 quantite: 12]  en position (0, 0)
Graine[id:171 quantite: 376]  en position (0, 0)
Foin[id:172 quantite: 2]  en position (0, 0)
------------------------------------------
-------------------POCHE------------------
LA POCHE CONTIENT:
Herbe[id:165 quantite: 2]  en position (4, 6)
Foin[id:166 quantite: 199]  en position (4, 6)
Eau[id:167 quantite: 470]  en position (4, 6)
Graine[id:168 quantite: 673]  en position (4, 6)
------------------------------------------
------------RAPPORT JOURNALIER------------
LE FERMIER RAJOUTE Herbe x2 SUR SA CASE
Le fermier trait la vache !
Le fermier trait la vache !
Le fermier trait la vache !
Le fermier trait la vache !
L'animal Poule n'a pas trouvÚ de nourriture...
Pas de bÚbÚ pour Animal de la ferme: Poule en position 3 5 vie restante: 3
L'animal Vache mange Herbe[id:1553 quantite: 0]  en position (2, 5)
Pas de bÚbÚ pour Animal de la ferme: Vache en position 2 5 vie restante: 47
De l'herbe commence Ó s'agrandir en 1,7 !
De l'herbe commence Ó s'agrandir en 2,6 !
De l'herbe commence Ó s'agrandir en 3,9 !
De l'herbe commence Ó s'agrandir en 4,0 !
De l'herbe commence Ó s'agrandir en 6,8 !
De l'herbe commence Ó s'agrandir en 8,8 !
De l'herbe vient de pousser sur la case 9,5 !
---------REAPPROVISIONNEMENT--------------
LE FERMIER RENTRE CHEZ LUI POUR RECUPERER 8 Herbe
LE FERMIER RENTRE CHEZ LUI POUR RECUPERER 10 Eau
LE FERMIER RENTRE CHEZ LUI POUR RECUPERER 6 Graine
LE FERMIER N'A PLUS DE Foin DANS SA RESERVE !
-------ETAT ACTUEL DE LA FERME ET DE LA FORET-------
:--:--:--:--:--:--:--:--:--:--:
|He|He|He|He|He|He|  |He|He|He|
:--:--:--:--:--:--:--:--:--:--:
|He|He|He|  |He|He|He|He|He|He|
:--:--:--:--:--:--:--:--:--:--:
|He|He|He|  |  |  |He|He|He|  |
:--:--:--:--:--:--:--:--:--:--:
|He|He|He|He|He|He|He|He|He|He|
:--:--:--:--:--:--:--:--:--:--:
|He|He|  |He|He|He|  |He|  |He|
:--:--:--:--:--:--:--:--:--:--:
|He|  |He|He|He|He|He|He|  |He|
:--:--:--:--:--:--:--:--:--:--:
|He|  |He|He|He|He|Fo|He|He|He|
:--:--:--:--:--:--:--:--:--:--:
|He|He|He|He|Ea|  |He|He|He|He|
:--:--:--:--:--:--:--:--:--:--:
|He|He|He|He|He|  |He|He|He|He|
:--:--:--:--:--:--:--:--:--:--:
|He|He|He|  |He|He|He|He|He|He|
:--:--:--:--:--:--:--:--:--:--:

UPDATE DE LA RESERVE
------------------------------------------
Simulation - JOURS 80 DE LA SAISON ete
------------------------------------------
------------------RESERVE-----------------
LA RESERVE CONTIENT :
Herbe[id:169 quantite: 640]  en position (0, 0)
Eau[id:170 quantite: 23]  en position (0, 0)
Graine[id:171 quantite: 453]  en position (0, 0)
Foin[id:172 quantite: 50]  en position (0, 0)
------------------------------------------
-------------------POCHE------------------
LA POCHE CONTIENT:
Herbe[id:165 quantite: 8]  en position (4, 6)
Foin[id:166 quantite: 199]  en position (4, 6)
Eau[id:167 quantite: 480]  en position (4, 6)
Graine[id:168 quantite: 679]  en position (4, 6)
------------------------------------------
------------RAPPORT JOURNALIER------------
LE FERMIER RAJOUTE Herbe x8 SUR SA CASE
Le fermier trait la vache !
Le fermier trait la vache !
Le fermier trait la vache !
Le fermier trait la vache !
L'animal Poule n'a pas trouvÚ de nourriture...
Pas de bÚbÚ pour Animal de la ferme: Poule en position 3 5 vie restante: 3
De l'herbe commence Ó s'agrandir en 0,1 !
De l'herbe commence Ó s'agrandir en 0,3 !
De l'herbe commence Ó s'agrandir en 1,0 !
De l'herbe commence Ó s'agrandir en 3,8 !
De l'herbe vient de pousser sur la case 5,8 !
De l'herbe commence Ó s'agrandir en 7,8 !
---------REAPPROVISIONNEMENT--------------
LE FERMIER RENTRE CHEZ LUI POUR RECUPERER 8 Herbe
LE FERMIER RENTRE CHEZ LUI POUR RECUPERER 6 Eau
LE FERMIER RENTRE CHEZ LUI POUR RECUPERER 8 Graine
LE FERMIER RENTRE CHEZ LUI POUR RECUPERER 10 Foin
-------ETAT ACTUEL DE LA FERME ET DE LA FORET-------
:--:--:--:--:--:--:--:--:--:--:
|He|He|He|He|He|He|  |He|He|He|
:--:--:--:--:--:--:--:--:--:--:
|He|He|He|  |He|He|He|He|He|He|
:--:--:--:--:--:--:--:--:--:--:
|He|He|He|  |  |  |He|He|He|  |
:--:--:--:--:--:--:--:--:--:--:
|He|He|He|He|He|  |He|He|He|He|
:--:--:--:--:--:--:--:--:--:--:
|He|He|  |He|He|He|  |He|  |He|
:--:--:--:--:--:--:--:--:--:--:
|He|  |He|He|He|He|He|He|He|He|
:--:--:--:--:--:--:--:--:--:--:
|He|  |He|He|He|He|Fo|He|He|He|
:--:--:--:--:--:--:--:--:--:--:
|He|He|He|He|Ea|  |He|He|He|He|
:--:--:--:--:--:--:--:--:--:--:
|He|He|He|He|He|  |He|He|He|He|
:--:--:--:--:--:--:--:--:--:--:
|He|He|He|  |He|He|He|He|He|He|
:--:--:--:--:--:--:--:--:--:--:

------------------------------------------
Simulation - JOURS 81 DE LA SAISON ete
------------------------------------------
------------------RESERVE-----------------
LA RESERVE CONTIENT :
Herbe[id:169 quantite: 632]  en position (0, 0)
Eau[id:170 quantite: 17]  en position (0, 0)
Graine[id:171 quantite: 445]  en position (0, 0)
Foin[id:172 quantite: 40]  en position (0, 0)
------------------------------------------
-------------------POCHE------------------
LA POCHE CONTIENT:
Herbe[id:165 quantite: 8]  en position (4, 6)
Foin[id:166 quantite: 209]  en position (4, 6)
Eau[id:167 quantite: 486]  en position (4, 6)
Graine[id:168 quantite: 687]  en position (4, 6)
------------------------------------------
------------RAPPORT JOURNALIER------------
LE FERMIER RAJOUTE Herbe x8 SUR SA CASE
Le fermier trait la vache !
Le fermier trait la vache !
Le fermier trait la vache !
L'animal Vache mange Herbe[id:1521 quantite: 0]  en position (5, 9)
Pas de bÚbÚ pour Animal de la ferme: Vache en position 5 9 vie restante: 68
De l'herbe commence Ó s'agrandir en 0,7 !
De l'herbe commence Ó s'agrandir en 1,1 !
De l'herbe commence Ó s'agrandir en 2,7 !
De l'herbe commence Ó s'agrandir en 6,5 !
De l'herbe commence Ó s'agrandir en 7,0 !
De l'herbe commence Ó s'agrandir en 7,3 !
De l'herbe commence Ó s'agrandir en 8,4 !
De l'herbe commence Ó s'agrandir en 9,2 !
---------REAPPROVISIONNEMENT--------------
LE FERMIER RENTRE CHEZ LUI POUR RECUPERER 7 Herbe
LE FERMIER RENTRE CHEZ LUI POUR RECUPERER 7 Eau
LE FERMIER RENTRE CHEZ LUI POUR RECUPERER 2 Graine
LE FERMIER RENTRE CHEZ LUI POUR RECUPERER 6 Foin
-------ETAT ACTUEL DE LA FERME ET DE LA FORET-------
:--:--:--:--:--:--:--:--:--:--:
|He|He|He|He|He|He|  |He|He|He|
:--:--:--:--:--:--:--:--:--:--:
|He|He|He|  |He|He|He|He|He|He|
:--:--:--:--:--:--:--:--:--:--:
|He|He|He|  |  |  |He|He|He|  |
:--:--:--:--:--:--:--:--:--:--:
|He|He|He|He|He|  |He|He|He|He|
:--:--:--:--:--:--:--:--:--:--:
|He|He|  |He|He|He|  |He|  |He|
:--:--:--:--:--:--:--:--:--:--:
|He|  |He|He|He|He|He|He|He|  |
:--:--:--:--:--:--:--:--:--:--:
|He|  |He|He|He|He|Fo|He|He|He|
:--:--:--:--:--:--:--:--:--:--:
|He|He|He|He|Ea|  |He|He|He|He|
:--:--:--:--:--:--:--:--:--:--:
|He|He|He|He|He|  |He|He|He|He|
:--:--:--:--:--:--:--:--:--:--:
|He|He|He|  |He|He|He|He|He|He|
:--:--:--:--:--:--:--:--:--:--:

------------------------------------------
Simulation - JOURS 82 DE LA SAISON ete
------------------------------------------
------------------RESERVE-----------------
LA RESERVE CONTIENT :
Herbe[id:169 quantite: 625]  en position (0, 0)
Eau[id:170 quantite: 10]  en position (0, 0)
Graine[id:171 quantite: 443]  en position (0, 0)
Foin[id:172 quantite: 34]  en position (0, 0)
------------------------------------------
-------------------POCHE------------------
LA POCHE CONTIENT:
Herbe[id:165 quantite: 7]  en position (4, 6)
Foin[id:166 quantite: 215]  en position (4, 6)
Eau[id:167 quantite: 493]  en position (4, 6)
Graine[id:168 quantite: 689]  en position (4, 6)
------------------------------------------
------------RAPPORT JOURNALIER------------
LE FERMIER RAJOUTE Herbe x7 SUR SA CASE
Le fermier trait la vache !
Le fermier trait la vache !
Le fermier trait la vache !
De l'herbe commence Ó s'agrandir en 0,4 !
De l'herbe vient de pousser sur la case 2,4 !
De l'herbe commence Ó s'agrandir en 2,6 !
De l'herbe commence Ó s'agrandir en 2,8 !
De l'herbe commence Ó s'agrandir en 4,0 !
De l'herbe commence Ó s'agrandir en 5,4 !
De l'herbe commence Ó s'agrandir en 6,7 !
De l'herbe commence Ó s'agrandir en 7,7 !
De l'herbe commence Ó s'agrandir en 8,3 !
---------REAPPROVISIONNEMENT--------------
LE FERMIER RENTRE CHEZ LUI POUR RECUPERER 9 Herbe
LE FERMIER RENTRE CHEZ LUI POUR RECUPERER 4 Eau
LE FERMIER RENTRE CHEZ LUI POUR RECUPERER 5 Graine
LE FERMIER RENTRE CHEZ LUI POUR RECUPERER 11 Foin
-------ETAT ACTUEL DE LA FERME ET DE LA FORET-------
:--:--:--:--:--:--:--:--:--:--:
|He|He|He|He|He|He|  |He|He|He|
:--:--:--:--:--:--:--:--:--:--:
|He|He|He|  |He|He|He|He|He|He|
:--:--:--:--:--:--:--:--:--:--:
|He|He|He|  |He|  |He|He|He|  |
:--:--:--:--:--:--:--:--:--:--:
|He|He|He|He|He|  |He|He|He|He|
:--:--:--:--:--:--:--:--:--:--:
|He|He|  |He|He|He|  |He|  |He|
:--:--:--:--:--:--:--:--:--:--:
|He|  |He|He|He|He|He|He|He|  |
:--:--:--:--:--:--:--:--:--:--:
|He|  |He|He|He|He|Fo|He|He|He|
:--:--:--:--:--:--:--:--:--:--:
|He|He|He|He|Ea|  |He|He|He|He|
:--:--:--:--:--:--:--:--:--:--:
|He|He|He|He|He|  |He|He|He|He|
:--:--:--:--:--:--:--:--:--:--:
|He|He|He|  |He|He|He|He|He|He|
:--:--:--:--:--:--:--:--:--:--:

------------------------------------------
Simulation - JOURS 83 DE LA SAISON ete
------------------------------------------
------------------RESERVE-----------------
LA RESERVE CONTIENT :
Herbe[id:169 quantite: 616]  en position (0, 0)
Eau[id:170 quantite: 6]  en position (0, 0)
Graine[id:171 quantite: 438]  en position (0, 0)
Foin[id:172 quantite: 23]  en position (0, 0)
------------------------------------------
-------------------POCHE------------------
LA POCHE CONTIENT:
Herbe[id:165 quantite: 9]  en position (4, 6)
Foin[id:166 quantite: 226]  en position (4, 6)
Eau[id:167 quantite: 497]  en position (4, 6)
Graine[id:168 quantite: 694]  en position (4, 6)
------------------------------------------
------------RAPPORT JOURNALIER------------
LE FERMIER RAJOUTE Herbe x9 SUR SA CASE
Le fermier trait la vache !
Le fermier trait la vache !
Le fermier trait la vache !
L'animal Vache mange Herbe[id:1600 quantite: 0]  en position (2, 4)
Pas de bÚbÚ pour Animal de la ferme: Vache en position 2 4 vie restante: 57
L'animal Poule n'a pas trouvÚ de nourriture...
Pas de bÚbÚ pour Animal de la ferme: Poule en position 9 4 vie restante: 3
De l'herbe commence Ó s'agrandir en 0,2 !
De l'herbe commence Ó s'agrandir en 0,7 !
De l'herbe commence Ó s'agrandir en 0,8 !
De l'herbe commence Ó s'agrandir en 1,8 !
De l'herbe vient de pousser sur la case 2,4 !
De l'herbe commence Ó s'agrandir en 3,0 !
De l'herbe vient de pousser sur la case 3,5 !
De l'herbe commence Ó s'agrandir en 3,8 !
De l'herbe commence Ó s'agrandir en 4,3 !
De l'herbe commence Ó s'agrandir en 4,5 !
De l'herbe commence Ó s'agrandir en 6,2 !
De l'herbe commence Ó s'agrandir en 6,3 !
De l'herbe commence Ó s'agrandir en 8,2 !
De l'herbe vient de pousser sur la case 9,4 !
---------REAPPROVISIONNEMENT--------------
LE FERMIER RENTRE CHEZ LUI POUR RECUPERER 4 Herbe
LE FERMIER N'A PLUS DE Eau DANS SA RESERVE !
LE FERMIER RENTRE CHEZ LUI POUR RECUPERER 5 Graine
LE FERMIER RENTRE CHEZ LUI POUR RECUPERER 8 Foin
-------ETAT ACTUEL DE LA FERME ET DE LA FORET-------
:--:--:--:--:--:--:--:--:--:--:
|He|He|He|He|He|He|  |He|He|He|
:--:--:--:--:--:--:--:--:--:--:
|He|He|He|  |He|He|He|He|He|He|
:--:--:--:--:--:--:--:--:--:--:
|He|He|He|  |He|  |He|He|He|  |
:--:--:--:--:--:--:--:--:--:--:
|He|He|He|He|He|He|He|He|He|He|
:--:--:--:--:--:--:--:--:--:--:
|He|He|  |He|He|He|  |He|  |He|
:--:--:--:--:--:--:--:--:--:--:
|He|  |He|He|He|He|He|He|He|  |
:--:--:--:--:--:--:--:--:--:--:
|He|  |He|He|He|He|Fo|He|He|He|
:--:--:--:--:--:--:--:--:--:--:
|He|He|He|He|Ea|  |He|He|He|He|
:--:--:--:--:--:--:--:--:--:--:
|He|He|He|He|He|  |He|He|He|He|
:--:--:--:--:--:--:--:--:--:--:
|He|He|He|  |He|He|He|He|He|He|
:--:--:--:--:--:--:--:--:--:--:

------------------------------------------
Simulation - JOURS 84 DE LA SAISON ete
------------------------------------------
------------------RESERVE-----------------
LA RESERVE CONTIENT :
Herbe[id:169 quantite: 612]  en position (0, 0)
Eau[id:170 quantite: 6]  en position (0, 0)
Graine[id:171 quantite: 433]  en position (0, 0)
Foin[id:172 quantite: 15]  en position (0, 0)
------------------------------------------
-------------------POCHE------------------
LA POCHE CONTIENT:
Herbe[id:165 quantite: 4]  en position (4, 6)
Foin[id:166 quantite: 234]  en position (4, 6)
Eau[id:167 quantite: 497]  en position (4, 6)
Graine[id:168 quantite: 699]  en position (4, 6)
------------------------------------------
------------RAPPORT JOURNALIER------------
LE FERMIER RAJOUTE Herbe x4 SUR SA CASE
L'animal Vache mange Herbe[id:1603 quantite: 0]  en position (2, 4)
L'animal Animal de la ferme: Vache en position 2 4 vie restante: 28 se reproduit
L'animal Poule n'a pas trouvÚ de nourriture...
Pas de bÚbÚ pour Animal de la ferme: Poule en position 9 4 vie restante: 3
L'animal Vache mange Herbe[id:861 quantite: 0]  en position (4, 0)
Pas de bÚbÚ pour Animal de la ferme: Vache en position 5 1 vie restante: 100
De l'herbe commence Ó s'agrandir en 1,0 !
De l'herbe commence Ó s'agrandir en 1,1 !
De l'herbe commence Ó s'agrandir en 2,6 !
De l'herbe commence Ó s'agrandir en 2,8 !
De l'herbe commence Ó s'agrandir en 3,2 !
De l'herbe commence Ó s'agrandir en 3,5 !
De l'herbe vient de pousser sur la case 4,0 !
De l'herbe commence Ó s'agrandir en 6,0 !
De l'herbe commence Ó s'agrandir en 7,1 !
De l'herbe commence Ó s'agrandir en 8,2 !
De l'herbe commence Ó s'agrandir en 9,0 !
De l'herbe vient de pousser sur la case 9,3 !
De l'herbe commence Ó s'agrandir en 9,5 !
De l'herbe commence Ó s'agrandir en 9,6 !
De l'herbe commence Ó s'agrandir en 9,7 !
---------REAPPROVISIONNEMENT--------------
LE FERMIER RENTRE CHEZ LUI POUR RECUPERER 3 Herbe
LE FERMIER RENTRE CHEZ LUI POUR RECUPERER 5 Eau
LE FERMIER RENTRE CHEZ LUI POUR RECUPERER 8 Graine
LE FERMIER RENTRE CHEZ LUI POUR RECUPERER 2 Foin
-------ETAT ACTUEL DE LA FERME ET DE LA FORET-------
:--:--:--:--:--:--:--:--:--:--:
|He|He|He|He|He|He|  |He|He|He|
:--:--:--:--:--:--:--:--:--:--:
|He|He|He|  |He|He|He|He|He|He|
:--:--:--:--:--:--:--:--:--:--:
|He|He|He|  |  |  |He|He|He|  |
:--:--:--:--:--:--:--:--:--:--:
|He|He|He|He|He|He|He|He|He|He|
:--:--:--:--:--:--:--:--:--:--:
|He|He|  |He|He|He|  |He|  |He|
:--:--:--:--:--:--:--:--:--:--:
|He|  |He|He|He|He|He|He|He|  |
:--:--:--:--:--:--:--:--:--:--:
|He|  |He|He|He|He|Fo|He|He|He|
:--:--:--:--:--:--:--:--:--:--:
|He|He|He|He|Ea|  |He|He|He|He|
:--:--:--:--:--:--:--:--:--:--:
|He|He|He|He|He|  |He|He|He|He|
:--:--:--:--:--:--:--:--:--:--:
|He|He|He|He|  |He|He|He|He|He|
:--:--:--:--:--:--:--:--:--:--:

------------------------------------------
Simulation - JOURS 85 DE LA SAISON ete
------------------------------------------
------------------RESERVE-----------------
LA RESERVE CONTIENT :
Herbe[id:169 quantite: 609]  en position (0, 0)
Eau[id:170 quantite: 1]  en position (0, 0)
Graine[id:171 quantite: 425]  en position (0, 0)
Foin[id:172 quantite: 13]  en position (0, 0)
------------------------------------------
-------------------POCHE------------------
LA POCHE CONTIENT:
Herbe[id:165 quantite: 3]  en position (4, 6)
Foin[id:166 quantite: 236]  en position (4, 6)
Eau[id:167 quantite: 502]  en position (4, 6)
Graine[id:168 quantite: 707]  en position (4, 6)
------------------------------------------
------------RAPPORT JOURNALIER------------
LE FERMIER RAJOUTE Herbe x3 SUR SA CASE
L'animal Vache mange Herbe[id:1114 quantite: 0]  en position (2, 2)
Pas de bÚbÚ pour Animal de la ferme: Vache en position 2 2 vie restante: 100
L'animal prÚdateur mange Animal de la ferme: Vache en position 5 1 vie restante: 100
De l'herbe commence Ó s'agrandir en 0,1 !
De l'herbe commence Ó s'agrandir en 1,5 !
De l'herbe commence Ó s'agrandir en 3,7 !
De l'herbe commence Ó s'agrandir en 4,0 !
De l'herbe vient de pousser sur la case 4,6 !
De l'herbe commence Ó s'agrandir en 8,4 !
De l'herbe commence Ó s'agrandir en 9,2 !
De l'herbe vient de pousser sur la case 9,4 !
---------REAPPROVISIONNEMENT--------------
LE FERMIER RENTRE CHEZ LUI POUR RECUPERER 3 Herbe
LE FERMIER N'A PLUS DE Eau DANS SA RESERVE !
LE FERMIER RENTRE CHEZ LUI POUR RECUPERER 4 Graine
LE FERMIER RENTRE CHEZ LUI POUR RECUPERER 2 Foin
-------ETAT ACTUEL DE LA FERME ET DE LA FORET-------
:--:--:--:--:--:--:--:--:--:--:
|He|He|He|He|He|He|  |He|He|He|
:--:--:--:--:--:--:--:--:--:--:
|He|He|He|  |He|He|He|He|He|He|
:--:--:--:--:--:--:--:--:--:--:
|He|He|  |  |  |  |He|He|He|  |
:--:--:--:--:--:--:--:--:--:--:
|He|He|He|He|He|He|He|He|He|He|
:--:--:--:--:--:--:--:--:--:--:
|He|He|  |He|He|He|He|He|  |He|
:--:--:--:--:--:--:--:--:--:--:
|He|  |He|He|He|He|He|He|He|  |
:--:--:--:--:--:--:--:--:--:--:
|He|  |He|He|He|He|Fo|He|He|He|
:--:--:--:--:--:--:--:--:--:--:
|He|He|He|He|Ea|  |He|He|He|He|
:--:--:--:--:--:--:--:--:--:--:
|He|He|He|He|He|  |He|He|He|He|
:--:--:--:--:--:--:--:--:--:--:
|He|He|He|He|He|He|He|He|He|He|
:--:--:--:--:--:--:--:--:--:--:

------------------------------------------
Simulation - JOURS 86 DE LA SAISON ete
------------------------------------------
------------------RESERVE-----------------
LA RESERVE CONTIENT :
Herbe[id:169 quantite: 606]  en position (0, 0)
Eau[id:170 quantite: 1]  en position (0, 0)
Graine[id:171 quantite: 421]  en position (0, 0)
Foin[id:172 quantite: 11]  en position (0, 0)
------------------------------------------
-------------------POCHE------------------
LA POCHE CONTIENT:
Herbe[id:165 quantite: 3]  en position (4, 6)
Foin[id:166 quantite: 238]  en position (4, 6)
Eau[id:167 quantite: 502]  en position (4, 6)
Graine[id:168 quantite: 711]  en position (4, 6)
------------------------------------------
------------RAPPORT JOURNALIER------------
LE FERMIER RAJOUTE Herbe x3 SUR SA CASE
L'animal Vache mange Herbe[id:1540 quantite: 0]  en position (4, 5)
Pas de bÚbÚ pour Animal de la ferme: Vache en position 4 5 vie restante: 88
L'animal Poule n'a pas trouvÚ de nourriture...
Pas de bÚbÚ pour Animal de la ferme: Poule en position 1 7 vie restante: 3
L'animal Vache mange Herbe[id:1487 quantite: 0]  en position (9, 7)
Pas de bÚbÚ pour Animal de la ferme: Vache en position 9 7 vie restante: 100
L'animal Vache mange Herbe[id:1584 quantite: 0]  en position (7, 8)
Pas de bÚbÚ pour Animal de la ferme: Vache en position 7 8 vie restante: 100
De l'herbe commence Ó s'agrandir en 0,5 !
De l'herbe commence Ó s'agrandir en 1,8 !
De l'herbe commence Ó s'agrandir en 3,2 !
De l'herbe commence Ó s'agrandir en 4,9 !
De l'herbe vient de pousser sur la case 5,9 !
De l'herbe commence Ó s'agrandir en 9,5 !
---------REAPPROVISIONNEMENT--------------
LE FERMIER RENTRE CHEZ LUI POUR RECUPERER 10 Herbe
LE FERMIER N'A PLUS DE Eau DANS SA RESERVE !
LE FERMIER RENTRE CHEZ LUI POUR RECUPERER 6 Graine
LE FERMIER N'A PLUS DE Foin DANS SA RESERVE !
-------ETAT ACTUEL DE LA FERME ET DE LA FORET-------
:--:--:--:--:--:--:--:--:--:--:
|He|He|He|He|He|He|  |He|He|He|
:--:--:--:--:--:--:--:--:--:--:
|He|He|He|  |He|He|He|  |He|He|
:--:--:--:--:--:--:--:--:--:--:
|He|He|  |  |  |  |He|He|He|  |
:--:--:--:--:--:--:--:--:--:--:
|He|He|He|He|He|He|He|He|He|He|
:--:--:--:--:--:--:--:--:--:--:
|He|He|  |He|He|  |He|He|  |He|
:--:--:--:--:--:--:--:--:--:--:
|He|  |He|He|He|He|He|He|He|He|
:--:--:--:--:--:--:--:--:--:--:
|He|  |He|He|He|He|Fo|He|He|He|
:--:--:--:--:--:--:--:--:--:--:
|He|He|He|He|Ea|  |He|He|  |He|
:--:--:--:--:--:--:--:--:--:--:
|He|He|He|He|He|  |He|He|He|He|
:--:--:--:--:--:--:--:--:--:--:
|He|He|He|He|He|He|He|  |He|He|
:--:--:--:--:--:--:--:--:--:--:

------------------------------------------
Simulation - JOURS 87 DE LA SAISON ete
------------------------------------------
------------------RESERVE-----------------
LA RESERVE CONTIENT :
Herbe[id:169 quantite: 596]  en position (0, 0)
Eau[id:170 quantite: 1]  en position (0, 0)
Graine[id:171 quantite: 415]  en position (0, 0)
Foin[id:172 quantite: 11]  en position (0, 0)
------------------------------------------
-------------------POCHE------------------
LA POCHE CONTIENT:
Herbe[id:165 quantite: 10]  en position (4, 6)
Foin[id:166 quantite: 238]  en position (4, 6)
Eau[id:167 quantite: 502]  en position (4, 6)
Graine[id:168 quantite: 717]  en position (4, 6)
------------------------------------------
------------RAPPORT JOURNALIER------------
LE FERMIER RAJOUTE Herbe x10 SUR SA CASE
Le fermier trait la vache !
L'animal Vache mange Herbe[id:1477 quantite: 0]  en position (9, 1)
Pas de bÚbÚ pour Animal de la ferme: Vache en position 9 1 vie restante: 100
L'animal Vache mange Herbe[id:1604 quantite: 0]  en position (3, 5)
L'animal Animal de la ferme: Vache en position 3 5 vie restante: 24 se reproduit
L'animal prÚdateur mange Animal de la ferme: Vache en position 3 0 vie restante: 24
De l'herbe commence Ó s'agrandir en 0,3 !
De l'herbe commence Ó s'agrandir en 0,7 !
De l'herbe vient de pousser sur la case 1,3 !
De l'herbe commence Ó s'agrandir en 1,4 !
De l'herbe commence Ó s'agrandir en 1,8 !
De l'herbe commence Ó s'agrandir en 1,9 !
De l'herbe vient de pousser sur la case 2,3 !
De l'herbe commence Ó s'agrandir en 7,3 !
De l'herbe commence Ó s'agrandir en 7,6 !
---------REAPPROVISIONNEMENT--------------
LE FERMIER RENTRE CHEZ LUI POUR RECUPERER 4 Herbe
LE FERMIER N'A PLUS DE Eau DANS SA RESERVE !
LE FERMIER RENTRE CHEZ LUI POUR RECUPERER 8 Graine
LE FERMIER RENTRE CHEZ LUI POUR RECUPERER 2 Foin
-------ETAT ACTUEL DE LA FERME ET DE LA FORET-------
:--:--:--:--:--:--:--:--:--:--:
|He|He|He|He|He|He|  |He|He|He|
:--:--:--:--:--:--:--:--:--:--:
|He|He|He|He|He|He|He|  |He|He|
:--:--:--:--:--:--:--:--:--:--:
|He|He|  |He|  |  |He|He|He|  |
:--:--:--:--:--:--:--:--:--:--:
|He|He|He|He|He|  |He|He|He|He|
:--:--:--:--:--:--:--:--:--:--:
|He|He|  |He|He|  |He|He|  |He|
:--:--:--:--:--:--:--:--:--:--:
|He|  |He|He|He|He|He|He|He|He|
:--:--:--:--:--:--:--:--:--:--:
|He|  |He|He|He|He|Fo|He|He|He|
:--:--:--:--:--:--:--:--:--:--:
|He|He|He|He|Ea|  |He|He|  |He|
:--:--:--:--:--:--:--:--:--:--:
|He|He|He|He|He|  |He|He|He|He|
:--:--:--:--:--:--:--:--:--:--:
|He|  |He|He|He|He|He|  |He|He|
:--:--:--:--:--:--:--:--:--:--:

------------------------------------------
Simulation - JOURS 88 DE LA SAISON ete
------------------------------------------
------------------RESERVE-----------------
LA RESERVE CONTIENT :
Herbe[id:169 quantite: 592]  en position (0, 0)
Eau[id:170 quantite: 1]  en position (0, 0)
Graine[id:171 quantite: 407]  en position (0, 0)
Foin[id:172 quantite: 9]  en position (0, 0)
------------------------------------------
-------------------POCHE------------------
LA POCHE CONTIENT:
Herbe[id:165 quantite: 4]  en position (4, 6)
Foin[id:166 quantite: 240]  en position (4, 6)
Eau[id:167 quantite: 502]  en position (4, 6)
Graine[id:168 quantite: 725]  en position (4, 6)
------------------------------------------
------------RAPPORT JOURNALIER------------
LE FERMIER RAJOUTE Herbe x4 SUR SA CASE
Le fermier trait la vache !
De l'herbe commence Ó s'agrandir en 1,3 !
De l'herbe commence Ó s'agrandir en 1,8 !
De l'herbe commence Ó s'agrandir en 2,0 !
De l'herbe commence Ó s'agrandir en 3,0 !
De l'herbe commence Ó s'agrandir en 3,3 !
De l'herbe commence Ó s'agrandir en 3,9 !
De l'herbe commence Ó s'agrandir en 4,7 !
De l'herbe commence Ó s'agrandir en 5,2 !
De l'herbe commence Ó s'agrandir en 5,5 !
De l'herbe commence Ó s'agrandir en 7,0 !
De l'herbe commence Ó s'agrandir en 8,0 !
De l'herbe commence Ó s'agrandir en 8,6 !
De l'herbe vient de pousser sur la case 9,7 !
De l'herbe commence Ó s'agrandir en 9,8 !
---------REAPPROVISIONNEMENT--------------
LE FERMIER RENTRE CHEZ LUI POUR RECUPERER 8 Herbe
LE FERMIER N'A PLUS DE Eau DANS SA RESERVE !
LE FERMIER RENTRE CHEZ LUI POUR RECUPERER 4 Graine
LE FERMIER RENTRE CHEZ LUI POUR RECUPERER 2 Foin
-------ETAT ACTUEL DE LA FERME ET DE LA FORET-------
:--:--:--:--:--:--:--:--:--:--:
|He|He|He|He|He|He|  |He|He|He|
:--:--:--:--:--:--:--:--:--:--:
|He|He|He|He|He|He|He|  |He|He|
:--:--:--:--:--:--:--:--:--:--:
|He|He|  |He|  |  |He|He|He|  |
:--:--:--:--:--:--:--:--:--:--:
|He|He|He|He|He|  |He|He|He|He|
:--:--:--:--:--:--:--:--:--:--:
|He|He|  |He|He|  |He|He|  |He|
:--:--:--:--:--:--:--:--:--:--:
|He|  |He|He|He|He|He|He|He|He|
:--:--:--:--:--:--:--:--:--:--:
|He|  |He|He|He|He|Fo|He|He|He|
:--:--:--:--:--:--:--:--:--:--:
|He|He|He|He|Ea|  |He|He|  |He|
:--:--:--:--:--:--:--:--:--:--:
|He|He|He|He|He|  |He|He|He|He|
:--:--:--:--:--:--:--:--:--:--:
|He|  |He|He|He|He|He|He|He|He|
:--:--:--:--:--:--:--:--:--:--:

------------------------------------------
Simulation - JOURS 89 DE LA SAISON ete
------------------------------------------
------------------RESERVE-----------------
LA RESERVE CONTIENT :
Herbe[id:169 quantite: 584]  en position (0, 0)
Eau[id:170 quantite: 1]  en position (0, 0)
Graine[id:171 quantite: 403]  en position (0, 0)
Foin[id:172 quantite: 7]  en position (0, 0)
------------------------------------------
-------------------POCHE------------------
LA POCHE CONTIENT:
Herbe[id:165 quantite: 8]  en position (4, 6)
Foin[id:166 quantite: 242]  en position (4, 6)
Eau[id:167 quantite: 502]  en position (4, 6)
Graine[id:168 quantite: 729]  en position (4, 6)
------------------------------------------
------------RAPPORT JOURNALIER------------
LE FERMIER RAJOUTE Herbe x8 SUR SA CASE
Le fermier trait la vache !
De l'herbe commence Ó s'agrandir en 2,3 !
De l'herbe vient de pousser sur la case 2,5 !
De l'herbe commence Ó s'agrandir en 3,2 !
De l'herbe commence Ó s'agrandir en 3,4 !
De l'herbe vient de pousser sur la case 6,1 !
De l'herbe commence Ó s'agrandir en 6,8 !
De l'herbe vient de pousser sur la case 7,8 !
De l'herbe vient de pousser sur la case 9,1 !
---------REAPPROVISIONNEMENT--------------
LE FERMIER RENTRE CHEZ LUI POUR RECUPERER 8 Herbe
LE FERMIER N'A PLUS DE Eau DANS SA RESERVE !
LE FERMIER RENTRE CHEZ LUI POUR RECUPERER 9 Graine
LE FERMIER N'A PLUS DE Foin DANS SA RESERVE !
-------ETAT ACTUEL DE LA FERME ET DE LA FORET-------
:--:--:--:--:--:--:--:--:--:--:
|He|He|He|He|He|He|  |He|He|He|
:--:--:--:--:--:--:--:--:--:--:
|He|He|He|He|He|He|He|  |He|He|
:--:--:--:--:--:--:--:--:--:--:
|He|He|  |He|  |He|He|He|He|  |
:--:--:--:--:--:--:--:--:--:--:
|He|He|He|He|He|  |He|He|He|He|
:--:--:--:--:--:--:--:--:--:--:
|He|He|  |He|He|  |He|He|  |He|
:--:--:--:--:--:--:--:--:--:--:
|He|  |He|He|He|He|He|He|He|He|
:--:--:--:--:--:--:--:--:--:--:
|He|He|He|He|He|He|Fo|He|He|He|
:--:--:--:--:--:--:--:--:--:--:
|He|He|He|He|Ea|  |He|He|He|He|
:--:--:--:--:--:--:--:--:--:--:
|He|He|He|He|He|  |He|He|He|He|
:--:--:--:--:--:--:--:--:--:--:
|He|He|He|He|He|He|He|He|He|He|
:--:--:--:--:--:--:--:--:--:--:

UPDATE DE LA RESERVE
------------------------------------------
Simulation - JOURS 0 DE LA SAISON automne
------------------------------------------
------------------RESERVE-----------------
LA RESERVE CONTIENT :
Herbe[id:169 quantite: 653]  en position (0, 0)
Eau[id:170 quantite: 24]  en position (0, 0)
Graine[id:171 quantite: 445]  en position (0, 0)
Foin[id:172 quantite: 99]  en position (0, 0)
------------------------------------------
-------------------POCHE------------------
LA POCHE CONTIENT:
Herbe[id:165 quantite: 8]  en position (4, 6)
Foin[id:166 quantite: 242]  en position (4, 6)
Eau[id:167 quantite: 502]  en position (4, 6)
Graine[id:168 quantite: 738]  en position (4, 6)
------------------------------------------
------------RAPPORT JOURNALIER------------
LE FERMIER RAJOUTE Herbe x8 SUR SA CASE
Le fermier trait la vache !
L'animal Vache mange Herbe[id:1627 quantite: 0]  en position (9, 1)
Pas de bÚbÚ pour Animal de la ferme: Vache en position 9 1 vie restante: 89
L'animal Vache mange Herbe[id:1179 quantite: 0]  en position (6, 3)
Pas de bÚbÚ pour Animal de la ferme: Vache en position 6 3 vie restante: 100
L'animal Vache mange Herbe[id:1626 quantite: 0]  en position (7, 8)
Pas de bÚbÚ pour Animal de la ferme: Vache en position 2 3 vie restante: 84
De l'herbe commence Ó s'agrandir en 0,0 !
De l'herbe commence Ó s'agrandir en 1,3 !
De l'herbe vient de pousser sur la case 2,4 !
De l'herbe commence Ó s'agrandir en 3,2 !
De l'herbe commence Ó s'agrandir en 3,4 !
De l'herbe vient de pousser sur la case 4,2 !
De l'herbe commence Ó s'agrandir en 4,7 !
De l'herbe commence Ó s'agrandir en 5,7 !
De l'herbe commence Ó s'agrandir en 6,0 !
De l'herbe commence Ó s'agrandir en 6,4 !
De l'herbe commence Ó s'agrandir en 6,9 !
De l'herbe commence Ó s'agrandir en 7,1 !
De l'herbe commence Ó s'agrandir en 8,1 !
De l'herbe commence Ó s'agrandir en 9,5 !
---------REAPPROVISIONNEMENT--------------
LE FERMIER RENTRE CHEZ LUI POUR RECUPERER 3 Herbe
LE FERMIER RENTRE CHEZ LUI POUR RECUPERER 9 Eau
LE FERMIER RENTRE CHEZ LUI POUR RECUPERER 8 Graine
LE FERMIER RENTRE CHEZ LUI POUR RECUPERER 3 Foin
-------ETAT ACTUEL DE LA FERME ET DE LA FORET-------
:--:--:--:--:--:--:--:--:--:--:
|He|He|He|He|He|He|  |He|He|He|
:--:--:--:--:--:--:--:--:--:--:
|He|He|He|He|He|He|He|  |He|He|
:--:--:--:--:--:--:--:--:--:--:
|He|He|  |He|He|He|He|He|He|  |
:--:--:--:--:--:--:--:--:--:--:
|He|He|He|He|He|  |He|He|He|He|
:--:--:--:--:--:--:--:--:--:--:
|He|He|He|He|He|  |He|He|  |He|
:--:--:--:--:--:--:--:--:--:--:
|He|  |He|He|He|He|He|He|He|He|
:--:--:--:--:--:--:--:--:--:--:
|He|He|He|  |He|He|Fo|He|He|He|
:--:--:--:--:--:--:--:--:--:--:
|He|He|He|He|Ea|  |He|He|  |He|
:--:--:--:--:--:--:--:--:--:--:
|He|He|He|He|He|  |He|He|He|He|
:--:--:--:--:--:--:--:--:--:--:
|He|  |He|He|He|He|He|He|He|He|
:--:--:--:--:--:--:--:--:--:--:

------------------------------------------
Simulation - JOURS 1 DE LA SAISON automne
------------------------------------------
------------------RESERVE-----------------
LA RESERVE CONTIENT :
Herbe[id:169 quantite: 650]  en position (0, 0)
Eau[id:170 quantite: 15]  en position (0, 0)
Graine[id:171 quantite: 437]  en position (0, 0)
Foin[id:172 quantite: 96]  en position (0, 0)
------------------------------------------
-------------------POCHE------------------
LA POCHE CONTIENT:
Herbe[id:165 quantite: 3]  en position (4, 6)
Foin[id:166 quantite: 245]  en position (4, 6)
Eau[id:167 quantite: 511]  en position (4, 6)
Graine[id:168 quantite: 746]  en position (4, 6)
------------------------------------------
------------RAPPORT JOURNALIER------------
Le fermier dÚpose 511 Eau par terre
Le fermier trait la vache !
Le fermier trait la vache !
L'animal Poule n'a pas trouvÚ de nourriture...
Pas de bÚbÚ pour Animal de la ferme: Poule en position 5 9 vie restante: 3
L'animal Vache mange Herbe[id:1622 quantite: 0]  en position (2, 3)
Pas de bÚbÚ pour Animal de la ferme: Vache en position 2 3 vie restante: 79
De l'herbe commence Ó s'agrandir en 0,1 !
De l'herbe commence Ó s'agrandir en 0,2 !
De l'herbe commence Ó s'agrandir en 1,2 !
De l'herbe commence Ó s'agrandir en 1,4 !
De l'herbe commence Ó s'agrandir en 1,5 !
De l'herbe commence Ó s'agrandir en 2,0 !
De l'herbe commence Ó s'agrandir en 4,2 !
De l'herbe vient de pousser sur la case 4,5 !
De l'herbe commence Ó s'agrandir en 5,8 !
De l'herbe commence Ó s'agrandir en 7,9 !
De l'herbe commence Ó s'agrandir en 9,0 !
---------REAPPROVISIONNEMENT--------------
LE FERMIER RENTRE CHEZ LUI POUR RECUPERER 3 Herbe
LE FERMIER RENTRE CHEZ LUI POUR RECUPERER 8 Eau
LE FERMIER RENTRE CHEZ LUI POUR RECUPERER 3 Graine
LE FERMIER RENTRE CHEZ LUI POUR RECUPERER 3 Foin
-------ETAT ACTUEL DE LA FERME ET DE LA FORET-------
:--:--:--:--:--:--:--:--:--:--:
|He|He|He|He|He|He|  |He|He|He|
:--:--:--:--:--:--:--:--:--:--:
|He|He|He|  |He|He|He|  |He|He|
:--:--:--:--:--:--:--:--:--:--:
|He|He|Ea|  |He|He|He|He|He|  |
:--:--:--:--:--:--:--:--:--:--:
|He|He|He|He|He|  |He|He|He|He|
:--:--:--:--:--:--:--:--:--:--:
|He|He|He|He|He|He|He|He|  |He|
:--:--:--:--:--:--:--:--:--:--:
|He|  |He|He|He|He|He|He|He|He|
:--:--:--:--:--:--:--:--:--:--:
|He|He|He|  |He|He|Fo|He|He|He|
:--:--:--:--:--:--:--:--:--:--:
|He|He|He|He|Ea|  |He|He|  |He|
:--:--:--:--:--:--:--:--:--:--:
|He|He|He|He|He|  |He|He|He|He|
:--:--:--:--:--:--:--:--:--:--:
|He|  |He|He|He|He|He|He|He|He|
:--:--:--:--:--:--:--:--:--:--:

------------------------------------------
Simulation - JOURS 2 DE LA SAISON automne
------------------------------------------
------------------RESERVE-----------------
LA RESERVE CONTIENT :
Herbe[id:169 quantite: 647]  en position (0, 0)
Eau[id:170 quantite: 7]  en position (0, 0)
Graine[id:171 quantite: 434]  en position (0, 0)
Foin[id:172 quantite: 93]  en position (0, 0)
------------------------------------------
-------------------POCHE------------------
LA POCHE CONTIENT:
Herbe[id:165 quantite: 6]  en position (2, 2)
Foin[id:166 quantite: 248]  en position (2, 2)
Eau[id:167 quantite: 8]  en position (2, 2)
Graine[id:168 quantite: 749]  en position (2, 2)
------------------------------------------
------------RAPPORT JOURNALIER------------
LE FERMIER RAJOUTE Eau x8 SUR SA CASE
Le fermier trait la vache !
Le fermier trait la vache !
L'animal Poule n'a pas trouvÚ de nourriture...
Pas de bÚbÚ pour Animal de la ferme: Poule en position 0 6 vie restante: 3
De l'herbe vient de pousser sur la case 1,7 !
De l'herbe vient de pousser sur la case 3,5 !
De l'herbe commence Ó s'agrandir en 5,8 !
De l'herbe commence Ó s'agrandir en 8,9 !
De l'herbe commence Ó s'agrandir en 9,7 !
---------REAPPROVISIONNEMENT--------------
LE FERMIER RENTRE CHEZ LUI POUR RECUPERER 4 Herbe
LE FERMIER RENTRE CHEZ LUI POUR RECUPERER 6 Eau
LE FERMIER RENTRE CHEZ LUI POUR RECUPERER 8 Graine
LE FERMIER RENTRE CHEZ LUI POUR RECUPERER 6 Foin
-------ETAT ACTUEL DE LA FERME ET DE LA FORET-------
:--:--:--:--:--:--:--:--:--:--:
|He|He|He|He|He|He|  |He|He|He|
:--:--:--:--:--:--:--:--:--:--:
|He|He|He|  |He|He|He|He|He|He|
:--:--:--:--:--:--:--:--:--:--:
|He|He|Ea|  |He|He|He|He|He|  |
:--:--:--:--:--:--:--:--:--:--:
|He|He|He|He|He|He|He|He|He|He|
:--:--:--:--:--:--:--:--:--:--:
|He|He|He|He|He|He|He|He|  |He|
:--:--:--:--:--:--:--:--:--:--:
|He|  |He|He|He|He|He|He|He|  |
:--:--:--:--:--:--:--:--:--:--:
|He|He|He|  |He|He|Fo|He|He|He|
:--:--:--:--:--:--:--:--:--:--:
|He|He|He|He|Ea|  |He|He|  |He|
:--:--:--:--:--:--:--:--:--:--:
|He|He|He|He|He|  |He|He|He|He|
:--:--:--:--:--:--:--:--:--:--:
|He|  |He|He|He|He|He|He|He|He|
:--:--:--:--:--:--:--:--:--:--:

------------------------------------------
Simulation - JOURS 3 DE LA SAISON automne
------------------------------------------
------------------RESERVE-----------------
LA RESERVE CONTIENT :
Herbe[id:169 quantite: 643]  en position (0, 0)
Eau[id:170 quantite: 1]  en position (0, 0)
Graine[id:171 quantite: 426]  en position (0, 0)
Foin[id:172 quantite: 87]  en position (0, 0)
------------------------------------------
-------------------POCHE------------------
LA POCHE CONTIENT:
Herbe[id:165 quantite: 10]  en position (2, 2)
Foin[id:166 quantite: 254]  en position (2, 2)
Eau[id:167 quantite: 6]  en position (2, 2)
Graine[id:168 quantite: 757]  en position (2, 2)
------------------------------------------
------------RAPPORT JOURNALIER------------
LE FERMIER RAJOUTE Eau x6 SUR SA CASE
Le fermier trait la vache !
Le fermier trait la vache !
L'animal Vache mange Herbe[id:1572 quantite: 0]  en position (7, 1)
Pas de bÚbÚ pour Animal de la ferme: Vache en position 7 1 vie restante: 100
L'animal Vache mange Herbe[id:1639 quantite: 0]  en position (3, 5)
L'animal Animal de la ferme: Vache en position 3 5 vie restante: 15 se reproduit
L'animal Vache mange Herbe[id:987 quantite: 0]  en position (5, 0)
Pas de bÚbÚ pour Animal de la ferme: Vache en position 5 0 vie restante: 70
De l'herbe commence Ó s'agrandir en 1,0 !
De l'herbe commence Ó s'agrandir en 1,7 !
De l'herbe commence Ó s'agrandir en 1,8 !
De l'herbe commence Ó s'agrandir en 2,1 !
De l'herbe commence Ó s'agrandir en 3,4 !
De l'herbe commence Ó s'agrandir en 5,6 !
De l'herbe commence Ó s'agrandir en 7,9 !
De l'herbe commence Ó s'agrandir en 9,7 !
---------REAPPROVISIONNEMENT--------------
LE FERMIER RENTRE CHEZ LUI POUR RECUPERER 8 Herbe
LE FERMIER N'A PLUS DE Eau DANS SA RESERVE !
LE FERMIER RENTRE CHEZ LUI POUR RECUPERER 8 Graine
LE FERMIER RENTRE CHEZ LUI POUR RECUPERER 7 Foin
-------ETAT ACTUEL DE LA FERME ET DE LA FORET-------
:--:--:--:--:--:--:--:--:--:--:
|He|He|He|He|He|He|  |He|He|He|
:--:--:--:--:--:--:--:--:--:--:
|He|He|He|  |He|He|He|He|He|He|
:--:--:--:--:--:--:--:--:--:--:
|He|He|Ea|  |He|He|He|He|He|  |
:--:--:--:--:--:--:--:--:--:--:
|He|He|He|He|He|  |He|He|He|He|
:--:--:--:--:--:--:--:--:--:--:
|He|He|He|He|He|He|He|He|  |He|
:--:--:--:--:--:--:--:--:--:--:
|  |  |He|He|He|He|He|He|He|  |
:--:--:--:--:--:--:--:--:--:--:
|He|He|He|  |He|He|Fo|He|He|He|
:--:--:--:--:--:--:--:--:--:--:
|He|  |He|He|Ea|  |He|He|  |He|
:--:--:--:--:--:--:--:--:--:--:
|He|He|He|He|He|  |He|He|He|He|
:--:--:--:--:--:--:--:--:--:--:
|He|  |He|He|He|He|He|He|He|He|
:--:--:--:--:--:--:--:--:--:--:

------------------------------------------
Simulation - JOURS 4 DE LA SAISON automne
------------------------------------------
------------------RESERVE-----------------
LA RESERVE CONTIENT :
Herbe[id:169 quantite: 635]  en position (0, 0)
Eau[id:170 quantite: 1]  en position (0, 0)
Graine[id:171 quantite: 418]  en position (0, 0)
Foin[id:172 quantite: 80]  en position (0, 0)
------------------------------------------
-------------------POCHE------------------
LA POCHE CONTIENT:
Herbe[id:165 quantite: 18]  en position (2, 2)
Foin[id:166 quantite: 261]  en position (2, 2)
Eau[id:167 quantite: 0]  en position (2, 2)
Graine[id:168 quantite: 765]  en position (2, 2)
------------------------------------------
------------RAPPORT JOURNALIER------------
LE FERMIER RAJOUTE Eau x0 SUR SA CASE
Le fermier trait la vache !
Le fermier trait la vache !
De l'herbe commence Ó s'agrandir en 1,5 !
De l'herbe commence Ó s'agrandir en 2,0 !
De l'herbe commence Ó s'agrandir en 4,3 !
De l'herbe commence Ó s'agrandir en 4,6 !
De l'herbe commence Ó s'agrandir en 6,2 !
De l'herbe vient de pousser sur la case 7,1 !
De l'herbe vient de pousser sur la case 7,5 !
De l'herbe commence Ó s'agrandir en 7,6 !
De l'herbe commence Ó s'agrandir en 8,1 !
---------REAPPROVISIONNEMENT--------------
LE FERMIER RENTRE CHEZ LUI POUR RECUPERER 3 Herbe
LE FERMIER N'A PLUS DE Eau DANS SA RESERVE !
LE FERMIER RENTRE CHEZ LUI POUR RECUPERER 7 Graine
LE FERMIER RENTRE CHEZ LUI POUR RECUPERER 8 Foin
-------ETAT ACTUEL DE LA FERME ET DE LA FORET-------
:--:--:--:--:--:--:--:--:--:--:
|He|He|He|He|He|He|  |He|He|He|
:--:--:--:--:--:--:--:--:--:--:
|He|He|He|  |He|He|He|He|He|He|
:--:--:--:--:--:--:--:--:--:--:
|He|He|Ea|  |He|He|He|He|He|  |
:--:--:--:--:--:--:--:--:--:--:
|He|He|He|He|He|  |He|He|He|He|
:--:--:--:--:--:--:--:--:--:--:
|He|He|He|He|He|He|He|He|  |He|
:--:--:--:--:--:--:--:--:--:--:
|  |  |He|He|He|He|He|He|He|  |
:--:--:--:--:--:--:--:--:--:--:
|He|He|He|  |He|He|Fo|He|He|He|
:--:--:--:--:--:--:--:--:--:--:
|He|He|He|He|Ea|He|He|He|  |He|
:--:--:--:--:--:--:--:--:--:--:
|He|He|He|He|He|  |He|He|He|He|
:--:--:--:--:--:--:--:--:--:--:
|He|  |He|He|He|He|He|He|He|He|
:--:--:--:--:--:--:--:--:--:--:

------------------------------------------
Simulation - JOURS 5 DE LA SAISON automne
------------------------------------------
------------------RESERVE-----------------
LA RESERVE CONTIENT :
Herbe[id:169 quantite: 632]  en position (0, 0)
Eau[id:170 quantite: 1]  en position (0, 0)
Graine[id:171 quantite: 411]  en position (0, 0)
Foin[id:172 quantite: 72]  en position (0, 0)
------------------------------------------
-------------------POCHE------------------
LA POCHE CONTIENT:
Herbe[id:165 quantite: 21]  en position (2, 2)
Foin[id:166 quantite: 269]  en position (2, 2)
Eau[id:167 quantite: 0]  en position (2, 2)
Graine[id:168 quantite: 772]  en position (2, 2)
------------------------------------------
------------RAPPORT JOURNALIER------------
LE FERMIER RAJOUTE Eau x0 SUR SA CASE
Le fermier trait la vache !
Le fermier trait la vache !
L'animal Poule n'a pas trouvÚ de nourriture...
L'animal Animal de la ferme: Poule en position 6 1 vie restante: 1 se reproduit
L'animal Vache mange Herbe[id:1643 quantite: 0]  en position (7, 1)
Pas de bÚbÚ pour Animal de la ferme: Vache en position 9 4 vie restante: 100
L'animal prÚdateur mange Animal de la ferme: Vache en position 5 0 vie restante: 70
L'animal Poule n'a pas trouvÚ de nourriture...
L'animal Animal de la ferme: Poule en position 2 0 vie restante: 0 se reproduit
L'animal Poule n'a pas trouvÚ de nourriture...
Pas de bÚbÚ pour Animal de la ferme: Poule en position 0 0 vie restante: 0
De l'herbe vient de pousser sur la case 2,9 !
De l'herbe commence Ó s'agrandir en 3,2 !
De l'herbe commence Ó s'agrandir en 4,4 !
De l'herbe commence Ó s'agrandir en 5,3 !
De l'herbe commence Ó s'agrandir en 6,2 !
De l'herbe commence Ó s'agrandir en 6,8 !
De l'herbe commence Ó s'agrandir en 7,5 !
De l'herbe commence Ó s'agrandir en 7,6 !
De l'herbe commence Ó s'agrandir en 9,0 !
De l'herbe commence Ó s'agrandir en 9,5 !
De l'herbe commence Ó s'agrandir en 9,7 !
---------REAPPROVISIONNEMENT--------------
LE FERMIER RENTRE CHEZ LUI POUR RECUPERER 2 Herbe
LE FERMIER N'A PLUS DE Eau DANS SA RESERVE !
LE FERMIER RENTRE CHEZ LUI POUR RECUPERER 5 Graine
LE FERMIER RENTRE CHEZ LUI POUR RECUPERER 7 Foin
-------ETAT ACTUEL DE LA FERME ET DE LA FORET-------
:--:--:--:--:--:--:--:--:--:--:
|  |He|He|He|He|He|  |He|He|He|
:--:--:--:--:--:--:--:--:--:--:
|He|He|He|  |He|He|He|He|He|He|
:--:--:--:--:--:--:--:--:--:--:
|  |He|Ea|  |He|He|He|He|He|He|
:--:--:--:--:--:--:--:--:--:--:
|He|He|He|He|He|  |He|He|He|He|
:--:--:--:--:--:--:--:--:--:--:
|He|He|He|He|He|He|He|He|  |He|
:--:--:--:--:--:--:--:--:--:--:
|  |  |He|He|He|He|He|He|He|  |
:--:--:--:--:--:--:--:--:--:--:
|He|  |He|  |He|He|Fo|He|He|He|
:--:--:--:--:--:--:--:--:--:--:
|He|  |He|He|Ea|He|He|He|  |He|
:--:--:--:--:--:--:--:--:--:--:
|He|He|He|He|He|  |He|He|He|He|
:--:--:--:--:--:--:--:--:--:--:
|He|  |He|He|He|He|He|He|He|He|
:--:--:--:--:--:--:--:--:--:--:

------------------------------------------
Simulation - JOURS 6 DE LA SAISON automne
------------------------------------------
------------------RESERVE-----------------
LA RESERVE CONTIENT :
Herbe[id:169 quantite: 630]  en position (0, 0)
Eau[id:170 quantite: 1]  en position (0, 0)
Graine[id:171 quantite: 406]  en position (0, 0)
Foin[id:172 quantite: 65]  en position (0, 0)
------------------------------------------
-------------------POCHE------------------
LA POCHE CONTIENT:
Herbe[id:165 quantite: 23]  en position (2, 2)
Foin[id:166 quantite: 276]  en position (2, 2)
Eau[id:167 quantite: 0]  en position (2, 2)
Graine[id:168 quantite: 777]  en position (2, 2)
------------------------------------------
------------RAPPORT JOURNALIER------------
LE FERMIER RAJOUTE Eau x0 SUR SA CASE
Le fermier trait la vache !
Le fermier trait la vache !
L'animal Poule n'a pas trouvÚ de nourriture...
Pas de bÚbÚ pour Animal de la ferme: Poule en position 9 7 vie restante: 1
L'animal Vache mange Herbe[id:1613 quantite: 0]  en position (9, 4)
Pas de bÚbÚ pour Animal de la ferme: Vache en position 9 4 vie restante: 100
De l'herbe commence Ó s'agrandir en 1,1 !
De l'herbe commence Ó s'agrandir en 1,7 !
De l'herbe commence Ó s'agrandir en 2,1 !
De l'herbe commence Ó s'agrandir en 2,5 !
De l'herbe commence Ó s'agrandir en 3,3 !
De l'herbe vient de pousser sur la case 3,5 !
De l'herbe vient de pousser sur la case 4,8 !
De l'herbe commence Ó s'agrandir en 4,9 !
De l'herbe commence Ó s'agrandir en 5,3 !
De l'herbe commence Ó s'agrandir en 5,8 !
De l'herbe commence Ó s'agrandir en 6,5 !
De l'herbe commence Ó s'agrandir en 7,9 !
De l'herbe commence Ó s'agrandir en 8,8 !
---------REAPPROVISIONNEMENT--------------
LE FERMIER RENTRE CHEZ LUI POUR RECUPERER 7 Herbe
LE FERMIER N'A PLUS DE Eau DANS SA RESERVE !
LE FERMIER RENTRE CHEZ LUI POUR RECUPERER 6 Graine
LE FERMIER RENTRE CHEZ LUI POUR RECUPERER 4 Foin
-------ETAT ACTUEL DE LA FERME ET DE LA FORET-------
:--:--:--:--:--:--:--:--:--:--:
|  |He|He|He|He|He|  |He|He|He|
:--:--:--:--:--:--:--:--:--:--:
|He|He|He|  |He|He|He|He|He|He|
:--:--:--:--:--:--:--:--:--:--:
|  |He|Ea|  |He|He|He|He|He|He|
:--:--:--:--:--:--:--:--:--:--:
|He|He|He|He|He|He|He|He|He|He|
:--:--:--:--:--:--:--:--:--:--:
|He|He|He|He|He|He|He|He|He|He|
:--:--:--:--:--:--:--:--:--:--:
|  |  |He|He|He|He|He|He|He|  |
:--:--:--:--:--:--:--:--:--:--:
|He|  |He|  |He|He|Fo|He|He|He|
:--:--:--:--:--:--:--:--:--:--:
|He|  |He|He|Ea|He|He|He|  |He|
:--:--:--:--:--:--:--:--:--:--:
|He|He|He|He|He|  |He|He|He|He|
:--:--:--:--:--:--:--:--:--:--:
|He|  |He|He|  |He|He|  |He|He|
:--:--:--:--:--:--:--:--:--:--:

------------------------------------------
Simulation - JOURS 7 DE LA SAISON automne
------------------------------------------
------------------RESERVE-----------------
LA RESERVE CONTIENT :
Herbe[id:169 quantite: 623]  en position (0, 0)
Eau[id:170 quantite: 1]  en position (0, 0)
Graine[id:171 quantite: 400]  en position (0, 0)
Foin[id:172 quantite: 61]  en position (0, 0)
------------------------------------------
-------------------POCHE------------------
LA POCHE CONTIENT:
Herbe[id:165 quantite: 30]  en position (2, 2)
Foin[id:166 quantite: 280]  en position (2, 2)
Eau[id:167 quantite: 0]  en position (2, 2)
Graine[id:168 quantite: 783]  en position (2, 2)
------------------------------------------
------------RAPPORT JOURNALIER------------
LE FERMIER RAJOUTE Eau x0 SUR SA CASE
Le fermier trait la vache !
Le fermier trait la vache !
L'animal Vache mange Herbe[id:1596 quantite: 0]  en position (9, 5)
Pas de bÚbÚ pour Animal de la ferme: Vache en position 9 5 vie restante: 100
De l'herbe vient de pousser sur la case 0,0 !
De l'herbe commence Ó s'agrandir en 2,6 !
De l'herbe commence Ó s'agrandir en 3,2 !
De l'herbe commence Ó s'agrandir en 5,4 !
De l'herbe commence Ó s'agrandir en 6,7 !
De l'herbe commence Ó s'agrandir en 6,8 !
De l'herbe vient de pousser sur la case 7,8 !
De l'herbe commence Ó s'agrandir en 8,4 !
De l'herbe vient de pousser sur la case 8,5 !
De l'herbe commence Ó s'agrandir en 9,3 !
De l'herbe commence Ó s'agrandir en 9,9 !
---------REAPPROVISIONNEMENT--------------
LE FERMIER RENTRE CHEZ LUI POUR RECUPERER 6 Herbe
LE FERMIER N'A PLUS DE Eau DANS SA RESERVE !
LE FERMIER RENTRE CHEZ LUI POUR RECUPERER 4 Graine
LE FERMIER RENTRE CHEZ LUI POUR RECUPERER 6 Foin
-------ETAT ACTUEL DE LA FERME ET DE LA FORET-------
:--:--:--:--:--:--:--:--:--:--:
|He|He|He|He|He|He|  |He|He|He|
:--:--:--:--:--:--:--:--:--:--:
|He|He|He|  |He|He|He|He|He|He|
:--:--:--:--:--:--:--:--:--:--:
|  |He|Ea|  |He|He|He|He|He|He|
:--:--:--:--:--:--:--:--:--:--:
|He|He|He|He|He|He|He|He|He|He|
:--:--:--:--:--:--:--:--:--:--:
|He|He|He|He|He|He|He|He|He|He|
:--:--:--:--:--:--:--:--:--:--:
|  |  |He|He|He|He|He|He|He|  |
:--:--:--:--:--:--:--:--:--:--:
|He|  |He|  |He|He|Fo|He|He|He|
:--:--:--:--:--:--:--:--:--:--:
|He|  |He|He|Ea|He|He|He|He|He|
:--:--:--:--:--:--:--:--:--:--:
|He|He|He|He|He|He|He|He|He|He|
:--:--:--:--:--:--:--:--:--:--:
|He|  |He|He|  |  |He|  |He|He|
:--:--:--:--:--:--:--:--:--:--:

------------------------------------------
Simulation - JOURS 8 DE LA SAISON automne
------------------------------------------
------------------RESERVE-----------------
LA RESERVE CONTIENT :
Herbe[id:169 quantite: 617]  en position (0, 0)
Eau[id:170 quantite: 1]  en position (0, 0)
Graine[id:171 quantite: 396]  en position (0, 0)
Foin[id:172 quantite: 55]  en position (0, 0)
------------------------------------------
-------------------POCHE------------------
LA POCHE CONTIENT:
Herbe[id:165 quantite: 36]  en position (2, 2)
Foin[id:166 quantite: 286]  en position (2, 2)
Eau[id:167 quantite: 0]  en position (2, 2)
Graine[id:168 quantite: 787]  en position (2, 2)
------------------------------------------
------------RAPPORT JOURNALIER------------
LE FERMIER RAJOUTE Eau x0 SUR SA CASE
Le fermier trait la vache !
Le fermier trait la vache !
De l'herbe commence Ó s'agrandir en 1,7 !
De l'herbe commence Ó s'agrandir en 2,6 !
De l'herbe commence Ó s'agrandir en 3,1 !
De l'herbe vient de pousser sur la case 6,1 !
De l'herbe commence Ó s'agrandir en 7,3 !
De l'herbe commence Ó s'agrandir en 9,2 !
De l'herbe vient de pousser sur la case 9,4 !
De l'herbe commence Ó s'agrandir en 9,6 !
---------REAPPROVISIONNEMENT--------------
LE FERMIER RENTRE CHEZ LUI POUR RECUPERER 5 Herbe
LE FERMIER N'A PLUS DE Eau DANS SA RESERVE !
LE FERMIER RENTRE CHEZ LUI POUR RECUPERER 3 Graine
LE FERMIER RENTRE CHEZ LUI POUR RECUPERER 3 Foin
-------ETAT ACTUEL DE LA FERME ET DE LA FORET-------
:--:--:--:--:--:--:--:--:--:--:
|He|He|He|He|He|He|  |He|He|He|
:--:--:--:--:--:--:--:--:--:--:
|He|He|He|  |He|He|He|He|He|He|
:--:--:--:--:--:--:--:--:--:--:
|  |He|Ea|  |He|He|He|He|He|He|
:--:--:--:--:--:--:--:--:--:--:
|He|He|He|He|He|He|He|He|He|He|
:--:--:--:--:--:--:--:--:--:--:
|He|He|He|He|He|He|He|He|He|He|
:--:--:--:--:--:--:--:--:--:--:
|  |  |He|He|He|He|He|He|He|  |
:--:--:--:--:--:--:--:--:--:--:
|He|He|He|  |He|He|Fo|He|He|He|
:--:--:--:--:--:--:--:--:--:--:
|He|  |He|He|Ea|He|He|He|He|He|
:--:--:--:--:--:--:--:--:--:--:
|He|He|He|He|He|He|He|He|He|He|
:--:--:--:--:--:--:--:--:--:--:
|He|  |He|He|He|  |He|  |He|He|
:--:--:--:--:--:--:--:--:--:--:

------------------------------------------
Simulation - JOURS 9 DE LA SAISON automne
------------------------------------------
------------------RESERVE-----------------
LA RESERVE CONTIENT :
Herbe[id:169 quantite: 612]  en position (0, 0)
Eau[id:170 quantite: 1]  en position (0, 0)
Graine[id:171 quantite: 393]  en position (0, 0)
Foin[id:172 quantite: 52]  en position (0, 0)
------------------------------------------
-------------------POCHE------------------
LA POCHE CONTIENT:
Herbe[id:165 quantite: 41]  en position (2, 2)
Foin[id:166 quantite: 289]  en position (2, 2)
Eau[id:167 quantite: 0]  en position (2, 2)
Graine[id:168 quantite: 790]  en position (2, 2)
------------------------------------------
------------RAPPORT JOURNALIER------------
LE FERMIER RAJOUTE Eau x0 SUR SA CASE
Le fermier trait la vache !
L'animal Poule n'a pas trouvÚ de nourriture...
Pas de bÚbÚ pour Animal de la ferme: Poule en position 1 7 vie restante: 1
L'animal Vache mange Herbe[id:1583 quantite: 0]  en position (6, 9)
Pas de bÚbÚ pour Animal de la ferme: Vache en position 6 9 vie restante: 51
L'animal Vache mange Herbe[id:1588 quantite: 0]  en position (0, 2)
Pas de bÚbÚ pour Animal de la ferme: Vache en position 0 2 vie restante: 25
De l'herbe commence Ó s'agrandir en 0,9 !
De l'herbe commence Ó s'agrandir en 2,1 !
De l'herbe commence Ó s'agrandir en 2,6 !
De l'herbe commence Ó s'agrandir en 2,9 !
De l'herbe commence Ó s'agrandir en 3,9 !
De l'herbe commence Ó s'agrandir en 5,2 !
De l'herbe vient de pousser sur la case 6,3 !
De l'herbe vient de pousser sur la case 7,1 !
De l'herbe commence Ó s'agrandir en 8,1 !
De l'herbe commence Ó s'agrandir en 8,7 !
---------REAPPROVISIONNEMENT--------------
LE FERMIER RENTRE CHEZ LUI POUR RECUPERER 5 Herbe
LE FERMIER N'A PLUS DE Eau DANS SA RESERVE !
LE FERMIER RENTRE CHEZ LUI POUR RECUPERER 6 Graine
LE FERMIER RENTRE CHEZ LUI POUR RECUPERER 9 Foin
-------ETAT ACTUEL DE LA FERME ET DE LA FORET-------
:--:--:--:--:--:--:--:--:--:--:
|He|He|  |He|He|He|  |He|He|He|
:--:--:--:--:--:--:--:--:--:--:
|He|He|He|  |He|He|He|He|He|He|
:--:--:--:--:--:--:--:--:--:--:
|  |He|Ea|  |He|He|He|He|He|He|
:--:--:--:--:--:--:--:--:--:--:
|He|He|He|He|He|He|He|He|He|He|
:--:--:--:--:--:--:--:--:--:--:
|He|He|He|He|He|  |He|He|He|He|
:--:--:--:--:--:--:--:--:--:--:
|  |  |He|He|He|He|He|He|He|  |
:--:--:--:--:--:--:--:--:--:--:
|He|He|He|He|He|He|Fo|He|He|  |
:--:--:--:--:--:--:--:--:--:--:
|He|He|He|He|Ea|He|He|He|He|He|
:--:--:--:--:--:--:--:--:--:--:
|He|He|He|He|He|He|He|He|He|He|
:--:--:--:--:--:--:--:--:--:--:
|He|  |He|He|He|  |He|  |He|He|
:--:--:--:--:--:--:--:--:--:--:

UPDATE DE LA RESERVE
------------------------------------------
Simulation - JOURS 10 DE LA SAISON automne
------------------------------------------
------------------RESERVE-----------------
LA RESERVE CONTIENT :
Herbe[id:169 quantite: 617]  en position (0, 0)
Eau[id:170 quantite: 87]  en position (0, 0)
Graine[id:171 quantite: 427]  en position (0, 0)
Foin[id:172 quantite: 97]  en position (0, 0)
------------------------------------------
-------------------POCHE------------------
LA POCHE CONTIENT:
Herbe[id:165 quantite: 46]  en position (2, 2)
Foin[id:166 quantite: 298]  en position (2, 2)
Eau[id:167 quantite: 0]  en position (2, 2)
Graine[id:168 quantite: 796]  en position (2, 2)
------------------------------------------
------------RAPPORT JOURNALIER------------
LE FERMIER RAJOUTE Eau x0 SUR SA CASE
Le fermier trait la vache !
L'animal Vache mange Herbe[id:1664 quantite: 0]  en position (7, 1)
L'animal Animal de la ferme: Vache en position 3 5 vie restante: 44 se reproduit
L'animal Poule n'a pas trouvÚ de nourriture...
Pas de bÚbÚ pour Animal de la ferme: Poule en position 1 7 vie restante: 1
L'animal Vache mange Herbe[id:1612 quantite: 0]  en position (4, 6)
Pas de bÚbÚ pour Animal de la ferme: Vache en position 1 8 vie restante: 88
L'animal Vache mange Herbe[id:922 quantite: 0]  en position (6, 0)
Pas de bÚbÚ pour Animal de la ferme: Vache en position 6 0 vie restante: 100
De l'herbe commence Ó s'agrandir en 0,8 !
De l'herbe commence Ó s'agrandir en 2,9 !
De l'herbe vient de pousser sur la case 5,1 !
De l'herbe commence Ó s'agrandir en 5,2 !
De l'herbe commence Ó s'agrandir en 5,7 !
De l'herbe commence Ó s'agrandir en 8,5 !
De l'herbe commence Ó s'agrandir en 9,0 !
---------REAPPROVISIONNEMENT--------------
LE FERMIER RENTRE CHEZ LUI POUR RECUPERER 4 Herbe
LE FERMIER RENTRE CHEZ LUI POUR RECUPERER 6 Eau
LE FERMIER RENTRE CHEZ LUI POUR RECUPERER 3 Graine
LE FERMIER RENTRE CHEZ LUI POUR RECUPERER 10 Foin
-------ETAT ACTUEL DE LA FERME ET DE LA FORET-------
:--:--:--:--:--:--:--:--:--:--:
|He|He|  |He|He|He|  |He|He|He|
:--:--:--:--:--:--:--:--:--:--:
|He|He|He|  |He|He|He|  |He|He|
:--:--:--:--:--:--:--:--:--:--:
|  |He|Ea|  |He|He|He|He|He|He|
:--:--:--:--:--:--:--:--:--:--:
|He|He|He|He|He|He|He|He|He|He|
:--:--:--:--:--:--:--:--:--:--:
|He|He|He|He|He|  |  |He|He|He|
:--:--:--:--:--:--:--:--:--:--:
|  |He|He|He|He|He|He|He|He|  |
:--:--:--:--:--:--:--:--:--:--:
|  |He|He|He|He|He|Fo|He|He|  |
:--:--:--:--:--:--:--:--:--:--:
|He|  |He|He|Ea|He|He|He|He|He|
:--:--:--:--:--:--:--:--:--:--:
|He|He|He|He|He|He|He|He|He|He|
:--:--:--:--:--:--:--:--:--:--:
|He|  |He|He|He|  |He|  |He|He|
:--:--:--:--:--:--:--:--:--:--:

------------------------------------------
Simulation - JOURS 11 DE LA SAISON automne
------------------------------------------
------------------RESERVE-----------------
LA RESERVE CONTIENT :
Herbe[id:169 quantite: 613]  en position (0, 0)
Eau[id:170 quantite: 81]  en position (0, 0)
Graine[id:171 quantite: 424]  en position (0, 0)
Foin[id:172 quantite: 87]  en position (0, 0)
------------------------------------------
-------------------POCHE------------------
LA POCHE CONTIENT:
Herbe[id:165 quantite: 50]  en position (2, 2)
Foin[id:166 quantite: 308]  en position (2, 2)
Eau[id:167 quantite: 6]  en position (2, 2)
Graine[id:168 quantite: 799]  en position (2, 2)
------------------------------------------
------------RAPPORT JOURNALIER------------
Le fermier dÚpose 50 Herbe par terre
Le fermier trait la vache !
L'animal Vache mange Herbe[id:1652 quantite: 0]  en position (3, 5)
Pas de bÚbÚ pour Animal de la ferme: Vache en position 3 5 vie restante: 51
De l'herbe commence Ó s'agrandir en 2,5 !
De l'herbe commence Ó s'agrandir en 6,8 !
---------REAPPROVISIONNEMENT--------------
LE FERMIER RENTRE CHEZ LUI POUR RECUPERER 8 Herbe
LE FERMIER RENTRE CHEZ LUI POUR RECUPERER 2 Eau
LE FERMIER RENTRE CHEZ LUI POUR RECUPERER 2 Graine
LE FERMIER RENTRE CHEZ LUI POUR RECUPERER 10 Foin
-------ETAT ACTUEL DE LA FERME ET DE LA FORET-------
:--:--:--:--:--:--:--:--:--:--:
|He|He|  |He|He|He|  |He|He|He|
:--:--:--:--:--:--:--:--:--:--:
|He|He|He|  |He|He|He|  |He|He|
:--:--:--:--:--:--:--:--:--:--:
|  |He|Ea|  |He|He|He|He|He|He|
:--:--:--:--:--:--:--:--:--:--:
|He|He|He|He|He|  |He|He|He|He|
:--:--:--:--:--:--:--:--:--:--:
|He|He|He|He|He|He|  |He|He|He|
:--:--:--:--:--:--:--:--:--:--:
|  |He|He|He|He|He|He|He|He|  |
:--:--:--:--:--:--:--:--:--:--:
|  |He|He|He|He|He|Fo|He|He|  |
:--:--:--:--:--:--:--:--:--:--:
|He|  |He|He|Ea|He|He|He|He|He|
:--:--:--:--:--:--:--:--:--:--:
|He|He|He|He|He|He|He|He|He|He|
:--:--:--:--:--:--:--:--:--:--:
|He|  |He|He|He|  |He|  |He|He|
:--:--:--:--:--:--:--:--:--:--:

------------------------------------------
Simulation - JOURS 12 DE LA SAISON automne
------------------------------------------
------------------RESERVE-----------------
LA RESERVE CONTIENT :
Herbe[id:169 quantite: 605]  en position (0, 0)
Eau[id:170 quantite: 79]  en position (0, 0)
Graine[id:171 quantite: 422]  en position (0, 0)
Foin[id:172 quantite: 77]  en position (0, 0)
------------------------------------------
-------------------POCHE------------------
LA POCHE CONTIENT:
Herbe[id:165 quantite: 8]  en position (4, 5)
Foin[id:166 quantite: 318]  en position (4, 5)
Eau[id:167 quantite: 8]  en position (4, 5)
Graine[id:168 quantite: 801]  en position (4, 5)
------------------------------------------
------------RAPPORT JOURNALIER------------
LE FERMIER RAJOUTE Herbe x8 SUR SA CASE
Le fermier trait la vache !
L'animal Poule mange Eau[id:1633 quantite: 0]  en position (2, 2)
L'animal Animal de la ferme: Poule en position 2 2 vie restante: 50 se reproduit
L'animal Vache mange Herbe[id:1657 quantite: 0]  en position (8, 5)
Pas de bÚbÚ pour Animal de la ferme: Vache en position 8 5 vie restante: 53
L'animal Poule n'a pas trouvÚ de nourriture...
Pas de bÚbÚ pour Animal de la ferme: Poule en position 4 0 vie restante: 50
De l'herbe commence Ó s'agrandir en 0,8 !
De l'herbe vient de pousser sur la case 2,0 !
De l'herbe commence Ó s'agrandir en 3,6 !
De l'herbe commence Ó s'agrandir en 5,2 !
De l'herbe commence Ó s'agrandir en 7,0 !
De l'herbe commence Ó s'agrandir en 7,7 !
---------REAPPROVISIONNEMENT--------------
LE FERMIER RENTRE CHEZ LUI POUR RECUPERER 3 Herbe
LE FERMIER RENTRE CHEZ LUI POUR RECUPERER 4 Eau
LE FERMIER RENTRE CHEZ LUI POUR RECUPERER 5 Graine
LE FERMIER RENTRE CHEZ LUI POUR RECUPERER 5 Foin
-------ETAT ACTUEL DE LA FERME ET DE LA FORET-------
:--:--:--:--:--:--:--:--:--:--:
|He|He|  |He|He|He|  |He|He|He|
:--:--:--:--:--:--:--:--:--:--:
|He|He|He|  |He|He|He|  |He|He|
:--:--:--:--:--:--:--:--:--:--:
|He|He|  |  |He|He|He|He|He|He|
:--:--:--:--:--:--:--:--:--:--:
|He|He|He|He|He|  |He|He|He|He|
:--:--:--:--:--:--:--:--:--:--:
|  |He|He|He|He|He|  |He|He|He|
:--:--:--:--:--:--:--:--:--:--:
|  |He|He|He|He|He|He|He|He|  |
:--:--:--:--:--:--:--:--:--:--:
|  |He|He|He|He|He|Fo|He|He|  |
:--:--:--:--:--:--:--:--:--:--:
|He|  |He|He|Ea|He|He|He|He|He|
:--:--:--:--:--:--:--:--:--:--:
|He|He|He|He|He|  |He|He|He|He|
:--:--:--:--:--:--:--:--:--:--:
|He|  |He|He|He|  |He|  |He|He|
:--:--:--:--:--:--:--:--:--:--:

------------------------------------------
Simulation - JOURS 13 DE LA SAISON automne
------------------------------------------
------------------RESERVE-----------------
LA RESERVE CONTIENT :
Herbe[id:169 quantite: 602]  en position (0, 0)
Eau[id:170 quantite: 75]  en position (0, 0)
Graine[id:171 quantite: 417]  en position (0, 0)
Foin[id:172 quantite: 72]  en position (0, 0)
------------------------------------------
-------------------POCHE------------------
LA POCHE CONTIENT:
Herbe[id:165 quantite: 3]  en position (4, 5)
Foin[id:166 quantite: 323]  en position (4, 5)
Eau[id:167 quantite: 12]  en position (4, 5)
Graine[id:168 quantite: 806]  en position (4, 5)
------------------------------------------
------------RAPPORT JOURNALIER------------
LE FERMIER RAJOUTE Herbe x3 SUR SA CASE
Le fermier trait la vache !
L'animal Vache mange Herbe[id:1589 quantite: 0]  en position (9, 2)
L'animal Animal de la ferme: Vache en position 9 2 vie restante: 50 se reproduit
L'animal Vache mange Herbe[id:1550 quantite: 0]  en position (1, 8)
Pas de bÚbÚ pour Animal de la ferme: Vache en position 1 8 vie restante: 100
L'animal Poule n'a pas trouvÚ de nourriture...
Pas de bÚbÚ pour Animal de la ferme: Poule en position 2 4 vie restante: 50
De l'herbe commence Ó s'agrandir en 2,8 !
De l'herbe commence Ó s'agrandir en 3,0 !
De l'herbe vient de pousser sur la case 3,5 !
De l'herbe commence Ó s'agrandir en 3,7 !
De l'herbe commence Ó s'agrandir en 4,2 !
De l'herbe commence Ó s'agrandir en 4,4 !
De l'herbe vient de pousser sur la case 4,6 !
De l'herbe commence Ó s'agrandir en 5,2 !
De l'herbe commence Ó s'agrandir en 5,3 !
De l'herbe commence Ó s'agrandir en 6,1 !
De l'herbe commence Ó s'agrandir en 7,6 !
De l'herbe commence Ó s'agrandir en 7,7 !
De l'herbe commence Ó s'agrandir en 9,4 !
---------REAPPROVISIONNEMENT--------------
LE FERMIER RENTRE CHEZ LUI POUR RECUPERER 9 Herbe
LE FERMIER RENTRE CHEZ LUI POUR RECUPERER 3 Eau
LE FERMIER RENTRE CHEZ LUI POUR RECUPERER 3 Graine
LE FERMIER RENTRE CHEZ LUI POUR RECUPERER 2 Foin
-------ETAT ACTUEL DE LA FERME ET DE LA FORET-------
:--:--:--:--:--:--:--:--:--:--:
|He|He|  |He|He|He|  |He|He|He|
:--:--:--:--:--:--:--:--:--:--:
|He|He|He|  |He|He|He|  |  |He|
:--:--:--:--:--:--:--:--:--:--:
|He|He|  |  |  |He|He|He|He|He|
:--:--:--:--:--:--:--:--:--:--:
|He|He|He|He|He|He|He|He|He|He|
:--:--:--:--:--:--:--:--:--:--:
|  |He|He|He|He|He|He|He|He|He|
:--:--:--:--:--:--:--:--:--:--:
|  |He|He|He|He|He|He|He|He|  |
:--:--:--:--:--:--:--:--:--:--:
|  |He|He|He|He|He|Fo|He|He|  |
:--:--:--:--:--:--:--:--:--:--:
|He|  |He|He|Ea|He|He|He|He|He|
:--:--:--:--:--:--:--:--:--:--:
|He|He|He|He|He|  |He|He|He|He|
:--:--:--:--:--:--:--:--:--:--:
|He|  |  |He|He|  |He|  |He|He|
:--:--:--:--:--:--:--:--:--:--:

------------------------------------------
Simulation - JOURS 14 DE LA SAISON automne
------------------------------------------
------------------RESERVE-----------------
LA RESERVE CONTIENT :
Herbe[id:169 quantite: 593]  en position (0, 0)
Eau[id:170 quantite: 72]  en position (0, 0)
Graine[id:171 quantite: 414]  en position (0, 0)
Foin[id:172 quantite: 70]  en position (0, 0)
------------------------------------------
-------------------POCHE------------------
LA POCHE CONTIENT:
Herbe[id:165 quantite: 9]  en position (4, 5)
Foin[id:166 quantite: 325]  en position (4, 5)
Eau[id:167 quantite: 15]  en position (4, 5)
Graine[id:168 quantite: 809]  en position (4, 5)
------------------------------------------
------------RAPPORT JOURNALIER------------
LE FERMIER RAJOUTE Herbe x9 SUR SA CASE
Le fermier trait la vache !
L'animal Vache mange Herbe[id:1679 quantite: 0]  en position (3, 5)
Pas de bÚbÚ pour Animal de la ferme: Vache en position 3 5 vie restante: 33
L'animal Poule n'a pas trouvÚ de nourriture...
Pas de bÚbÚ pour Animal de la ferme: Poule en position 4 6 vie restante: 40
L'animal prÚdateur mange Animal de la ferme: Poule en position 2 4 vie restante: 50
L'animal prÚdateur mange Animal de la ferme: Vache en position 1 8 vie restante: 100
De l'herbe commence Ó s'agrandir en 0,7 !
De l'herbe commence Ó s'agrandir en 1,4 !
De l'herbe commence Ó s'agrandir en 1,5 !
De l'herbe commence Ó s'agrandir en 2,5 !
De l'herbe vient de pousser sur la case 4,0 !
De l'herbe commence Ó s'agrandir en 4,7 !
De l'herbe commence Ó s'agrandir en 7,0 !
De l'herbe commence Ó s'agrandir en 8,4 !
De l'herbe vient de pousser sur la case 9,5 !
De l'herbe vient de pousser sur la case 9,7 !
---------REAPPROVISIONNEMENT--------------
LE FERMIER RENTRE CHEZ LUI POUR RECUPERER 7 Herbe
LE FERMIER RENTRE CHEZ LUI POUR RECUPERER 8 Eau
LE FERMIER RENTRE CHEZ LUI POUR RECUPERER 11 Graine
LE FERMIER RENTRE CHEZ LUI POUR RECUPERER 7 Foin
-------ETAT ACTUEL DE LA FERME ET DE LA FORET-------
:--:--:--:--:--:--:--:--:--:--:
|He|He|  |He|He|He|  |He|He|He|
:--:--:--:--:--:--:--:--:--:--:
|He|He|He|  |He|He|He|  |  |He|
:--:--:--:--:--:--:--:--:--:--:
|He|He|  |  |  |He|He|He|He|He|
:--:--:--:--:--:--:--:--:--:--:
|He|He|He|He|He|  |He|He|He|He|
:--:--:--:--:--:--:--:--:--:--:
|He|He|He|He|He|He|  |He|He|He|
:--:--:--:--:--:--:--:--:--:--:
|  |He|He|He|He|He|He|He|He|  |
:--:--:--:--:--:--:--:--:--:--:
|  |He|He|He|He|He|Fo|He|He|  |
:--:--:--:--:--:--:--:--:--:--:
|He|  |He|He|Ea|He|He|He|He|He|
:--:--:--:--:--:--:--:--:--:--:
|He|He|He|He|He|  |He|He|He|He|
:--:--:--:--:--:--:--:--:--:--:
|He|  |  |He|He|He|He|He|He|He|
:--:--:--:--:--:--:--:--:--:--:

------------------------------------------
Simulation - JOURS 15 DE LA SAISON automne
------------------------------------------
------------------RESERVE-----------------
LA RESERVE CONTIENT :
Herbe[id:169 quantite: 586]  en position (0, 0)
Eau[id:170 quantite: 64]  en position (0, 0)
Graine[id:171 quantite: 403]  en position (0, 0)
Foin[id:172 quantite: 63]  en position (0, 0)
------------------------------------------
-------------------POCHE------------------
LA POCHE CONTIENT:
Herbe[id:165 quantite: 7]  en position (4, 5)
Foin[id:166 quantite: 332]  en position (4, 5)
Eau[id:167 quantite: 23]  en position (4, 5)
Graine[id:168 quantite: 820]  en position (4, 5)
------------------------------------------
------------RAPPORT JOURNALIER------------
LE FERMIER RAJOUTE Herbe x7 SUR SA CASE
Le fermier trait la vache !
L'animal Vache mange Herbe[id:1684 quantite: 0]  en position (9, 5)
Pas de bÚbÚ pour Animal de la ferme: Vache en position 5 3 vie restante: 92
L'animal prÚdateur mange Animal de la ferme: Vache en position 8 5 vie restante: 50
De l'herbe commence Ó s'agrandir en 1,1 !
De l'herbe commence Ó s'agrandir en 1,4 !
De l'herbe commence Ó s'agrandir en 2,0 !
De l'herbe commence Ó s'agrandir en 3,9 !
De l'herbe commence Ó s'agrandir en 5,1 !
De l'herbe commence Ó s'agrandir en 5,2 !
De l'herbe commence Ó s'agrandir en 5,8 !
De l'herbe commence Ó s'agrandir en 6,1 !
De l'herbe commence Ó s'agrandir en 7,0 !
De l'herbe commence Ó s'agrandir en 7,8 !
De l'herbe commence Ó s'agrandir en 7,9 !
De l'herbe commence Ó s'agrandir en 9,8 !
De l'herbe commence Ó s'agrandir en 9,9 !
---------REAPPROVISIONNEMENT--------------
LE FERMIER RENTRE CHEZ LUI POUR RECUPERER 3 Herbe
LE FERMIER RENTRE CHEZ LUI POUR RECUPERER 8 Eau
LE FERMIER RENTRE CHEZ LUI POUR RECUPERER 4 Graine
LE FERMIER RENTRE CHEZ LUI POUR RECUPERER 3 Foin
-------ETAT ACTUEL DE LA FERME ET DE LA FORET-------
:--:--:--:--:--:--:--:--:--:--:
|He|He|  |He|He|He|  |He|He|He|
:--:--:--:--:--:--:--:--:--:--:
|He|He|He|  |He|He|He|  |  |He|
:--:--:--:--:--:--:--:--:--:--:
|He|He|  |  |  |He|He|He|He|He|
:--:--:--:--:--:--:--:--:--:--:
|He|He|He|He|He|  |He|He|He|He|
:--:--:--:--:--:--:--:--:--:--:
|He|He|He|He|He|He|  |He|He|He|
:--:--:--:--:--:--:--:--:--:--:
|  |He|He|He|He|He|He|He|He|  |
:--:--:--:--:--:--:--:--:--:--:
|  |He|He|He|He|He|Fo|He|He|  |
:--:--:--:--:--:--:--:--:--:--:
|He|  |He|He|Ea|He|He|He|He|He|
:--:--:--:--:--:--:--:--:--:--:
|He|He|He|He|He|  |He|He|He|He|
:--:--:--:--:--:--:--:--:--:--:
|He|  |  |He|He|  |He|He|He|He|
:--:--:--:--:--:--:--:--:--:--:

------------------------------------------
Simulation - JOURS 16 DE LA SAISON automne
------------------------------------------
------------------RESERVE-----------------
LA RESERVE CONTIENT :
Herbe[id:169 quantite: 583]  en position (0, 0)
Eau[id:170 quantite: 56]  en position (0, 0)
Graine[id:171 quantite: 399]  en position (0, 0)
Foin[id:172 quantite: 60]  en position (0, 0)
------------------------------------------
-------------------POCHE------------------
LA POCHE CONTIENT:
Herbe[id:165 quantite: 3]  en position (4, 5)
Foin[id:166 quantite: 335]  en position (4, 5)
Eau[id:167 quantite: 31]  en position (4, 5)
Graine[id:168 quantite: 824]  en position (4, 5)
------------------------------------------
------------RAPPORT JOURNALIER------------
LE FERMIER RAJOUTE Herbe x3 SUR SA CASE
Le fermier trait la vache !
Le fermier trait la vache !
L'animal Vache mange Herbe[id:1624 quantite: 0]  en position (2, 5)
Pas de bÚbÚ pour Animal de la ferme: Vache en position 2 5 vie restante: 91
De l'herbe commence Ó s'agrandir en 0,0 !
De l'herbe commence Ó s'agrandir en 0,8 !
De l'herbe commence Ó s'agrandir en 2,1 !
De l'herbe commence Ó s'agrandir en 3,3 !
De l'herbe vient de pousser sur la case 3,5 !
De l'herbe commence Ó s'agrandir en 5,5 !
De l'herbe vient de pousser sur la case 5,9 !
De l'herbe vient de pousser sur la case 8,5 !
De l'herbe commence Ó s'agrandir en 9,3 !
---------REAPPROVISIONNEMENT--------------
LE FERMIER RENTRE CHEZ LUI POUR RECUPERER 4 Herbe
LE FERMIER RENTRE CHEZ LUI POUR RECUPERER 8 Eau
LE FERMIER RENTRE CHEZ LUI POUR RECUPERER 8 Graine
LE FERMIER RENTRE CHEZ LUI POUR RECUPERER 7 Foin
-------ETAT ACTUEL DE LA FERME ET DE LA FORET-------
:--:--:--:--:--:--:--:--:--:--:
|He|He|  |He|He|He|  |He|He|He|
:--:--:--:--:--:--:--:--:--:--:
|He|He|He|  |He|He|He|  |  |He|
:--:--:--:--:--:--:--:--:--:--:
|He|He|  |  |  |  |He|He|He|He|
:--:--:--:--:--:--:--:--:--:--:
|He|He|He|He|He|He|He|He|He|He|
:--:--:--:--:--:--:--:--:--:--:
|He|He|He|He|He|He|  |He|He|He|
:--:--:--:--:--:--:--:--:--:--:
|  |He|He|He|He|He|He|He|He|He|
:--:--:--:--:--:--:--:--:--:--:
|  |He|He|He|He|He|Fo|He|He|  |
:--:--:--:--:--:--:--:--:--:--:
|He|  |He|He|Ea|He|He|He|He|He|
:--:--:--:--:--:--:--:--:--:--:
|He|He|He|He|He|He|He|He|He|He|
:--:--:--:--:--:--:--:--:--:--:
|He|  |  |He|He|  |He|He|He|He|
:--:--:--:--:--:--:--:--:--:--:

------------------------------------------
Simulation - JOURS 17 DE LA SAISON automne
------------------------------------------
------------------RESERVE-----------------
LA RESERVE CONTIENT :
Herbe[id:169 quantite: 579]  en position (0, 0)
Eau[id:170 quantite: 48]  en position (0, 0)
Graine[id:171 quantite: 391]  en position (0, 0)
Foin[id:172 quantite: 53]  en position (0, 0)
------------------------------------------
-------------------POCHE------------------
LA POCHE CONTIENT:
Herbe[id:165 quantite: 4]  en position (4, 5)
Foin[id:166 quantite: 342]  en position (4, 5)
Eau[id:167 quantite: 39]  en position (4, 5)
Graine[id:168 quantite: 832]  en position (4, 5)
------------------------------------------
------------RAPPORT JOURNALIER------------
Le fermier dÚpose 4 Herbe par terre
L'animal Vache mange Herbe[id:1688 quantite: 0]  en position (3, 5)
Pas de bÚbÚ pour Animal de la ferme: Vache en position 3 5 vie restante: 36
L'animal Vache mange Herbe[id:1670 quantite: 0]  en position (4, 5)
Pas de bÚbÚ pour Animal de la ferme: Vache en position 4 5 vie restante: 100
De l'herbe commence Ó s'agrandir en 3,4 !
De l'herbe commence Ó s'agrandir en 6,3 !
De l'herbe commence Ó s'agrandir en 7,0 !
De l'herbe commence Ó s'agrandir en 8,6 !
De l'herbe commence Ó s'agrandir en 9,8 !
---------REAPPROVISIONNEMENT--------------
LE FERMIER RENTRE CHEZ LUI POUR RECUPERER 5 Herbe
LE FERMIER RENTRE CHEZ LUI POUR RECUPERER 2 Eau
LE FERMIER RENTRE CHEZ LUI POUR RECUPERER 5 Graine
LE FERMIER RENTRE CHEZ LUI POUR RECUPERER 10 Foin
-------ETAT ACTUEL DE LA FERME ET DE LA FORET-------
:--:--:--:--:--:--:--:--:--:--:
|He|He|  |He|He|He|  |He|He|He|
:--:--:--:--:--:--:--:--:--:--:
|He|He|He|  |He|He|He|He|  |He|
:--:--:--:--:--:--:--:--:--:--:
|He|He|  |  |  |  |He|He|He|He|
:--:--:--:--:--:--:--:--:--:--:
|He|He|He|He|He|  |He|He|He|He|
:--:--:--:--:--:--:--:--:--:--:
|He|He|He|He|He|  |  |He|He|He|
:--:--:--:--:--:--:--:--:--:--:
|  |He|He|He|He|He|He|He|He|He|
:--:--:--:--:--:--:--:--:--:--:
|  |He|He|He|He|He|Fo|He|He|  |
:--:--:--:--:--:--:--:--:--:--:
|He|  |He|He|Ea|He|He|He|He|He|
:--:--:--:--:--:--:--:--:--:--:
|He|He|He|He|He|He|He|He|He|He|
:--:--:--:--:--:--:--:--:--:--:
|He|  |  |He|He|  |He|He|He|He|
:--:--:--:--:--:--:--:--:--:--:

------------------------------------------
Simulation - JOURS 18 DE LA SAISON automne
------------------------------------------
------------------RESERVE-----------------
LA RESERVE CONTIENT :
Herbe[id:169 quantite: 574]  en position (0, 0)
Eau[id:170 quantite: 46]  en position (0, 0)
Graine[id:171 quantite: 386]  en position (0, 0)
Foin[id:172 quantite: 43]  en position (0, 0)
------------------------------------------
-------------------POCHE------------------
LA POCHE CONTIENT:
Herbe[id:165 quantite: 5]  en position (6, 9)
Foin[id:166 quantite: 352]  en position (6, 9)
Eau[id:167 quantite: 41]  en position (6, 9)
Graine[id:168 quantite: 837]  en position (6, 9)
------------------------------------------
------------RAPPORT JOURNALIER------------
Le fermier dÚpose 5 Herbe par terre
De l'herbe vient de pousser sur la case 0,6 !
De l'herbe commence Ó s'agrandir en 0,7 !
De l'herbe commence Ó s'agrandir en 1,7 !
De l'herbe commence Ó s'agrandir en 2,1 !
De l'herbe commence Ó s'agrandir en 4,9 !
De l'herbe commence Ó s'agrandir en 5,7 !
De l'herbe commence Ó s'agrandir en 6,2 !
De l'herbe commence Ó s'agrandir en 6,7 !
De l'herbe commence Ó s'agrandir en 9,0 !
De l'herbe commence Ó s'agrandir en 9,8 !
---------REAPPROVISIONNEMENT--------------
LE FERMIER RENTRE CHEZ LUI POUR RECUPERER 11 Herbe
LE FERMIER RENTRE CHEZ LUI POUR RECUPERER 7 Eau
LE FERMIER RENTRE CHEZ LUI POUR RECUPERER 3 Graine
LE FERMIER RENTRE CHEZ LUI POUR RECUPERER 11 Foin
-------ETAT ACTUEL DE LA FERME ET DE LA FORET-------
:--:--:--:--:--:--:--:--:--:--:
|He|He|  |He|He|He|He|He|He|He|
:--:--:--:--:--:--:--:--:--:--:
|He|He|He|  |He|He|He|He|  |He|
:--:--:--:--:--:--:--:--:--:--:
|He|He|  |  |  |  |He|He|He|He|
:--:--:--:--:--:--:--:--:--:--:
|He|He|He|He|He|  |He|He|He|He|
:--:--:--:--:--:--:--:--:--:--:
|He|He|He|He|He|  |  |He|He|He|
:--:--:--:--:--:--:--:--:--:--:
|  |He|He|He|He|He|He|He|He|He|
:--:--:--:--:--:--:--:--:--:--:
|  |He|He|He|He|He|Fo|He|He|He|
:--:--:--:--:--:--:--:--:--:--:
|He|  |He|He|Ea|He|He|He|He|He|
:--:--:--:--:--:--:--:--:--:--:
|He|He|He|He|He|He|He|He|He|He|
:--:--:--:--:--:--:--:--:--:--:
|He|  |  |He|He|  |He|He|He|He|
:--:--:--:--:--:--:--:--:--:--:

------------------------------------------
Simulation - JOURS 19 DE LA SAISON automne
------------------------------------------
------------------RESERVE-----------------
LA RESERVE CONTIENT :
Herbe[id:169 quantite: 563]  en position (0, 0)
Eau[id:170 quantite: 39]  en position (0, 0)
Graine[id:171 quantite: 383]  en position (0, 0)
Foin[id:172 quantite: 32]  en position (0, 0)
------------------------------------------
-------------------POCHE------------------
LA POCHE CONTIENT:
Herbe[id:165 quantite: 11]  en position (6, 9)
Foin[id:166 quantite: 363]  en position (6, 9)
Eau[id:167 quantite: 48]  en position (6, 9)
Graine[id:168 quantite: 840]  en position (6, 9)
------------------------------------------
------------RAPPORT JOURNALIER------------
LE FERMIER RAJOUTE Herbe x11 SUR SA CASE
Le fermier trait la vache !
L'animal Vache mange Herbe[id:1656 quantite: 0]  en position (7, 8)
Pas de bÚbÚ pour Animal de la ferme: Vache en position 7 8 vie restante: 42
De l'herbe commence Ó s'agrandir en 0,5 !
De l'herbe commence Ó s'agrandir en 1,0 !
De l'herbe commence Ó s'agrandir en 1,7 !
De l'herbe vient de pousser sur la case 2,3 !
De l'herbe vient de pousser sur la case 2,4 !
De l'herbe commence Ó s'agrandir en 2,9 !
De l'herbe commence Ó s'agrandir en 7,0 !
De l'herbe commence Ó s'agrandir en 7,3 !
De l'herbe commence Ó s'agrandir en 9,3 !
De l'herbe commence Ó s'agrandir en 9,4 !
---------REAPPROVISIONNEMENT--------------
LE FERMIER RENTRE CHEZ LUI POUR RECUPERER 3 Herbe
LE FERMIER RENTRE CHEZ LUI POUR RECUPERER 8 Eau
LE FERMIER RENTRE CHEZ LUI POUR RECUPERER 10 Graine
LE FERMIER RENTRE CHEZ LUI POUR RECUPERER 9 Foin
-------ETAT ACTUEL DE LA FERME ET DE LA FORET-------
:--:--:--:--:--:--:--:--:--:--:
|He|He|  |He|He|He|He|He|He|He|
:--:--:--:--:--:--:--:--:--:--:
|He|He|He|  |He|He|He|He|  |He|
:--:--:--:--:--:--:--:--:--:--:
|He|He|  |He|He|  |He|He|He|He|
:--:--:--:--:--:--:--:--:--:--:
|He|He|He|He|He|  |He|He|He|He|
:--:--:--:--:--:--:--:--:--:--:
|He|He|He|He|He|  |  |He|He|He|
:--:--:--:--:--:--:--:--:--:--:
|  |He|He|He|He|He|He|He|He|He|
:--:--:--:--:--:--:--:--:--:--:
|  |He|He|He|He|He|Fo|He|He|He|
:--:--:--:--:--:--:--:--:--:--:
|He|  |He|He|Ea|He|He|He|  |He|
:--:--:--:--:--:--:--:--:--:--:
|He|He|He|He|He|He|He|He|He|He|
:--:--:--:--:--:--:--:--:--:--:
|He|  |  |He|He|  |He|He|He|He|
:--:--:--:--:--:--:--:--:--:--:

UPDATE DE LA RESERVE
------------------------------------------
Simulation - JOURS 20 DE LA SAISON automne
------------------------------------------
------------------RESERVE-----------------
LA RESERVE CONTIENT :
Herbe[id:169 quantite: 614]  en position (0, 0)
Eau[id:170 quantite: 51]  en position (0, 0)
Graine[id:171 quantite: 445]  en position (0, 0)
Foin[id:172 quantite: 40]  en position (0, 0)
------------------------------------------
-------------------POCHE------------------
LA POCHE CONTIENT:
Herbe[id:165 quantite: 3]  en position (6, 9)
Foin[id:166 quantite: 372]  en position (6, 9)
Eau[id:167 quantite: 56]  en position (6, 9)
Graine[id:168 quantite: 850]  en position (6, 9)
------------------------------------------
------------RAPPORT JOURNALIER------------
LE FERMIER RAJOUTE Herbe x3 SUR SA CASE
Le fermier trait la vache !
Le fermier trait la vache !
L'animal Vache mange Herbe[id:1593 quantite: 0]  en position (9, 8)
Pas de bÚbÚ pour Animal de la ferme: Vache en position 9 8 vie restante: 67
De l'herbe commence Ó s'agrandir en 2,1 !
De l'herbe commence Ó s'agrandir en 3,9 !
De l'herbe commence Ó s'agrandir en 4,7 !
De l'herbe vient de pousser sur la case 5,0 !
De l'herbe commence Ó s'agrandir en 6,5 !
De l'herbe commence Ó s'agrandir en 8,7 !
De l'herbe vient de pousser sur la case 9,5 !
---------REAPPROVISIONNEMENT--------------
LE FERMIER RENTRE CHEZ LUI POUR RECUPERER 9 Herbe
LE FERMIER RENTRE CHEZ LUI POUR RECUPERER 11 Eau
LE FERMIER RENTRE CHEZ LUI POUR RECUPERER 8 Graine
LE FERMIER RENTRE CHEZ LUI POUR RECUPERER 10 Foin
-------ETAT ACTUEL DE LA FERME ET DE LA FORET-------
:--:--:--:--:--:--:--:--:--:--:
|He|He|  |He|He|He|He|He|He|He|
:--:--:--:--:--:--:--:--:--:--:
|He|He|He|  |He|He|He|He|  |He|
:--:--:--:--:--:--:--:--:--:--:
|He|He|  |He|He|  |He|He|He|He|
:--:--:--:--:--:--:--:--:--:--:
|He|He|He|He|He|  |He|He|He|He|
:--:--:--:--:--:--:--:--:--:--:
|He|He|He|He|He|  |  |He|He|He|
:--:--:--:--:--:--:--:--:--:--:
|He|He|He|He|He|He|He|He|He|He|
:--:--:--:--:--:--:--:--:--:--:
|  |He|He|He|He|He|Fo|He|He|He|
:--:--:--:--:--:--:--:--:--:--:
|He|  |He|He|Ea|He|He|He|  |He|
:--:--:--:--:--:--:--:--:--:--:
|He|He|He|He|He|He|He|He|He|He|
:--:--:--:--:--:--:--:--:--:--:
|He|  |  |He|He|He|He|He|  |He|
:--:--:--:--:--:--:--:--:--:--:

------------------------------------------
Simulation - JOURS 21 DE LA SAISON automne
------------------------------------------
------------------RESERVE-----------------
LA RESERVE CONTIENT :
Herbe[id:169 quantite: 605]  en position (0, 0)
Eau[id:170 quantite: 40]  en position (0, 0)
Graine[id:171 quantite: 437]  en position (0, 0)
Foin[id:172 quantite: 30]  en position (0, 0)
------------------------------------------
-------------------POCHE------------------
LA POCHE CONTIENT:
Herbe[id:165 quantite: 9]  en position (6, 9)
Foin[id:166 quantite: 382]  en position (6, 9)
Eau[id:167 quantite: 67]  en position (6, 9)
Graine[id:168 quantite: 858]  en position (6, 9)
------------------------------------------
------------RAPPORT JOURNALIER------------
LE FERMIER RAJOUTE Herbe x9 SUR SA CASE
Le fermier trait la vache !
Le fermier trait la vache !
L'animal Poule n'a pas trouvÚ de nourriture...
Pas de bÚbÚ pour Animal de la ferme: Poule en position 0 6 vie restante: 20
De l'herbe commence Ó s'agrandir en 0,8 !
De l'herbe commence Ó s'agrandir en 2,8 !
De l'herbe commence Ó s'agrandir en 3,0 !
De l'herbe commence Ó s'agrandir en 4,3 !
De l'herbe commence Ó s'agrandir en 5,4 !
De l'herbe commence Ó s'agrandir en 5,6 !
De l'herbe commence Ó s'agrandir en 6,4 !
De l'herbe commence Ó s'agrandir en 6,8 !
De l'herbe commence Ó s'agrandir en 6,9 !
De l'herbe vient de pousser sur la case 7,1 !
De l'herbe commence Ó s'agrandir en 7,3 !
De l'herbe commence Ó s'agrandir en 8,5 !
De l'herbe commence Ó s'agrandir en 9,5 !
De l'herbe commence Ó s'agrandir en 9,7 !
---------REAPPROVISIONNEMENT--------------
LE FERMIER RENTRE CHEZ LUI POUR RECUPERER 9 Herbe
LE FERMIER RENTRE CHEZ LUI POUR RECUPERER 8 Eau
LE FERMIER RENTRE CHEZ LUI POUR RECUPERER 8 Graine
LE FERMIER RENTRE CHEZ LUI POUR RECUPERER 8 Foin
-------ETAT ACTUEL DE LA FERME ET DE LA FORET-------
:--:--:--:--:--:--:--:--:--:--:
|He|He|  |He|He|He|  |He|He|He|
:--:--:--:--:--:--:--:--:--:--:
|He|He|He|  |He|He|He|He|  |He|
:--:--:--:--:--:--:--:--:--:--:
|He|He|  |He|He|  |He|He|He|He|
:--:--:--:--:--:--:--:--:--:--:
|He|He|He|He|He|  |He|He|He|He|
:--:--:--:--:--:--:--:--:--:--:
|He|He|He|He|He|  |  |He|He|He|
:--:--:--:--:--:--:--:--:--:--:
|He|He|He|He|He|He|He|He|He|He|
:--:--:--:--:--:--:--:--:--:--:
|  |He|He|He|He|He|Fo|He|He|He|
:--:--:--:--:--:--:--:--:--:--:
|He|He|He|He|Ea|He|He|He|  |He|
:--:--:--:--:--:--:--:--:--:--:
|He|He|He|He|He|He|He|He|He|He|
:--:--:--:--:--:--:--:--:--:--:
|He|  |  |He|He|He|He|He|  |He|
:--:--:--:--:--:--:--:--:--:--:

------------------------------------------
Simulation - JOURS 22 DE LA SAISON automne
------------------------------------------
------------------RESERVE-----------------
LA RESERVE CONTIENT :
Herbe[id:169 quantite: 596]  en position (0, 0)
Eau[id:170 quantite: 32]  en position (0, 0)
Graine[id:171 quantite: 429]  en position (0, 0)
Foin[id:172 quantite: 22]  en position (0, 0)
------------------------------------------
-------------------POCHE------------------
LA POCHE CONTIENT:
Herbe[id:165 quantite: 9]  en position (6, 9)
Foin[id:166 quantite: 390]  en position (6, 9)
Eau[id:167 quantite: 75]  en position (6, 9)
Graine[id:168 quantite: 866]  en position (6, 9)
------------------------------------------
------------RAPPORT JOURNALIER------------
LE FERMIER RAJOUTE Herbe x9 SUR SA CASE
Le fermier trait la vache !
Le fermier trait la vache !
De l'herbe commence Ó s'agrandir en 1,2 !
De l'herbe commence Ó s'agrandir en 2,0 !
De l'herbe vient de pousser sur la case 2,2 !
De l'herbe commence Ó s'agrandir en 2,7 !
De l'herbe commence Ó s'agrandir en 3,8 !
De l'herbe commence Ó s'agrandir en 4,1 !
De l'herbe vient de pousser sur la case 6,0 !
De l'herbe commence Ó s'agrandir en 6,5 !
De l'herbe commence Ó s'agrandir en 7,6 !
De l'herbe commence Ó s'agrandir en 8,0 !
De l'herbe commence Ó s'agrandir en 8,1 !
De l'herbe commence Ó s'agrandir en 9,7 !
---------REAPPROVISIONNEMENT--------------
LE FERMIER RENTRE CHEZ LUI POUR RECUPERER 2 Herbe
LE FERMIER RENTRE CHEZ LUI POUR RECUPERER 8 Eau
LE FERMIER RENTRE CHEZ LUI POUR RECUPERER 3 Graine
LE FERMIER RENTRE CHEZ LUI POUR RECUPERER 9 Foin
-------ETAT ACTUEL DE LA FERME ET DE LA FORET-------
:--:--:--:--:--:--:--:--:--:--:
|He|He|  |He|He|He|  |He|He|He|
:--:--:--:--:--:--:--:--:--:--:
|He|He|He|  |He|He|He|He|  |He|
:--:--:--:--:--:--:--:--:--:--:
|He|He|He|He|He|  |He|He|He|He|
:--:--:--:--:--:--:--:--:--:--:
|He|He|He|He|He|  |He|He|He|He|
:--:--:--:--:--:--:--:--:--:--:
|He|He|He|He|He|  |  |He|He|He|
:--:--:--:--:--:--:--:--:--:--:
|He|He|He|He|He|He|He|He|He|He|
:--:--:--:--:--:--:--:--:--:--:
|He|He|He|He|He|He|Fo|He|He|He|
:--:--:--:--:--:--:--:--:--:--:
|He|He|He|He|Ea|He|He|He|  |He|
:--:--:--:--:--:--:--:--:--:--:
|He|He|He|He|He|He|He|He|He|He|
:--:--:--:--:--:--:--:--:--:--:
|He|  |  |He|He|He|He|He|  |He|
:--:--:--:--:--:--:--:--:--:--:

------------------------------------------
Simulation - JOURS 23 DE LA SAISON automne
------------------------------------------
------------------RESERVE-----------------
LA RESERVE CONTIENT :
Herbe[id:169 quantite: 594]  en position (0, 0)
Eau[id:170 quantite: 24]  en position (0, 0)
Graine[id:171 quantite: 426]  en position (0, 0)
Foin[id:172 quantite: 13]  en position (0, 0)
------------------------------------------
-------------------POCHE------------------
LA POCHE CONTIENT:
Herbe[id:165 quantite: 2]  en position (6, 9)
Foin[id:166 quantite: 399]  en position (6, 9)
Eau[id:167 quantite: 83]  en position (6, 9)
Graine[id:168 quantite: 869]  en position (6, 9)
------------------------------------------
------------RAPPORT JOURNALIER------------
LE FERMIER RAJOUTE Herbe x2 SUR SA CASE
Le fermier trait la vache !
L'animal Vache mange Herbe[id:1659 quantite: 0]  en position (9, 4)
L'animal Animal de la ferme: Vache en position 9 4 vie restante: 29 se reproduit
L'animal Vache mange Herbe[id:1349 quantite: 0]  en position (8, 0)
Pas de bÚbÚ pour Animal de la ferme: Vache en position 8 0 vie restante: 61
De l'herbe commence Ó s'agrandir en 2,0 !
De l'herbe commence Ó s'agrandir en 3,1 !
De l'herbe commence Ó s'agrandir en 3,6 !
De l'herbe commence Ó s'agrandir en 5,1 !
De l'herbe commence Ó s'agrandir en 5,8 !
De l'herbe commence Ó s'agrandir en 5,9 !
De l'herbe commence Ó s'agrandir en 6,0 !
De l'herbe commence Ó s'agrandir en 6,1 !
De l'herbe commence Ó s'agrandir en 7,0 !
De l'herbe commence Ó s'agrandir en 9,0 !
---------REAPPROVISIONNEMENT--------------
LE FERMIER RENTRE CHEZ LUI POUR RECUPERER 3 Herbe
LE FERMIER RENTRE CHEZ LUI POUR RECUPERER 4 Eau
LE FERMIER RENTRE CHEZ LUI POUR RECUPERER 4 Graine
LE FERMIER RENTRE CHEZ LUI POUR RECUPERER 5 Foin
-------ETAT ACTUEL DE LA FERME ET DE LA FORET-------
:--:--:--:--:--:--:--:--:--:--:
|He|He|  |He|He|He|  |He|He|He|
:--:--:--:--:--:--:--:--:--:--:
|He|He|He|  |He|He|He|He|  |He|
:--:--:--:--:--:--:--:--:--:--:
|He|He|He|He|He|  |He|He|He|He|
:--:--:--:--:--:--:--:--:--:--:
|He|He|He|He|He|  |He|He|He|He|
:--:--:--:--:--:--:--:--:--:--:
|He|He|He|He|He|  |  |He|He|He|
:--:--:--:--:--:--:--:--:--:--:
|He|He|He|He|He|He|He|He|He|He|
:--:--:--:--:--:--:--:--:--:--:
|He|He|He|He|He|He|Fo|He|He|He|
:--:--:--:--:--:--:--:--:--:--:
|He|He|He|He|Ea|He|He|He|  |He|
:--:--:--:--:--:--:--:--:--:--:
|  |He|He|He|He|He|He|He|He|He|
:--:--:--:--:--:--:--:--:--:--:
|He|  |  |He|  |He|He|He|  |He|
:--:--:--:--:--:--:--:--:--:--:

------------------------------------------
Simulation - JOURS 24 DE LA SAISON automne
------------------------------------------
------------------RESERVE-----------------
LA RESERVE CONTIENT :
Herbe[id:169 quantite: 591]  en position (0, 0)
Eau[id:170 quantite: 20]  en position (0, 0)
Graine[id:171 quantite: 422]  en position (0, 0)
Foin[id:172 quantite: 8]  en position (0, 0)
------------------------------------------
-------------------POCHE------------------
LA POCHE CONTIENT:
Herbe[id:165 quantite: 3]  en position (6, 9)
Foin[id:166 quantite: 404]  en position (6, 9)
Eau[id:167 quantite: 87]  en position (6, 9)
Graine[id:168 quantite: 873]  en position (6, 9)
------------------------------------------
------------RAPPORT JOURNALIER------------
LE FERMIER RAJOUTE Herbe x3 SUR SA CASE
Le fermier trait la vache !
De l'herbe commence Ó s'agrandir en 0,3 !
De l'herbe commence Ó s'agrandir en 3,1 !
De l'herbe commence Ó s'agrandir en 3,4 !
De l'herbe commence Ó s'agrandir en 3,6 !
De l'herbe vient de pousser sur la case 4,6 !
De l'herbe commence Ó s'agrandir en 5,7 !
De l'herbe commence Ó s'agrandir en 6,0 !
De l'herbe commence Ó s'agrandir en 7,1 !
De l'herbe commence Ó s'agrandir en 9,0 !
---------REAPPROVISIONNEMENT--------------
LE FERMIER RENTRE CHEZ LUI POUR RECUPERER 2 Herbe
LE FERMIER RENTRE CHEZ LUI POUR RECUPERER 11 Eau
LE FERMIER RENTRE CHEZ LUI POUR RECUPERER 7 Graine
LE FERMIER RENTRE CHEZ LUI POUR RECUPERER 6 Foin
-------ETAT ACTUEL DE LA FERME ET DE LA FORET-------
:--:--:--:--:--:--:--:--:--:--:
|He|He|  |He|He|He|  |He|He|He|
:--:--:--:--:--:--:--:--:--:--:
|He|He|He|  |He|He|He|He|  |He|
:--:--:--:--:--:--:--:--:--:--:
|He|He|He|He|He|  |He|He|He|He|
:--:--:--:--:--:--:--:--:--:--:
|He|He|He|He|He|  |He|He|He|He|
:--:--:--:--:--:--:--:--:--:--:
|He|He|He|He|He|  |He|He|He|He|
:--:--:--:--:--:--:--:--:--:--:
|He|He|He|He|He|He|He|He|He|He|
:--:--:--:--:--:--:--:--:--:--:
|He|He|He|He|He|He|Fo|He|He|He|
:--:--:--:--:--:--:--:--:--:--:
|He|He|He|He|Ea|He|He|He|  |He|
:--:--:--:--:--:--:--:--:--:--:
|  |He|He|He|He|He|He|He|He|He|
:--:--:--:--:--:--:--:--:--:--:
|He|  |  |He|  |He|He|He|  |He|
:--:--:--:--:--:--:--:--:--:--:

------------------------------------------
Simulation - JOURS 25 DE LA SAISON automne
------------------------------------------
------------------RESERVE-----------------
LA RESERVE CONTIENT :
Herbe[id:169 quantite: 589]  en position (0, 0)
Eau[id:170 quantite: 9]  en position (0, 0)
Graine[id:171 quantite: 415]  en position (0, 0)
Foin[id:172 quantite: 2]  en position (0, 0)
------------------------------------------
-------------------POCHE------------------
LA POCHE CONTIENT:
Herbe[id:165 quantite: 2]  en position (6, 9)
Foin[id:166 quantite: 410]  en position (6, 9)
Eau[id:167 quantite: 98]  en position (6, 9)
Graine[id:168 quantite: 880]  en position (6, 9)
------------------------------------------
------------RAPPORT JOURNALIER------------
LE FERMIER RAJOUTE Herbe x2 SUR SA CASE
Le fermier trait la vache !
Le fermier trait la vache !
Le fermier trait la vache !
Le fermier trait la vache !
L'animal Vache mange Herbe[id:1704 quantite: 0]  en position (2, 2)
Pas de bÚbÚ pour Animal de la ferme: Vache en position 2 2 vie restante: 54
L'animal Poule n'a pas trouvÚ de nourriture...
Pas de bÚbÚ pour Animal de la ferme: Poule en position 0 9 vie restante: 20
De l'herbe commence Ó s'agrandir en 3,0 !
De l'herbe commence Ó s'agrandir en 4,3 !
De l'herbe commence Ó s'agrandir en 6,0 !
De l'herbe commence Ó s'agrandir en 7,7 !
De l'herbe commence Ó s'agrandir en 8,4 !
De l'herbe commence Ó s'agrandir en 9,3 !
---------REAPPROVISIONNEMENT--------------
LE FERMIER RENTRE CHEZ LUI POUR RECUPERER 6 Herbe
LE FERMIER RENTRE CHEZ LUI POUR RECUPERER 7 Eau
LE FERMIER RENTRE CHEZ LUI POUR RECUPERER 9 Graine
LE FERMIER N'A PLUS DE Foin DANS SA RESERVE !
-------ETAT ACTUEL DE LA FERME ET DE LA FORET-------
:--:--:--:--:--:--:--:--:--:--:
|He|He|  |He|He|He|  |He|He|  |
:--:--:--:--:--:--:--:--:--:--:
|He|He|He|  |He|He|He|He|  |He|
:--:--:--:--:--:--:--:--:--:--:
|He|He|  |He|He|  |He|He|He|He|
:--:--:--:--:--:--:--:--:--:--:
|He|He|He|He|He|  |He|He|He|He|
:--:--:--:--:--:--:--:--:--:--:
|He|He|He|He|He|  |He|He|He|He|
:--:--:--:--:--:--:--:--:--:--:
|He|He|He|He|He|He|He|He|He|He|
:--:--:--:--:--:--:--:--:--:--:
|He|He|He|He|He|He|Fo|He|He|He|
:--:--:--:--:--:--:--:--:--:--:
|He|He|He|He|Ea|He|He|He|  |He|
:--:--:--:--:--:--:--:--:--:--:
|  |He|He|He|He|He|He|He|He|He|
:--:--:--:--:--:--:--:--:--:--:
|He|  |  |He|  |He|He|He|  |He|
:--:--:--:--:--:--:--:--:--:--:

------------------------------------------
Simulation - JOURS 26 DE LA SAISON automne
------------------------------------------
------------------RESERVE-----------------
LA RESERVE CONTIENT :
Herbe[id:169 quantite: 583]  en position (0, 0)
Eau[id:170 quantite: 2]  en position (0, 0)
Graine[id:171 quantite: 406]  en position (0, 0)
Foin[id:172 quantite: 2]  en position (0, 0)
------------------------------------------
-------------------POCHE------------------
LA POCHE CONTIENT:
Herbe[id:165 quantite: 6]  en position (6, 9)
Foin[id:166 quantite: 410]  en position (6, 9)
Eau[id:167 quantite: 105]  en position (6, 9)
Graine[id:168 quantite: 889]  en position (6, 9)
------------------------------------------
------------RAPPORT JOURNALIER------------
LE FERMIER RAJOUTE Herbe x6 SUR SA CASE
Le fermier trait la vache !
Le fermier trait la vache !
Le fermier trait la vache !
L'animal prÚdateur mange Animal de la ferme: Vache en position 8 0 vie restante: 61
De l'herbe commence Ó s'agrandir en 1,2 !
De l'herbe commence Ó s'agrandir en 1,7 !
De l'herbe commence Ó s'agrandir en 3,2 !
De l'herbe commence Ó s'agrandir en 5,5 !
De l'herbe commence Ó s'agrandir en 6,3 !
De l'herbe commence Ó s'agrandir en 6,8 !
De l'herbe commence Ó s'agrandir en 6,9 !
De l'herbe commence Ó s'agrandir en 7,3 !
De l'herbe commence Ó s'agrandir en 7,5 !
De l'herbe commence Ó s'agrandir en 8,3 !
De l'herbe commence Ó s'agrandir en 8,6 !
De l'herbe commence Ó s'agrandir en 9,5 !
---------REAPPROVISIONNEMENT--------------
LE FERMIER RENTRE CHEZ LUI POUR RECUPERER 2 Herbe
LE FERMIER N'A PLUS DE Eau DANS SA RESERVE !
LE FERMIER RENTRE CHEZ LUI POUR RECUPERER 2 Graine
LE FERMIER N'A PLUS DE Foin DANS SA RESERVE !
-------ETAT ACTUEL DE LA FERME ET DE LA FORET-------
:--:--:--:--:--:--:--:--:--:--:
|He|He|  |He|He|He|  |He|He|  |
:--:--:--:--:--:--:--:--:--:--:
|He|He|He|  |He|He|He|He|  |He|
:--:--:--:--:--:--:--:--:--:--:
|He|He|  |He|He|  |He|He|He|He|
:--:--:--:--:--:--:--:--:--:--:
|He|He|He|He|He|  |He|He|He|He|
:--:--:--:--:--:--:--:--:--:--:
|He|He|He|He|He|  |He|He|He|He|
:--:--:--:--:--:--:--:--:--:--:
|He|He|He|He|He|He|He|He|He|He|
:--:--:--:--:--:--:--:--:--:--:
|He|He|He|He|He|He|Fo|He|He|He|
:--:--:--:--:--:--:--:--:--:--:
|He|He|He|He|Ea|He|He|He|  |He|
:--:--:--:--:--:--:--:--:--:--:
|  |He|He|He|He|He|He|He|He|He|
:--:--:--:--:--:--:--:--:--:--:
|He|  |  |He|  |He|He|He|  |He|
:--:--:--:--:--:--:--:--:--:--:

------------------------------------------
Simulation - JOURS 27 DE LA SAISON automne
------------------------------------------
------------------RESERVE-----------------
LA RESERVE CONTIENT :
Herbe[id:169 quantite: 581]  en position (0, 0)
Eau[id:170 quantite: 2]  en position (0, 0)
Graine[id:171 quantite: 404]  en position (0, 0)
Foin[id:172 quantite: 2]  en position (0, 0)
------------------------------------------
-------------------POCHE------------------
LA POCHE CONTIENT:
Herbe[id:165 quantite: 2]  en position (6, 9)
Foin[id:166 quantite: 410]  en position (6, 9)
Eau[id:167 quantite: 105]  en position (6, 9)
Graine[id:168 quantite: 891]  en position (6, 9)
------------------------------------------
------------RAPPORT JOURNALIER------------
LE FERMIER RAJOUTE Herbe x2 SUR SA CASE
Le fermier trait la vache !
Le fermier trait la vache !
L'animal Vache mange Herbe[id:1653 quantite: 0]  en position (4, 8)
Pas de bÚbÚ pour Animal de la ferme: Vache en position 4 8 vie restante: 35
L'animal Vache mange Herbe[id:1703 quantite: 0]  en position (7, 1)
Pas de bÚbÚ pour Animal de la ferme: Vache en position 7 1 vie restante: 34
De l'herbe commence Ó s'agrandir en 3,2 !
De l'herbe commence Ó s'agrandir en 3,4 !
De l'herbe commence Ó s'agrandir en 3,7 !
De l'herbe commence Ó s'agrandir en 4,1 !
De l'herbe commence Ó s'agrandir en 5,2 !
De l'herbe commence Ó s'agrandir en 6,8 !
De l'herbe commence Ó s'agrandir en 7,5 !
De l'herbe commence Ó s'agrandir en 8,8 !
De l'herbe vient de pousser sur la case 9,2 !
De l'herbe commence Ó s'agrandir en 9,5 !
---------REAPPROVISIONNEMENT--------------
LE FERMIER RENTRE CHEZ LUI POUR RECUPERER 5 Herbe
LE FERMIER N'A PLUS DE Eau DANS SA RESERVE !
LE FERMIER RENTRE CHEZ LUI POUR RECUPERER 8 Graine
LE FERMIER N'A PLUS DE Foin DANS SA RESERVE !
-------ETAT ACTUEL DE LA FERME ET DE LA FORET-------
:--:--:--:--:--:--:--:--:--:--:
|He|He|  |He|He|He|  |He|He|  |
:--:--:--:--:--:--:--:--:--:--:
|He|He|He|  |He|He|He|He|  |He|
:--:--:--:--:--:--:--:--:--:--:
|He|He|  |He|He|  |He|He|He|He|
:--:--:--:--:--:--:--:--:--:--:
|He|He|He|He|He|  |He|He|He|He|
:--:--:--:--:--:--:--:--:--:--:
|He|He|He|He|He|  |He|He|  |He|
:--:--:--:--:--:--:--:--:--:--:
|He|He|He|He|He|He|He|He|He|He|
:--:--:--:--:--:--:--:--:--:--:
|He|He|He|He|He|He|Fo|He|He|He|
:--:--:--:--:--:--:--:--:--:--:
|He|  |He|He|Ea|He|He|He|  |He|
:--:--:--:--:--:--:--:--:--:--:
|  |He|He|He|He|He|He|He|He|He|
:--:--:--:--:--:--:--:--:--:--:
|He|  |He|He|  |He|He|He|  |He|
:--:--:--:--:--:--:--:--:--:--:

------------------------------------------
Simulation - JOURS 28 DE LA SAISON automne
------------------------------------------
------------------RESERVE-----------------
LA RESERVE CONTIENT :
Herbe[id:169 quantite: 576]  en position (0, 0)
Eau[id:170 quantite: 2]  en position (0, 0)
Graine[id:171 quantite: 396]  en position (0, 0)
Foin[id:172 quantite: 2]  en position (0, 0)
------------------------------------------
-------------------POCHE------------------
LA POCHE CONTIENT:
Herbe[id:165 quantite: 5]  en position (6, 9)
Foin[id:166 quantite: 410]  en position (6, 9)
Eau[id:167 quantite: 105]  en position (6, 9)
Graine[id:168 quantite: 899]  en position (6, 9)
------------------------------------------
------------RAPPORT JOURNALIER------------
LE FERMIER RAJOUTE Herbe x5 SUR SA CASE
Le fermier trait la vache !
Le fermier trait la vache !
L'animal Vache mange Herbe[id:1713 quantite: 0]  en position (9, 2)
L'animal Animal de la ferme: Vache en position 9 2 vie restante: 18 se reproduit
L'animal Vache mange Herbe[id:1689 quantite: 0]  en position (5, 9)
Pas de bÚbÚ pour Animal de la ferme: Vache en position 4 6 vie restante: 34
L'animal Vache mange Herbe[id:1683 quantite: 0]  en position (4, 0)
Pas de bÚbÚ pour Animal de la ferme: Vache en position 2 9 vie restante: 26
De l'herbe commence Ó s'agrandir en 0,0 !
De l'herbe commence Ó s'agrandir en 0,3 !
De l'herbe commence Ó s'agrandir en 0,4 !
De l'herbe commence Ó s'agrandir en 1,5 !
De l'herbe commence Ó s'agrandir en 1,6 !
De l'herbe commence Ó s'agrandir en 5,0 !
De l'herbe commence Ó s'agrandir en 5,4 !
De l'herbe commence Ó s'agrandir en 7,0 !
De l'herbe commence Ó s'agrandir en 7,3 !
De l'herbe commence Ó s'agrandir en 7,7 !
---------REAPPROVISIONNEMENT--------------
LE FERMIER RENTRE CHEZ LUI POUR RECUPERER 11 Herbe
LE FERMIER N'A PLUS DE Eau DANS SA RESERVE !
LE FERMIER RENTRE CHEZ LUI POUR RECUPERER 2 Graine
LE FERMIER N'A PLUS DE Foin DANS SA RESERVE !
-------ETAT ACTUEL DE LA FERME ET DE LA FORET-------
:--:--:--:--:--:--:--:--:--:--:
|He|He|  |He|He|He|  |He|He|  |
:--:--:--:--:--:--:--:--:--:--:
|He|He|He|  |He|He|He|He|  |He|
:--:--:--:--:--:--:--:--:--:--:
|He|He|  |He|He|  |He|He|He|He|
:--:--:--:--:--:--:--:--:--:--:
|He|He|He|He|He|  |He|He|He|He|
:--:--:--:--:--:--:--:--:--:--:
|  |He|He|He|He|  |He|He|  |He|
:--:--:--:--:--:--:--:--:--:--:
|He|He|He|He|He|He|He|He|He|  |
:--:--:--:--:--:--:--:--:--:--:
|He|He|He|He|He|He|Fo|He|He|He|
:--:--:--:--:--:--:--:--:--:--:
|He|  |He|He|Ea|He|He|He|  |He|
:--:--:--:--:--:--:--:--:--:--:
|  |He|He|He|He|He|He|He|He|He|
:--:--:--:--:--:--:--:--:--:--:
|He|  |  |He|  |He|He|He|  |He|
:--:--:--:--:--:--:--:--:--:--:

------------------------------------------
Simulation - JOURS 29 DE LA SAISON automne
------------------------------------------
------------------RESERVE-----------------
LA RESERVE CONTIENT :
Herbe[id:169 quantite: 565]  en position (0, 0)
Eau[id:170 quantite: 2]  en position (0, 0)
Graine[id:171 quantite: 394]  en position (0, 0)
Foin[id:172 quantite: 2]  en position (0, 0)
------------------------------------------
-------------------POCHE------------------
LA POCHE CONTIENT:
Herbe[id:165 quantite: 11]  en position (6, 9)
Foin[id:166 quantite: 410]  en position (6, 9)
Eau[id:167 quantite: 105]  en position (6, 9)
Graine[id:168 quantite: 901]  en position (6, 9)
------------------------------------------
------------RAPPORT JOURNALIER------------
LE FERMIER RAJOUTE Herbe x11 SUR SA CASE
Le fermier trait la vache !
L'animal Vache mange Herbe[id:1708 quantite: 0]  en position (4, 6)
Pas de bÚbÚ pour Animal de la ferme: Vache en position 4 6 vie restante: 36
L'animal Vache mange Herbe[id:1649 quantite: 0]  en position (2, 9)
L'animal Animal de la ferme: Vache en position 6 3 vie restante: 17 se reproduit
L'animal Vache mange Herbe[id:1476 quantite: 0]  en position (7, 0)
Pas de bÚbÚ pour Animal de la ferme: Vache en position 6 9 vie restante: 90
De l'herbe vient de pousser sur la case 0,2 !
De l'herbe commence Ó s'agrandir en 1,2 !
De l'herbe commence Ó s'agrandir en 2,4 !
De l'herbe commence Ó s'agrandir en 5,3 !
---------REAPPROVISIONNEMENT--------------
LE FERMIER RENTRE CHEZ LUI POUR RECUPERER 4 Herbe
LE FERMIER N'A PLUS DE Eau DANS SA RESERVE !
LE FERMIER RENTRE CHEZ LUI POUR RECUPERER 5 Graine
LE FERMIER N'A PLUS DE Foin DANS SA RESERVE !
-------ETAT ACTUEL DE LA FERME ET DE LA FORET-------
:--:--:--:--:--:--:--:--:--:--:
|He|He|He|He|He|He|  |He|He|  |
:--:--:--:--:--:--:--:--:--:--:
|He|He|He|  |He|He|He|He|  |He|
:--:--:--:--:--:--:--:--:--:--:
|He|He|  |He|He|  |He|He|He|  |
:--:--:--:--:--:--:--:--:--:--:
|He|He|He|He|He|  |He|He|He|He|
:--:--:--:--:--:--:--:--:--:--:
|  |He|He|He|He|  |  |He|  |He|
:--:--:--:--:--:--:--:--:--:--:
|He|He|He|He|He|He|He|He|He|  |
:--:--:--:--:--:--:--:--:--:--:
|He|He|He|He|He|He|Fo|He|He|He|
:--:--:--:--:--:--:--:--:--:--:
|  |  |He|He|Ea|He|He|He|  |He|
:--:--:--:--:--:--:--:--:--:--:
|  |He|He|He|He|He|He|He|He|He|
:--:--:--:--:--:--:--:--:--:--:
|He|  |  |He|  |He|He|He|  |He|
:--:--:--:--:--:--:--:--:--:--:

UPDATE DE LA RESERVE
------------------------------------------
Simulation - JOURS 30 DE LA SAISON automne
------------------------------------------
------------------RESERVE-----------------
LA RESERVE CONTIENT :
Herbe[id:169 quantite: 635]  en position (0, 0)
Eau[id:170 quantite: 91]  en position (0, 0)
Graine[id:171 quantite: 443]  en position (0, 0)
Foin[id:172 quantite: 54]  en position (0, 0)
------------------------------------------
-------------------POCHE------------------
LA POCHE CONTIENT:
Herbe[id:165 quantite: 4]  en position (6, 9)
Foin[id:166 quantite: 410]  en position (6, 9)
Eau[id:167 quantite: 105]  en position (6, 9)
Graine[id:168 quantite: 906]  en position (6, 9)
------------------------------------------
------------RAPPORT JOURNALIER------------
LE FERMIER RAJOUTE Herbe x4 SUR SA CASE
Le fermier trait la vache !
L'animal Vache mange Herbe[id:1691 quantite: 0]  en position (1, 7)
Pas de bÚbÚ pour Animal de la ferme: Vache en position 1 7 vie restante: 55
L'animal prÚdateur mange Animal de la ferme: Vache en position 6 3 vie restante: 17
L'animal prÚdateur mange Animal de la ferme: Vache en position 1 4 vie restante: 90
De l'herbe commence Ó s'agrandir en 0,2 !
De l'herbe commence Ó s'agrandir en 0,8 !
De l'herbe vient de pousser sur la case 2,5 !
De l'herbe commence Ó s'agrandir en 4,1 !
De l'herbe commence Ó s'agrandir en 4,3 !
De l'herbe vient de pousser sur la case 5,9 !
De l'herbe commence Ó s'agrandir en 6,8 !
De l'herbe vient de pousser sur la case 7,1 !
---------REAPPROVISIONNEMENT--------------
LE FERMIER RENTRE CHEZ LUI POUR RECUPERER 6 Herbe
LE FERMIER RENTRE CHEZ LUI POUR RECUPERER 3 Eau
LE FERMIER RENTRE CHEZ LUI POUR RECUPERER 2 Graine
LE FERMIER RENTRE CHEZ LUI POUR RECUPERER 10 Foin
-------ETAT ACTUEL DE LA FERME ET DE LA FORET-------
:--:--:--:--:--:--:--:--:--:--:
|He|He|He|He|He|He|  |He|He|  |
:--:--:--:--:--:--:--:--:--:--:
|He|He|He|  |He|He|He|  |  |He|
:--:--:--:--:--:--:--:--:--:--:
|He|He|  |He|He|He|He|He|He|  |
:--:--:--:--:--:--:--:--:--:--:
|He|He|He|He|He|  |He|He|He|He|
:--:--:--:--:--:--:--:--:--:--:
|  |He|He|He|He|  |  |He|  |He|
:--:--:--:--:--:--:--:--:--:--:
|He|He|He|He|He|He|He|He|He|He|
:--:--:--:--:--:--:--:--:--:--:
|He|He|He|He|He|He|Fo|He|He|He|
:--:--:--:--:--:--:--:--:--:--:
|  |He|He|He|Ea|He|He|He|  |He|
:--:--:--:--:--:--:--:--:--:--:
|  |He|He|He|He|He|He|He|He|He|
:--:--:--:--:--:--:--:--:--:--:
|He|  |  |He|  |He|He|He|  |He|
:--:--:--:--:--:--:--:--:--:--:

------------------------------------------
Simulation - JOURS 31 DE LA SAISON automne
------------------------------------------
------------------RESERVE-----------------
LA RESERVE CONTIENT :
Herbe[id:169 quantite: 629]  en position (0, 0)
Eau[id:170 quantite: 88]  en position (0, 0)
Graine[id:171 quantite: 441]  en position (0, 0)
Foin[id:172 quantite: 44]  en position (0, 0)
------------------------------------------
-------------------POCHE------------------
LA POCHE CONTIENT:
Herbe[id:165 quantite: 6]  en position (6, 9)
Foin[id:166 quantite: 420]  en position (6, 9)
Eau[id:167 quantite: 108]  en position (6, 9)
Graine[id:168 quantite: 908]  en position (6, 9)
------------------------------------------
------------RAPPORT JOURNALIER------------
Le fermier dÚpose 908 Graine par terre
Le fermier trait la vache !
Le fermier trait la vache !
L'animal Vache mange Herbe[id:1724 quantite: 0]  en position (7, 1)
Pas de bÚbÚ pour Animal de la ferme: Vache en position 7 1 vie restante: 37
De l'herbe commence Ó s'agrandir en 0,8 !
De l'herbe vient de pousser sur la case 0,9 !
De l'herbe vient de pousser sur la case 1,8 !
De l'herbe commence Ó s'agrandir en 3,9 !
De l'herbe vient de pousser sur la case 4,0 !
De l'herbe commence Ó s'agrandir en 4,3 !
De l'herbe commence Ó s'agrandir en 5,4 !
De l'herbe commence Ó s'agrandir en 5,5 !
De l'herbe commence Ó s'agrandir en 7,7 !
De l'herbe commence Ó s'agrandir en 8,3 !
---------REAPPROVISIONNEMENT--------------
LE FERMIER RENTRE CHEZ LUI POUR RECUPERER 7 Herbe
LE FERMIER RENTRE CHEZ LUI POUR RECUPERER 10 Eau
LE FERMIER RENTRE CHEZ LUI POUR RECUPERER 2 Graine
LE FERMIER RENTRE CHEZ LUI POUR RECUPERER 2 Foin
-------ETAT ACTUEL DE LA FERME ET DE LA FORET-------
:--:--:--:--:--:--:--:--:--:--:
|He|He|He|He|He|He|  |He|He|He|
:--:--:--:--:--:--:--:--:--:--:
|He|He|He|  |He|He|He|  |He|He|
:--:--:--:--:--:--:--:--:--:--:
|He|He|  |He|He|He|He|He|He|  |
:--:--:--:--:--:--:--:--:--:--:
|He|He|He|He|He|  |He|He|He|He|
:--:--:--:--:--:--:--:--:--:--:
|He|He|He|He|He|  |  |He|  |He|
:--:--:--:--:--:--:--:--:--:--:
|He|He|He|He|He|He|He|He|He|He|
:--:--:--:--:--:--:--:--:--:--:
|He|He|He|He|He|He|Fo|He|He|He|
:--:--:--:--:--:--:--:--:--:--:
|  |  |He|He|Ea|He|He|He|  |He|
:--:--:--:--:--:--:--:--:--:--:
|  |He|He|He|He|He|He|He|He|He|
:--:--:--:--:--:--:--:--:--:--:
|He|Gr|  |He|  |He|He|He|  |He|
:--:--:--:--:--:--:--:--:--:--:

------------------------------------------
Simulation - JOURS 32 DE LA SAISON automne
------------------------------------------
------------------RESERVE-----------------
LA RESERVE CONTIENT :
Herbe[id:169 quantite: 622]  en position (0, 0)
Eau[id:170 quantite: 78]  en position (0, 0)
Graine[id:171 quantite: 439]  en position (0, 0)
Foin[id:172 quantite: 42]  en position (0, 0)
------------------------------------------
-------------------POCHE------------------
LA POCHE CONTIENT:
Herbe[id:165 quantite: 13]  en position (9, 1)
Foin[id:166 quantite: 422]  en position (9, 1)
Eau[id:167 quantite: 118]  en position (9, 1)
Graine[id:168 quantite: 2]  en position (9, 1)
------------------------------------------
------------RAPPORT JOURNALIER------------
LE FERMIER RAJOUTE Graine x2 SUR SA CASE
Le fermier trait la vache !
L'animal Poule n'a pas trouvÚ de nourriture...
Pas de bÚbÚ pour Animal de la ferme: Poule en position 7 5 vie restante: 20
De l'herbe vient de pousser sur la case 2,2 !
De l'herbe commence Ó s'agrandir en 4,4 !
De l'herbe vient de pousser sur la case 4,6 !
De l'herbe vient de pousser sur la case 4,8 !
De l'herbe vient de pousser sur la case 7,1 !
---------REAPPROVISIONNEMENT--------------
LE FERMIER RENTRE CHEZ LUI POUR RECUPERER 10 Herbe
LE FERMIER RENTRE CHEZ LUI POUR RECUPERER 10 Eau
LE FERMIER RENTRE CHEZ LUI POUR RECUPERER 4 Graine
LE FERMIER RENTRE CHEZ LUI POUR RECUPERER 11 Foin
-------ETAT ACTUEL DE LA FERME ET DE LA FORET-------
:--:--:--:--:--:--:--:--:--:--:
|He|He|He|He|He|He|  |He|He|He|
:--:--:--:--:--:--:--:--:--:--:
|He|He|He|  |He|He|He|  |He|He|
:--:--:--:--:--:--:--:--:--:--:
|He|He|He|He|He|He|He|He|He|  |
:--:--:--:--:--:--:--:--:--:--:
|He|He|He|He|He|  |He|He|He|He|
:--:--:--:--:--:--:--:--:--:--:
|He|He|He|He|He|  |He|He|He|He|
:--:--:--:--:--:--:--:--:--:--:
|He|He|He|He|He|He|He|He|He|He|
:--:--:--:--:--:--:--:--:--:--:
|He|He|He|He|He|He|Fo|He|He|He|
:--:--:--:--:--:--:--:--:--:--:
|  |He|He|He|Ea|  |He|He|  |He|
:--:--:--:--:--:--:--:--:--:--:
|  |He|He|He|He|He|He|He|He|He|
:--:--:--:--:--:--:--:--:--:--:
|He|Gr|  |He|  |He|He|He|  |He|
:--:--:--:--:--:--:--:--:--:--:

------------------------------------------
Simulation - JOURS 33 DE LA SAISON automne
------------------------------------------
------------------RESERVE-----------------
LA RESERVE CONTIENT :
Herbe[id:169 quantite: 612]  en position (0, 0)
Eau[id:170 quantite: 68]  en position (0, 0)
Graine[id:171 quantite: 435]  en position (0, 0)
Foin[id:172 quantite: 31]  en position (0, 0)
------------------------------------------
-------------------POCHE------------------
LA POCHE CONTIENT:
Herbe[id:165 quantite: 23]  en position (9, 1)
Foin[id:166 quantite: 433]  en position (9, 1)
Eau[id:167 quantite: 128]  en position (9, 1)
Graine[id:168 quantite: 4]  en position (9, 1)
------------------------------------------
------------RAPPORT JOURNALIER------------
LE FERMIER RAJOUTE Herbe x23 SUR SA CASE
Le fermier trait la vache !
L'animal Vache mange Herbe[id:1734 quantite: 0]  en position (7, 1)
L'animal Animal de la ferme: Vache en position 7 1 vie restante: 20 se reproduit
L'animal Vache mange Herbe[id:1732 quantite: 0]  en position (4, 6)
Pas de bÚbÚ pour Animal de la ferme: Vache en position 4 5 vie restante: 43
L'animal Vache mange Herbe[id:1531 quantite: 0]  en position (1, 0)
Pas de bÚbÚ pour Animal de la ferme: Vache en position 1 0 vie restante: 72
De l'herbe commence Ó s'agrandir en 0,5 !
De l'herbe vient de pousser sur la case 1,0 !
De l'herbe commence Ó s'agrandir en 1,5 !
De l'herbe commence Ó s'agrandir en 2,3 !
De l'herbe vient de pousser sur la case 3,5 !
De l'herbe commence Ó s'agrandir en 4,3 !
De l'herbe commence Ó s'agrandir en 4,7 !
De l'herbe commence Ó s'agrandir en 6,3 !
De l'herbe commence Ó s'agrandir en 6,4 !
De l'herbe commence Ó s'agrandir en 6,7 !
De l'herbe commence Ó s'agrandir en 9,3 !
De l'herbe commence Ó s'agrandir en 9,9 !
---------REAPPROVISIONNEMENT--------------
LE FERMIER RENTRE CHEZ LUI POUR RECUPERER 10 Herbe
LE FERMIER RENTRE CHEZ LUI POUR RECUPERER 5 Eau
LE FERMIER RENTRE CHEZ LUI POUR RECUPERER 3 Graine
LE FERMIER RENTRE CHEZ LUI POUR RECUPERER 8 Foin
-------ETAT ACTUEL DE LA FERME ET DE LA FORET-------
:--:--:--:--:--:--:--:--:--:--:
|He|He|He|He|He|He|  |He|He|He|
:--:--:--:--:--:--:--:--:--:--:
|He|He|He|  |He|He|He|  |He|He|
:--:--:--:--:--:--:--:--:--:--:
|He|He|He|He|He|He|He|He|He|  |
:--:--:--:--:--:--:--:--:--:--:
|He|He|He|He|He|He|He|He|He|He|
:--:--:--:--:--:--:--:--:--:--:
|He|He|He|He|He|  |  |He|He|He|
:--:--:--:--:--:--:--:--:--:--:
|He|He|He|He|He|He|He|He|He|He|
:--:--:--:--:--:--:--:--:--:--:
|He|He|He|He|He|He|Fo|He|He|He|
:--:--:--:--:--:--:--:--:--:--:
|  |  |He|He|Ea|  |He|He|  |He|
:--:--:--:--:--:--:--:--:--:--:
|  |He|He|He|He|He|He|He|He|He|
:--:--:--:--:--:--:--:--:--:--:
|He|Gr|  |He|  |He|He|He|  |He|
:--:--:--:--:--:--:--:--:--:--:

------------------------------------------
Simulation - JOURS 34 DE LA SAISON automne
------------------------------------------
------------------RESERVE-----------------
LA RESERVE CONTIENT :
Herbe[id:169 quantite: 602]  en position (0, 0)
Eau[id:170 quantite: 63]  en position (0, 0)
Graine[id:171 quantite: 432]  en position (0, 0)
Foin[id:172 quantite: 23]  en position (0, 0)
------------------------------------------
-------------------POCHE------------------
LA POCHE CONTIENT:
Herbe[id:165 quantite: 10]  en position (9, 1)
Foin[id:166 quantite: 441]  en position (9, 1)
Eau[id:167 quantite: 133]  en position (9, 1)
Graine[id:168 quantite: 7]  en position (9, 1)
------------------------------------------
------------RAPPORT JOURNALIER------------
LE FERMIER RAJOUTE Herbe x10 SUR SA CASE
Le fermier trait la vache !
L'animal Vache mange Herbe[id:1561 quantite: 0]  en position (5, 3)
L'animal Animal de la ferme: Vache en position 5 3 vie restante: 48 se reproduit
L'animal Vache mange Herbe[id:1655 quantite: 0]  en position (0, 0)
Pas de bÚbÚ pour Animal de la ferme: Vache en position 0 0 vie restante: 65
De l'herbe commence Ó s'agrandir en 0,7 !
De l'herbe commence Ó s'agrandir en 1,8 !
De l'herbe commence Ó s'agrandir en 2,7 !
De l'herbe commence Ó s'agrandir en 2,8 !
De l'herbe commence Ó s'agrandir en 4,8 !
De l'herbe commence Ó s'agrandir en 5,4 !
De l'herbe commence Ó s'agrandir en 6,1 !
De l'herbe commence Ó s'agrandir en 6,2 !
De l'herbe commence Ó s'agrandir en 8,2 !
De l'herbe commence Ó s'agrandir en 8,5 !
---------REAPPROVISIONNEMENT--------------
LE FERMIER RENTRE CHEZ LUI POUR RECUPERER 9 Herbe
LE FERMIER RENTRE CHEZ LUI POUR RECUPERER 8 Eau
LE FERMIER RENTRE CHEZ LUI POUR RECUPERER 10 Graine
LE FERMIER RENTRE CHEZ LUI POUR RECUPERER 7 Foin
-------ETAT ACTUEL DE LA FERME ET DE LA FORET-------
:--:--:--:--:--:--:--:--:--:--:
|  |He|He|He|He|He|  |He|He|He|
:--:--:--:--:--:--:--:--:--:--:
|He|He|He|  |He|He|He|  |He|He|
:--:--:--:--:--:--:--:--:--:--:
|He|He|He|He|He|He|He|He|He|  |
:--:--:--:--:--:--:--:--:--:--:
|He|He|He|He|He|He|He|He|He|He|
:--:--:--:--:--:--:--:--:--:--:
|He|He|He|He|He|  |  |He|He|He|
:--:--:--:--:--:--:--:--:--:--:
|He|He|He|  |He|He|He|He|He|He|
:--:--:--:--:--:--:--:--:--:--:
|He|He|He|He|He|He|Fo|He|He|He|
:--:--:--:--:--:--:--:--:--:--:
|  |  |He|He|Ea|  |He|He|  |He|
:--:--:--:--:--:--:--:--:--:--:
|  |He|He|He|He|He|He|He|He|He|
:--:--:--:--:--:--:--:--:--:--:
|He|Gr|  |He|  |He|He|He|  |He|
:--:--:--:--:--:--:--:--:--:--:

------------------------------------------
Simulation - JOURS 35 DE LA SAISON automne
------------------------------------------
------------------RESERVE-----------------
LA RESERVE CONTIENT :
Herbe[id:169 quantite: 593]  en position (0, 0)
Eau[id:170 quantite: 55]  en position (0, 0)
Graine[id:171 quantite: 422]  en position (0, 0)
Foin[id:172 quantite: 16]  en position (0, 0)
------------------------------------------
-------------------POCHE------------------
LA POCHE CONTIENT:
Herbe[id:165 quantite: 9]  en position (9, 1)
Foin[id:166 quantite: 448]  en position (9, 1)
Eau[id:167 quantite: 141]  en position (9, 1)
Graine[id:168 quantite: 17]  en position (9, 1)
------------------------------------------
------------RAPPORT JOURNALIER------------
LE FERMIER RAJOUTE Herbe x9 SUR SA CASE
Le fermier trait la vache !
De l'herbe vient de pousser sur la case 0,6 !
De l'herbe commence Ó s'agrandir en 3,6 !
De l'herbe commence Ó s'agrandir en 4,9 !
De l'herbe commence Ó s'agrandir en 5,1 !
De l'herbe commence Ó s'agrandir en 5,6 !
De l'herbe commence Ó s'agrandir en 6,8 !
De l'herbe commence Ó s'agrandir en 8,3 !
De l'herbe commence Ó s'agrandir en 8,6 !
---------REAPPROVISIONNEMENT--------------
LE FERMIER RENTRE CHEZ LUI POUR RECUPERER 6 Herbe
LE FERMIER RENTRE CHEZ LUI POUR RECUPERER 6 Eau
LE FERMIER RENTRE CHEZ LUI POUR RECUPERER 9 Graine
LE FERMIER RENTRE CHEZ LUI POUR RECUPERER 10 Foin
-------ETAT ACTUEL DE LA FERME ET DE LA FORET-------
:--:--:--:--:--:--:--:--:--:--:
|  |He|He|He|He|He|He|He|He|He|
:--:--:--:--:--:--:--:--:--:--:
|He|He|He|  |He|He|He|  |He|He|
:--:--:--:--:--:--:--:--:--:--:
|He|He|He|He|He|He|He|He|He|  |
:--:--:--:--:--:--:--:--:--:--:
|He|He|He|He|He|He|He|He|He|He|
:--:--:--:--:--:--:--:--:--:--:
|He|He|He|He|He|  |  |He|He|He|
:--:--:--:--:--:--:--:--:--:--:
|He|He|He|  |He|He|He|He|He|He|
:--:--:--:--:--:--:--:--:--:--:
|He|He|He|He|He|He|Fo|He|He|He|
:--:--:--:--:--:--:--:--:--:--:
|  |  |He|He|Ea|  |He|He|  |He|
:--:--:--:--:--:--:--:--:--:--:
|  |He|He|He|He|He|He|He|He|He|
:--:--:--:--:--:--:--:--:--:--:
|He|Gr|  |He|  |He|He|He|  |He|
:--:--:--:--:--:--:--:--:--:--:

------------------------------------------
Simulation - JOURS 36 DE LA SAISON automne
------------------------------------------
------------------RESERVE-----------------
LA RESERVE CONTIENT :
Herbe[id:169 quantite: 587]  en position (0, 0)
Eau[id:170 quantite: 49]  en position (0, 0)
Graine[id:171 quantite: 413]  en position (0, 0)
Foin[id:172 quantite: 6]  en position (0, 0)
------------------------------------------
-------------------POCHE------------------
LA POCHE CONTIENT:
Herbe[id:165 quantite: 6]  en position (9, 1)
Foin[id:166 quantite: 458]  en position (9, 1)
Eau[id:167 quantite: 147]  en position (9, 1)
Graine[id:168 quantite: 26]  en position (9, 1)
------------------------------------------
------------RAPPORT JOURNALIER------------
LE FERMIER RAJOUTE Herbe x6 SUR SA CASE
L'animal Vache mange Herbe[id:1500 quantite: 0]  en position (7, 9)
Pas de bÚbÚ pour Animal de la ferme: Vache en position 7 9 vie restante: 67
L'animal Vache mange Herbe[id:1723 quantite: 0]  en position (5, 9)
Pas de bÚbÚ pour Animal de la ferme: Vache en position 0 6 vie restante: 28
L'animal prÚdateur mange Animal de la ferme: Vache en position 4 6 vie restante: 65
De l'herbe commence Ó s'agrandir en 0,4 !
De l'herbe commence Ó s'agrandir en 1,9 !
De l'herbe commence Ó s'agrandir en 2,3 !
De l'herbe commence Ó s'agrandir en 2,7 !
De l'herbe commence Ó s'agrandir en 2,8 !
De l'herbe commence Ó s'agrandir en 3,5 !
De l'herbe commence Ó s'agrandir en 3,9 !
De l'herbe vient de pousser sur la case 4,6 !
De l'herbe commence Ó s'agrandir en 4,7 !
De l'herbe commence Ó s'agrandir en 6,2 !
De l'herbe commence Ó s'agrandir en 8,2 !
De l'herbe commence Ó s'agrandir en 9,0 !
De l'herbe vient de pousser sur la case 9,8 !
De l'herbe commence Ó s'agrandir en 9,9 !
---------REAPPROVISIONNEMENT--------------
LE FERMIER RENTRE CHEZ LUI POUR RECUPERER 9 Herbe
LE FERMIER RENTRE CHEZ LUI POUR RECUPERER 4 Eau
LE FERMIER RENTRE CHEZ LUI POUR RECUPERER 11 Graine
LE FERMIER RENTRE CHEZ LUI POUR RECUPERER 3 Foin
-------ETAT ACTUEL DE LA FERME ET DE LA FORET-------
:--:--:--:--:--:--:--:--:--:--:
|  |He|He|He|He|He|He|He|He|He|
:--:--:--:--:--:--:--:--:--:--:
|He|He|He|  |He|He|He|  |He|He|
:--:--:--:--:--:--:--:--:--:--:
|He|He|He|He|He|He|He|He|He|  |
:--:--:--:--:--:--:--:--:--:--:
|He|He|He|He|He|He|He|He|He|He|
:--:--:--:--:--:--:--:--:--:--:
|He|He|He|He|He|  |He|He|He|He|
:--:--:--:--:--:--:--:--:--:--:
|He|He|He|  |He|He|He|He|He|  |
:--:--:--:--:--:--:--:--:--:--:
|He|He|He|He|He|He|Fo|He|He|He|
:--:--:--:--:--:--:--:--:--:--:
|  |  |He|He|Ea|  |He|He|  |  |
:--:--:--:--:--:--:--:--:--:--:
|  |He|He|He|He|He|He|He|He|He|
:--:--:--:--:--:--:--:--:--:--:
|He|Gr|  |He|  |He|He|He|He|He|
:--:--:--:--:--:--:--:--:--:--:

------------------------------------------
Simulation - JOURS 37 DE LA SAISON automne
------------------------------------------
------------------RESERVE-----------------
LA RESERVE CONTIENT :
Herbe[id:169 quantite: 578]  en position (0, 0)
Eau[id:170 quantite: 45]  en position (0, 0)
Graine[id:171 quantite: 402]  en position (0, 0)
Foin[id:172 quantite: 3]  en position (0, 0)
------------------------------------------
-------------------POCHE------------------
LA POCHE CONTIENT:
Herbe[id:165 quantite: 9]  en position (9, 1)
Foin[id:166 quantite: 461]  en position (9, 1)
Eau[id:167 quantite: 151]  en position (9, 1)
Graine[id:168 quantite: 37]  en position (9, 1)
------------------------------------------
------------RAPPORT JOURNALIER------------
LE FERMIER RAJOUTE Herbe x9 SUR SA CASE
Le fermier trait la vache !
L'animal Vache mange Herbe[id:1742 quantite: 0]  en position (0, 6)
Pas de bÚbÚ pour Animal de la ferme: Vache en position 4 2 vie restante: 28
De l'herbe vient de pousser sur la case 0,6 !
De l'herbe commence Ó s'agrandir en 4,1 !
De l'herbe commence Ó s'agrandir en 4,2 !
De l'herbe commence Ó s'agrandir en 4,8 !
De l'herbe commence Ó s'agrandir en 6,1 !
De l'herbe commence Ó s'agrandir en 7,3 !
De l'herbe commence Ó s'agrandir en 8,5 !
---------REAPPROVISIONNEMENT--------------
LE FERMIER RENTRE CHEZ LUI POUR RECUPERER 10 Herbe
LE FERMIER RENTRE CHEZ LUI POUR RECUPERER 6 Eau
LE FERMIER RENTRE CHEZ LUI POUR RECUPERER 5 Graine
LE FERMIER RENTRE CHEZ LUI POUR RECUPERER 2 Foin
-------ETAT ACTUEL DE LA FERME ET DE LA FORET-------
:--:--:--:--:--:--:--:--:--:--:
|  |He|He|He|He|He|He|He|He|He|
:--:--:--:--:--:--:--:--:--:--:
|He|He|He|  |He|He|He|  |He|He|
:--:--:--:--:--:--:--:--:--:--:
|He|He|He|He|He|He|He|He|He|  |
:--:--:--:--:--:--:--:--:--:--:
|He|He|He|He|He|He|He|He|He|He|
:--:--:--:--:--:--:--:--:--:--:
|He|He|He|He|He|  |He|He|He|He|
:--:--:--:--:--:--:--:--:--:--:
|He|He|He|  |He|He|He|He|He|  |
:--:--:--:--:--:--:--:--:--:--:
|He|He|He|He|He|He|Fo|He|He|He|
:--:--:--:--:--:--:--:--:--:--:
|  |  |He|He|Ea|  |He|He|  |  |
:--:--:--:--:--:--:--:--:--:--:
|  |He|He|He|He|He|He|He|He|He|
:--:--:--:--:--:--:--:--:--:--:
|He|Gr|  |He|  |He|He|He|He|He|
:--:--:--:--:--:--:--:--:--:--:

------------------------------------------
Simulation - JOURS 38 DE LA SAISON automne
------------------------------------------
------------------RESERVE-----------------
LA RESERVE CONTIENT :
Herbe[id:169 quantite: 568]  en position (0, 0)
Eau[id:170 quantite: 39]  en position (0, 0)
Graine[id:171 quantite: 397]  en position (0, 0)
Foin[id:172 quantite: 1]  en position (0, 0)
------------------------------------------
-------------------POCHE------------------
LA POCHE CONTIENT:
Herbe[id:165 quantite: 10]  en position (9, 1)
Foin[id:166 quantite: 463]  en position (9, 1)
Eau[id:167 quantite: 157]  en position (9, 1)
Graine[id:168 quantite: 42]  en position (9, 1)
------------------------------------------
------------RAPPORT JOURNALIER------------
LE FERMIER RAJOUTE Herbe x10 SUR SA CASE
Le fermier trait la vache !
L'animal Vache mange Herbe[id:1632 quantite: 0]  en position (4, 2)
Pas de bÚbÚ pour Animal de la ferme: Vache en position 4 2 vie restante: 75
L'animal Vache mange Herbe[id:1727 quantite: 0]  en position (0, 9)
Pas de bÚbÚ pour Animal de la ferme: Vache en position 9 4 vie restante: 51
L'animal Vache mange Herbe[id:1685 quantite: 0]  en position (9, 7)
Pas de bÚbÚ pour Animal de la ferme: Vache en position 9 7 vie restante: 68
De l'herbe commence Ó s'agrandir en 0,5 !
De l'herbe commence Ó s'agrandir en 1,1 !
De l'herbe commence Ó s'agrandir en 2,2 !
De l'herbe commence Ó s'agrandir en 2,3 !
De l'herbe commence Ó s'agrandir en 2,5 !
De l'herbe vient de pousser sur la case 4,2 !
De l'herbe vient de pousser sur la case 4,5 !
De l'herbe commence Ó s'agrandir en 6,3 !
De l'herbe commence Ó s'agrandir en 8,2 !
---------REAPPROVISIONNEMENT--------------
LE FERMIER RENTRE CHEZ LUI POUR RECUPERER 6 Herbe
LE FERMIER RENTRE CHEZ LUI POUR RECUPERER 10 Eau
LE FERMIER RENTRE CHEZ LUI POUR RECUPERER 3 Graine
LE FERMIER N'A PLUS DE Foin DANS SA RESERVE !
-------ETAT ACTUEL DE LA FERME ET DE LA FORET-------
:--:--:--:--:--:--:--:--:--:--:
|  |He|He|He|He|He|He|He|He|  |
:--:--:--:--:--:--:--:--:--:--:
|He|He|He|  |He|He|He|  |He|He|
:--:--:--:--:--:--:--:--:--:--:
|He|He|He|He|He|He|He|He|He|  |
:--:--:--:--:--:--:--:--:--:--:
|He|He|He|He|He|He|He|He|He|He|
:--:--:--:--:--:--:--:--:--:--:
|He|He|He|He|He|He|He|He|He|He|
:--:--:--:--:--:--:--:--:--:--:
|He|He|He|  |He|He|He|He|He|  |
:--:--:--:--:--:--:--:--:--:--:
|He|He|He|He|He|He|Fo|He|He|He|
:--:--:--:--:--:--:--:--:--:--:
|  |  |He|He|Ea|  |He|He|  |  |
:--:--:--:--:--:--:--:--:--:--:
|  |He|He|He|He|He|He|He|He|He|
:--:--:--:--:--:--:--:--:--:--:
|He|Gr|  |He|  |He|He|  |He|He|
:--:--:--:--:--:--:--:--:--:--:

------------------------------------------
Simulation - JOURS 39 DE LA SAISON automne
------------------------------------------
------------------RESERVE-----------------
LA RESERVE CONTIENT :
Herbe[id:169 quantite: 562]  en position (0, 0)
Eau[id:170 quantite: 29]  en position (0, 0)
Graine[id:171 quantite: 394]  en position (0, 0)
Foin[id:172 quantite: 1]  en position (0, 0)
------------------------------------------
-------------------POCHE------------------
LA POCHE CONTIENT:
Herbe[id:165 quantite: 6]  en position (9, 1)
Foin[id:166 quantite: 463]  en position (9, 1)
Eau[id:167 quantite: 167]  en position (9, 1)
Graine[id:168 quantite: 45]  en position (9, 1)
------------------------------------------
------------RAPPORT JOURNALIER------------
LE FERMIER RAJOUTE Herbe x6 SUR SA CASE
Le fermier trait la vache !
L'animal Vache mange Herbe[id:1752 quantite: 0]  en position (4, 2)
Pas de bÚbÚ pour Animal de la ferme: Vache en position 4 2 vie restante: 63
De l'herbe commence Ó s'agrandir en 0,5 !
De l'herbe commence Ó s'agrandir en 0,6 !
De l'herbe vient de pousser sur la case 1,7 !
De l'herbe commence Ó s'agrandir en 2,7 !
De l'herbe commence Ó s'agrandir en 3,1 !
De l'herbe commence Ó s'agrandir en 3,9 !
De l'herbe commence Ó s'agrandir en 4,3 !
De l'herbe commence Ó s'agrandir en 5,5 !
De l'herbe commence Ó s'agrandir en 6,8 !
De l'herbe vient de pousser sur la case 8,0 !
De l'herbe commence Ó s'agrandir en 8,3 !
De l'herbe vient de pousser sur la case 9,2 !
---------REAPPROVISIONNEMENT--------------
LE FERMIER RENTRE CHEZ LUI POUR RECUPERER 8 Herbe
LE FERMIER RENTRE CHEZ LUI POUR RECUPERER 5 Eau
LE FERMIER RENTRE CHEZ LUI POUR RECUPERER 3 Graine
LE FERMIER N'A PLUS DE Foin DANS SA RESERVE !
-------ETAT ACTUEL DE LA FERME ET DE LA FORET-------
:--:--:--:--:--:--:--:--:--:--:
|  |He|He|He|He|He|He|He|He|  |
:--:--:--:--:--:--:--:--:--:--:
|He|He|He|  |He|He|He|He|He|He|
:--:--:--:--:--:--:--:--:--:--:
|He|He|He|He|He|He|He|He|He|  |
:--:--:--:--:--:--:--:--:--:--:
|He|He|He|He|He|He|He|He|He|He|
:--:--:--:--:--:--:--:--:--:--:
|He|He|  |He|He|He|He|He|He|He|
:--:--:--:--:--:--:--:--:--:--:
|He|He|He|  |He|He|He|He|He|  |
:--:--:--:--:--:--:--:--:--:--:
|He|He|He|He|He|He|Fo|He|He|He|
:--:--:--:--:--:--:--:--:--:--:
|  |  |He|He|Ea|  |He|He|  |  |
:--:--:--:--:--:--:--:--:--:--:
|He|He|He|He|He|He|He|He|He|He|
:--:--:--:--:--:--:--:--:--:--:
|He|Gr|He|He|  |He|He|  |He|He|
:--:--:--:--:--:--:--:--:--:--:

UPDATE DE LA RESERVE
------------------------------------------
Simulation - JOURS 40 DE LA SAISON automne
------------------------------------------
------------------RESERVE-----------------
LA RESERVE CONTIENT :
Herbe[id:169 quantite: 621]  en position (0, 0)
Eau[id:170 quantite: 49]  en position (0, 0)
Graine[id:171 quantite: 405]  en position (0, 0)
Foin[id:172 quantite: 69]  en position (0, 0)
------------------------------------------
-------------------POCHE------------------
LA POCHE CONTIENT:
Herbe[id:165 quantite: 8]  en position (9, 1)
Foin[id:166 quantite: 463]  en position (9, 1)
Eau[id:167 quantite: 172]  en position (9, 1)
Graine[id:168 quantite: 48]  en position (9, 1)
------------------------------------------
------------RAPPORT JOURNALIER------------
LE FERMIER RAJOUTE Herbe x8 SUR SA CASE
Le fermier trait la vache !
De l'herbe commence Ó s'agrandir en 0,7 !
De l'herbe commence Ó s'agrandir en 1,2 !
De l'herbe commence Ó s'agrandir en 1,5 !
De l'herbe commence Ó s'agrandir en 1,9 !
De l'herbe commence Ó s'agrandir en 4,7 !
De l'herbe commence Ó s'agrandir en 4,9 !
De l'herbe commence Ó s'agrandir en 6,5 !
De l'herbe commence Ó s'agrandir en 7,6 !
De l'herbe commence Ó s'agrandir en 8,5 !
De l'herbe vient de pousser sur la case 9,4 !
De l'herbe commence Ó s'agrandir en 9,8 !
---------REAPPROVISIONNEMENT--------------
LE FERMIER RENTRE CHEZ LUI POUR RECUPERER 10 Herbe
LE FERMIER RENTRE CHEZ LUI POUR RECUPERER 5 Eau
LE FERMIER RENTRE CHEZ LUI POUR RECUPERER 11 Graine
LE FERMIER RENTRE CHEZ LUI POUR RECUPERER 10 Foin
-------ETAT ACTUEL DE LA FERME ET DE LA FORET-------
:--:--:--:--:--:--:--:--:--:--:
|  |He|He|He|He|He|He|He|He|  |
:--:--:--:--:--:--:--:--:--:--:
|He|He|He|  |He|He|He|He|He|He|
:--:--:--:--:--:--:--:--:--:--:
|He|He|He|He|He|He|He|He|He|  |
:--:--:--:--:--:--:--:--:--:--:
|He|He|He|He|He|He|He|He|He|He|
:--:--:--:--:--:--:--:--:--:--:
|He|He|  |He|He|He|He|He|He|He|
:--:--:--:--:--:--:--:--:--:--:
|He|He|He|  |He|He|He|He|He|  |
:--:--:--:--:--:--:--:--:--:--:
|He|He|He|He|He|He|Fo|He|He|He|
:--:--:--:--:--:--:--:--:--:--:
|  |  |He|He|Ea|  |He|He|  |  |
:--:--:--:--:--:--:--:--:--:--:
|He|He|He|He|He|He|He|He|He|He|
:--:--:--:--:--:--:--:--:--:--:
|He|Gr|He|He|He|He|He|  |He|He|
:--:--:--:--:--:--:--:--:--:--:

------------------------------------------
Simulation - JOURS 41 DE LA SAISON automne
------------------------------------------
------------------RESERVE-----------------
LA RESERVE CONTIENT :
Herbe[id:169 quantite: 611]  en position (0, 0)
Eau[id:170 quantite: 44]  en position (0, 0)
Graine[id:171 quantite: 394]  en position (0, 0)
Foin[id:172 quantite: 59]  en position (0, 0)
------------------------------------------
-------------------POCHE------------------
LA POCHE CONTIENT:
Herbe[id:165 quantite: 10]  en position (9, 1)
Foin[id:166 quantite: 473]  en position (9, 1)
Eau[id:167 quantite: 177]  en position (9, 1)
Graine[id:168 quantite: 59]  en position (9, 1)
------------------------------------------
------------RAPPORT JOURNALIER------------
LE FERMIER RAJOUTE Herbe x10 SUR SA CASE
Le fermier trait la vache !
L'animal Vache mange Herbe[id:1758 quantite: 0]  en position (9, 4)
Pas de bÚbÚ pour Animal de la ferme: Vache en position 9 4 vie restante: 52
De l'herbe commence Ó s'agrandir en 0,4 !
De l'herbe commence Ó s'agrandir en 1,0 !
De l'herbe commence Ó s'agrandir en 2,4 !
De l'herbe commence Ó s'agrandir en 4,0 !
De l'herbe commence Ó s'agrandir en 4,3 !
De l'herbe vient de pousser sur la case 5,3 !
De l'herbe commence Ó s'agrandir en 6,5 !
De l'herbe commence Ó s'agrandir en 6,9 !
De l'herbe vient de pousser sur la case 7,1 !
De l'herbe commence Ó s'agrandir en 7,2 !
De l'herbe commence Ó s'agrandir en 9,6 !
---------REAPPROVISIONNEMENT--------------
LE FERMIER RENTRE CHEZ LUI POUR RECUPERER 10 Herbe
LE FERMIER RENTRE CHEZ LUI POUR RECUPERER 8 Eau
LE FERMIER RENTRE CHEZ LUI POUR RECUPERER 2 Graine
LE FERMIER RENTRE CHEZ LUI POUR RECUPERER 11 Foin
-------ETAT ACTUEL DE LA FERME ET DE LA FORET-------
:--:--:--:--:--:--:--:--:--:--:
|  |He|He|He|He|He|He|He|He|  |
:--:--:--:--:--:--:--:--:--:--:
|He|He|He|  |He|He|He|He|He|He|
:--:--:--:--:--:--:--:--:--:--:
|He|He|He|He|He|He|He|He|He|  |
:--:--:--:--:--:--:--:--:--:--:
|He|He|He|He|He|He|He|He|He|He|
:--:--:--:--:--:--:--:--:--:--:
|He|He|  |He|He|He|He|He|He|He|
:--:--:--:--:--:--:--:--:--:--:
|He|He|He|He|He|He|He|He|He|  |
:--:--:--:--:--:--:--:--:--:--:
|He|He|He|He|He|He|Fo|He|He|He|
:--:--:--:--:--:--:--:--:--:--:
|  |He|He|He|Ea|  |He|He|  |  |
:--:--:--:--:--:--:--:--:--:--:
|He|He|He|He|He|He|He|He|He|He|
:--:--:--:--:--:--:--:--:--:--:
|He|Gr|He|He|  |He|He|  |He|He|
:--:--:--:--:--:--:--:--:--:--:

------------------------------------------
Simulation - JOURS 42 DE LA SAISON automne
------------------------------------------
------------------RESERVE-----------------
LA RESERVE CONTIENT :
Herbe[id:169 quantite: 601]  en position (0, 0)
Eau[id:170 quantite: 36]  en position (0, 0)
Graine[id:171 quantite: 392]  en position (0, 0)
Foin[id:172 quantite: 48]  en position (0, 0)
------------------------------------------
-------------------POCHE------------------
LA POCHE CONTIENT:
Herbe[id:165 quantite: 10]  en position (9, 1)
Foin[id:166 quantite: 484]  en position (9, 1)
Eau[id:167 quantite: 185]  en position (9, 1)
Graine[id:168 quantite: 61]  en position (9, 1)
------------------------------------------
------------RAPPORT JOURNALIER------------
LE FERMIER RAJOUTE Herbe x10 SUR SA CASE
Le fermier trait la vache !
L'animal Vache n'a pas trouvÚ de nourriture...
L'animal Animal de la ferme: Vache en position 9 1 vie restante: 33 se reproduit
L'animal Vache mange Herbe[id:1162 quantite: 0]  en position (3, 0)
Pas de bÚbÚ pour Animal de la ferme: Vache en position 4 5 vie restante: 100
De l'herbe commence Ó s'agrandir en 1,1 !
De l'herbe commence Ó s'agrandir en 3,5 !
De l'herbe commence Ó s'agrandir en 3,7 !
De l'herbe commence Ó s'agrandir en 3,9 !
De l'herbe commence Ó s'agrandir en 4,3 !
De l'herbe commence Ó s'agrandir en 5,8 !
De l'herbe commence Ó s'agrandir en 6,4 !
De l'herbe commence Ó s'agrandir en 6,8 !
De l'herbe commence Ó s'agrandir en 7,1 !
De l'herbe commence Ó s'agrandir en 7,2 !
De l'herbe commence Ó s'agrandir en 8,2 !
---------REAPPROVISIONNEMENT--------------
LE FERMIER RENTRE CHEZ LUI POUR RECUPERER 10 Herbe
LE FERMIER RENTRE CHEZ LUI POUR RECUPERER 8 Eau
LE FERMIER RENTRE CHEZ LUI POUR RECUPERER 7 Graine
LE FERMIER RENTRE CHEZ LUI POUR RECUPERER 6 Foin
-------ETAT ACTUEL DE LA FERME ET DE LA FORET-------
:--:--:--:--:--:--:--:--:--:--:
|  |He|He|He|He|He|He|He|He|  |
:--:--:--:--:--:--:--:--:--:--:
|He|He|He|  |He|He|He|He|He|He|
:--:--:--:--:--:--:--:--:--:--:
|He|He|He|He|He|He|He|He|He|  |
:--:--:--:--:--:--:--:--:--:--:
|  |He|He|He|He|He|He|He|He|He|
:--:--:--:--:--:--:--:--:--:--:
|He|He|  |He|He|He|He|He|He|He|
:--:--:--:--:--:--:--:--:--:--:
|He|He|He|He|He|He|He|He|He|  |
:--:--:--:--:--:--:--:--:--:--:
|He|He|He|He|He|He|Fo|He|He|He|
:--:--:--:--:--:--:--:--:--:--:
|  |He|He|He|Ea|  |He|He|  |  |
:--:--:--:--:--:--:--:--:--:--:
|He|He|He|He|He|He|He|He|He|He|
:--:--:--:--:--:--:--:--:--:--:
|He|  |He|He|  |He|He|  |He|He|
:--:--:--:--:--:--:--:--:--:--:

------------------------------------------
Simulation - JOURS 43 DE LA SAISON automne
------------------------------------------
------------------RESERVE-----------------
LA RESERVE CONTIENT :
Herbe[id:169 quantite: 591]  en position (0, 0)
Eau[id:170 quantite: 28]  en position (0, 0)
Graine[id:171 quantite: 385]  en position (0, 0)
Foin[id:172 quantite: 42]  en position (0, 0)
------------------------------------------
-------------------POCHE------------------
LA POCHE CONTIENT:
Herbe[id:165 quantite: 10]  en position (9, 1)
Foin[id:166 quantite: 490]  en position (9, 1)
Eau[id:167 quantite: 193]  en position (9, 1)
Graine[id:168 quantite: 68]  en position (9, 1)
------------------------------------------
------------RAPPORT JOURNALIER------------
LE FERMIER RAJOUTE Herbe x10 SUR SA CASE
Le fermier trait la vache !
L'animal Vache mange Herbe[id:1697 quantite: 0]  en position (2, 3)
Pas de bÚbÚ pour Animal de la ferme: Vache en position 2 3 vie restante: 66
L'animal Vache mange Herbe[id:1753 quantite: 0]  en position (4, 5)
Pas de bÚbÚ pour Animal de la ferme: Vache en position 4 5 vie restante: 100
De l'herbe commence Ó s'agrandir en 3,6 !
De l'herbe commence Ó s'agrandir en 3,7 !
De l'herbe vient de pousser sur la case 4,5 !
De l'herbe commence Ó s'agrandir en 4,6 !
De l'herbe commence Ó s'agrandir en 6,3 !
De l'herbe commence Ó s'agrandir en 6,7 !
De l'herbe commence Ó s'agrandir en 6,8 !
De l'herbe commence Ó s'agrandir en 7,6 !
De l'herbe commence Ó s'agrandir en 9,0 !
De l'herbe commence Ó s'agrandir en 9,2 !
---------REAPPROVISIONNEMENT--------------
LE FERMIER RENTRE CHEZ LUI POUR RECUPERER 5 Herbe
LE FERMIER RENTRE CHEZ LUI POUR RECUPERER 9 Eau
LE FERMIER RENTRE CHEZ LUI POUR RECUPERER 8 Graine
LE FERMIER RENTRE CHEZ LUI POUR RECUPERER 5 Foin
-------ETAT ACTUEL DE LA FERME ET DE LA FORET-------
:--:--:--:--:--:--:--:--:--:--:
|  |He|He|He|He|He|He|He|He|  |
:--:--:--:--:--:--:--:--:--:--:
|He|He|He|  |He|He|He|He|He|He|
:--:--:--:--:--:--:--:--:--:--:
|He|He|He|  |He|He|He|He|He|  |
:--:--:--:--:--:--:--:--:--:--:
|  |He|He|He|He|He|He|He|He|He|
:--:--:--:--:--:--:--:--:--:--:
|He|He|  |He|He|He|He|He|He|He|
:--:--:--:--:--:--:--:--:--:--:
|He|He|He|He|He|He|He|He|He|  |
:--:--:--:--:--:--:--:--:--:--:
|He|He|He|He|He|He|Fo|He|He|He|
:--:--:--:--:--:--:--:--:--:--:
|  |He|He|He|Ea|  |He|He|  |  |
:--:--:--:--:--:--:--:--:--:--:
|He|He|He|He|He|He|He|He|He|He|
:--:--:--:--:--:--:--:--:--:--:
|He|  |He|He|  |He|He|  |He|He|
:--:--:--:--:--:--:--:--:--:--:

------------------------------------------
Simulation - JOURS 44 DE LA SAISON automne
------------------------------------------
------------------RESERVE-----------------
LA RESERVE CONTIENT :
Herbe[id:169 quantite: 586]  en position (0, 0)
Eau[id:170 quantite: 19]  en position (0, 0)
Graine[id:171 quantite: 377]  en position (0, 0)
Foin[id:172 quantite: 37]  en position (0, 0)
------------------------------------------
-------------------POCHE------------------
LA POCHE CONTIENT:
Herbe[id:165 quantite: 5]  en position (9, 1)
Foin[id:166 quantite: 495]  en position (9, 1)
Eau[id:167 quantite: 202]  en position (9, 1)
Graine[id:168 quantite: 76]  en position (9, 1)
------------------------------------------
------------RAPPORT JOURNALIER------------
LE FERMIER RAJOUTE Herbe x5 SUR SA CASE
Le fermier trait la vache !
L'animal prÚdateur mange Animal de la ferme: Vache en position 1 3 vie restante: 48
L'animal prÚdateur mange Animal de la ferme: Vache en position 4 5 vie restante: 100
De l'herbe commence Ó s'agrandir en 1,0 !
De l'herbe commence Ó s'agrandir en 1,7 !
De l'herbe commence Ó s'agrandir en 2,4 !
De l'herbe commence Ó s'agrandir en 3,8 !
De l'herbe commence Ó s'agrandir en 5,0 !
De l'herbe commence Ó s'agrandir en 6,7 !
De l'herbe commence Ó s'agrandir en 7,2 !
De l'herbe commence Ó s'agrandir en 8,0 !
De l'herbe commence Ó s'agrandir en 8,8 !
De l'herbe commence Ó s'agrandir en 9,5 !
---------REAPPROVISIONNEMENT--------------
LE FERMIER RENTRE CHEZ LUI POUR RECUPERER 6 Herbe
LE FERMIER RENTRE CHEZ LUI POUR RECUPERER 10 Eau
LE FERMIER RENTRE CHEZ LUI POUR RECUPERER 9 Graine
LE FERMIER RENTRE CHEZ LUI POUR RECUPERER 10 Foin
-------ETAT ACTUEL DE LA FERME ET DE LA FORET-------
:--:--:--:--:--:--:--:--:--:--:
|  |He|He|He|He|He|He|He|He|  |
:--:--:--:--:--:--:--:--:--:--:
|He|He|He|  |He|He|He|He|He|He|
:--:--:--:--:--:--:--:--:--:--:
|He|He|He|  |He|He|He|He|He|  |
:--:--:--:--:--:--:--:--:--:--:
|  |He|He|He|He|He|He|He|He|He|
:--:--:--:--:--:--:--:--:--:--:
|He|He|  |He|He|He|He|He|He|He|
:--:--:--:--:--:--:--:--:--:--:
|He|He|He|He|He|He|He|He|He|  |
:--:--:--:--:--:--:--:--:--:--:
|He|He|He|He|He|He|Fo|He|He|He|
:--:--:--:--:--:--:--:--:--:--:
|  |He|He|He|Ea|  |He|He|  |  |
:--:--:--:--:--:--:--:--:--:--:
|He|He|He|He|He|He|He|He|He|He|
:--:--:--:--:--:--:--:--:--:--:
|He|  |He|He|  |He|He|  |He|He|
:--:--:--:--:--:--:--:--:--:--:

------------------------------------------
Simulation - JOURS 45 DE LA SAISON automne
------------------------------------------
------------------RESERVE-----------------
LA RESERVE CONTIENT :
Herbe[id:169 quantite: 580]  en position (0, 0)
Eau[id:170 quantite: 9]  en position (0, 0)
Graine[id:171 quantite: 368]  en position (0, 0)
Foin[id:172 quantite: 27]  en position (0, 0)
------------------------------------------
-------------------POCHE------------------
LA POCHE CONTIENT:
Herbe[id:165 quantite: 6]  en position (9, 1)
Foin[id:166 quantite: 505]  en position (9, 1)
Eau[id:167 quantite: 212]  en position (9, 1)
Graine[id:168 quantite: 85]  en position (9, 1)
------------------------------------------
------------RAPPORT JOURNALIER------------
LE FERMIER RAJOUTE Herbe x6 SUR SA CASE
De l'herbe commence Ó s'agrandir en 0,5 !
De l'herbe commence Ó s'agrandir en 2,5 !
De l'herbe commence Ó s'agrandir en 2,8 !
De l'herbe commence Ó s'agrandir en 4,4 !
De l'herbe commence Ó s'agrandir en 4,8 !
De l'herbe commence Ó s'agrandir en 6,1 !
De l'herbe commence Ó s'agrandir en 6,8 !
De l'herbe commence Ó s'agrandir en 7,7 !
De l'herbe vient de pousser sur la case 9,1 !
---------REAPPROVISIONNEMENT--------------
LE FERMIER RENTRE CHEZ LUI POUR RECUPERER 6 Herbe
LE FERMIER N'A PLUS DE Eau DANS SA RESERVE !
LE FERMIER RENTRE CHEZ LUI POUR RECUPERER 7 Graine
LE FERMIER RENTRE CHEZ LUI POUR RECUPERER 4 Foin
-------ETAT ACTUEL DE LA FERME ET DE LA FORET-------
:--:--:--:--:--:--:--:--:--:--:
|  |He|He|He|He|He|He|He|He|  |
:--:--:--:--:--:--:--:--:--:--:
|He|He|He|  |He|He|He|He|He|He|
:--:--:--:--:--:--:--:--:--:--:
|He|He|He|  |He|He|He|He|He|  |
:--:--:--:--:--:--:--:--:--:--:
|  |He|He|He|He|He|He|He|He|He|
:--:--:--:--:--:--:--:--:--:--:
|He|He|  |He|He|He|He|He|He|He|
:--:--:--:--:--:--:--:--:--:--:
|He|He|He|He|He|He|He|He|He|  |
:--:--:--:--:--:--:--:--:--:--:
|He|He|He|He|He|He|Fo|He|He|He|
:--:--:--:--:--:--:--:--:--:--:
|  |He|He|He|Ea|  |He|He|  |  |
:--:--:--:--:--:--:--:--:--:--:
|He|He|He|He|He|He|He|He|He|He|
:--:--:--:--:--:--:--:--:--:--:
|He|He|He|He|  |He|He|  |He|He|
:--:--:--:--:--:--:--:--:--:--:

------------------------------------------
Simulation - JOURS 46 DE LA SAISON automne
------------------------------------------
------------------RESERVE-----------------
LA RESERVE CONTIENT :
Herbe[id:169 quantite: 574]  en position (0, 0)
Eau[id:170 quantite: 9]  en position (0, 0)
Graine[id:171 quantite: 361]  en position (0, 0)
Foin[id:172 quantite: 23]  en position (0, 0)
------------------------------------------
-------------------POCHE------------------
LA POCHE CONTIENT:
Herbe[id:165 quantite: 6]  en position (9, 1)
Foin[id:166 quantite: 509]  en position (9, 1)
Eau[id:167 quantite: 212]  en position (9, 1)
Graine[id:168 quantite: 92]  en position (9, 1)
------------------------------------------
------------RAPPORT JOURNALIER------------
Le fermier dÚpose 212 Eau par terre
L'animal Vache mange Herbe[id:1767 quantite: 0]  en position (9, 1)
Pas de bÚbÚ pour Animal de la ferme: Vache en position 9 1 vie restante: 33
L'animal Poule n'a pas trouvÚ de nourriture...
Pas de bÚbÚ pour Animal de la ferme: Poule en position 7 1 vie restante: 20
De l'herbe commence Ó s'agrandir en 2,7 !
De l'herbe commence Ó s'agrandir en 4,0 !
De l'herbe vient de pousser sur la case 4,2 !
De l'herbe commence Ó s'agrandir en 5,6 !
De l'herbe commence Ó s'agrandir en 6,2 !
De l'herbe commence Ó s'agrandir en 6,9 !
De l'herbe vient de pousser sur la case 7,5 !
De l'herbe commence Ó s'agrandir en 9,3 !
De l'herbe commence Ó s'agrandir en 9,8 !
---------REAPPROVISIONNEMENT--------------
LE FERMIER RENTRE CHEZ LUI POUR RECUPERER 8 Herbe
LE FERMIER RENTRE CHEZ LUI POUR RECUPERER 2 Eau
LE FERMIER RENTRE CHEZ LUI POUR RECUPERER 7 Graine
LE FERMIER RENTRE CHEZ LUI POUR RECUPERER 2 Foin
-------ETAT ACTUEL DE LA FERME ET DE LA FORET-------
:--:--:--:--:--:--:--:--:--:--:
|  |He|He|He|He|He|He|He|He|  |
:--:--:--:--:--:--:--:--:--:--:
|He|He|He|  |He|He|He|He|He|He|
:--:--:--:--:--:--:--:--:--:--:
|He|He|He|  |He|He|He|He|He|  |
:--:--:--:--:--:--:--:--:--:--:
|  |He|He|He|He|He|He|He|He|He|
:--:--:--:--:--:--:--:--:--:--:
|He|He|He|He|He|He|He|He|He|He|
:--:--:--:--:--:--:--:--:--:--:
|He|He|He|He|He|He|He|He|He|Ea|
:--:--:--:--:--:--:--:--:--:--:
|He|He|He|He|He|He|Fo|He|He|He|
:--:--:--:--:--:--:--:--:--:--:
|  |  |He|He|Ea|He|He|He|  |  |
:--:--:--:--:--:--:--:--:--:--:
|He|He|He|He|He|He|He|He|He|He|
:--:--:--:--:--:--:--:--:--:--:
|He|  |He|He|  |He|He|  |He|He|
:--:--:--:--:--:--:--:--:--:--:

------------------------------------------
Simulation - JOURS 47 DE LA SAISON automne
------------------------------------------
------------------RESERVE-----------------
LA RESERVE CONTIENT :
Herbe[id:169 quantite: 566]  en position (0, 0)
Eau[id:170 quantite: 7]  en position (0, 0)
Graine[id:171 quantite: 354]  en position (0, 0)
Foin[id:172 quantite: 21]  en position (0, 0)
------------------------------------------
-------------------POCHE------------------
LA POCHE CONTIENT:
Herbe[id:165 quantite: 14]  en position (5, 9)
Foin[id:166 quantite: 511]  en position (5, 9)
Eau[id:167 quantite: 2]  en position (5, 9)
Graine[id:168 quantite: 99]  en position (5, 9)
------------------------------------------
------------RAPPORT JOURNALIER------------
LE FERMIER RAJOUTE Eau x2 SUR SA CASE
Le fermier trait la vache !
L'animal Vache mange Herbe[id:1694 quantite: 0]  en position (6, 9)
Pas de bÚbÚ pour Animal de la ferme: Vache en position 0 2 vie restante: 87
De l'herbe vient de pousser sur la case 0,0 !
De l'herbe commence Ó s'agrandir en 0,5 !
De l'herbe vient de pousser sur la case 2,3 !
De l'herbe commence Ó s'agrandir en 2,5 !
De l'herbe commence Ó s'agrandir en 3,5 !
De l'herbe commence Ó s'agrandir en 7,7 !
De l'herbe commence Ó s'agrandir en 9,5 !
De l'herbe commence Ó s'agrandir en 9,6 !
---------REAPPROVISIONNEMENT--------------
LE FERMIER RENTRE CHEZ LUI POUR RECUPERER 3 Herbe
LE FERMIER RENTRE CHEZ LUI POUR RECUPERER 4 Eau
LE FERMIER RENTRE CHEZ LUI POUR RECUPERER 11 Graine
LE FERMIER RENTRE CHEZ LUI POUR RECUPERER 5 Foin
-------ETAT ACTUEL DE LA FERME ET DE LA FORET-------
:--:--:--:--:--:--:--:--:--:--:
|He|He|He|He|He|He|He|He|He|  |
:--:--:--:--:--:--:--:--:--:--:
|He|He|He|  |He|He|He|He|He|He|
:--:--:--:--:--:--:--:--:--:--:
|He|He|He|He|He|He|He|He|He|  |
:--:--:--:--:--:--:--:--:--:--:
|  |He|He|He|He|He|He|He|He|He|
:--:--:--:--:--:--:--:--:--:--:
|He|He|He|He|He|He|He|He|He|He|
:--:--:--:--:--:--:--:--:--:--:
|He|He|He|He|He|He|He|He|He|Ea|
:--:--:--:--:--:--:--:--:--:--:
|He|He|He|He|He|He|Fo|He|He|  |
:--:--:--:--:--:--:--:--:--:--:
|  |  |He|He|Ea|He|He|He|  |  |
:--:--:--:--:--:--:--:--:--:--:
|He|He|He|He|He|He|He|He|He|He|
:--:--:--:--:--:--:--:--:--:--:
|He|  |He|He|  |He|He|  |He|He|
:--:--:--:--:--:--:--:--:--:--:

------------------------------------------
Simulation - JOURS 48 DE LA SAISON automne
------------------------------------------
------------------RESERVE-----------------
LA RESERVE CONTIENT :
Herbe[id:169 quantite: 563]  en position (0, 0)
Eau[id:170 quantite: 3]  en position (0, 0)
Graine[id:171 quantite: 343]  en position (0, 0)
Foin[id:172 quantite: 16]  en position (0, 0)
------------------------------------------
-------------------POCHE------------------
LA POCHE CONTIENT:
Herbe[id:165 quantite: 17]  en position (5, 9)
Foin[id:166 quantite: 516]  en position (5, 9)
Eau[id:167 quantite: 4]  en position (5, 9)
Graine[id:168 quantite: 110]  en position (5, 9)
------------------------------------------
------------RAPPORT JOURNALIER------------
LE FERMIER RAJOUTE Eau x4 SUR SA CASE
L'animal Vache mange Herbe[id:1720 quantite: 0]  en position (0, 2)
Pas de bÚbÚ pour Animal de la ferme: Vache en position 0 2 vie restante: 94
De l'herbe commence Ó s'agrandir en 1,8 !
De l'herbe commence Ó s'agrandir en 2,1 !
De l'herbe commence Ó s'agrandir en 4,2 !
De l'herbe commence Ó s'agrandir en 5,0 !
De l'herbe commence Ó s'agrandir en 6,1 !
De l'herbe commence Ó s'agrandir en 8,5 !
De l'herbe vient de pousser sur la case 9,4 !
De l'herbe commence Ó s'agrandir en 9,6 !
De l'herbe commence Ó s'agrandir en 9,8 !
---------REAPPROVISIONNEMENT--------------
LE FERMIER RENTRE CHEZ LUI POUR RECUPERER 2 Herbe
LE FERMIER N'A PLUS DE Eau DANS SA RESERVE !
LE FERMIER RENTRE CHEZ LUI POUR RECUPERER 3 Graine
LE FERMIER RENTRE CHEZ LUI POUR RECUPERER 2 Foin
-------ETAT ACTUEL DE LA FERME ET DE LA FORET-------
:--:--:--:--:--:--:--:--:--:--:
|He|He|  |He|He|He|He|He|He|  |
:--:--:--:--:--:--:--:--:--:--:
|He|He|He|  |He|He|He|He|He|He|
:--:--:--:--:--:--:--:--:--:--:
|He|He|He|He|He|He|He|He|He|  |
:--:--:--:--:--:--:--:--:--:--:
|  |He|He|He|He|He|He|He|He|He|
:--:--:--:--:--:--:--:--:--:--:
|He|He|He|He|He|He|He|He|He|He|
:--:--:--:--:--:--:--:--:--:--:
|He|He|He|He|He|He|He|He|He|Ea|
:--:--:--:--:--:--:--:--:--:--:
|He|He|He|He|He|He|Fo|He|He|  |
:--:--:--:--:--:--:--:--:--:--:
|  |  |He|He|Ea|He|He|He|  |  |
:--:--:--:--:--:--:--:--:--:--:
|He|He|He|He|He|He|He|He|He|He|
:--:--:--:--:--:--:--:--:--:--:
|He|  |He|He|He|He|He|  |He|He|
:--:--:--:--:--:--:--:--:--:--:

------------------------------------------
Simulation - JOURS 49 DE LA SAISON automne
------------------------------------------
------------------RESERVE-----------------
LA RESERVE CONTIENT :
Herbe[id:169 quantite: 561]  en position (0, 0)
Eau[id:170 quantite: 3]  en position (0, 0)
Graine[id:171 quantite: 340]  en position (0, 0)
Foin[id:172 quantite: 14]  en position (0, 0)
------------------------------------------
-------------------POCHE------------------
LA POCHE CONTIENT:
Herbe[id:165 quantite: 19]  en position (5, 9)
Foin[id:166 quantite: 518]  en position (5, 9)
Eau[id:167 quantite: 0]  en position (5, 9)
Graine[id:168 quantite: 113]  en position (5, 9)
------------------------------------------
------------RAPPORT JOURNALIER------------
LE FERMIER RAJOUTE Eau x0 SUR SA CASE
Le fermier trait la vache !
L'animal Poule n'a pas trouvÚ de nourriture...
Pas de bÚbÚ pour Animal de la ferme: Poule en position 9 5 vie restante: 20
L'animal Vache mange Herbe[id:1777 quantite: 0]  en position (9, 4)
Pas de bÚbÚ pour Animal de la ferme: Vache en position 9 4 vie restante: 58
L'animal Vache mange Herbe[id:1771 quantite: 0]  en position (4, 2)
Pas de bÚbÚ pour Animal de la ferme: Vache en position 4 2 vie restante: 73
De l'herbe commence Ó s'agrandir en 1,0 !
De l'herbe commence Ó s'agrandir en 2,4 !
De l'herbe commence Ó s'agrandir en 3,6 !
De l'herbe commence Ó s'agrandir en 4,6 !
De l'herbe commence Ó s'agrandir en 5,2 !
De l'herbe commence Ó s'agrandir en 6,5 !
De l'herbe vient de pousser sur la case 7,8 !
De l'herbe commence Ó s'agrandir en 9,9 !
---------REAPPROVISIONNEMENT--------------
LE FERMIER RENTRE CHEZ LUI POUR RECUPERER 11 Herbe
LE FERMIER N'A PLUS DE Eau DANS SA RESERVE !
LE FERMIER RENTRE CHEZ LUI POUR RECUPERER 7 Graine
LE FERMIER RENTRE CHEZ LUI POUR RECUPERER 9 Foin
-------ETAT ACTUEL DE LA FERME ET DE LA FORET-------
:--:--:--:--:--:--:--:--:--:--:
|He|He|  |He|He|He|He|He|He|  |
:--:--:--:--:--:--:--:--:--:--:
|He|He|He|  |He|He|He|He|He|He|
:--:--:--:--:--:--:--:--:--:--:
|He|He|He|He|He|He|He|He|He|  |
:--:--:--:--:--:--:--:--:--:--:
|  |He|He|He|He|He|He|He|He|He|
:--:--:--:--:--:--:--:--:--:--:
|He|He|  |He|He|He|He|He|He|He|
:--:--:--:--:--:--:--:--:--:--:
|He|He|He|He|He|He|He|He|He|Ea|
:--:--:--:--:--:--:--:--:--:--:
|He|He|He|He|He|He|Fo|He|He|  |
:--:--:--:--:--:--:--:--:--:--:
|  |  |He|He|Ea|He|He|He|He|  |
:--:--:--:--:--:--:--:--:--:--:
|He|He|He|He|He|He|He|He|He|He|
:--:--:--:--:--:--:--:--:--:--:
|He|  |He|He|  |  |He|  |He|He|
:--:--:--:--:--:--:--:--:--:--:

UPDATE DE LA RESERVE
------------------------------------------
Simulation - JOURS 50 DE LA SAISON automne
------------------------------------------
------------------RESERVE-----------------
LA RESERVE CONTIENT :
Herbe[id:169 quantite: 627]  en position (0, 0)
Eau[id:170 quantite: 87]  en position (0, 0)
Graine[id:171 quantite: 338]  en position (0, 0)
Foin[id:172 quantite: 85]  en position (0, 0)
------------------------------------------
-------------------POCHE------------------
LA POCHE CONTIENT:
Herbe[id:165 quantite: 30]  en position (5, 9)
Foin[id:166 quantite: 527]  en position (5, 9)
Eau[id:167 quantite: 0]  en position (5, 9)
Graine[id:168 quantite: 120]  en position (5, 9)
------------------------------------------
------------RAPPORT JOURNALIER------------
LE FERMIER RAJOUTE Eau x0 SUR SA CASE
Le fermier trait la vache !
Le fermier trait la vache !
L'animal Vache mange Herbe[id:1598 quantite: 0]  en position (5, 8)
Pas de bÚbÚ pour Animal de la ferme: Vache en position 5 8 vie restante: 58
L'animal Vache mange Herbe[id:1781 quantite: 0]  en position (7, 8)
Pas de bÚbÚ pour Animal de la ferme: Vache en position 7 8 vie restante: 61
L'animal Vache mange Herbe[id:1755 quantite: 0]  en position (1, 7)
Pas de bÚbÚ pour Animal de la ferme: Vache en position 1 7 vie restante: 65
De l'herbe commence Ó s'agrandir en 1,9 !
De l'herbe commence Ó s'agrandir en 3,7 !
De l'herbe commence Ó s'agrandir en 5,5 !
De l'herbe commence Ó s'agrandir en 7,5 !
De l'herbe commence Ó s'agrandir en 7,7 !
De l'herbe vient de pousser sur la case 9,1 !
---------REAPPROVISIONNEMENT--------------
LE FERMIER RENTRE CHEZ LUI POUR RECUPERER 7 Herbe
LE FERMIER RENTRE CHEZ LUI POUR RECUPERER 7 Eau
LE FERMIER RENTRE CHEZ LUI POUR RECUPERER 6 Graine
LE FERMIER RENTRE CHEZ LUI POUR RECUPERER 7 Foin
-------ETAT ACTUEL DE LA FERME ET DE LA FORET-------
:--:--:--:--:--:--:--:--:--:--:
|He|He|  |He|He|He|He|He|He|  |
:--:--:--:--:--:--:--:--:--:--:
|He|He|He|  |He|He|He|  |He|He|
:--:--:--:--:--:--:--:--:--:--:
|He|He|He|He|He|He|He|He|He|  |
:--:--:--:--:--:--:--:--:--:--:
|  |He|He|He|He|He|He|He|He|He|
:--:--:--:--:--:--:--:--:--:--:
|He|He|  |He|He|He|He|He|He|He|
:--:--:--:--:--:--:--:--:--:--:
|He|He|He|He|He|He|He|He|  |Ea|
:--:--:--:--:--:--:--:--:--:--:
|He|He|He|He|He|He|Fo|He|He|  |
:--:--:--:--:--:--:--:--:--:--:
|  |  |He|He|Ea|He|He|He|  |  |
:--:--:--:--:--:--:--:--:--:--:
|He|He|He|He|He|He|He|He|He|He|
:--:--:--:--:--:--:--:--:--:--:
|He|He|He|He|  |  |He|  |He|He|
:--:--:--:--:--:--:--:--:--:--:

------------------------------------------
Simulation - JOURS 51 DE LA SAISON automne
------------------------------------------
------------------RESERVE-----------------
LA RESERVE CONTIENT :
Herbe[id:169 quantite: 620]  en position (0, 0)
Eau[id:170 quantite: 80]  en position (0, 0)
Graine[id:171 quantite: 332]  en position (0, 0)
Foin[id:172 quantite: 78]  en position (0, 0)
------------------------------------------
-------------------POCHE------------------
LA POCHE CONTIENT:
Herbe[id:165 quantite: 37]  en position (5, 9)
Foin[id:166 quantite: 534]  en position (5, 9)
Eau[id:167 quantite: 7]  en position (5, 9)
Graine[id:168 quantite: 126]  en position (5, 9)
------------------------------------------
------------RAPPORT JOURNALIER------------
LE FERMIER RAJOUTE Eau x7 SUR SA CASE
Le fermier trait la vache !
L'animal Vache mange Herbe[id:1772 quantite: 0]  en position (7, 5)
Pas de bÚbÚ pour Animal de la ferme: Vache en position 7 5 vie restante: 71
L'animal Vache mange Herbe[id:1739 quantite: 0]  en position (3, 5)
Pas de bÚbÚ pour Animal de la ferme: Vache en position 3 5 vie restante: 78
De l'herbe commence Ó s'agrandir en 1,0 !
De l'herbe commence Ó s'agrandir en 2,5 !
De l'herbe vient de pousser sur la case 3,5 !
De l'herbe commence Ó s'agrandir en 5,5 !
De l'herbe commence Ó s'agrandir en 6,3 !
De l'herbe commence Ó s'agrandir en 7,7 !
De l'herbe commence Ó s'agrandir en 8,5 !
---------REAPPROVISIONNEMENT--------------
LE FERMIER RENTRE CHEZ LUI POUR RECUPERER 7 Herbe
LE FERMIER RENTRE CHEZ LUI POUR RECUPERER 9 Eau
LE FERMIER RENTRE CHEZ LUI POUR RECUPERER 7 Graine
LE FERMIER RENTRE CHEZ LUI POUR RECUPERER 2 Foin
-------ETAT ACTUEL DE LA FERME ET DE LA FORET-------
:--:--:--:--:--:--:--:--:--:--:
|He|He|  |He|He|He|He|He|He|  |
:--:--:--:--:--:--:--:--:--:--:
|He|He|He|  |He|He|He|  |He|He|
:--:--:--:--:--:--:--:--:--:--:
|He|He|He|He|He|He|He|He|He|  |
:--:--:--:--:--:--:--:--:--:--:
|  |He|He|He|He|He|He|He|He|He|
:--:--:--:--:--:--:--:--:--:--:
|He|He|  |He|He|He|He|He|He|He|
:--:--:--:--:--:--:--:--:--:--:
|He|He|He|He|He|He|He|He|  |Ea|
:--:--:--:--:--:--:--:--:--:--:
|He|He|He|He|He|He|Fo|He|He|  |
:--:--:--:--:--:--:--:--:--:--:
|  |  |He|He|Ea|  |He|He|  |  |
:--:--:--:--:--:--:--:--:--:--:
|He|He|He|He|He|He|He|He|He|He|
:--:--:--:--:--:--:--:--:--:--:
|He|He|He|He|  |  |He|  |He|He|
:--:--:--:--:--:--:--:--:--:--:

------------------------------------------
Simulation - JOURS 52 DE LA SAISON automne
------------------------------------------
------------------RESERVE-----------------
LA RESERVE CONTIENT :
Herbe[id:169 quantite: 613]  en position (0, 0)
Eau[id:170 quantite: 71]  en position (0, 0)
Graine[id:171 quantite: 325]  en position (0, 0)
Foin[id:172 quantite: 76]  en position (0, 0)
------------------------------------------
-------------------POCHE------------------
LA POCHE CONTIENT:
Herbe[id:165 quantite: 44]  en position (5, 9)
Foin[id:166 quantite: 536]  en position (5, 9)
Eau[id:167 quantite: 9]  en position (5, 9)
Graine[id:168 quantite: 133]  en position (5, 9)
------------------------------------------
------------RAPPORT JOURNALIER------------
LE FERMIER RAJOUTE Eau x9 SUR SA CASE
Le fermier trait la vache !
L'animal Vache mange Herbe[id:1788 quantite: 0]  en position (3, 5)
Pas de bÚbÚ pour Animal de la ferme: Vache en position 3 5 vie restante: 66
De l'herbe vient de pousser sur la case 0,9 !
De l'herbe commence Ó s'agrandir en 1,0 !
De l'herbe commence Ó s'agrandir en 2,4 !
De l'herbe vient de pousser sur la case 3,0 !
De l'herbe commence Ó s'agrandir en 4,8 !
De l'herbe commence Ó s'agrandir en 5,4 !
De l'herbe vient de pousser sur la case 7,0 !
De l'herbe commence Ó s'agrandir en 7,3 !
---------REAPPROVISIONNEMENT--------------
LE FERMIER RENTRE CHEZ LUI POUR RECUPERER 9 Herbe
LE FERMIER RENTRE CHEZ LUI POUR RECUPERER 11 Eau
LE FERMIER RENTRE CHEZ LUI POUR RECUPERER 10 Graine
LE FERMIER RENTRE CHEZ LUI POUR RECUPERER 7 Foin
-------ETAT ACTUEL DE LA FERME ET DE LA FORET-------
:--:--:--:--:--:--:--:--:--:--:
|He|He|  |He|He|He|He|He|He|He|
:--:--:--:--:--:--:--:--:--:--:
|He|He|He|  |He|He|He|  |He|He|
:--:--:--:--:--:--:--:--:--:--:
|He|He|He|He|He|He|He|He|He|  |
:--:--:--:--:--:--:--:--:--:--:
|He|He|He|He|He|  |He|He|He|He|
:--:--:--:--:--:--:--:--:--:--:
|He|He|  |He|He|He|He|He|He|He|
:--:--:--:--:--:--:--:--:--:--:
|He|He|He|He|He|He|He|He|  |Ea|
:--:--:--:--:--:--:--:--:--:--:
|He|He|He|He|He|He|Fo|He|He|  |
:--:--:--:--:--:--:--:--:--:--:
|He|  |He|He|Ea|  |He|He|  |  |
:--:--:--:--:--:--:--:--:--:--:
|He|He|He|He|He|He|He|He|He|He|
:--:--:--:--:--:--:--:--:--:--:
|He|He|He|He|  |  |He|  |He|He|
:--:--:--:--:--:--:--:--:--:--:

------------------------------------------
Simulation - JOURS 53 DE LA SAISON automne
------------------------------------------
------------------RESERVE-----------------
LA RESERVE CONTIENT :
Herbe[id:169 quantite: 604]  en position (0, 0)
Eau[id:170 quantite: 60]  en position (0, 0)
Graine[id:171 quantite: 315]  en position (0, 0)
Foin[id:172 quantite: 69]  en position (0, 0)
------------------------------------------
-------------------POCHE------------------
LA POCHE CONTIENT:
Herbe[id:165 quantite: 53]  en position (5, 9)
Foin[id:166 quantite: 543]  en position (5, 9)
Eau[id:167 quantite: 11]  en position (5, 9)
Graine[id:168 quantite: 143]  en position (5, 9)
------------------------------------------
------------RAPPORT JOURNALIER------------
LE FERMIER RAJOUTE Herbe x53 SUR SA CASE
De l'herbe commence Ó s'agrandir en 0,3 !
De l'herbe commence Ó s'agrandir en 0,5 !
De l'herbe commence Ó s'agrandir en 2,3 !
De l'herbe commence Ó s'agrandir en 2,6 !
De l'herbe commence Ó s'agrandir en 2,7 !
De l'herbe commence Ó s'agrandir en 3,0 !
De l'herbe commence Ó s'agrandir en 3,4 !
De l'herbe commence Ó s'agrandir en 4,4 !
De l'herbe commence Ó s'agrandir en 5,7 !
De l'herbe commence Ó s'agrandir en 6,2 !
De l'herbe commence Ó s'agrandir en 6,8 !
De l'herbe commence Ó s'agrandir en 9,1 !
De l'herbe commence Ó s'agrandir en 9,8 !
---------REAPPROVISIONNEMENT--------------
LE FERMIER RENTRE CHEZ LUI POUR RECUPERER 7 Herbe
LE FERMIER RENTRE CHEZ LUI POUR RECUPERER 2 Eau
LE FERMIER RENTRE CHEZ LUI POUR RECUPERER 11 Graine
LE FERMIER RENTRE CHEZ LUI POUR RECUPERER 3 Foin
-------ETAT ACTUEL DE LA FERME ET DE LA FORET-------
:--:--:--:--:--:--:--:--:--:--:
|He|He|  |He|He|He|He|He|He|He|
:--:--:--:--:--:--:--:--:--:--:
|He|He|He|  |He|He|He|  |He|He|
:--:--:--:--:--:--:--:--:--:--:
|He|He|He|He|He|He|He|He|He|  |
:--:--:--:--:--:--:--:--:--:--:
|He|He|He|He|He|  |He|He|He|He|
:--:--:--:--:--:--:--:--:--:--:
|He|He|  |He|He|He|He|He|He|He|
:--:--:--:--:--:--:--:--:--:--:
|He|He|He|He|He|He|He|He|  |Ea|
:--:--:--:--:--:--:--:--:--:--:
|He|He|He|He|He|He|Fo|He|He|  |
:--:--:--:--:--:--:--:--:--:--:
|He|  |He|He|Ea|  |He|He|  |  |
:--:--:--:--:--:--:--:--:--:--:
|He|He|He|He|He|He|He|He|He|He|
:--:--:--:--:--:--:--:--:--:--:
|He|He|He|He|  |  |He|  |He|He|
:--:--:--:--:--:--:--:--:--:--:

------------------------------------------
Simulation - JOURS 54 DE LA SAISON automne
------------------------------------------
------------------RESERVE-----------------
LA RESERVE CONTIENT :
Herbe[id:169 quantite: 597]  en position (0, 0)
Eau[id:170 quantite: 58]  en position (0, 0)
Graine[id:171 quantite: 304]  en position (0, 0)
Foin[id:172 quantite: 66]  en position (0, 0)
------------------------------------------
-------------------POCHE------------------
LA POCHE CONTIENT:
Herbe[id:165 quantite: 7]  en position (5, 9)
Foin[id:166 quantite: 546]  en position (5, 9)
Eau[id:167 quantite: 13]  en position (5, 9)
Graine[id:168 quantite: 154]  en position (5, 9)
------------------------------------------
------------RAPPORT JOURNALIER------------
LE FERMIER RAJOUTE Herbe x7 SUR SA CASE
L'animal Poule n'a pas trouvÚ de nourriture...
Pas de bÚbÚ pour Animal de la ferme: Poule en position 9 1 vie restante: 20
De l'herbe commence Ó s'agrandir en 0,3 !
De l'herbe commence Ó s'agrandir en 2,5 !
De l'herbe commence Ó s'agrandir en 4,1 !
De l'herbe commence Ó s'agrandir en 7,7 !
De l'herbe commence Ó s'agrandir en 8,0 !
De l'herbe commence Ó s'agrandir en 8,1 !
De l'herbe commence Ó s'agrandir en 9,0 !
---------REAPPROVISIONNEMENT--------------
LE FERMIER RENTRE CHEZ LUI POUR RECUPERER 3 Herbe
LE FERMIER RENTRE CHEZ LUI POUR RECUPERER 7 Eau
LE FERMIER RENTRE CHEZ LUI POUR RECUPERER 3 Graine
LE FERMIER RENTRE CHEZ LUI POUR RECUPERER 5 Foin
-------ETAT ACTUEL DE LA FERME ET DE LA FORET-------
:--:--:--:--:--:--:--:--:--:--:
|He|He|  |He|He|He|He|He|He|He|
:--:--:--:--:--:--:--:--:--:--:
|He|He|He|  |He|He|He|  |He|He|
:--:--:--:--:--:--:--:--:--:--:
|He|He|He|He|He|He|He|He|He|  |
:--:--:--:--:--:--:--:--:--:--:
|He|He|He|He|He|  |He|He|He|He|
:--:--:--:--:--:--:--:--:--:--:
|He|He|  |He|He|He|He|He|He|He|
:--:--:--:--:--:--:--:--:--:--:
|He|He|He|He|He|He|He|He|  |Ea|
:--:--:--:--:--:--:--:--:--:--:
|He|He|He|He|He|He|Fo|He|He|  |
:--:--:--:--:--:--:--:--:--:--:
|He|  |He|He|Ea|  |He|He|  |  |
:--:--:--:--:--:--:--:--:--:--:
|He|He|He|He|He|He|He|He|He|He|
:--:--:--:--:--:--:--:--:--:--:
|He|  |He|He|  |  |He|  |He|He|
:--:--:--:--:--:--:--:--:--:--:

------------------------------------------
Simulation - JOURS 55 DE LA SAISON automne
------------------------------------------
------------------RESERVE-----------------
LA RESERVE CONTIENT :
Herbe[id:169 quantite: 594]  en position (0, 0)
Eau[id:170 quantite: 51]  en position (0, 0)
Graine[id:171 quantite: 301]  en position (0, 0)
Foin[id:172 quantite: 61]  en position (0, 0)
------------------------------------------
-------------------POCHE------------------
LA POCHE CONTIENT:
Herbe[id:165 quantite: 3]  en position (5, 9)
Foin[id:166 quantite: 551]  en position (5, 9)
Eau[id:167 quantite: 20]  en position (5, 9)
Graine[id:168 quantite: 157]  en position (5, 9)
------------------------------------------
------------RAPPORT JOURNALIER------------
LE FERMIER RAJOUTE Herbe x3 SUR SA CASE
De l'herbe commence Ó s'agrandir en 0,8 !
De l'herbe commence Ó s'agrandir en 1,1 !
De l'herbe commence Ó s'agrandir en 2,2 !
De l'herbe commence Ó s'agrandir en 2,8 !
De l'herbe commence Ó s'agrandir en 4,8 !
De l'herbe vient de pousser sur la case 6,9 !
De l'herbe commence Ó s'agrandir en 8,0 !
De l'herbe commence Ó s'agrandir en 8,7 !
---------REAPPROVISIONNEMENT--------------
LE FERMIER RENTRE CHEZ LUI POUR RECUPERER 9 Herbe
LE FERMIER RENTRE CHEZ LUI POUR RECUPERER 6 Eau
LE FERMIER RENTRE CHEZ LUI POUR RECUPERER 7 Graine
LE FERMIER RENTRE CHEZ LUI POUR RECUPERER 9 Foin
-------ETAT ACTUEL DE LA FERME ET DE LA FORET-------
:--:--:--:--:--:--:--:--:--:--:
|He|He|  |He|He|He|He|He|He|He|
:--:--:--:--:--:--:--:--:--:--:
|He|He|He|  |He|He|He|  |He|He|
:--:--:--:--:--:--:--:--:--:--:
|He|He|He|He|He|He|He|He|He|  |
:--:--:--:--:--:--:--:--:--:--:
|He|He|He|He|He|  |He|He|He|He|
:--:--:--:--:--:--:--:--:--:--:
|He|He|  |He|He|He|He|He|He|He|
:--:--:--:--:--:--:--:--:--:--:
|He|He|He|He|He|He|He|He|  |Ea|
:--:--:--:--:--:--:--:--:--:--:
|He|He|He|He|He|He|Fo|He|He|He|
:--:--:--:--:--:--:--:--:--:--:
|He|  |He|He|Ea|  |He|He|  |  |
:--:--:--:--:--:--:--:--:--:--:
|He|He|He|He|He|He|He|He|He|He|
:--:--:--:--:--:--:--:--:--:--:
|He|  |He|He|  |  |He|  |He|He|
:--:--:--:--:--:--:--:--:--:--:

------------------------------------------
Simulation - JOURS 56 DE LA SAISON automne
------------------------------------------
------------------RESERVE-----------------
LA RESERVE CONTIENT :
Herbe[id:169 quantite: 585]  en position (0, 0)
Eau[id:170 quantite: 45]  en position (0, 0)
Graine[id:171 quantite: 294]  en position (0, 0)
Foin[id:172 quantite: 52]  en position (0, 0)
------------------------------------------
-------------------POCHE------------------
LA POCHE CONTIENT:
Herbe[id:165 quantite: 9]  en position (5, 9)
Foin[id:166 quantite: 560]  en position (5, 9)
Eau[id:167 quantite: 26]  en position (5, 9)
Graine[id:168 quantite: 164]  en position (5, 9)
------------------------------------------
------------RAPPORT JOURNALIER------------
LE FERMIER RAJOUTE Herbe x9 SUR SA CASE
L'animal Vache mange Herbe[id:1794 quantite: 0]  en position (6, 9)
L'animal Animal de la ferme: Vache en position 6 9 vie restante: 34 se reproduit
L'animal Vache mange Herbe[id:1792 quantite: 0]  en position (7, 0)
Pas de bÚbÚ pour Animal de la ferme: Vache en position 7 0 vie restante: 43
De l'herbe commence Ó s'agrandir en 0,3 !
De l'herbe commence Ó s'agrandir en 0,6 !
De l'herbe commence Ó s'agrandir en 4,4 !
De l'herbe commence Ó s'agrandir en 4,8 !
De l'herbe commence Ó s'agrandir en 6,2 !
De l'herbe commence Ó s'agrandir en 6,4 !
De l'herbe commence Ó s'agrandir en 7,7 !
De l'herbe commence Ó s'agrandir en 9,0 !
---------REAPPROVISIONNEMENT--------------
LE FERMIER RENTRE CHEZ LUI POUR RECUPERER 3 Herbe
LE FERMIER RENTRE CHEZ LUI POUR RECUPERER 11 Eau
LE FERMIER RENTRE CHEZ LUI POUR RECUPERER 10 Graine
LE FERMIER RENTRE CHEZ LUI POUR RECUPERER 4 Foin
-------ETAT ACTUEL DE LA FERME ET DE LA FORET-------
:--:--:--:--:--:--:--:--:--:--:
|He|He|  |He|He|He|He|He|He|He|
:--:--:--:--:--:--:--:--:--:--:
|He|He|He|  |He|He|He|  |He|He|
:--:--:--:--:--:--:--:--:--:--:
|He|He|He|He|He|He|He|He|He|  |
:--:--:--:--:--:--:--:--:--:--:
|He|He|He|He|He|  |He|He|He|He|
:--:--:--:--:--:--:--:--:--:--:
|He|He|  |He|He|He|He|He|He|He|
:--:--:--:--:--:--:--:--:--:--:
|He|He|He|He|He|He|He|He|  |Ea|
:--:--:--:--:--:--:--:--:--:--:
|He|He|He|He|He|He|Fo|He|He|  |
:--:--:--:--:--:--:--:--:--:--:
|  |  |He|He|Ea|  |He|He|  |  |
:--:--:--:--:--:--:--:--:--:--:
|He|He|He|He|He|He|He|He|He|He|
:--:--:--:--:--:--:--:--:--:--:
|He|  |He|He|  |  |He|  |He|He|
:--:--:--:--:--:--:--:--:--:--:

------------------------------------------
Simulation - JOURS 57 DE LA SAISON automne
------------------------------------------
------------------RESERVE-----------------
LA RESERVE CONTIENT :
Herbe[id:169 quantite: 582]  en position (0, 0)
Eau[id:170 quantite: 34]  en position (0, 0)
Graine[id:171 quantite: 284]  en position (0, 0)
Foin[id:172 quantite: 48]  en position (0, 0)
------------------------------------------
-------------------POCHE------------------
LA POCHE CONTIENT:
Herbe[id:165 quantite: 3]  en position (5, 9)
Foin[id:166 quantite: 564]  en position (5, 9)
Eau[id:167 quantite: 37]  en position (5, 9)
Graine[id:168 quantite: 174]  en position (5, 9)
------------------------------------------
------------RAPPORT JOURNALIER------------
LE FERMIER RAJOUTE Herbe x3 SUR SA CASE
L'animal Vache mange Herbe[id:1760 quantite: 0]  en position (5, 3)
Pas de bÚbÚ pour Animal de la ferme: Vache en position 5 3 vie restante: 41
De l'herbe commence Ó s'agrandir en 0,1 !
De l'herbe commence Ó s'agrandir en 1,9 !
De l'herbe commence Ó s'agrandir en 3,2 !
De l'herbe commence Ó s'agrandir en 4,0 !
De l'herbe commence Ó s'agrandir en 4,1 !
De l'herbe commence Ó s'agrandir en 5,4 !
De l'herbe commence Ó s'agrandir en 6,2 !
De l'herbe commence Ó s'agrandir en 6,5 !
De l'herbe vient de pousser sur la case 7,0 !
De l'herbe commence Ó s'agrandir en 8,1 !
---------REAPPROVISIONNEMENT--------------
LE FERMIER RENTRE CHEZ LUI POUR RECUPERER 6 Herbe
LE FERMIER RENTRE CHEZ LUI POUR RECUPERER 2 Eau
LE FERMIER RENTRE CHEZ LUI POUR RECUPERER 10 Graine
LE FERMIER RENTRE CHEZ LUI POUR RECUPERER 5 Foin
-------ETAT ACTUEL DE LA FERME ET DE LA FORET-------
:--:--:--:--:--:--:--:--:--:--:
|He|He|  |He|He|He|He|He|He|He|
:--:--:--:--:--:--:--:--:--:--:
|He|He|He|  |He|He|He|  |He|He|
:--:--:--:--:--:--:--:--:--:--:
|He|He|He|He|He|He|He|He|He|  |
:--:--:--:--:--:--:--:--:--:--:
|He|He|He|He|He|  |He|He|He|He|
:--:--:--:--:--:--:--:--:--:--:
|He|He|  |He|He|He|He|He|He|He|
:--:--:--:--:--:--:--:--:--:--:
|He|He|He|  |He|He|He|He|  |Ea|
:--:--:--:--:--:--:--:--:--:--:
|He|He|He|He|He|He|Fo|He|He|  |
:--:--:--:--:--:--:--:--:--:--:
|He|  |He|He|Ea|  |He|He|  |  |
:--:--:--:--:--:--:--:--:--:--:
|He|He|He|He|He|He|He|He|He|He|
:--:--:--:--:--:--:--:--:--:--:
|He|  |He|He|  |  |He|  |He|He|
:--:--:--:--:--:--:--:--:--:--:

------------------------------------------
Simulation - JOURS 58 DE LA SAISON automne
------------------------------------------
------------------RESERVE-----------------
LA RESERVE CONTIENT :
Herbe[id:169 quantite: 576]  en position (0, 0)
Eau[id:170 quantite: 32]  en position (0, 0)
Graine[id:171 quantite: 274]  en position (0, 0)
Foin[id:172 quantite: 43]  en position (0, 0)
------------------------------------------
-------------------POCHE------------------
LA POCHE CONTIENT:
Herbe[id:165 quantite: 6]  en position (5, 9)
Foin[id:166 quantite: 569]  en position (5, 9)
Eau[id:167 quantite: 39]  en position (5, 9)
Graine[id:168 quantite: 184]  en position (5, 9)
------------------------------------------
------------RAPPORT JOURNALIER------------
LE FERMIER RAJOUTE Herbe x6 SUR SA CASE
L'animal Vache mange Eau[id:1768 quantite: 0]  en position (5, 9)
Pas de bÚbÚ pour Animal de la ferme: Vache en position 5 9 vie restante: 100
L'animal Vache mange Herbe[id:1798 quantite: 0]  en position (7, 0)
Pas de bÚbÚ pour Animal de la ferme: Vache en position 9 1 vie restante: 43
De l'herbe commence Ó s'agrandir en 0,0 !
De l'herbe vient de pousser sur la case 0,2 !
De l'herbe commence Ó s'agrandir en 0,6 !
De l'herbe commence Ó s'agrandir en 2,1 !
De l'herbe commence Ó s'agrandir en 2,2 !
De l'herbe commence Ó s'agrandir en 3,1 !
De l'herbe commence Ó s'agrandir en 4,9 !
---------REAPPROVISIONNEMENT--------------
LE FERMIER RENTRE CHEZ LUI POUR RECUPERER 2 Herbe
LE FERMIER RENTRE CHEZ LUI POUR RECUPERER 4 Eau
LE FERMIER RENTRE CHEZ LUI POUR RECUPERER 5 Graine
LE FERMIER RENTRE CHEZ LUI POUR RECUPERER 5 Foin
-------ETAT ACTUEL DE LA FERME ET DE LA FORET-------
:--:--:--:--:--:--:--:--:--:--:
|He|He|He|He|He|He|He|He|He|He|
:--:--:--:--:--:--:--:--:--:--:
|He|He|He|  |He|He|He|  |He|He|
:--:--:--:--:--:--:--:--:--:--:
|He|He|He|He|He|He|He|He|He|  |
:--:--:--:--:--:--:--:--:--:--:
|He|He|He|He|He|  |He|He|He|He|
:--:--:--:--:--:--:--:--:--:--:
|He|He|  |He|He|He|He|He|He|He|
:--:--:--:--:--:--:--:--:--:--:
|He|He|He|  |He|He|He|He|  |  |
:--:--:--:--:--:--:--:--:--:--:
|He|He|He|He|He|He|Fo|He|He|  |
:--:--:--:--:--:--:--:--:--:--:
|  |  |He|He|Ea|  |He|He|  |  |
:--:--:--:--:--:--:--:--:--:--:
|He|He|He|He|He|He|He|He|He|He|
:--:--:--:--:--:--:--:--:--:--:
|He|  |He|He|  |  |He|  |He|He|
:--:--:--:--:--:--:--:--:--:--:

------------------------------------------
Simulation - JOURS 59 DE LA SAISON automne
------------------------------------------
------------------RESERVE-----------------
LA RESERVE CONTIENT :
Herbe[id:169 quantite: 574]  en position (0, 0)
Eau[id:170 quantite: 28]  en position (0, 0)
Graine[id:171 quantite: 269]  en position (0, 0)
Foin[id:172 quantite: 38]  en position (0, 0)
------------------------------------------
-------------------POCHE------------------
LA POCHE CONTIENT:
Herbe[id:165 quantite: 2]  en position (5, 9)
Foin[id:166 quantite: 574]  en position (5, 9)
Eau[id:167 quantite: 43]  en position (5, 9)
Graine[id:168 quantite: 189]  en position (5, 9)
------------------------------------------
------------RAPPORT JOURNALIER------------
LE FERMIER RAJOUTE Herbe x2 SUR SA CASE
L'animal Vache mange Herbe[id:1801 quantite: 0]  en position (0, 2)
Pas de bÚbÚ pour Animal de la ferme: Vache en position 0 2 vie restante: 79
De l'herbe commence Ó s'agrandir en 2,8 !
De l'herbe commence Ó s'agrandir en 4,7 !
De l'herbe commence Ó s'agrandir en 5,1 !
De l'herbe commence Ó s'agrandir en 5,5 !
De l'herbe commence Ó s'agrandir en 5,7 !
De l'herbe vient de pousser sur la case 5,9 !
De l'herbe commence Ó s'agrandir en 6,3 !
---------REAPPROVISIONNEMENT--------------
LE FERMIER RENTRE CHEZ LUI POUR RECUPERER 10 Herbe
LE FERMIER RENTRE CHEZ LUI POUR RECUPERER 2 Eau
LE FERMIER RENTRE CHEZ LUI POUR RECUPERER 2 Graine
LE FERMIER RENTRE CHEZ LUI POUR RECUPERER 9 Foin
-------ETAT ACTUEL DE LA FERME ET DE LA FORET-------
:--:--:--:--:--:--:--:--:--:--:
|He|He|  |He|He|He|He|He|He|He|
:--:--:--:--:--:--:--:--:--:--:
|He|He|He|  |He|He|He|  |He|He|
:--:--:--:--:--:--:--:--:--:--:
|He|He|He|He|He|He|He|He|He|  |
:--:--:--:--:--:--:--:--:--:--:
|He|He|He|He|He|  |He|He|He|He|
:--:--:--:--:--:--:--:--:--:--:
|He|He|  |He|He|He|He|He|He|He|
:--:--:--:--:--:--:--:--:--:--:
|He|He|He|  |He|He|He|He|  |He|
:--:--:--:--:--:--:--:--:--:--:
|He|He|He|He|He|He|Fo|He|He|  |
:--:--:--:--:--:--:--:--:--:--:
|  |  |He|He|Ea|  |He|He|  |  |
:--:--:--:--:--:--:--:--:--:--:
|He|He|He|He|He|He|He|He|He|He|
:--:--:--:--:--:--:--:--:--:--:
|He|  |He|He|  |  |He|  |He|He|
:--:--:--:--:--:--:--:--:--:--:

UPDATE DE LA RESERVE
------------------------------------------
Simulation - JOURS 60 DE LA SAISON automne
------------------------------------------
------------------RESERVE-----------------
LA RESERVE CONTIENT :
Herbe[id:169 quantite: 619]  en position (0, 0)
Eau[id:170 quantite: 93]  en position (0, 0)
Graine[id:171 quantite: 276]  en position (0, 0)
Foin[id:172 quantite: 118]  en position (0, 0)
------------------------------------------
-------------------POCHE------------------
LA POCHE CONTIENT:
Herbe[id:165 quantite: 10]  en position (5, 9)
Foin[id:166 quantite: 583]  en position (5, 9)
Eau[id:167 quantite: 45]  en position (5, 9)
Graine[id:168 quantite: 191]  en position (5, 9)
------------------------------------------
------------RAPPORT JOURNALIER------------
Le fermier dÚpose 45 Eau par terre
L'animal Vache mange Herbe[id:1803 quantite: 0]  en position (5, 9)
Pas de bÚbÚ pour Animal de la ferme: Vache en position 5 9 vie restante: 100
De l'herbe commence Ó s'agrandir en 0,4 !
De l'herbe commence Ó s'agrandir en 2,1 !
De l'herbe commence Ó s'agrandir en 3,0 !
De l'herbe commence Ó s'agrandir en 3,2 !
De l'herbe commence Ó s'agrandir en 3,7 !
De l'herbe commence Ó s'agrandir en 6,0 !
De l'herbe commence Ó s'agrandir en 6,7 !
De l'herbe vient de pousser sur la case 7,5 !
De l'herbe vient de pousser sur la case 7,9 !
De l'herbe vient de pousser sur la case 9,1 !
---------REAPPROVISIONNEMENT--------------
LE FERMIER RENTRE CHEZ LUI POUR RECUPERER 6 Herbe
LE FERMIER RENTRE CHEZ LUI POUR RECUPERER 2 Eau
LE FERMIER RENTRE CHEZ LUI POUR RECUPERER 11 Graine
LE FERMIER RENTRE CHEZ LUI POUR RECUPERER 4 Foin
-------ETAT ACTUEL DE LA FERME ET DE LA FORET-------
:--:--:--:--:--:--:--:--:--:--:
|He|He|  |He|He|He|He|He|He|He|
:--:--:--:--:--:--:--:--:--:--:
|He|He|He|  |He|He|He|  |He|He|
:--:--:--:--:--:--:--:--:--:--:
|He|He|He|He|He|He|He|He|He|  |
:--:--:--:--:--:--:--:--:--:--:
|He|He|He|He|He|  |He|He|He|He|
:--:--:--:--:--:--:--:--:--:--:
|He|He|  |He|He|He|He|He|He|He|
:--:--:--:--:--:--:--:--:--:--:
|He|He|He|  |He|He|He|He|  |  |
:--:--:--:--:--:--:--:--:--:--:
|He|He|He|He|He|He|Fo|He|He|  |
:--:--:--:--:--:--:--:--:--:--:
|  |  |He|He|Ea|He|He|He|  |He|
:--:--:--:--:--:--:--:--:--:--:
|He|He|He|He|He|He|He|He|He|He|
:--:--:--:--:--:--:--:--:--:--:
|He|He|He|He|Ea|  |He|  |He|He|
:--:--:--:--:--:--:--:--:--:--:

------------------------------------------
Simulation - JOURS 61 DE LA SAISON automne
------------------------------------------
------------------RESERVE-----------------
LA RESERVE CONTIENT :
Herbe[id:169 quantite: 613]  en position (0, 0)
Eau[id:170 quantite: 91]  en position (0, 0)
Graine[id:171 quantite: 265]  en position (0, 0)
Foin[id:172 quantite: 114]  en position (0, 0)
------------------------------------------
-------------------POCHE------------------
LA POCHE CONTIENT:
Herbe[id:165 quantite: 16]  en position (9, 4)
Foin[id:166 quantite: 587]  en position (9, 4)
Eau[id:167 quantite: 2]  en position (9, 4)
Graine[id:168 quantite: 202]  en position (9, 4)
------------------------------------------
------------RAPPORT JOURNALIER------------
LE FERMIER RAJOUTE Eau x2 SUR SA CASE
L'animal Vache mange Herbe[id:1808 quantite: 0]  en position (9, 1)
Pas de bÚbÚ pour Animal de la ferme: Vache en position 9 1 vie restante: 45
De l'herbe vient de pousser sur la case 4,2 !
De l'herbe commence Ó s'agrandir en 4,3 !
De l'herbe vient de pousser sur la case 7,1 !
De l'herbe vient de pousser sur la case 7,8 !
De l'herbe commence Ó s'agrandir en 8,6 !
De l'herbe commence Ó s'agrandir en 8,7 !
---------REAPPROVISIONNEMENT--------------
LE FERMIER RENTRE CHEZ LUI POUR RECUPERER 9 Herbe
LE FERMIER RENTRE CHEZ LUI POUR RECUPERER 3 Eau
LE FERMIER RENTRE CHEZ LUI POUR RECUPERER 8 Graine
LE FERMIER RENTRE CHEZ LUI POUR RECUPERER 9 Foin
-------ETAT ACTUEL DE LA FERME ET DE LA FORET-------
:--:--:--:--:--:--:--:--:--:--:
|He|He|  |He|He|He|He|He|He|He|
:--:--:--:--:--:--:--:--:--:--:
|He|He|He|  |He|He|He|  |He|He|
:--:--:--:--:--:--:--:--:--:--:
|He|He|He|He|He|He|He|He|He|  |
:--:--:--:--:--:--:--:--:--:--:
|He|He|He|He|He|  |He|He|He|He|
:--:--:--:--:--:--:--:--:--:--:
|He|He|He|He|He|He|He|He|He|He|
:--:--:--:--:--:--:--:--:--:--:
|He|He|He|  |He|He|He|He|  |  |
:--:--:--:--:--:--:--:--:--:--:
|He|He|He|He|He|He|Fo|He|He|  |
:--:--:--:--:--:--:--:--:--:--:
|  |He|He|He|Ea|He|He|He|He|He|
:--:--:--:--:--:--:--:--:--:--:
|He|He|He|He|He|He|He|He|He|He|
:--:--:--:--:--:--:--:--:--:--:
|He|  |He|He|Ea|  |He|  |He|He|
:--:--:--:--:--:--:--:--:--:--:

------------------------------------------
Simulation - JOURS 62 DE LA SAISON automne
------------------------------------------
------------------RESERVE-----------------
LA RESERVE CONTIENT :
Herbe[id:169 quantite: 604]  en position (0, 0)
Eau[id:170 quantite: 88]  en position (0, 0)
Graine[id:171 quantite: 257]  en position (0, 0)
Foin[id:172 quantite: 105]  en position (0, 0)
------------------------------------------
-------------------POCHE------------------
LA POCHE CONTIENT:
Herbe[id:165 quantite: 25]  en position (9, 4)
Foin[id:166 quantite: 596]  en position (9, 4)
Eau[id:167 quantite: 3]  en position (9, 4)
Graine[id:168 quantite: 210]  en position (9, 4)
------------------------------------------
------------RAPPORT JOURNALIER------------
LE FERMIER RAJOUTE Eau x3 SUR SA CASE
L'animal Poule n'a pas trouvÚ de nourriture...
Pas de bÚbÚ pour Animal de la ferme: Poule en position 9 7 vie restante: 20
L'animal Vache mange Herbe[id:1722 quantite: 0]  en position (2, 5)
Pas de bÚbÚ pour Animal de la ferme: Vache en position 2 5 vie restante: 72
De l'herbe commence Ó s'agrandir en 0,0 !
De l'herbe commence Ó s'agrandir en 1,4 !
De l'herbe commence Ó s'agrandir en 2,4 !
De l'herbe commence Ó s'agrandir en 4,5 !
De l'herbe commence Ó s'agrandir en 4,9 !
De l'herbe vient de pousser sur la case 9,1 !
De l'herbe commence Ó s'agrandir en 9,6 !
---------REAPPROVISIONNEMENT--------------
LE FERMIER RENTRE CHEZ LUI POUR RECUPERER 8 Herbe
LE FERMIER RENTRE CHEZ LUI POUR RECUPERER 3 Eau
LE FERMIER RENTRE CHEZ LUI POUR RECUPERER 8 Graine
LE FERMIER RENTRE CHEZ LUI POUR RECUPERER 4 Foin
-------ETAT ACTUEL DE LA FERME ET DE LA FORET-------
:--:--:--:--:--:--:--:--:--:--:
|He|He|  |He|He|He|He|He|He|He|
:--:--:--:--:--:--:--:--:--:--:
|He|He|He|  |He|He|He|  |He|He|
:--:--:--:--:--:--:--:--:--:--:
|He|He|He|He|He|  |He|He|He|  |
:--:--:--:--:--:--:--:--:--:--:
|He|He|He|He|He|  |He|He|He|He|
:--:--:--:--:--:--:--:--:--:--:
|He|He|He|He|He|He|He|He|He|He|
:--:--:--:--:--:--:--:--:--:--:
|He|He|He|  |He|He|He|He|  |  |
:--:--:--:--:--:--:--:--:--:--:
|He|He|He|He|He|He|Fo|He|He|  |
:--:--:--:--:--:--:--:--:--:--:
|  |  |He|He|Ea|He|He|He|He|He|
:--:--:--:--:--:--:--:--:--:--:
|He|He|He|He|He|He|He|He|He|He|
:--:--:--:--:--:--:--:--:--:--:
|He|He|He|He|Ea|  |He|  |He|He|
:--:--:--:--:--:--:--:--:--:--:

------------------------------------------
Simulation - JOURS 63 DE LA SAISON automne
------------------------------------------
------------------RESERVE-----------------
LA RESERVE CONTIENT :
Herbe[id:169 quantite: 596]  en position (0, 0)
Eau[id:170 quantite: 85]  en position (0, 0)
Graine[id:171 quantite: 249]  en position (0, 0)
Foin[id:172 quantite: 101]  en position (0, 0)
------------------------------------------
-------------------POCHE------------------
LA POCHE CONTIENT:
Herbe[id:165 quantite: 33]  en position (9, 4)
Foin[id:166 quantite: 600]  en position (9, 4)
Eau[id:167 quantite: 3]  en position (9, 4)
Graine[id:168 quantite: 218]  en position (9, 4)
------------------------------------------
------------RAPPORT JOURNALIER------------
LE FERMIER RAJOUTE Herbe x33 SUR SA CASE
De l'herbe commence Ó s'agrandir en 0,5 !
De l'herbe commence Ó s'agrandir en 2,7 !
De l'herbe vient de pousser sur la case 6,9 !
De l'herbe commence Ó s'agrandir en 7,9 !
De l'herbe commence Ó s'agrandir en 9,0 !
De l'herbe commence Ó s'agrandir en 9,3 !
---------REAPPROVISIONNEMENT--------------
LE FERMIER RENTRE CHEZ LUI POUR RECUPERER 10 Herbe
LE FERMIER RENTRE CHEZ LUI POUR RECUPERER 5 Eau
LE FERMIER RENTRE CHEZ LUI POUR RECUPERER 7 Graine
LE FERMIER RENTRE CHEZ LUI POUR RECUPERER 4 Foin
-------ETAT ACTUEL DE LA FERME ET DE LA FORET-------
:--:--:--:--:--:--:--:--:--:--:
|He|He|  |He|He|He|He|He|He|He|
:--:--:--:--:--:--:--:--:--:--:
|He|He|He|  |He|He|He|  |He|He|
:--:--:--:--:--:--:--:--:--:--:
|He|He|He|He|He|  |He|He|He|  |
:--:--:--:--:--:--:--:--:--:--:
|He|He|He|He|He|  |He|He|He|He|
:--:--:--:--:--:--:--:--:--:--:
|He|He|He|He|He|He|He|He|He|He|
:--:--:--:--:--:--:--:--:--:--:
|He|He|He|  |He|He|He|He|  |  |
:--:--:--:--:--:--:--:--:--:--:
|He|He|He|He|He|He|Fo|He|He|He|
:--:--:--:--:--:--:--:--:--:--:
|  |  |He|He|Ea|He|He|He|He|He|
:--:--:--:--:--:--:--:--:--:--:
|He|He|He|He|He|He|He|He|He|He|
:--:--:--:--:--:--:--:--:--:--:
|He|He|He|He|Ea|  |He|  |He|He|
:--:--:--:--:--:--:--:--:--:--:

------------------------------------------
Simulation - JOURS 64 DE LA SAISON automne
------------------------------------------
------------------RESERVE-----------------
LA RESERVE CONTIENT :
Herbe[id:169 quantite: 586]  en position (0, 0)
Eau[id:170 quantite: 80]  en position (0, 0)
Graine[id:171 quantite: 242]  en position (0, 0)
Foin[id:172 quantite: 97]  en position (0, 0)
------------------------------------------
-------------------POCHE------------------
LA POCHE CONTIENT:
Herbe[id:165 quantite: 10]  en position (9, 4)
Foin[id:166 quantite: 604]  en position (9, 4)
Eau[id:167 quantite: 8]  en position (9, 4)
Graine[id:168 quantite: 225]  en position (9, 4)
------------------------------------------
------------RAPPORT JOURNALIER------------
LE FERMIER RAJOUTE Herbe x10 SUR SA CASE
L'animal Vache mange Herbe[id:1816 quantite: 0]  en position (6, 9)
L'animal Animal de la ferme: Vache en position 4 8 vie restante: 23 se reproduit
L'animal Vache mange Herbe[id:1774 quantite: 0]  en position (0, 0)
Pas de bÚbÚ pour Animal de la ferme: Vache en position 0 0 vie restante: 41
De l'herbe commence Ó s'agrandir en 0,4 !
De l'herbe commence Ó s'agrandir en 5,6 !
De l'herbe vient de pousser sur la case 5,9 !
De l'herbe commence Ó s'agrandir en 6,3 !
De l'herbe vient de pousser sur la case 7,0 !
De l'herbe commence Ó s'agrandir en 7,9 !
---------REAPPROVISIONNEMENT--------------
LE FERMIER RENTRE CHEZ LUI POUR RECUPERER 2 Herbe
LE FERMIER RENTRE CHEZ LUI POUR RECUPERER 6 Eau
LE FERMIER RENTRE CHEZ LUI POUR RECUPERER 5 Graine
LE FERMIER RENTRE CHEZ LUI POUR RECUPERER 5 Foin
-------ETAT ACTUEL DE LA FERME ET DE LA FORET-------
:--:--:--:--:--:--:--:--:--:--:
|  |He|  |He|He|He|He|He|He|He|
:--:--:--:--:--:--:--:--:--:--:
|He|He|He|  |He|He|He|  |He|He|
:--:--:--:--:--:--:--:--:--:--:
|He|He|He|He|He|  |He|He|He|  |
:--:--:--:--:--:--:--:--:--:--:
|He|He|He|He|He|  |He|He|He|He|
:--:--:--:--:--:--:--:--:--:--:
|He|He|He|He|He|He|He|He|He|He|
:--:--:--:--:--:--:--:--:--:--:
|He|He|He|  |He|He|He|He|  |He|
:--:--:--:--:--:--:--:--:--:--:
|He|He|He|He|He|He|Fo|He|He|  |
:--:--:--:--:--:--:--:--:--:--:
|He|  |He|He|Ea|He|He|He|He|He|
:--:--:--:--:--:--:--:--:--:--:
|He|He|He|He|He|He|He|He|He|He|
:--:--:--:--:--:--:--:--:--:--:
|He|He|He|He|Ea|  |He|  |He|He|
:--:--:--:--:--:--:--:--:--:--:

------------------------------------------
Simulation - JOURS 65 DE LA SAISON automne
------------------------------------------
------------------RESERVE-----------------
LA RESERVE CONTIENT :
Herbe[id:169 quantite: 584]  en position (0, 0)
Eau[id:170 quantite: 74]  en position (0, 0)
Graine[id:171 quantite: 237]  en position (0, 0)
Foin[id:172 quantite: 92]  en position (0, 0)
------------------------------------------
-------------------POCHE------------------
LA POCHE CONTIENT:
Herbe[id:165 quantite: 2]  en position (9, 4)
Foin[id:166 quantite: 609]  en position (9, 4)
Eau[id:167 quantite: 14]  en position (9, 4)
Graine[id:168 quantite: 230]  en position (9, 4)
------------------------------------------
------------RAPPORT JOURNALIER------------
LE FERMIER RAJOUTE Herbe x2 SUR SA CASE
L'animal Vache mange Herbe[id:1733 quantite: 0]  en position (4, 8)
Pas de bÚbÚ pour Animal de la ferme: Vache en position 4 8 vie restante: 47
L'animal Vache mange Herbe[id:1819 quantite: 0]  en position (5, 9)
Pas de bÚbÚ pour Animal de la ferme: Vache en position 5 9 vie restante: 100
L'animal prÚdateur mange Animal de la ferme: Vache en position 2 5 vie restante: 72
De l'herbe commence Ó s'agrandir en 0,3 !
De l'herbe commence Ó s'agrandir en 0,5 !
De l'herbe commence Ó s'agrandir en 1,6 !
De l'herbe commence Ó s'agrandir en 2,3 !
De l'herbe vient de pousser sur la case 3,5 !
De l'herbe commence Ó s'agrandir en 4,1 !
De l'herbe commence Ó s'agrandir en 4,3 !
De l'herbe commence Ó s'agrandir en 5,7 !
De l'herbe vient de pousser sur la case 5,9 !
De l'herbe commence Ó s'agrandir en 6,1 !
De l'herbe commence Ó s'agrandir en 6,3 !
De l'herbe commence Ó s'agrandir en 7,2 !
De l'herbe commence Ó s'agrandir en 7,5 !
De l'herbe commence Ó s'agrandir en 8,8 !
---------REAPPROVISIONNEMENT--------------
LE FERMIER RENTRE CHEZ LUI POUR RECUPERER 2 Herbe
LE FERMIER RENTRE CHEZ LUI POUR RECUPERER 10 Eau
LE FERMIER RENTRE CHEZ LUI POUR RECUPERER 5 Graine
LE FERMIER RENTRE CHEZ LUI POUR RECUPERER 7 Foin
-------ETAT ACTUEL DE LA FERME ET DE LA FORET-------
:--:--:--:--:--:--:--:--:--:--:
|  |He|  |He|He|He|He|He|He|He|
:--:--:--:--:--:--:--:--:--:--:
|He|He|He|  |He|He|He|  |He|He|
:--:--:--:--:--:--:--:--:--:--:
|He|He|He|He|He|  |He|He|He|  |
:--:--:--:--:--:--:--:--:--:--:
|He|He|He|He|He|He|He|He|He|He|
:--:--:--:--:--:--:--:--:--:--:
|He|He|He|He|He|He|He|He|  |He|
:--:--:--:--:--:--:--:--:--:--:
|He|He|He|  |He|He|He|He|  |He|
:--:--:--:--:--:--:--:--:--:--:
|He|He|He|He|He|He|Fo|He|He|  |
:--:--:--:--:--:--:--:--:--:--:
|He|  |He|He|Ea|He|He|He|He|He|
:--:--:--:--:--:--:--:--:--:--:
|He|He|He|He|He|He|He|He|He|He|
:--:--:--:--:--:--:--:--:--:--:
|He|He|He|He|Ea|  |He|  |He|He|
:--:--:--:--:--:--:--:--:--:--:

------------------------------------------
Simulation - JOURS 66 DE LA SAISON automne
------------------------------------------
------------------RESERVE-----------------
LA RESERVE CONTIENT :
Herbe[id:169 quantite: 582]  en position (0, 0)
Eau[id:170 quantite: 64]  en position (0, 0)
Graine[id:171 quantite: 232]  en position (0, 0)
Foin[id:172 quantite: 85]  en position (0, 0)
------------------------------------------
-------------------POCHE------------------
LA POCHE CONTIENT:
Herbe[id:165 quantite: 2]  en position (9, 4)
Foin[id:166 quantite: 616]  en position (9, 4)
Eau[id:167 quantite: 24]  en position (9, 4)
Graine[id:168 quantite: 235]  en position (9, 4)
------------------------------------------
------------RAPPORT JOURNALIER------------
LE FERMIER RAJOUTE Herbe x2 SUR SA CASE
L'animal Vache mange Herbe[id:1824 quantite: 0]  en position (5, 9)
Pas de bÚbÚ pour Animal de la ferme: Vache en position 6 9 vie restante: 100
De l'herbe commence Ó s'agrandir en 3,3 !
De l'herbe commence Ó s'agrandir en 4,0 !
De l'herbe commence Ó s'agrandir en 5,0 !
De l'herbe commence Ó s'agrandir en 7,2 !
De l'herbe commence Ó s'agrandir en 8,8 !
De l'herbe commence Ó s'agrandir en 9,2 !
De l'herbe vient de pousser sur la case 9,5 !
---------REAPPROVISIONNEMENT--------------
LE FERMIER RENTRE CHEZ LUI POUR RECUPERER 8 Herbe
LE FERMIER RENTRE CHEZ LUI POUR RECUPERER 9 Eau
LE FERMIER RENTRE CHEZ LUI POUR RECUPERER 4 Graine
LE FERMIER RENTRE CHEZ LUI POUR RECUPERER 9 Foin
-------ETAT ACTUEL DE LA FERME ET DE LA FORET-------
:--:--:--:--:--:--:--:--:--:--:
|  |He|  |He|He|He|He|He|He|He|
:--:--:--:--:--:--:--:--:--:--:
|He|He|He|  |He|He|He|  |He|He|
:--:--:--:--:--:--:--:--:--:--:
|He|He|He|He|He|  |He|He|He|  |
:--:--:--:--:--:--:--:--:--:--:
|He|He|He|He|He|He|He|He|He|He|
:--:--:--:--:--:--:--:--:--:--:
|He|He|He|He|He|He|He|He|  |He|
:--:--:--:--:--:--:--:--:--:--:
|He|He|He|  |He|He|He|He|  |  |
:--:--:--:--:--:--:--:--:--:--:
|He|He|He|He|He|He|Fo|He|He|  |
:--:--:--:--:--:--:--:--:--:--:
|He|  |He|He|Ea|He|He|He|He|He|
:--:--:--:--:--:--:--:--:--:--:
|He|He|He|He|He|He|He|He|He|He|
:--:--:--:--:--:--:--:--:--:--:
|He|He|He|He|Ea|He|He|  |He|He|
:--:--:--:--:--:--:--:--:--:--:

------------------------------------------
Simulation - JOURS 67 DE LA SAISON automne
------------------------------------------
------------------RESERVE-----------------
LA RESERVE CONTIENT :
Herbe[id:169 quantite: 574]  en position (0, 0)
Eau[id:170 quantite: 55]  en position (0, 0)
Graine[id:171 quantite: 228]  en position (0, 0)
Foin[id:172 quantite: 76]  en position (0, 0)
------------------------------------------
-------------------POCHE------------------
LA POCHE CONTIENT:
Herbe[id:165 quantite: 8]  en position (9, 4)
Foin[id:166 quantite: 625]  en position (9, 4)
Eau[id:167 quantite: 33]  en position (9, 4)
Graine[id:168 quantite: 239]  en position (9, 4)
------------------------------------------
------------RAPPORT JOURNALIER------------
LE FERMIER RAJOUTE Herbe x8 SUR SA CASE
Le fermier trait la vache !
De l'herbe vient de pousser sur la case 0,0 !
De l'herbe vient de pousser sur la case 1,3 !
De l'herbe vient de pousser sur la case 2,5 !
De l'herbe commence Ó s'agrandir en 3,0 !
De l'herbe commence Ó s'agrandir en 3,9 !
De l'herbe commence Ó s'agrandir en 4,6 !
De l'herbe commence Ó s'agrandir en 5,4 !
De l'herbe commence Ó s'agrandir en 6,1 !
De l'herbe commence Ó s'agrandir en 6,4 !
De l'herbe commence Ó s'agrandir en 8,2 !
De l'herbe commence Ó s'agrandir en 8,4 !
De l'herbe commence Ó s'agrandir en 8,8 !
---------REAPPROVISIONNEMENT--------------
LE FERMIER RENTRE CHEZ LUI POUR RECUPERER 3 Herbe
LE FERMIER RENTRE CHEZ LUI POUR RECUPERER 7 Eau
LE FERMIER RENTRE CHEZ LUI POUR RECUPERER 3 Graine
LE FERMIER RENTRE CHEZ LUI POUR RECUPERER 11 Foin
-------ETAT ACTUEL DE LA FERME ET DE LA FORET-------
:--:--:--:--:--:--:--:--:--:--:
|He|He|  |He|He|He|He|He|He|He|
:--:--:--:--:--:--:--:--:--:--:
|He|He|He|He|He|He|He|  |He|He|
:--:--:--:--:--:--:--:--:--:--:
|He|He|He|He|He|He|He|He|He|  |
:--:--:--:--:--:--:--:--:--:--:
|He|He|He|He|He|He|He|He|He|He|
:--:--:--:--:--:--:--:--:--:--:
|He|He|He|He|He|He|He|He|  |He|
:--:--:--:--:--:--:--:--:--:--:
|He|He|He|  |He|He|He|He|  |  |
:--:--:--:--:--:--:--:--:--:--:
|He|He|He|He|He|He|Fo|He|He|  |
:--:--:--:--:--:--:--:--:--:--:
|He|  |He|He|Ea|He|He|He|He|He|
:--:--:--:--:--:--:--:--:--:--:
|He|He|He|He|He|He|He|He|He|He|
:--:--:--:--:--:--:--:--:--:--:
|He|He|He|He|Ea|He|He|  |He|He|
:--:--:--:--:--:--:--:--:--:--:

------------------------------------------
Simulation - JOURS 68 DE LA SAISON automne
------------------------------------------
------------------RESERVE-----------------
LA RESERVE CONTIENT :
Herbe[id:169 quantite: 571]  en position (0, 0)
Eau[id:170 quantite: 48]  en position (0, 0)
Graine[id:171 quantite: 225]  en position (0, 0)
Foin[id:172 quantite: 65]  en position (0, 0)
------------------------------------------
-------------------POCHE------------------
LA POCHE CONTIENT:
Herbe[id:165 quantite: 3]  en position (9, 4)
Foin[id:166 quantite: 636]  en position (9, 4)
Eau[id:167 quantite: 40]  en position (9, 4)
Graine[id:168 quantite: 242]  en position (9, 4)
------------------------------------------
------------RAPPORT JOURNALIER------------
LE FERMIER RAJOUTE Herbe x3 SUR SA CASE
Le fermier trait la vache !
L'animal Vache mange Herbe[id:1746 quantite: 0]  en position (9, 8)
Pas de bÚbÚ pour Animal de la ferme: Vache en position 7 5 vie restante: 61
L'animal Vache mange Herbe[id:1827 quantite: 0]  en position (0, 0)
Pas de bÚbÚ pour Animal de la ferme: Vache en position 0 0 vie restante: 45
De l'herbe commence Ó s'agrandir en 2,8 !
De l'herbe commence Ó s'agrandir en 3,9 !
De l'herbe vient de pousser sur la case 4,8 !
De l'herbe commence Ó s'agrandir en 7,6 !
---------REAPPROVISIONNEMENT--------------
LE FERMIER RENTRE CHEZ LUI POUR RECUPERER 9 Herbe
LE FERMIER RENTRE CHEZ LUI POUR RECUPERER 8 Eau
LE FERMIER RENTRE CHEZ LUI POUR RECUPERER 6 Graine
LE FERMIER RENTRE CHEZ LUI POUR RECUPERER 6 Foin
-------ETAT ACTUEL DE LA FERME ET DE LA FORET-------
:--:--:--:--:--:--:--:--:--:--:
|  |He|  |He|He|He|He|He|He|He|
:--:--:--:--:--:--:--:--:--:--:
|He|He|He|He|He|He|He|  |He|He|
:--:--:--:--:--:--:--:--:--:--:
|He|He|He|He|He|He|He|He|He|  |
:--:--:--:--:--:--:--:--:--:--:
|He|He|He|He|He|He|He|He|He|He|
:--:--:--:--:--:--:--:--:--:--:
|He|He|He|He|He|He|He|He|He|He|
:--:--:--:--:--:--:--:--:--:--:
|He|He|He|  |He|He|He|He|  |  |
:--:--:--:--:--:--:--:--:--:--:
|He|He|He|He|He|He|Fo|He|He|  |
:--:--:--:--:--:--:--:--:--:--:
|He|  |He|He|Ea|He|He|He|He|He|
:--:--:--:--:--:--:--:--:--:--:
|He|He|He|He|He|He|He|He|He|He|
:--:--:--:--:--:--:--:--:--:--:
|He|He|He|He|Ea|He|He|  |  |He|
:--:--:--:--:--:--:--:--:--:--:

------------------------------------------
Simulation - JOURS 69 DE LA SAISON automne
------------------------------------------
------------------RESERVE-----------------
LA RESERVE CONTIENT :
Herbe[id:169 quantite: 562]  en position (0, 0)
Eau[id:170 quantite: 40]  en position (0, 0)
Graine[id:171 quantite: 219]  en position (0, 0)
Foin[id:172 quantite: 59]  en position (0, 0)
------------------------------------------
-------------------POCHE------------------
LA POCHE CONTIENT:
Herbe[id:165 quantite: 9]  en position (9, 4)
Foin[id:166 quantite: 642]  en position (9, 4)
Eau[id:167 quantite: 48]  en position (9, 4)
Graine[id:168 quantite: 248]  en position (9, 4)
------------------------------------------
------------RAPPORT JOURNALIER------------
LE FERMIER RAJOUTE Herbe x9 SUR SA CASE
Le fermier trait la vache !
L'animal Vache mange Herbe[id:1832 quantite: 0]  en position (4, 8)
Pas de bÚbÚ pour Animal de la ferme: Vache en position 4 8 vie restante: 52
L'animal Vache mange Herbe[id:1806 quantite: 0]  en position (7, 5)
Pas de bÚbÚ pour Animal de la ferme: Vache en position 7 5 vie restante: 68
L'animal Vache mange Herbe[id:1812 quantite: 0]  en position (7, 8)
Pas de bÚbÚ pour Animal de la ferme: Vache en position 7 8 vie restante: 79
De l'herbe vient de pousser sur la case 0,2 !
De l'herbe commence Ó s'agrandir en 1,5 !
De l'herbe commence Ó s'agrandir en 6,8 !
De l'herbe commence Ó s'agrandir en 7,3 !
De l'herbe commence Ó s'agrandir en 8,5 !
De l'herbe commence Ó s'agrandir en 8,6 !
---------REAPPROVISIONNEMENT--------------
LE FERMIER RENTRE CHEZ LUI POUR RECUPERER 3 Herbe
LE FERMIER RENTRE CHEZ LUI POUR RECUPERER 10 Eau
LE FERMIER RENTRE CHEZ LUI POUR RECUPERER 3 Graine
LE FERMIER RENTRE CHEZ LUI POUR RECUPERER 3 Foin
-------ETAT ACTUEL DE LA FERME ET DE LA FORET-------
:--:--:--:--:--:--:--:--:--:--:
|  |He|He|He|He|He|He|He|He|He|
:--:--:--:--:--:--:--:--:--:--:
|He|He|He|He|He|He|He|  |He|He|
:--:--:--:--:--:--:--:--:--:--:
|He|He|He|He|He|He|He|He|He|  |
:--:--:--:--:--:--:--:--:--:--:
|He|He|He|He|He|He|He|He|He|He|
:--:--:--:--:--:--:--:--:--:--:
|He|He|He|He|He|He|He|He|  |He|
:--:--:--:--:--:--:--:--:--:--:
|He|He|He|  |He|He|He|He|  |  |
:--:--:--:--:--:--:--:--:--:--:
|He|He|He|He|He|He|Fo|He|He|  |
:--:--:--:--:--:--:--:--:--:--:
|He|  |He|He|Ea|  |He|He|  |He|
:--:--:--:--:--:--:--:--:--:--:
|He|He|He|He|He|He|He|He|He|He|
:--:--:--:--:--:--:--:--:--:--:
|He|He|He|He|Ea|He|He|  |  |He|
:--:--:--:--:--:--:--:--:--:--:

UPDATE DE LA RESERVE
------------------------------------------
Simulation - JOURS 70 DE LA SAISON automne
------------------------------------------
------------------RESERVE-----------------
LA RESERVE CONTIENT :
Herbe[id:169 quantite: 616]  en position (0, 0)
Eau[id:170 quantite: 84]  en position (0, 0)
Graine[id:171 quantite: 256]  en position (0, 0)
Foin[id:172 quantite: 86]  en position (0, 0)
------------------------------------------
-------------------POCHE------------------
LA POCHE CONTIENT:
Herbe[id:165 quantite: 3]  en position (9, 4)
Foin[id:166 quantite: 645]  en position (9, 4)
Eau[id:167 quantite: 58]  en position (9, 4)
Graine[id:168 quantite: 251]  en position (9, 4)
------------------------------------------
------------RAPPORT JOURNALIER------------
LE FERMIER RAJOUTE Herbe x3 SUR SA CASE
Le fermier trait la vache !
L'animal Vache mange Herbe[id:1748 quantite: 0]  en position (0, 6)
Pas de bÚbÚ pour Animal de la ferme: Vache en position 0 6 vie restante: 100
De l'herbe commence Ó s'agrandir en 0,1 !
De l'herbe vient de pousser sur la case 0,6 !
De l'herbe commence Ó s'agrandir en 2,4 !
De l'herbe commence Ó s'agrandir en 2,6 !
De l'herbe commence Ó s'agrandir en 3,3 !
De l'herbe commence Ó s'agrandir en 4,1 !
De l'herbe commence Ó s'agrandir en 4,7 !
De l'herbe commence Ó s'agrandir en 5,6 !
De l'herbe commence Ó s'agrandir en 6,4 !
De l'herbe vient de pousser sur la case 7,8 !
De l'herbe commence Ó s'agrandir en 8,3 !
---------REAPPROVISIONNEMENT--------------
LE FERMIER RENTRE CHEZ LUI POUR RECUPERER 2 Herbe
LE FERMIER RENTRE CHEZ LUI POUR RECUPERER 7 Eau
LE FERMIER RENTRE CHEZ LUI POUR RECUPERER 9 Graine
LE FERMIER RENTRE CHEZ LUI POUR RECUPERER 5 Foin
-------ETAT ACTUEL DE LA FERME ET DE LA FORET-------
:--:--:--:--:--:--:--:--:--:--:
|  |He|He|He|He|He|He|He|He|He|
:--:--:--:--:--:--:--:--:--:--:
|He|He|He|He|He|He|He|  |He|He|
:--:--:--:--:--:--:--:--:--:--:
|He|He|He|He|He|He|He|He|He|  |
:--:--:--:--:--:--:--:--:--:--:
|He|He|He|He|He|He|He|He|He|He|
:--:--:--:--:--:--:--:--:--:--:
|He|He|He|He|He|He|He|He|  |He|
:--:--:--:--:--:--:--:--:--:--:
|He|He|He|  |He|He|He|He|  |  |
:--:--:--:--:--:--:--:--:--:--:
|He|He|He|He|He|He|Fo|He|He|  |
:--:--:--:--:--:--:--:--:--:--:
|He|  |He|He|Ea|  |He|He|He|He|
:--:--:--:--:--:--:--:--:--:--:
|He|He|He|He|He|He|He|He|He|He|
:--:--:--:--:--:--:--:--:--:--:
|He|He|He|He|Ea|He|He|  |  |He|
:--:--:--:--:--:--:--:--:--:--:

------------------------------------------
Simulation - JOURS 71 DE LA SAISON automne
------------------------------------------
------------------RESERVE-----------------
LA RESERVE CONTIENT :
Herbe[id:169 quantite: 614]  en position (0, 0)
Eau[id:170 quantite: 77]  en position (0, 0)
Graine[id:171 quantite: 247]  en position (0, 0)
Foin[id:172 quantite: 81]  en position (0, 0)
------------------------------------------
-------------------POCHE------------------
LA POCHE CONTIENT:
Herbe[id:165 quantite: 2]  en position (9, 4)
Foin[id:166 quantite: 650]  en position (9, 4)
Eau[id:167 quantite: 65]  en position (9, 4)
Graine[id:168 quantite: 260]  en position (9, 4)
------------------------------------------
------------RAPPORT JOURNALIER------------
LE FERMIER RAJOUTE Herbe x2 SUR SA CASE
Le fermier trait la vache !
L'animal Vache mange Herbe[id:1838 quantite: 0]  en position (0, 6)
Pas de bÚbÚ pour Animal de la ferme: Vache en position 0 6 vie restante: 100
L'animal Vache mange Herbe[id:1839 quantite: 0]  en position (7, 8)
Pas de bÚbÚ pour Animal de la ferme: Vache en position 7 8 vie restante: 85
De l'herbe commence Ó s'agrandir en 0,5 !
De l'herbe commence Ó s'agrandir en 1,6 !
De l'herbe commence Ó s'agrandir en 3,4 !
De l'herbe commence Ó s'agrandir en 5,2 !
De l'herbe vient de pousser sur la case 7,5 !
De l'herbe commence Ó s'agrandir en 7,7 !
De l'herbe vient de pousser sur la case 7,8 !
De l'herbe commence Ó s'agrandir en 8,1 !
De l'herbe commence Ó s'agrandir en 9,1 !
---------REAPPROVISIONNEMENT--------------
LE FERMIER RENTRE CHEZ LUI POUR RECUPERER 9 Herbe
LE FERMIER RENTRE CHEZ LUI POUR RECUPERER 8 Eau
LE FERMIER RENTRE CHEZ LUI POUR RECUPERER 6 Graine
LE FERMIER RENTRE CHEZ LUI POUR RECUPERER 9 Foin
-------ETAT ACTUEL DE LA FERME ET DE LA FORET-------
:--:--:--:--:--:--:--:--:--:--:
|  |He|He|He|He|He|  |He|He|He|
:--:--:--:--:--:--:--:--:--:--:
|He|He|He|He|He|He|He|  |He|He|
:--:--:--:--:--:--:--:--:--:--:
|He|He|He|He|He|He|He|He|He|  |
:--:--:--:--:--:--:--:--:--:--:
|He|He|He|He|He|He|He|He|He|He|
:--:--:--:--:--:--:--:--:--:--:
|He|He|He|He|He|He|He|He|  |He|
:--:--:--:--:--:--:--:--:--:--:
|He|He|He|  |He|He|He|He|  |  |
:--:--:--:--:--:--:--:--:--:--:
|He|He|He|He|He|He|Fo|He|He|  |
:--:--:--:--:--:--:--:--:--:--:
|He|  |He|He|Ea|He|He|He|He|He|
:--:--:--:--:--:--:--:--:--:--:
|He|He|He|He|He|He|He|He|He|He|
:--:--:--:--:--:--:--:--:--:--:
|He|He|He|He|Ea|He|He|  |  |He|
:--:--:--:--:--:--:--:--:--:--:

------------------------------------------
Simulation - JOURS 72 DE LA SAISON automne
------------------------------------------
------------------RESERVE-----------------
LA RESERVE CONTIENT :
Herbe[id:169 quantite: 605]  en position (0, 0)
Eau[id:170 quantite: 69]  en position (0, 0)
Graine[id:171 quantite: 241]  en position (0, 0)
Foin[id:172 quantite: 72]  en position (0, 0)
------------------------------------------
-------------------POCHE------------------
LA POCHE CONTIENT:
Herbe[id:165 quantite: 9]  en position (9, 4)
Foin[id:166 quantite: 659]  en position (9, 4)
Eau[id:167 quantite: 73]  en position (9, 4)
Graine[id:168 quantite: 266]  en position (9, 4)
------------------------------------------
------------RAPPORT JOURNALIER------------
LE FERMIER RAJOUTE Herbe x9 SUR SA CASE
Le fermier trait la vache !
L'animal Vache mange Herbe[id:1810 quantite: 0]  en position (4, 2)
Pas de bÚbÚ pour Animal de la ferme: Vache en position 4 2 vie restante: 55
L'animal Vache mange Eau[id:1804 quantite: 0]  en position (9, 4)
Pas de bÚbÚ pour Animal de la ferme: Vache en position 9 4 vie restante: 90
L'animal Vache mange Herbe[id:1843 quantite: 0]  en position (7, 8)
Pas de bÚbÚ pour Animal de la ferme: Vache en position 7 8 vie restante: 93
De l'herbe commence Ó s'agrandir en 0,3 !
De l'herbe commence Ó s'agrandir en 1,1 !
De l'herbe commence Ó s'agrandir en 1,8 !
De l'herbe commence Ó s'agrandir en 2,0 !
De l'herbe commence Ó s'agrandir en 3,1 !
De l'herbe commence Ó s'agrandir en 4,5 !
De l'herbe commence Ó s'agrandir en 6,4 !
De l'herbe commence Ó s'agrandir en 6,5 !
De l'herbe commence Ó s'agrandir en 6,7 !
De l'herbe vient de pousser sur la case 6,9 !
De l'herbe commence Ó s'agrandir en 7,6 !
De l'herbe commence Ó s'agrandir en 8,5 !
De l'herbe commence Ó s'agrandir en 8,6 !
De l'herbe commence Ó s'agrandir en 8,7 !
---------REAPPROVISIONNEMENT--------------
LE FERMIER RENTRE CHEZ LUI POUR RECUPERER 3 Herbe
LE FERMIER RENTRE CHEZ LUI POUR RECUPERER 6 Eau
LE FERMIER RENTRE CHEZ LUI POUR RECUPERER 2 Graine
LE FERMIER RENTRE CHEZ LUI POUR RECUPERER 10 Foin
-------ETAT ACTUEL DE LA FERME ET DE LA FORET-------
:--:--:--:--:--:--:--:--:--:--:
|  |He|He|He|He|He|  |He|He|He|
:--:--:--:--:--:--:--:--:--:--:
|He|He|He|He|He|He|He|  |He|He|
:--:--:--:--:--:--:--:--:--:--:
|He|He|He|He|He|He|He|He|He|  |
:--:--:--:--:--:--:--:--:--:--:
|He|He|He|He|He|He|He|He|He|He|
:--:--:--:--:--:--:--:--:--:--:
|He|He|  |He|He|He|He|He|  |He|
:--:--:--:--:--:--:--:--:--:--:
|He|He|He|  |He|He|He|He|  |  |
:--:--:--:--:--:--:--:--:--:--:
|He|He|He|He|He|He|Fo|He|He|He|
:--:--:--:--:--:--:--:--:--:--:
|He|  |He|He|Ea|He|He|He|  |He|
:--:--:--:--:--:--:--:--:--:--:
|He|He|He|He|He|He|He|He|He|He|
:--:--:--:--:--:--:--:--:--:--:
|He|He|He|He|  |He|He|  |  |He|
:--:--:--:--:--:--:--:--:--:--:

------------------------------------------
Simulation - JOURS 73 DE LA SAISON automne
------------------------------------------
------------------RESERVE-----------------
LA RESERVE CONTIENT :
Herbe[id:169 quantite: 602]  en position (0, 0)
Eau[id:170 quantite: 63]  en position (0, 0)
Graine[id:171 quantite: 239]  en position (0, 0)
Foin[id:172 quantite: 62]  en position (0, 0)
------------------------------------------
-------------------POCHE------------------
LA POCHE CONTIENT:
Herbe[id:165 quantite: 3]  en position (9, 4)
Foin[id:166 quantite: 669]  en position (9, 4)
Eau[id:167 quantite: 79]  en position (9, 4)
Graine[id:168 quantite: 268]  en position (9, 4)
------------------------------------------
------------RAPPORT JOURNALIER------------
LE FERMIER RAJOUTE Herbe x3 SUR SA CASE
Le fermier trait la vache !
L'animal Poule n'a pas trouvÚ de nourriture...
Pas de bÚbÚ pour Animal de la ferme: Poule en position 6 9 vie restante: 20
De l'herbe commence Ó s'agrandir en 1,3 !
De l'herbe vient de pousser sur la case 4,2 !
De l'herbe commence Ó s'agrandir en 4,7 !
De l'herbe commence Ó s'agrandir en 5,5 !
De l'herbe commence Ó s'agrandir en 7,9 !
De l'herbe commence Ó s'agrandir en 8,0 !
---------REAPPROVISIONNEMENT--------------
LE FERMIER RENTRE CHEZ LUI POUR RECUPERER 2 Herbe
LE FERMIER RENTRE CHEZ LUI POUR RECUPERER 10 Eau
LE FERMIER RENTRE CHEZ LUI POUR RECUPERER 3 Graine
LE FERMIER RENTRE CHEZ LUI POUR RECUPERER 4 Foin
-------ETAT ACTUEL DE LA FERME ET DE LA FORET-------
:--:--:--:--:--:--:--:--:--:--:
|  |He|He|He|He|He|  |He|He|He|
:--:--:--:--:--:--:--:--:--:--:
|He|He|He|He|He|He|He|  |He|He|
:--:--:--:--:--:--:--:--:--:--:
|He|He|He|He|He|He|He|He|He|  |
:--:--:--:--:--:--:--:--:--:--:
|He|He|He|He|He|He|He|He|He|He|
:--:--:--:--:--:--:--:--:--:--:
|He|He|He|He|He|He|He|He|  |He|
:--:--:--:--:--:--:--:--:--:--:
|He|He|He|  |He|He|He|He|  |  |
:--:--:--:--:--:--:--:--:--:--:
|He|He|He|He|He|He|Fo|He|He|  |
:--:--:--:--:--:--:--:--:--:--:
|He|  |He|He|Ea|He|He|He|  |He|
:--:--:--:--:--:--:--:--:--:--:
|He|He|He|He|He|He|He|He|He|He|
:--:--:--:--:--:--:--:--:--:--:
|He|He|He|He|  |He|He|  |  |He|
:--:--:--:--:--:--:--:--:--:--:

------------------------------------------
Simulation - JOURS 74 DE LA SAISON automne
------------------------------------------
------------------RESERVE-----------------
LA RESERVE CONTIENT :
Herbe[id:169 quantite: 600]  en position (0, 0)
Eau[id:170 quantite: 53]  en position (0, 0)
Graine[id:171 quantite: 236]  en position (0, 0)
Foin[id:172 quantite: 58]  en position (0, 0)
------------------------------------------
-------------------POCHE------------------
LA POCHE CONTIENT:
Herbe[id:165 quantite: 2]  en position (9, 4)
Foin[id:166 quantite: 673]  en position (9, 4)
Eau[id:167 quantite: 89]  en position (9, 4)
Graine[id:168 quantite: 271]  en position (9, 4)
------------------------------------------
------------RAPPORT JOURNALIER------------
LE FERMIER RAJOUTE Herbe x2 SUR SA CASE
Le fermier trait la vache !
L'animal Vache mange Herbe[id:1849 quantite: 0]  en position (4, 2)
L'animal Animal de la ferme: Vache en position 4 2 vie restante: 28 se reproduit
De l'herbe commence Ó s'agrandir en 1,1 !
De l'herbe commence Ó s'agrandir en 1,5 !
De l'herbe commence Ó s'agrandir en 4,0 !
De l'herbe commence Ó s'agrandir en 5,6 !
De l'herbe commence Ó s'agrandir en 7,5 !
De l'herbe commence Ó s'agrandir en 7,6 !
De l'herbe commence Ó s'agrandir en 7,7 !
De l'herbe commence Ó s'agrandir en 8,1 !
De l'herbe commence Ó s'agrandir en 8,3 !
De l'herbe commence Ó s'agrandir en 8,6 !
---------REAPPROVISIONNEMENT--------------
LE FERMIER RENTRE CHEZ LUI POUR RECUPERER 11 Herbe
LE FERMIER RENTRE CHEZ LUI POUR RECUPERER 8 Eau
LE FERMIER RENTRE CHEZ LUI POUR RECUPERER 3 Graine
LE FERMIER RENTRE CHEZ LUI POUR RECUPERER 5 Foin
-------ETAT ACTUEL DE LA FERME ET DE LA FORET-------
:--:--:--:--:--:--:--:--:--:--:
|  |He|He|He|He|He|  |He|He|He|
:--:--:--:--:--:--:--:--:--:--:
|He|He|He|He|He|He|He|  |He|He|
:--:--:--:--:--:--:--:--:--:--:
|He|He|He|He|He|He|He|He|He|  |
:--:--:--:--:--:--:--:--:--:--:
|He|He|He|He|He|He|He|He|He|He|
:--:--:--:--:--:--:--:--:--:--:
|He|He|  |He|He|He|He|He|  |He|
:--:--:--:--:--:--:--:--:--:--:
|He|He|He|  |He|He|He|He|  |  |
:--:--:--:--:--:--:--:--:--:--:
|He|He|He|He|He|He|Fo|He|He|  |
:--:--:--:--:--:--:--:--:--:--:
|He|  |He|He|Ea|He|He|He|  |He|
:--:--:--:--:--:--:--:--:--:--:
|He|He|He|He|He|He|He|He|He|He|
:--:--:--:--:--:--:--:--:--:--:
|He|He|He|He|  |He|He|  |  |He|
:--:--:--:--:--:--:--:--:--:--:

------------------------------------------
Simulation - JOURS 75 DE LA SAISON automne
------------------------------------------
------------------RESERVE-----------------
LA RESERVE CONTIENT :
Herbe[id:169 quantite: 589]  en position (0, 0)
Eau[id:170 quantite: 45]  en position (0, 0)
Graine[id:171 quantite: 233]  en position (0, 0)
Foin[id:172 quantite: 53]  en position (0, 0)
------------------------------------------
-------------------POCHE------------------
LA POCHE CONTIENT:
Herbe[id:165 quantite: 11]  en position (9, 4)
Foin[id:166 quantite: 678]  en position (9, 4)
Eau[id:167 quantite: 97]  en position (9, 4)
Graine[id:168 quantite: 274]  en position (9, 4)
------------------------------------------
------------RAPPORT JOURNALIER------------
LE FERMIER RAJOUTE Herbe x11 SUR SA CASE
Le fermier trait la vache !
De l'herbe commence Ó s'agrandir en 4,4 !
De l'herbe commence Ó s'agrandir en 4,9 !
De l'herbe commence Ó s'agrandir en 5,0 !
De l'herbe vient de pousser sur la case 5,3 !
De l'herbe commence Ó s'agrandir en 5,6 !
De l'herbe commence Ó s'agrandir en 7,5 !
De l'herbe commence Ó s'agrandir en 8,1 !
De l'herbe commence Ó s'agrandir en 9,9 !
---------REAPPROVISIONNEMENT--------------
LE FERMIER RENTRE CHEZ LUI POUR RECUPERER 2 Herbe
LE FERMIER RENTRE CHEZ LUI POUR RECUPERER 11 Eau
LE FERMIER RENTRE CHEZ LUI POUR RECUPERER 3 Graine
LE FERMIER RENTRE CHEZ LUI POUR RECUPERER 5 Foin
-------ETAT ACTUEL DE LA FERME ET DE LA FORET-------
:--:--:--:--:--:--:--:--:--:--:
|  |He|He|He|He|He|  |He|He|He|
:--:--:--:--:--:--:--:--:--:--:
|He|He|He|He|He|He|He|  |He|He|
:--:--:--:--:--:--:--:--:--:--:
|He|He|He|He|He|He|He|He|He|  |
:--:--:--:--:--:--:--:--:--:--:
|He|He|He|He|He|He|He|He|He|He|
:--:--:--:--:--:--:--:--:--:--:
|He|He|  |He|He|He|He|He|  |He|
:--:--:--:--:--:--:--:--:--:--:
|He|He|He|He|He|He|He|He|  |  |
:--:--:--:--:--:--:--:--:--:--:
|He|He|He|He|He|He|Fo|He|He|  |
:--:--:--:--:--:--:--:--:--:--:
|He|  |He|He|Ea|He|He|He|  |He|
:--:--:--:--:--:--:--:--:--:--:
|He|He|He|He|He|He|He|He|He|He|
:--:--:--:--:--:--:--:--:--:--:
|He|He|He|He|  |He|He|  |  |He|
:--:--:--:--:--:--:--:--:--:--:

------------------------------------------
Simulation - JOURS 76 DE LA SAISON automne
------------------------------------------
------------------RESERVE-----------------
LA RESERVE CONTIENT :
Herbe[id:169 quantite: 587]  en position (0, 0)
Eau[id:170 quantite: 34]  en position (0, 0)
Graine[id:171 quantite: 230]  en position (0, 0)
Foin[id:172 quantite: 48]  en position (0, 0)
------------------------------------------
-------------------POCHE------------------
LA POCHE CONTIENT:
Herbe[id:165 quantite: 2]  en position (9, 4)
Foin[id:166 quantite: 683]  en position (9, 4)
Eau[id:167 quantite: 108]  en position (9, 4)
Graine[id:168 quantite: 277]  en position (9, 4)
------------------------------------------
------------RAPPORT JOURNALIER------------
Le fermier dÚpose 683 Foin par terre
Le fermier trait la vache !
L'animal Vache mange Herbe[id:1731 quantite: 0]  en position (2, 2)
Pas de bÚbÚ pour Animal de la ferme: Vache en position 2 2 vie restante: 100
L'animal Vache mange Herbe[id:1851 quantite: 0]  en position (5, 3)
Pas de bÚbÚ pour Animal de la ferme: Vache en position 5 3 vie restante: 51
L'animal Vache mange Herbe[id:1790 quantite: 0]  en position (0, 9)
Pas de bÚbÚ pour Animal de la ferme: Vache en position 0 9 vie restante: 94
L'animal Vache mange Herbe[id:1823 quantite: 0]  en position (3, 5)
Pas de bÚbÚ pour Animal de la ferme: Vache en position 3 5 vie restante: 29
De l'herbe vient de pousser sur la case 0,6 !
De l'herbe commence Ó s'agrandir en 0,7 !
De l'herbe commence Ó s'agrandir en 1,5 !
De l'herbe commence Ó s'agrandir en 3,1 !
De l'herbe commence Ó s'agrandir en 4,7 !
De l'herbe commence Ó s'agrandir en 5,2 !
De l'herbe commence Ó s'agrandir en 6,5 !
De l'herbe vient de pousser sur la case 6,9 !
De l'herbe commence Ó s'agrandir en 7,9 !
De l'herbe commence Ó s'agrandir en 8,8 !
De l'herbe commence Ó s'agrandir en 9,0 !
De l'herbe vient de pousser sur la case 9,8 !
---------REAPPROVISIONNEMENT--------------
LE FERMIER RENTRE CHEZ LUI POUR RECUPERER 11 Herbe
LE FERMIER RENTRE CHEZ LUI POUR RECUPERER 9 Eau
LE FERMIER RENTRE CHEZ LUI POUR RECUPERER 6 Graine
LE FERMIER RENTRE CHEZ LUI POUR RECUPERER 7 Foin
-------ETAT ACTUEL DE LA FERME ET DE LA FORET-------
:--:--:--:--:--:--:--:--:--:--:
|  |He|He|He|He|He|He|He|He|  |
:--:--:--:--:--:--:--:--:--:--:
|He|He|He|He|He|He|He|Fo|He|He|
:--:--:--:--:--:--:--:--:--:--:
|He|He|  |He|He|He|He|He|He|  |
:--:--:--:--:--:--:--:--:--:--:
|He|He|He|He|He|  |He|He|He|He|
:--:--:--:--:--:--:--:--:--:--:
|He|He|  |He|He|He|He|He|  |He|
:--:--:--:--:--:--:--:--:--:--:
|He|He|He|  |He|He|He|He|  |  |
:--:--:--:--:--:--:--:--:--:--:
|He|He|He|He|He|He|Fo|He|He|He|
:--:--:--:--:--:--:--:--:--:--:
|He|  |He|He|Ea|He|He|He|  |He|
:--:--:--:--:--:--:--:--:--:--:
|He|He|He|He|He|He|He|He|He|He|
:--:--:--:--:--:--:--:--:--:--:
|He|He|He|He|  |He|He|  |He|He|
:--:--:--:--:--:--:--:--:--:--:

------------------------------------------
Simulation - JOURS 77 DE LA SAISON automne
------------------------------------------
------------------RESERVE-----------------
LA RESERVE CONTIENT :
Herbe[id:169 quantite: 576]  en position (0, 0)
Eau[id:170 quantite: 25]  en position (0, 0)
Graine[id:171 quantite: 224]  en position (0, 0)
Foin[id:172 quantite: 41]  en position (0, 0)
------------------------------------------
-------------------POCHE------------------
LA POCHE CONTIENT:
Herbe[id:165 quantite: 13]  en position (7, 1)
Foin[id:166 quantite: 7]  en position (7, 1)
Eau[id:167 quantite: 117]  en position (7, 1)
Graine[id:168 quantite: 283]  en position (7, 1)
------------------------------------------
------------RAPPORT JOURNALIER------------
Le fermier dÚpose 283 Graine par terre
L'animal Vache mange Herbe[id:1857 quantite: 0]  en position (0, 6)
Pas de bÚbÚ pour Animal de la ferme: Vache en position 0 6 vie restante: 86
L'animal prÚdateur mange Animal de la ferme: Vache en position 3 5 vie restante: 29
L'animal Vache mange Foin[id:1852 quantite: 0]  en position (1, 7)
Pas de bÚbÚ pour Animal de la ferme: Vache en position 1 7 vie restante: 100
De l'herbe commence Ó s'agrandir en 0,4 !
De l'herbe commence Ó s'agrandir en 0,8 !
De l'herbe commence Ó s'agrandir en 2,0 !
De l'herbe commence Ó s'agrandir en 2,5 !
De l'herbe commence Ó s'agrandir en 4,7 !
De l'herbe commence Ó s'agrandir en 4,9 !
De l'herbe vient de pousser sur la case 5,9 !
De l'herbe commence Ó s'agrandir en 6,9 !
De l'herbe commence Ó s'agrandir en 7,3 !
De l'herbe commence Ó s'agrandir en 8,8 !
---------REAPPROVISIONNEMENT--------------
LE FERMIER RENTRE CHEZ LUI POUR RECUPERER 5 Herbe
LE FERMIER RENTRE CHEZ LUI POUR RECUPERER 4 Eau
LE FERMIER RENTRE CHEZ LUI POUR RECUPERER 9 Graine
LE FERMIER RENTRE CHEZ LUI POUR RECUPERER 10 Foin
-------ETAT ACTUEL DE LA FERME ET DE LA FORET-------
:--:--:--:--:--:--:--:--:--:--:
|  |He|He|He|He|He|  |He|He|  |
:--:--:--:--:--:--:--:--:--:--:
|He|He|He|He|He|He|He|  |He|He|
:--:--:--:--:--:--:--:--:--:--:
|He|He|  |He|He|He|He|He|He|  |
:--:--:--:--:--:--:--:--:--:--:
|He|He|He|He|He|  |He|He|He|He|
:--:--:--:--:--:--:--:--:--:--:
|He|He|  |He|He|He|He|He|  |He|
:--:--:--:--:--:--:--:--:--:--:
|He|He|He|  |He|He|He|He|  |He|
:--:--:--:--:--:--:--:--:--:--:
|He|He|He|He|He|He|Fo|He|He|He|
:--:--:--:--:--:--:--:--:--:--:
|He|Gr|He|He|Ea|He|He|He|  |He|
:--:--:--:--:--:--:--:--:--:--:
|He|He|He|He|He|He|He|He|He|He|
:--:--:--:--:--:--:--:--:--:--:
|He|He|He|He|  |He|He|  |He|He|
:--:--:--:--:--:--:--:--:--:--:

------------------------------------------
Simulation - JOURS 78 DE LA SAISON automne
------------------------------------------
------------------RESERVE-----------------
LA RESERVE CONTIENT :
Herbe[id:169 quantite: 571]  en position (0, 0)
Eau[id:170 quantite: 21]  en position (0, 0)
Graine[id:171 quantite: 215]  en position (0, 0)
Foin[id:172 quantite: 31]  en position (0, 0)
------------------------------------------
-------------------POCHE------------------
LA POCHE CONTIENT:
Herbe[id:165 quantite: 18]  en position (6, 9)
Foin[id:166 quantite: 17]  en position (6, 9)
Eau[id:167 quantite: 121]  en position (6, 9)
Graine[id:168 quantite: 9]  en position (6, 9)
------------------------------------------
------------RAPPORT JOURNALIER------------
LE FERMIER RAJOUTE Herbe x18 SUR SA CASE
L'animal Poule n'a pas trouvÚ de nourriture...
Pas de bÚbÚ pour Animal de la ferme: Poule en position 5 9 vie restante: 20
L'animal Vache mange Herbe[id:1757 quantite: 0]  en position (9, 2)
Pas de bÚbÚ pour Animal de la ferme: Vache en position 9 2 vie restante: 64
L'animal prÚdateur mange Animal de la ferme: Vache en position 1 7 vie restante: 100
De l'herbe vient de pousser sur la case 0,6 !
De l'herbe commence Ó s'agrandir en 1,4 !
De l'herbe commence Ó s'agrandir en 2,7 !
De l'herbe commence Ó s'agrandir en 3,1 !
De l'herbe commence Ó s'agrandir en 4,5 !
De l'herbe commence Ó s'agrandir en 5,6 !
De l'herbe commence Ó s'agrandir en 5,7 !
De l'herbe vient de pousser sur la case 7,8 !
De l'herbe commence Ó s'agrandir en 8,0 !
De l'herbe commence Ó s'agrandir en 9,8 !
---------REAPPROVISIONNEMENT--------------
LE FERMIER RENTRE CHEZ LUI POUR RECUPERER 9 Herbe
LE FERMIER RENTRE CHEZ LUI POUR RECUPERER 11 Eau
LE FERMIER RENTRE CHEZ LUI POUR RECUPERER 4 Graine
LE FERMIER RENTRE CHEZ LUI POUR RECUPERER 10 Foin
-------ETAT ACTUEL DE LA FERME ET DE LA FORET-------
:--:--:--:--:--:--:--:--:--:--:
|  |He|He|He|He|He|He|He|He|  |
:--:--:--:--:--:--:--:--:--:--:
|He|He|He|He|He|He|He|  |He|He|
:--:--:--:--:--:--:--:--:--:--:
|He|He|  |He|He|He|He|He|He|  |
:--:--:--:--:--:--:--:--:--:--:
|He|He|He|He|He|  |He|He|He|He|
:--:--:--:--:--:--:--:--:--:--:
|He|He|  |He|He|He|He|He|  |He|
:--:--:--:--:--:--:--:--:--:--:
|He|He|He|  |He|He|He|He|  |  |
:--:--:--:--:--:--:--:--:--:--:
|He|He|He|He|He|He|Fo|He|He|He|
:--:--:--:--:--:--:--:--:--:--:
|He|Gr|He|He|Ea|He|He|He|He|He|
:--:--:--:--:--:--:--:--:--:--:
|He|He|He|He|He|He|He|He|He|He|
:--:--:--:--:--:--:--:--:--:--:
|He|He|  |He|  |He|He|  |He|He|
:--:--:--:--:--:--:--:--:--:--:

------------------------------------------
Simulation - JOURS 79 DE LA SAISON automne
------------------------------------------
------------------RESERVE-----------------
LA RESERVE CONTIENT :
Herbe[id:169 quantite: 562]  en position (0, 0)
Eau[id:170 quantite: 10]  en position (0, 0)
Graine[id:171 quantite: 211]  en position (0, 0)
Foin[id:172 quantite: 21]  en position (0, 0)
------------------------------------------
-------------------POCHE------------------
LA POCHE CONTIENT:
Herbe[id:165 quantite: 9]  en position (6, 9)
Foin[id:166 quantite: 27]  en position (6, 9)
Eau[id:167 quantite: 132]  en position (6, 9)
Graine[id:168 quantite: 13]  en position (6, 9)
------------------------------------------
------------RAPPORT JOURNALIER------------
LE FERMIER RAJOUTE Herbe x9 SUR SA CASE
L'animal Vache mange Herbe[id:1866 quantite: 0]  en position (0, 6)
Pas de bÚbÚ pour Animal de la ferme: Vache en position 0 6 vie restante: 88
De l'herbe commence Ó s'agrandir en 2,3 !
De l'herbe commence Ó s'agrandir en 3,0 !
De l'herbe commence Ó s'agrandir en 3,3 !
De l'herbe commence Ó s'agrandir en 3,4 !
De l'herbe commence Ó s'agrandir en 4,0 !
De l'herbe commence Ó s'agrandir en 6,3 !
De l'herbe commence Ó s'agrandir en 7,5 !
De l'herbe commence Ó s'agrandir en 7,8 !
De l'herbe commence Ó s'agrandir en 8,0 !
De l'herbe commence Ó s'agrandir en 8,5 !
De l'herbe commence Ó s'agrandir en 8,6 !
De l'herbe commence Ó s'agrandir en 8,7 !
De l'herbe commence Ó s'agrandir en 8,8 !
De l'herbe commence Ó s'agrandir en 9,0 !
---------REAPPROVISIONNEMENT--------------
LE FERMIER RENTRE CHEZ LUI POUR RECUPERER 4 Herbe
LE FERMIER RENTRE CHEZ LUI POUR RECUPERER 4 Eau
LE FERMIER RENTRE CHEZ LUI POUR RECUPERER 8 Graine
LE FERMIER RENTRE CHEZ LUI POUR RECUPERER 5 Foin
-------ETAT ACTUEL DE LA FERME ET DE LA FORET-------
:--:--:--:--:--:--:--:--:--:--:
|  |He|He|He|He|He|  |He|He|  |
:--:--:--:--:--:--:--:--:--:--:
|He|He|He|He|He|He|He|  |He|He|
:--:--:--:--:--:--:--:--:--:--:
|He|He|  |He|He|He|He|He|He|  |
:--:--:--:--:--:--:--:--:--:--:
|He|He|He|He|He|  |He|He|He|He|
:--:--:--:--:--:--:--:--:--:--:
|He|He|  |He|He|He|He|He|  |He|
:--:--:--:--:--:--:--:--:--:--:
|He|He|He|  |He|He|He|He|  |  |
:--:--:--:--:--:--:--:--:--:--:
|He|He|He|He|He|He|Fo|He|He|He|
:--:--:--:--:--:--:--:--:--:--:
|He|Gr|He|He|Ea|He|He|He|He|He|
:--:--:--:--:--:--:--:--:--:--:
|He|He|He|He|He|He|He|He|He|He|
:--:--:--:--:--:--:--:--:--:--:
|He|He|  |He|  |He|He|  |He|He|
:--:--:--:--:--:--:--:--:--:--:

UPDATE DE LA RESERVE
------------------------------------------
Simulation - JOURS 80 DE LA SAISON automne
------------------------------------------
------------------RESERVE-----------------
LA RESERVE CONTIENT :
Herbe[id:169 quantite: 640]  en position (0, 0)
Eau[id:170 quantite: 53]  en position (0, 0)
Graine[id:171 quantite: 283]  en position (0, 0)
Foin[id:172 quantite: 80]  en position (0, 0)
------------------------------------------
-------------------POCHE------------------
LA POCHE CONTIENT:
Herbe[id:165 quantite: 4]  en position (6, 9)
Foin[id:166 quantite: 32]  en position (6, 9)
Eau[id:167 quantite: 136]  en position (6, 9)
Graine[id:168 quantite: 21]  en position (6, 9)
------------------------------------------
------------RAPPORT JOURNALIER------------
LE FERMIER RAJOUTE Herbe x4 SUR SA CASE
Le fermier trait la vache !
L'animal Vache mange Herbe[id:1836 quantite: 0]  en position (0, 2)
Pas de bÚbÚ pour Animal de la ferme: Vache en position 0 2 vie restante: 92
De l'herbe commence Ó s'agrandir en 0,1 !
De l'herbe commence Ó s'agrandir en 2,3 !
De l'herbe commence Ó s'agrandir en 2,8 !
De l'herbe commence Ó s'agrandir en 3,9 !
De l'herbe commence Ó s'agrandir en 7,7 !
De l'herbe commence Ó s'agrandir en 7,8 !
De l'herbe commence Ó s'agrandir en 8,0 !
De l'herbe commence Ó s'agrandir en 8,9 !
---------REAPPROVISIONNEMENT--------------
LE FERMIER RENTRE CHEZ LUI POUR RECUPERER 3 Herbe
LE FERMIER RENTRE CHEZ LUI POUR RECUPERER 7 Eau
LE FERMIER RENTRE CHEZ LUI POUR RECUPERER 10 Graine
LE FERMIER RENTRE CHEZ LUI POUR RECUPERER 7 Foin
-------ETAT ACTUEL DE LA FERME ET DE LA FORET-------
:--:--:--:--:--:--:--:--:--:--:
|  |He|  |He|He|He|  |He|He|  |
:--:--:--:--:--:--:--:--:--:--:
|He|He|He|He|He|He|He|  |He|He|
:--:--:--:--:--:--:--:--:--:--:
|He|He|  |He|He|He|He|He|He|  |
:--:--:--:--:--:--:--:--:--:--:
|He|He|He|He|He|  |He|He|He|He|
:--:--:--:--:--:--:--:--:--:--:
|He|He|  |He|He|He|He|He|  |He|
:--:--:--:--:--:--:--:--:--:--:
|He|He|He|  |He|He|He|He|  |  |
:--:--:--:--:--:--:--:--:--:--:
|He|He|He|He|He|He|Fo|He|He|He|
:--:--:--:--:--:--:--:--:--:--:
|He|Gr|He|He|Ea|He|He|He|He|He|
:--:--:--:--:--:--:--:--:--:--:
|He|He|He|He|He|He|He|He|He|He|
:--:--:--:--:--:--:--:--:--:--:
|He|He|  |He|  |He|He|  |He|He|
:--:--:--:--:--:--:--:--:--:--:

------------------------------------------
Simulation - JOURS 81 DE LA SAISON automne
------------------------------------------
------------------RESERVE-----------------
LA RESERVE CONTIENT :
Herbe[id:169 quantite: 637]  en position (0, 0)
Eau[id:170 quantite: 46]  en position (0, 0)
Graine[id:171 quantite: 273]  en position (0, 0)
Foin[id:172 quantite: 73]  en position (0, 0)
------------------------------------------
-------------------POCHE------------------
LA POCHE CONTIENT:
Herbe[id:165 quantite: 3]  en position (6, 9)
Foin[id:166 quantite: 39]  en position (6, 9)
Eau[id:167 quantite: 143]  en position (6, 9)
Graine[id:168 quantite: 31]  en position (6, 9)
------------------------------------------
------------RAPPORT JOURNALIER------------
LE FERMIER RAJOUTE Herbe x3 SUR SA CASE
Le fermier trait la vache !
L'animal Vache mange Herbe[id:1826 quantite: 0]  en position (9, 5)
Pas de bÚbÚ pour Animal de la ferme: Vache en position 9 5 vie restante: 100
De l'herbe commence Ó s'agrandir en 1,0 !
De l'herbe commence Ó s'agrandir en 1,2 !
De l'herbe vient de pousser sur la case 2,9 !
De l'herbe commence Ó s'agrandir en 3,3 !
De l'herbe commence Ó s'agrandir en 5,1 !
De l'herbe commence Ó s'agrandir en 5,2 !
De l'herbe commence Ó s'agrandir en 5,4 !
De l'herbe vient de pousser sur la case 9,2 !
De l'herbe commence Ó s'agrandir en 9,3 !
---------REAPPROVISIONNEMENT--------------
LE FERMIER RENTRE CHEZ LUI POUR RECUPERER 9 Herbe
LE FERMIER RENTRE CHEZ LUI POUR RECUPERER 6 Eau
LE FERMIER RENTRE CHEZ LUI POUR RECUPERER 3 Graine
LE FERMIER RENTRE CHEZ LUI POUR RECUPERER 10 Foin
-------ETAT ACTUEL DE LA FERME ET DE LA FORET-------
:--:--:--:--:--:--:--:--:--:--:
|  |He|  |He|He|He|  |He|He|  |
:--:--:--:--:--:--:--:--:--:--:
|He|He|He|He|He|He|He|  |He|He|
:--:--:--:--:--:--:--:--:--:--:
|He|He|  |He|He|He|He|He|He|He|
:--:--:--:--:--:--:--:--:--:--:
|He|He|He|He|He|  |He|He|He|He|
:--:--:--:--:--:--:--:--:--:--:
|He|He|  |He|He|He|He|He|  |He|
:--:--:--:--:--:--:--:--:--:--:
|He|He|He|  |He|He|He|He|  |  |
:--:--:--:--:--:--:--:--:--:--:
|He|He|He|He|He|He|Fo|He|He|He|
:--:--:--:--:--:--:--:--:--:--:
|He|Gr|He|He|Ea|He|He|He|He|He|
:--:--:--:--:--:--:--:--:--:--:
|He|He|He|He|He|He|He|He|He|He|
:--:--:--:--:--:--:--:--:--:--:
|He|He|He|He|  |  |He|  |He|He|
:--:--:--:--:--:--:--:--:--:--:

------------------------------------------
Simulation - JOURS 82 DE LA SAISON automne
------------------------------------------
------------------RESERVE-----------------
LA RESERVE CONTIENT :
Herbe[id:169 quantite: 628]  en position (0, 0)
Eau[id:170 quantite: 40]  en position (0, 0)
Graine[id:171 quantite: 270]  en position (0, 0)
Foin[id:172 quantite: 63]  en position (0, 0)
------------------------------------------
-------------------POCHE------------------
LA POCHE CONTIENT:
Herbe[id:165 quantite: 9]  en position (6, 9)
Foin[id:166 quantite: 49]  en position (6, 9)
Eau[id:167 quantite: 149]  en position (6, 9)
Graine[id:168 quantite: 34]  en position (6, 9)
------------------------------------------
------------RAPPORT JOURNALIER------------
LE FERMIER RAJOUTE Herbe x9 SUR SA CASE
Le fermier trait la vache !
De l'herbe commence Ó s'agrandir en 1,2 !
De l'herbe commence Ó s'agrandir en 1,4 !
De l'herbe commence Ó s'agrandir en 1,6 !
De l'herbe commence Ó s'agrandir en 2,4 !
De l'herbe commence Ó s'agrandir en 2,6 !
De l'herbe commence Ó s'agrandir en 2,9 !
De l'herbe vient de pousser sur la case 3,5 !
De l'herbe commence Ó s'agrandir en 7,2 !
De l'herbe commence Ó s'agrandir en 7,6 !
De l'herbe commence Ó s'agrandir en 8,1 !
De l'herbe commence Ó s'agrandir en 8,4 !
---------REAPPROVISIONNEMENT--------------
LE FERMIER RENTRE CHEZ LUI POUR RECUPERER 5 Herbe
LE FERMIER RENTRE CHEZ LUI POUR RECUPERER 9 Eau
LE FERMIER RENTRE CHEZ LUI POUR RECUPERER 4 Graine
LE FERMIER RENTRE CHEZ LUI POUR RECUPERER 8 Foin
-------ETAT ACTUEL DE LA FERME ET DE LA FORET-------
:--:--:--:--:--:--:--:--:--:--:
|  |He|  |He|He|He|  |He|He|  |
:--:--:--:--:--:--:--:--:--:--:
|He|He|He|He|He|He|He|  |He|He|
:--:--:--:--:--:--:--:--:--:--:
|He|He|  |He|He|He|He|He|He|He|
:--:--:--:--:--:--:--:--:--:--:
|He|He|He|He|He|He|He|He|He|He|
:--:--:--:--:--:--:--:--:--:--:
|He|He|  |He|He|He|He|He|  |He|
:--:--:--:--:--:--:--:--:--:--:
|He|He|He|  |He|He|He|He|  |  |
:--:--:--:--:--:--:--:--:--:--:
|He|He|He|He|He|He|Fo|He|He|He|
:--:--:--:--:--:--:--:--:--:--:
|He|Gr|He|He|Ea|He|He|He|He|He|
:--:--:--:--:--:--:--:--:--:--:
|He|He|He|He|He|He|He|He|He|He|
:--:--:--:--:--:--:--:--:--:--:
|He|He|He|He|  |  |He|  |He|He|
:--:--:--:--:--:--:--:--:--:--:

------------------------------------------
Simulation - JOURS 83 DE LA SAISON automne
------------------------------------------
------------------RESERVE-----------------
LA RESERVE CONTIENT :
Herbe[id:169 quantite: 623]  en position (0, 0)
Eau[id:170 quantite: 31]  en position (0, 0)
Graine[id:171 quantite: 266]  en position (0, 0)
Foin[id:172 quantite: 55]  en position (0, 0)
------------------------------------------
-------------------POCHE------------------
LA POCHE CONTIENT:
Herbe[id:165 quantite: 5]  en position (6, 9)
Foin[id:166 quantite: 57]  en position (6, 9)
Eau[id:167 quantite: 158]  en position (6, 9)
Graine[id:168 quantite: 38]  en position (6, 9)
------------------------------------------
------------RAPPORT JOURNALIER------------
LE FERMIER RAJOUTE Herbe x5 SUR SA CASE
Le fermier trait la vache !
L'animal Poule n'a pas trouvÚ de nourriture...
Pas de bÚbÚ pour Animal de la ferme: Poule en position 7 5 vie restante: 20
L'animal Vache mange Herbe[id:1872 quantite: 0]  en position (9, 2)
Pas de bÚbÚ pour Animal de la ferme: Vache en position 9 2 vie restante: 95
De l'herbe vient de pousser sur la case 0,2 !
De l'herbe vient de pousser sur la case 4,2 !
De l'herbe vient de pousser sur la case 5,3 !
De l'herbe commence Ó s'agrandir en 5,4 !
De l'herbe vient de pousser sur la case 7,5 !
De l'herbe commence Ó s'agrandir en 8,2 !
De l'herbe vient de pousser sur la case 9,2 !
De l'herbe vient de pousser sur la case 9,4 !
---------REAPPROVISIONNEMENT--------------
LE FERMIER RENTRE CHEZ LUI POUR RECUPERER 11 Herbe
LE FERMIER RENTRE CHEZ LUI POUR RECUPERER 10 Eau
LE FERMIER RENTRE CHEZ LUI POUR RECUPERER 3 Graine
LE FERMIER RENTRE CHEZ LUI POUR RECUPERER 8 Foin
-------ETAT ACTUEL DE LA FERME ET DE LA FORET-------
:--:--:--:--:--:--:--:--:--:--:
|  |He|He|He|He|He|  |He|He|  |
:--:--:--:--:--:--:--:--:--:--:
|He|He|He|He|He|He|He|  |He|He|
:--:--:--:--:--:--:--:--:--:--:
|He|He|  |He|He|He|He|He|He|He|
:--:--:--:--:--:--:--:--:--:--:
|He|He|He|He|He|He|He|He|He|He|
:--:--:--:--:--:--:--:--:--:--:
|He|He|He|He|He|He|He|He|  |He|
:--:--:--:--:--:--:--:--:--:--:
|He|He|He|He|He|He|He|He|  |  |
:--:--:--:--:--:--:--:--:--:--:
|He|He|He|He|He|He|Fo|He|He|He|
:--:--:--:--:--:--:--:--:--:--:
|He|Gr|He|He|Ea|He|He|He|He|He|
:--:--:--:--:--:--:--:--:--:--:
|He|He|He|He|He|He|He|He|He|He|
:--:--:--:--:--:--:--:--:--:--:
|He|He|He|He|He|  |He|  |He|He|
:--:--:--:--:--:--:--:--:--:--:

------------------------------------------
Simulation - JOURS 84 DE LA SAISON automne
------------------------------------------
------------------RESERVE-----------------
LA RESERVE CONTIENT :
Herbe[id:169 quantite: 612]  en position (0, 0)
Eau[id:170 quantite: 21]  en position (0, 0)
Graine[id:171 quantite: 263]  en position (0, 0)
Foin[id:172 quantite: 47]  en position (0, 0)
------------------------------------------
-------------------POCHE------------------
LA POCHE CONTIENT:
Herbe[id:165 quantite: 11]  en position (6, 9)
Foin[id:166 quantite: 65]  en position (6, 9)
Eau[id:167 quantite: 168]  en position (6, 9)
Graine[id:168 quantite: 41]  en position (6, 9)
------------------------------------------
------------RAPPORT JOURNALIER------------
LE FERMIER RAJOUTE Herbe x11 SUR SA CASE
Le fermier trait la vache !
L'animal Poule n'a pas trouvÚ de nourriture...
L'animal Animal de la ferme: Poule en position 7 5 vie restante: 10 se reproduit
L'animal Vache mange Herbe[id:1880 quantite: 0]  en position (9, 2)
Pas de bÚbÚ pour Animal de la ferme: Vache en position 9 2 vie restante: 100
L'animal Poule n'a pas trouvÚ de nourriture...
Pas de bÚbÚ pour Animal de la ferme: Poule en position 3 0 vie restante: 10
De l'herbe vient de pousser sur la case 0,0 !
De l'herbe commence Ó s'agrandir en 1,6 !
De l'herbe vient de pousser sur la case 1,7 !
De l'herbe commence Ó s'agrandir en 2,7 !
De l'herbe commence Ó s'agrandir en 3,2 !
De l'herbe commence Ó s'agrandir en 3,3 !
De l'herbe commence Ó s'agrandir en 3,6 !
De l'herbe commence Ó s'agrandir en 4,2 !
De l'herbe commence Ó s'agrandir en 4,7 !
De l'herbe vient de pousser sur la case 5,8 !
De l'herbe vient de pousser sur la case 5,9 !
De l'herbe commence Ó s'agrandir en 7,3 !
De l'herbe commence Ó s'agrandir en 8,0 !
De l'herbe commence Ó s'agrandir en 8,9 !
De l'herbe commence Ó s'agrandir en 9,0 !
De l'herbe vient de pousser sur la case 9,7 !
---------REAPPROVISIONNEMENT--------------
LE FERMIER RENTRE CHEZ LUI POUR RECUPERER 7 Herbe
LE FERMIER RENTRE CHEZ LUI POUR RECUPERER 10 Eau
LE FERMIER RENTRE CHEZ LUI POUR RECUPERER 10 Graine
LE FERMIER RENTRE CHEZ LUI POUR RECUPERER 6 Foin
-------ETAT ACTUEL DE LA FERME ET DE LA FORET-------
:--:--:--:--:--:--:--:--:--:--:
|He|He|He|He|He|He|  |He|He|  |
:--:--:--:--:--:--:--:--:--:--:
|He|He|He|He|He|He|He|He|He|He|
:--:--:--:--:--:--:--:--:--:--:
|He|He|  |He|He|He|He|He|He|He|
:--:--:--:--:--:--:--:--:--:--:
|  |He|He|He|He|He|He|He|He|He|
:--:--:--:--:--:--:--:--:--:--:
|He|He|He|He|He|He|He|He|  |He|
:--:--:--:--:--:--:--:--:--:--:
|He|He|He|He|He|He|He|He|He|He|
:--:--:--:--:--:--:--:--:--:--:
|He|He|He|He|He|He|Fo|He|He|He|
:--:--:--:--:--:--:--:--:--:--:
|He|Gr|He|He|Ea|  |He|He|He|He|
:--:--:--:--:--:--:--:--:--:--:
|He|He|He|He|He|He|He|He|He|He|
:--:--:--:--:--:--:--:--:--:--:
|He|He|  |He|He|  |He|He|He|He|
:--:--:--:--:--:--:--:--:--:--:

------------------------------------------
Simulation - JOURS 85 DE LA SAISON automne
------------------------------------------
------------------RESERVE-----------------
LA RESERVE CONTIENT :
Herbe[id:169 quantite: 605]  en position (0, 0)
Eau[id:170 quantite: 11]  en position (0, 0)
Graine[id:171 quantite: 253]  en position (0, 0)
Foin[id:172 quantite: 41]  en position (0, 0)
------------------------------------------
-------------------POCHE------------------
LA POCHE CONTIENT:
Herbe[id:165 quantite: 7]  en position (6, 9)
Foin[id:166 quantite: 71]  en position (6, 9)
Eau[id:167 quantite: 178]  en position (6, 9)
Graine[id:168 quantite: 51]  en position (6, 9)
------------------------------------------
------------RAPPORT JOURNALIER------------
LE FERMIER RAJOUTE Herbe x7 SUR SA CASE
Le fermier trait la vache !
L'animal Poule n'a pas trouvÚ de nourriture...
Pas de bÚbÚ pour Animal de la ferme: Poule en position 2 2 vie restante: 10
De l'herbe commence Ó s'agrandir en 0,0 !
De l'herbe commence Ó s'agrandir en 0,8 !
De l'herbe commence Ó s'agrandir en 1,3 !
De l'herbe commence Ó s'agrandir en 2,9 !
De l'herbe commence Ó s'agrandir en 3,2 !
De l'herbe vient de pousser sur la case 4,8 !
De l'herbe commence Ó s'agrandir en 5,0 !
De l'herbe commence Ó s'agrandir en 6,3 !
De l'herbe vient de pousser sur la case 7,5 !
De l'herbe commence Ó s'agrandir en 8,3 !
De l'herbe commence Ó s'agrandir en 8,8 !
De l'herbe vient de pousser sur la case 9,2 !
De l'herbe commence Ó s'agrandir en 9,4 !
De l'herbe commence Ó s'agrandir en 9,6 !
De l'herbe commence Ó s'agrandir en 9,9 !
---------REAPPROVISIONNEMENT--------------
LE FERMIER RENTRE CHEZ LUI POUR RECUPERER 8 Herbe
LE FERMIER RENTRE CHEZ LUI POUR RECUPERER 2 Eau
LE FERMIER RENTRE CHEZ LUI POUR RECUPERER 11 Graine
LE FERMIER RENTRE CHEZ LUI POUR RECUPERER 10 Foin
-------ETAT ACTUEL DE LA FERME ET DE LA FORET-------
:--:--:--:--:--:--:--:--:--:--:
|He|He|He|He|He|He|  |He|He|  |
:--:--:--:--:--:--:--:--:--:--:
|He|He|He|He|He|He|He|He|He|He|
:--:--:--:--:--:--:--:--:--:--:
|He|He|  |He|He|He|He|He|He|He|
:--:--:--:--:--:--:--:--:--:--:
|  |He|He|He|He|He|He|He|He|He|
:--:--:--:--:--:--:--:--:--:--:
|He|He|He|He|He|He|He|He|He|He|
:--:--:--:--:--:--:--:--:--:--:
|He|He|He|He|He|He|He|He|He|He|
:--:--:--:--:--:--:--:--:--:--:
|He|He|He|He|He|He|Fo|He|He|He|
:--:--:--:--:--:--:--:--:--:--:
|He|Gr|He|He|Ea|He|He|He|He|He|
:--:--:--:--:--:--:--:--:--:--:
|He|He|He|He|He|He|He|He|He|He|
:--:--:--:--:--:--:--:--:--:--:
|He|He|He|  |He|  |He|He|He|He|
:--:--:--:--:--:--:--:--:--:--:

------------------------------------------
Simulation - JOURS 86 DE LA SAISON automne
------------------------------------------
------------------RESERVE-----------------
LA RESERVE CONTIENT :
Herbe[id:169 quantite: 597]  en position (0, 0)
Eau[id:170 quantite: 9]  en position (0, 0)
Graine[id:171 quantite: 242]  en position (0, 0)
Foin[id:172 quantite: 31]  en position (0, 0)
------------------------------------------
-------------------POCHE------------------
LA POCHE CONTIENT:
Herbe[id:165 quantite: 8]  en position (6, 9)
Foin[id:166 quantite: 81]  en position (6, 9)
Eau[id:167 quantite: 180]  en position (6, 9)
Graine[id:168 quantite: 62]  en position (6, 9)
------------------------------------------
------------RAPPORT JOURNALIER------------
LE FERMIER RAJOUTE Herbe x8 SUR SA CASE
Le fermier trait la vache !
L'animal Vache mange Herbe[id:1891 quantite: 0]  en position (4, 8)
Pas de bÚbÚ pour Animal de la ferme: Vache en position 4 8 vie restante: 47
L'animal Vache mange Herbe[id:1893 quantite: 0]  en position (9, 2)
Pas de bÚbÚ pour Animal de la ferme: Vache en position 9 2 vie restante: 100
L'animal prÚdateur mange Animal de la ferme: Poule en position 3 0 vie restante: 10
De l'herbe commence Ó s'agrandir en 0,0 !
De l'herbe commence Ó s'agrandir en 1,8 !
De l'herbe vient de pousser sur la case 2,2 !
De l'herbe commence Ó s'agrandir en 4,0 !
De l'herbe commence Ó s'agrandir en 4,6 !
De l'herbe commence Ó s'agrandir en 5,2 !
De l'herbe commence Ó s'agrandir en 5,8 !
De l'herbe commence Ó s'agrandir en 6,9 !
De l'herbe commence Ó s'agrandir en 7,3 !
De l'herbe commence Ó s'agrandir en 7,8 !
De l'herbe commence Ó s'agrandir en 8,0 !
De l'herbe commence Ó s'agrandir en 8,7 !
De l'herbe commence Ó s'agrandir en 8,9 !
De l'herbe commence Ó s'agrandir en 9,7 !
---------REAPPROVISIONNEMENT--------------
LE FERMIER RENTRE CHEZ LUI POUR RECUPERER 7 Herbe
LE FERMIER N'A PLUS DE Eau DANS SA RESERVE !
LE FERMIER RENTRE CHEZ LUI POUR RECUPERER 2 Graine
LE FERMIER RENTRE CHEZ LUI POUR RECUPERER 5 Foin
-------ETAT ACTUEL DE LA FERME ET DE LA FORET-------
:--:--:--:--:--:--:--:--:--:--:
|He|He|He|He|He|He|  |He|He|  |
:--:--:--:--:--:--:--:--:--:--:
|He|He|He|He|He|He|He|He|He|He|
:--:--:--:--:--:--:--:--:--:--:
|He|He|He|He|He|He|He|He|He|He|
:--:--:--:--:--:--:--:--:--:--:
|  |He|He|He|He|He|He|He|He|He|
:--:--:--:--:--:--:--:--:--:--:
|He|He|He|He|He|He|He|He|  |He|
:--:--:--:--:--:--:--:--:--:--:
|He|He|He|He|He|He|He|He|He|He|
:--:--:--:--:--:--:--:--:--:--:
|He|He|He|He|He|He|Fo|He|He|He|
:--:--:--:--:--:--:--:--:--:--:
|He|Gr|He|He|Ea|He|He|He|He|He|
:--:--:--:--:--:--:--:--:--:--:
|He|He|He|He|He|He|He|He|He|He|
:--:--:--:--:--:--:--:--:--:--:
|He|He|  |  |He|  |He|He|He|He|
:--:--:--:--:--:--:--:--:--:--:

------------------------------------------
Simulation - JOURS 87 DE LA SAISON automne
------------------------------------------
------------------RESERVE-----------------
LA RESERVE CONTIENT :
Herbe[id:169 quantite: 590]  en position (0, 0)
Eau[id:170 quantite: 9]  en position (0, 0)
Graine[id:171 quantite: 240]  en position (0, 0)
Foin[id:172 quantite: 26]  en position (0, 0)
------------------------------------------
-------------------POCHE------------------
LA POCHE CONTIENT:
Herbe[id:165 quantite: 7]  en position (6, 9)
Foin[id:166 quantite: 86]  en position (6, 9)
Eau[id:167 quantite: 180]  en position (6, 9)
Graine[id:168 quantite: 64]  en position (6, 9)
------------------------------------------
------------RAPPORT JOURNALIER------------
LE FERMIER RAJOUTE Herbe x7 SUR SA CASE
Le fermier trait la vache !
L'animal Poule n'a pas trouvÚ de nourriture...
Pas de bÚbÚ pour Animal de la ferme: Poule en position 2 2 vie restante: 10
L'animal Vache mange Herbe[id:1889 quantite: 0]  en position (9, 7)
Pas de bÚbÚ pour Animal de la ferme: Vache en position 9 7 vie restante: 61
L'animal Vache mange Herbe[id:1871 quantite: 0]  en position (2, 9)
Pas de bÚbÚ pour Animal de la ferme: Vache en position 2 9 vie restante: 100
De l'herbe vient de pousser sur la case 0,6 !
De l'herbe vient de pousser sur la case 0,9 !
De l'herbe commence Ó s'agrandir en 1,4 !
De l'herbe commence Ó s'agrandir en 1,5 !
De l'herbe commence Ó s'agrandir en 1,9 !
De l'herbe commence Ó s'agrandir en 2,0 !
De l'herbe commence Ó s'agrandir en 4,6 !
De l'herbe commence Ó s'agrandir en 7,2 !
De l'herbe commence Ó s'agrandir en 7,5 !
De l'herbe commence Ó s'agrandir en 9,6 !
---------REAPPROVISIONNEMENT--------------
LE FERMIER RENTRE CHEZ LUI POUR RECUPERER 10 Herbe
LE FERMIER RENTRE CHEZ LUI POUR RECUPERER 6 Eau
LE FERMIER RENTRE CHEZ LUI POUR RECUPERER 6 Graine
LE FERMIER RENTRE CHEZ LUI POUR RECUPERER 3 Foin
-------ETAT ACTUEL DE LA FERME ET DE LA FORET-------
:--:--:--:--:--:--:--:--:--:--:
|He|He|He|He|He|He|He|He|He|He|
:--:--:--:--:--:--:--:--:--:--:
|He|He|He|He|He|He|He|He|He|He|
:--:--:--:--:--:--:--:--:--:--:
|He|He|  |He|He|He|He|He|He|  |
:--:--:--:--:--:--:--:--:--:--:
|  |He|He|He|He|He|He|He|He|He|
:--:--:--:--:--:--:--:--:--:--:
|He|He|He|He|He|He|He|He|  |He|
:--:--:--:--:--:--:--:--:--:--:
|He|He|He|He|He|He|He|He|He|He|
:--:--:--:--:--:--:--:--:--:--:
|He|He|He|He|He|He|Fo|He|He|He|
:--:--:--:--:--:--:--:--:--:--:
|He|Gr|He|He|Ea|He|He|He|He|He|
:--:--:--:--:--:--:--:--:--:--:
|He|He|He|He|He|He|He|He|He|He|
:--:--:--:--:--:--:--:--:--:--:
|He|He|  |  |He|  |He|  |He|He|
:--:--:--:--:--:--:--:--:--:--:

------------------------------------------
Simulation - JOURS 88 DE LA SAISON automne
------------------------------------------
------------------RESERVE-----------------
LA RESERVE CONTIENT :
Herbe[id:169 quantite: 580]  en position (0, 0)
Eau[id:170 quantite: 3]  en position (0, 0)
Graine[id:171 quantite: 234]  en position (0, 0)
Foin[id:172 quantite: 23]  en position (0, 0)
------------------------------------------
-------------------POCHE------------------
LA POCHE CONTIENT:
Herbe[id:165 quantite: 10]  en position (6, 9)
Foin[id:166 quantite: 89]  en position (6, 9)
Eau[id:167 quantite: 186]  en position (6, 9)
Graine[id:168 quantite: 70]  en position (6, 9)
------------------------------------------
------------RAPPORT JOURNALIER------------
LE FERMIER RAJOUTE Herbe x10 SUR SA CASE
Le fermier trait la vache !
L'animal Vache mange Herbe[id:1900 quantite: 0]  en position (0, 6)
Pas de bÚbÚ pour Animal de la ferme: Vache en position 0 6 vie restante: 95
De l'herbe commence Ó s'agrandir en 3,8 !
De l'herbe commence Ó s'agrandir en 4,9 !
De l'herbe commence Ó s'agrandir en 5,0 !
De l'herbe commence Ó s'agrandir en 6,1 !
De l'herbe commence Ó s'agrandir en 6,7 !
De l'herbe commence Ó s'agrandir en 7,0 !
De l'herbe commence Ó s'agrandir en 7,3 !
De l'herbe commence Ó s'agrandir en 8,6 !
De l'herbe commence Ó s'agrandir en 8,9 !
De l'herbe vient de pousser sur la case 9,7 !
---------REAPPROVISIONNEMENT--------------
LE FERMIER RENTRE CHEZ LUI POUR RECUPERER 8 Herbe
LE FERMIER N'A PLUS DE Eau DANS SA RESERVE !
LE FERMIER RENTRE CHEZ LUI POUR RECUPERER 3 Graine
LE FERMIER RENTRE CHEZ LUI POUR RECUPERER 8 Foin
-------ETAT ACTUEL DE LA FERME ET DE LA FORET-------
:--:--:--:--:--:--:--:--:--:--:
|He|He|He|He|He|He|  |He|He|He|
:--:--:--:--:--:--:--:--:--:--:
|He|He|He|He|He|He|He|He|He|He|
:--:--:--:--:--:--:--:--:--:--:
|He|He|  |He|He|He|He|He|He|  |
:--:--:--:--:--:--:--:--:--:--:
|  |He|He|He|He|He|He|He|He|He|
:--:--:--:--:--:--:--:--:--:--:
|He|He|He|He|He|He|He|He|  |He|
:--:--:--:--:--:--:--:--:--:--:
|He|He|He|He|He|He|He|He|He|He|
:--:--:--:--:--:--:--:--:--:--:
|He|He|He|He|He|He|Fo|He|He|He|
:--:--:--:--:--:--:--:--:--:--:
|He|Gr|He|He|Ea|He|He|He|He|He|
:--:--:--:--:--:--:--:--:--:--:
|He|He|He|He|He|He|He|He|He|He|
:--:--:--:--:--:--:--:--:--:--:
|He|He|  |  |He|  |He|He|He|He|
:--:--:--:--:--:--:--:--:--:--:

------------------------------------------
Simulation - JOURS 89 DE LA SAISON automne
------------------------------------------
------------------RESERVE-----------------
LA RESERVE CONTIENT :
Herbe[id:169 quantite: 572]  en position (0, 0)
Eau[id:170 quantite: 3]  en position (0, 0)
Graine[id:171 quantite: 231]  en position (0, 0)
Foin[id:172 quantite: 15]  en position (0, 0)
------------------------------------------
-------------------POCHE------------------
LA POCHE CONTIENT:
Herbe[id:165 quantite: 8]  en position (6, 9)
Foin[id:166 quantite: 97]  en position (6, 9)
Eau[id:167 quantite: 186]  en position (6, 9)
Graine[id:168 quantite: 73]  en position (6, 9)
------------------------------------------
------------RAPPORT JOURNALIER------------
LE FERMIER RAJOUTE Herbe x8 SUR SA CASE
Le fermier trait la vache !
L'animal Vache mange Herbe[id:1903 quantite: 0]  en position (9, 7)
Pas de bÚbÚ pour Animal de la ferme: Vache en position 9 7 vie restante: 46
L'animal Vache mange Herbe[id:1877 quantite: 0]  en position (4, 2)
Pas de bÚbÚ pour Animal de la ferme: Vache en position 4 2 vie restante: 97
De l'herbe commence Ó s'agrandir en 1,6 !
De l'herbe vient de pousser sur la case 2,2 !
De l'herbe commence Ó s'agrandir en 2,7 !
De l'herbe commence Ó s'agrandir en 5,2 !
De l'herbe commence Ó s'agrandir en 5,9 !
De l'herbe commence Ó s'agrandir en 7,6 !
De l'herbe commence Ó s'agrandir en 8,2 !
---------REAPPROVISIONNEMENT--------------
LE FERMIER RENTRE CHEZ LUI POUR RECUPERER 8 Herbe
LE FERMIER N'A PLUS DE Eau DANS SA RESERVE !
LE FERMIER RENTRE CHEZ LUI POUR RECUPERER 4 Graine
LE FERMIER RENTRE CHEZ LUI POUR RECUPERER 5 Foin
-------ETAT ACTUEL DE LA FERME ET DE LA FORET-------
:--:--:--:--:--:--:--:--:--:--:
|He|He|He|He|He|He|  |He|He|He|
:--:--:--:--:--:--:--:--:--:--:
|He|He|He|He|He|He|He|He|He|He|
:--:--:--:--:--:--:--:--:--:--:
|He|He|He|He|He|He|He|He|He|  |
:--:--:--:--:--:--:--:--:--:--:
|  |He|He|He|He|He|He|He|He|He|
:--:--:--:--:--:--:--:--:--:--:
|He|He|  |He|He|He|He|He|  |He|
:--:--:--:--:--:--:--:--:--:--:
|He|He|He|He|He|He|He|He|He|He|
:--:--:--:--:--:--:--:--:--:--:
|He|He|He|He|He|He|Fo|He|He|He|
:--:--:--:--:--:--:--:--:--:--:
|He|Gr|He|He|Ea|He|He|He|He|He|
:--:--:--:--:--:--:--:--:--:--:
|He|He|He|He|He|He|He|He|He|He|
:--:--:--:--:--:--:--:--:--:--:
|He|He|  |  |He|  |He|  |He|He|
:--:--:--:--:--:--:--:--:--:--:

------------------------------------------
BILAN au bout de 365 jours
------------------------------------------
Nombre d'animal tuÚ : 84
Nombre d'animal mort d'Úpuisement : 2
Nombre de naissance : 81
Nombre de litre de lait rÚcupÚrÚ : 5304L
Nombre d'oeuf rÚcupÚrÚ : 465
Taux de Proteine Moyen contenu dans le lait en saison hiver : 0,5128 g/L
Taux de Proteine Moyen contenu dans le lait en saison primtemps : -0,3725 g/L
Taux de Proteine Moyen contenu dans le lait en saison ete : -0,3835 g/L
Taux de Proteine Moyen contenu dans le lait en saison automne : 0,5041 g/L
